12-31 16:00:11.850   397   593 D UsbHostManager: UsbEndpoint[mAddress=131,mAttributes=1,mMaxPacketSize=25,mInterval=4]]
12-31 16:00:11.850   397   593 D UsbHostManager: UsbInterface[mId=1,mAlternateSetting=4,mName=Bluetooth Radio,mClass=224,mSubclass=1,mProtocol=1,mEndpoints=[
12-31 16:00:11.850   397   593 D UsbHostManager: UsbEndpoint[mAddress=3,mAttributes=1,mMaxPacketSize=33,mInterval=4]
12-31 16:00:11.850   397   593 D UsbHostManager: UsbEndpoint[mAddress=131,mAttributes=1,mMaxPacketSize=33,mInterval=4]]
12-31 16:00:11.850   397   593 D UsbHostManager: UsbInterface[mId=1,mAlternateSetting=5,mName=Bluetooth Radio,mClass=224,mSubclass=1,mProtocol=1,mEndpoints=[
12-31 16:00:11.850   397   593 D UsbHostManager: UsbEndpoint[mAddress=3,mAttributes=1,mMaxPacketSize=49,mInterval=4]
12-31 16:00:11.850   397   593 D UsbHostManager: UsbEndpoint[mAddress=131,mAttributes=1,mMaxPacketSize=49,mInterval=4]]
12-31 16:00:11.850   397   593 D UsbHostManager: UsbInterface[mId=2,mAlternateSetting=0,mName=802.11ac NIC,mClass=255,mSubclass=255,mProtocol=255,mEndpoints=[
12-31 16:00:11.850   397   593 D UsbHostManager: UsbEndpoint[mAddress=132,mAttributes=2,mMaxPacketSize=512,mInterval=0]
12-31 16:00:11.850   397   593 D UsbHostManager: UsbEndpoint[mAddress=5,mAttributes=2,mMaxPacketSize=512,mInterval=0]
12-31 16:00:11.850   397   593 D UsbHostManager: UsbEndpoint[mAddress=6,mAttributes=2,mMaxPacketSize=512,mInterval=0]
12-31 16:00:11.850   397   593 D UsbHostManager: UsbEndpoint[mAddress=135,mAttributes=3,mMaxPacketSize=64,mInterval=3]
12-31 16:00:11.850   397   593 D UsbHostManager: UsbEndpoint[mAddress=8,mAttributes=2,mMaxPacketSize=512,mInterval=0]]]]
12-31 16:00:11.856   397   593 W ContextImpl: Calling a method in the system process without a qualified user: android.app.ContextImpl.sendBroadcast:877 com.android.server.usb.UsbSettingsManager.deviceAttached:739 com.android.server.usb.UsbHostManager.endUsbDeviceAdded:225 com.android.server.usb.UsbHostManager.monitorUsbHostBus:-2 com.android.server.usb.UsbHostManager.-wrap0:-1 
12-31 16:00:11.892   397   520 D VoldConnector: RCV <- {651 emulated 2}
12-31 16:00:11.892   397   520 D VoldConnector: RCV <- {200 5 Command succeeded}
12-31 16:00:11.978   397   484 W ActivityManager: Slow operation: 86ms so far, now at startProcess: returned from zygote!
12-31 16:00:11.979   397   484 W ActivityManager: Slow operation: 86ms so far, now at startProcess: done updating battery stats
12-31 16:00:11.979   397   484 W ActivityManager: Slow operation: 87ms so far, now at startProcess: building log message
12-31 16:00:11.979   397   484 I ActivityManager: Start proc 627:WebViewLoader-armeabi-v7a/1037 [android.webkit.WebViewFactory$RelroFileCreator] for 
12-31 16:00:11.979   397   484 W ActivityManager: Slow operation: 87ms so far, now at startProcess: starting to update pids map
12-31 16:00:11.979   397   484 W ActivityManager: Slow operation: 87ms so far, now at startProcess: done updating pids map
12-31 16:00:11.979   397   484 W ActivityManager: Slow operation: 88ms so far, now at startProcess: done starting proc!
12-31 16:00:11.990   397   484 I ActivityManager: Start proc 637:WebViewLoader-arm64-v8a/1037 [android.webkit.WebViewFactory$RelroFileCreator] for 
12-31 16:00:11.993   397   484 D NetworkManagement: enabling bandwidth control
12-31 16:00:11.993   397   397 D ConditionProviders.SCP: onSubscribe condition://android/schedule?days=1.2.3.4.5&start=22.0&end=7.0&exitAtAlarm=false
12-31 16:00:11.994   397   397 D ConditionProviders.SCP: setRegistered true
12-31 16:00:11.998   397   397 D ConditionProviders.SCP: notifyCondition condition://android/schedule?days=1.2.3.4.5&start=22.0&end=7.0&exitAtAlarm=false STATE_FALSE reason=!meetsSchedule
12-31 16:00:12.007   555   555 D lvjinhua:  Failed while trying resolve alarm filter file, not exists
12-31 16:00:12.057   555   555 V FingerprintManager: FingerprintManagerService was null
12-31 16:00:12.095   397   397 D ConditionProviders.SCP: Scheduling evaluate for Wed Dec 31 22:00:00 PST 1969 (21600000), in +5h59m48s3ms, now=Wed Dec 31 16:00:11 PST 1969 (11997)
12-31 16:00:12.096   397   397 D ConditionProviders.SCP: onSubscribe condition://android/schedule?days=6.7&start=23.30&end=10.0&exitAtAlarm=false
12-31 16:00:12.097   397   397 D ConditionProviders.SCP: notifyCondition condition://android/schedule?days=6.7&start=23.30&end=10.0&exitAtAlarm=false STATE_FALSE reason=!meetsSchedule
12-31 16:00:12.097   397   397 D ConditionProviders.SCP: notifyCondition condition://android/schedule?days=1.2.3.4.5&start=22.0&end=7.0&exitAtAlarm=false STATE_FALSE reason=!meetsSchedule
12-31 16:00:12.098   397   397 D ConditionProviders.SCP: Scheduling evaluate for Wed Dec 31 22:00:00 PST 1969 (21600000), in +5h59m47s904ms, now=Wed Dec 31 16:00:12 PST 1969 (12096)
12-31 16:00:12.099   397   397 W ContextImpl: Calling a method in the system process without a qualified user: android.app.ContextImpl.startService:1357 com.android.server.content.SyncManager$13.run:658 android.os.Handler.handleCallback:755 android.os.Handler.dispatchMessage:95 android.os.Looper.loop:154 
12-31 16:00:12.125   397   483 I SyncManager: Got SyncJobService instance.
12-31 16:00:12.318   397   484 D NetworkPolicy: setRestrictBackgroundUL(): false
12-31 16:00:12.453   397   485 W WindowManager: Keyguard drawn timeout. Setting mKeyguardDrawComplete
12-31 16:00:12.492   397   463 W WindowManager: animateResizePinnedStack: stackId 4 not found.
12-31 16:00:12.521   397   484 I SystemServiceManager: Starting phase 600
12-31 16:00:12.524   397   484 V NotificationListeners: enabling notification listener for 0: ComponentInfo{com.rockchips.android.leanbacklauncher/com.rockchips.android.leanbacklauncher.recommendations.NotificationsService}
12-31 16:00:12.525   397   484 W ActivityManager: Unable to start service Intent { act=android.service.notification.NotificationListenerService cmp=com.rockchips.android.leanbacklauncher/.recommendations.NotificationsService } U=0: not found
12-31 16:00:12.526   397   484 W NotificationListeners: Unable to bind notification listener service: Intent { act=android.service.notification.NotificationListenerService cmp=com.rockchips.android.leanbacklauncher/.recommendations.NotificationsService (has extras) }
12-31 16:00:12.539   397   484 D SensorNotificationService: Cannot obtain dynamic meta sensor, not supported.
12-31 16:00:12.551   397   484 W LocationManagerService: no network location provider found
12-31 16:00:12.557   397   484 E LocationManagerService: no geocoder provider found
12-31 16:00:12.559   397   484 D LocationManagerService: FLP HAL not supported
12-31 16:00:12.563   397   484 D LocationManagerService: Unable to bind FLP Geofence proxy.
12-31 16:00:12.568   397   484 D LocationManagerService: Hardware Activity-Recognition not supported.
12-31 16:00:12.571   397   484 D LocationManagerService: Unable to bind ActivityRecognitionProxy.
12-31 16:00:12.581   397   537 E ActivityThread: Failed to find provider info for com.android.calendar
12-31 16:00:12.584   397   537 E ActivityThread: Failed to find provider info for com.android.calendar
12-31 16:00:12.595   397   484 I MmsServiceBroker: Delay connecting to MmsService until an API is called
12-31 16:00:12.595   397   397 V WiredAccessoryManager: init()
12-31 16:00:12.606   397   463 I StatusBarManagerService: registerStatusBar bar=com.android.internal.statusbar.IStatusBar$Stub$Proxy@3d5649a
12-31 16:00:12.614   397   484 I ActivityManager: Force stopping com.android.providers.media appid=10006 user=-1: vold reset
12-31 16:00:12.618   397   484 W KeyguardServiceDelegate: onScreenTurningOn(): no keyguard service!
12-31 16:00:12.621   397   484 I SystemServiceManager: Starting phase 1000
12-31 16:00:12.657   397   484 I ActivityManager: Start proc 765:android.ext.services/u0a7 for on-hold
12-31 16:00:12.688   397   484 D ActivityManager: Finishing user boot 0
12-31 16:00:12.690   397   484 D CryptdConnector: SND -> {3 cryptfs prepare_user_storage ! 0 0 2}
12-31 16:00:12.691   153   161 D vold    : e4crypt_prepare_user_storage for volume null, user 0, serial 0, flags 2
12-31 16:00:12.691   153   161 D vold    : Preparing: /data/system_ce/0
12-31 16:00:12.691   153   161 D vold    : Preparing: /data/misc_ce/0
12-31 16:00:12.691   153   161 D vold    : Preparing: /data/media/0
12-31 16:00:12.691   153   161 D vold    : Preparing: /data/data
12-31 16:00:12.691   397   521 D CryptdConnector: RCV <- {200 3 Command succeeded}
12-31 16:00:12.692   397   484 V UserManagerService: Found /data/user/0 with serial number 0
12-31 16:00:12.692   397   484 V UserManagerService: Found /data/system_ce/0 with serial number 0
12-31 16:00:12.693   397   484 V PackageManager: reconcileAppsData for null u0 0x2
12-31 16:00:12.882   397   484 V PackageManager: reconcileAppsData finished 49 packages
12-31 16:00:12.890   397   484 D BluetoothManagerService: User 0 unlocked
12-31 16:00:12.890   397   484 D MountService: onUnlockUser 0
12-31 16:00:12.890   397   490 D BluetoothManagerService: MESSAGE_USER_UNLOCKED
12-31 16:00:12.890   397   484 D VoldConnector: SND -> {6 volume user_started 0}
12-31 16:00:12.891   153   160 D vold    : Linking /storage/emulated/0 to /mnt/user/0/primary
12-31 16:00:12.891   397   520 D VoldConnector: RCV <- {200 6 Command succeeded}
12-31 16:00:12.894   397   519 D MountService: Volume emulated broadcasting mounted to UserHandle{0}
12-31 16:00:12.909   397   531 D ConnectivityService: Got NetworkFactory Messenger for WIFI
12-31 16:00:12.910   397   531 D ConnectivityService: Got NetworkFactory Messenger for WIFI_UT
12-31 16:00:12.910   397   531 D ConnectivityService: NetworkFactory connected
12-31 16:00:12.910   397   531 D ConnectivityService: NetworkFactory connected
12-31 16:00:12.918   397   397 I ActivityManager: Start proc 792:android.process.media/u0a6 for broadcast com.android.providers.downloads/.DownloadReceiver
12-31 16:00:12.951   397   484 V BackupManagerService: Starting with transport android/com.android.internal.backup.LocalTransport
12-31 16:00:12.951   397   484 V BackupManagerService: Found transports: 2
12-31 16:00:12.954   397   484 W BackupManagerService: Proposed transport ComponentInfo{com.revrobotics.controlhubupdater/com.revrobotics.controlhubupdater.backup.RevBackupTransportService} not whitelisted; ignoring
12-31 16:00:12.956   397   484 I BackupManagerService: Backup enabled => true
12-31 16:00:13.119   397   791 V KeyValueBackupJob: Scheduling k/v pass in 242 minutes
12-31 16:00:13.120   397   397 V BackupManagerService: Connected to transport ComponentInfo{android/com.android.internal.backup.LocalTransportService}
12-31 16:00:13.120   397   397 V BackupManagerService: Registering transport android/com.android.internal.backup.LocalTransportService::android/com.android.internal.backup.LocalTransport = android.app.backup.BackupTransport$TransportImpl@f4e3b5a
12-31 16:00:13.130   397   484 W VoiceInteractionManagerService: no available voice interaction services found for user 0
12-31 16:00:13.130   397   484 W VoiceInteractionManagerService: no available voice recognition services found for user 0
12-31 16:00:13.131   397   484 I ActivityManager: Loading recents for user 0 into memory.
12-31 16:00:13.150   397   484 I ActivityManager: Start proc 821:com.android.inputmethod.latin/u0a27 for added application com.android.inputmethod.latin
12-31 16:00:13.157   397   484 D ActivityManager: Sending BOOT_COMPLETE user #0
12-31 16:00:13.171   397   397 V NotificationListeners: enabling notification listener for 0: ComponentInfo{com.rockchips.android.leanbacklauncher/com.rockchips.android.leanbacklauncher.recommendations.NotificationsService}
12-31 16:00:13.185   397   791 I BackupManagerService: Found stale backup journal, scheduling
12-31 16:00:13.202   397   397 I ActivityManager: Start proc 850:com.rockchips.android.leanbacklauncher/1000 for service com.rockchips.android.leanbacklauncher/.recommendations.NotificationsService
12-31 16:00:13.205   397   482 I ActivityManager: START u0 {act=android.intent.action.MAIN cat=[android.intent.category.HOME] flg=0x10000100 cmp=com.rockchips.android.leanbacklauncher/.MainActivity} from uid 0 on display 0
12-31 16:00:13.223   397   845 I ActivityManager: Start proc 864:com.android.keychain/1000 for service com.android.keychain/.KeyChainService
12-31 16:00:13.496   792   792 D lvjinhua:  Failed while trying resolve alarm filter file, not exists
12-31 16:00:13.574   397   397 I ActivityManager: Start proc 918:com.revrobotics.controlhubupdater/1000 for broadcast com.revrobotics.controlhubupdater/.BootBroadcastReceiver
12-31 16:00:13.619   397   485 W WindowManager: Keyguard drawn timeout. Setting mKeyguardDrawComplete
12-31 16:00:13.637   397   917 I BootReceiver: Copying /proc/last_kmsg to DropBox (SYSTEM_LAST_KMSG)
12-31 16:00:13.731   397   917 I BootReceiver: Copying audit failures to DropBox
12-31 16:00:13.737   397   917 I BootReceiver: Copied 0 worth of audits to DropBox
12-31 16:00:13.752   397   917 I BootReceiver: Checking for fsck errors
12-31 16:00:13.903   918   918 W ContextImpl: Calling a method in the system process without a qualified user: android.app.ContextImpl.startService:1357 android.content.ContextWrapper.startService:613 com.revrobotics.controlhubupdater.BootBroadcastReceiver.onReceive:27 android.app.ActivityThread.handleReceiver:3041 android.app.ActivityThread.-wrap18:-1 
12-31 16:00:13.919   397   464 I ActivityManager: Start proc 947:org.firstinspires.ftc.ftcaccesspointservice/u0a17 for broadcast org.firstinspires.ftc.ftcaccesspointservice/.FtcBroadcastReceiver
12-31 16:00:13.980   918   962 W ContextImpl: Calling a method in the system process without a qualified user: android.app.ContextImpl.startActivity:767 android.content.ContextWrapper.startActivity:356 com.revrobotics.controlhubupdater.util.SystemUtil.launchApplicationMainActivity:100 com.revrobotics.controlhubupdater.apkinstallation.AppType$1.launch:30 com.revrobotics.controlhubupdater.BootService.launchAppsIfNotRunning:221 
12-31 16:00:13.980   918   962 W ContextImpl: Calling a method in the system process without a qualified user: android.app.ContextImpl.startActivity:779 android.app.ContextImpl.startActivity:768 android.content.ContextWrapper.startActivity:356 com.revrobotics.controlhubupdater.util.SystemUtil.launchApplicationMainActivity:100 com.revrobotics.controlhubupdater.apkinstallation.AppType$1.launch:30 
12-31 16:00:13.981   397   482 I ActivityManager: START u0 {act=android.intent.action.MAIN cat=[android.intent.category.LAUNCHER] flg=0x10000000 pkg=com.qualcomm.ftcrobotcontroller cmp=com.qualcomm.ftcrobotcontroller/org.firstinspires.ftc.robotcontroller.internal.PermissionValidatorWrapper} from uid 1000 on display 0
12-31 16:00:14.012   918   962 W ContextImpl: Calling a method in the system process without a qualified user: android.app.ContextImpl.bindService:1421 android.content.ContextWrapper.bindService:636 android.media.MediaScannerConnection.connect:119 android.media.MediaScannerConnection.scanFile:243 com.revrobotics.controlhubupdater.util.UpdaterLog.finishedLogging:78 
12-31 16:00:14.058   397   847 I ActivityManager: Start proc 969:com.qualcomm.ftcrobotcontroller/u0a57 for broadcast com.qualcomm.ftcrobotcontroller/org.firstinspires.ftc.ftccommon.internal.RunOnBoot
12-31 16:00:14.080   397   484 I ActivityManager: Killing 821:com.android.inputmethod.latin/u0a27 (adj 906): empty #4
12-31 16:00:14.134   397   482 D ActivityManager: cleanUpApplicationRecord -- 821
12-31 16:00:14.148   850   850 W ContextImpl: Calling a method in the system process without a qualified user: android.app.ContextImpl.bindService:1421 android.content.ContextWrapper.bindService:636 com.rockchips.android.leanbacklauncher.tvrecommendations.RecommendationsClient.connect:55 com.rockchips.android.leanbacklauncher.notifications.NotificationsServiceAdapter.onInitUi:156 com.rockchips.android.leanbacklauncher.notifications.NotificationsAdapter.onInitUi:371 
12-31 16:00:14.175   397   464 W BackupManagerService: dataChanged but no participant pkg='com.android.providers.settings' uid=10017
12-31 16:00:14.290   397   464 D ZenLog  : config: listener:com.rockchips.android.leanbacklauncher/.recommendations.NotificationsService,ZenModeConfig[user=0,allowCalls=true,allowRepeatCallers=false,allowMessages=false,allowCallsFrom=contacts,allowMessagesFrom=contacts,allowReminders=true,allowEvents=true,allowWhenScreenOff=true,allowWhenScreenOn=true,automaticRules={00fd66f7ce6049bbaa6e7d6eb162c951=ZenRule[enabled=false,snoozing=false,name=Event,zenMode=ZEN_MODE_ALARMS,conditionId=condition://android/event?userId=-10000&calendar=&reply=1,condition=Condition[id=condition://android/event?userId=-10000&calendar=&reply=1,summary=...,line1=...,line2=...,icon=0,state=STATE_FALSE,flags=2],component=ComponentInfo{android/com.android.server.notification.EventConditionProvider},id=00fd66f7ce6049bbaa6e7d6eb162c951,creationTime=112244,enabler=null], 2ed7413885e842148a554426b40fb8b8=ZenRule[enabled=false,snoozing=false,name=Weeknight,zenMode=ZEN_MODE_ALARMS,conditionId=condition://android/schedule?days=1.2.3.4.5&start=22.0&end=7.0&exitAtAlarm=false,condition=Condition[id=condition://android/schedule?days=1.2.3.4.5&start=22.0&end=7.0&exitAtAlarm=false,summary=...,line1=...,line2=...,icon=0,state=STATE_FALSE,flags=2],component=ComponentInfo{android/com.android.server.notification.ScheduleConditionProvider},id=2ed7413885e842148a554426b40fb8b8,creationTime=112243,enabler=null], 598b12f6ea484eb687272fae86cedb68=ZenRule[enabled=false,snoozing=false,name=Weekend,zenMode=ZEN_MODE_ALARMS,conditionId=condition://android/schedule?days=6.7&start=23.30&end=10.0&exitAtAlarm=false,condition=Condition[id=condition://android/schedule?days=6.7&start=23.30&end=10.0&exitAtAlarm=false,summary=...,line1=...,line2=...,icon=0,state=STATE_FALSE,flags=2],component=ComponentInfo{android/com.android.server.notification.ScheduleConditionProvider},id=598b12f6ea484eb687272fae86cedb68,creationTime=112243,enabler=null]},manualRule=ZenRule[enabled=true,snoozing=false,name=null,zenMode=ZEN_MODE_ALARMS,conditionId=null,condition=null,component=null,id=null,creationTime=0,enabler=com.rockchips.android.leanbacklauncher]],Diff[manualRule.enabler:com.rockchips.android.leanbacklauncher->com.rockchips.android.leanbacklauncher]
12-31 16:00:14.291   397   397 D ZenLog  : set_zen_mode: alarms,listener:com.rockchips.android.leanbacklauncher/.recommendations.NotificationsService
12-31 16:00:14.409   397   464 I ActivityManager: START u0 {flg=0x10000000 cmp=com.qualcomm.ftcrobotcontroller/org.firstinspires.ftc.robotcontroller.internal.PermissionValidatorWrapper} from uid 10057 on display 0
12-31 16:00:14.498   397   482 I ActivityManager: START u0 {cmp=com.qualcomm.ftcrobotcontroller/org.firstinspires.ftc.robotcontroller.internal.FtcRobotControllerActivity} from uid 10057 on display 0
12-31 16:00:14.517   397   847 I ActivityManager: Start proc 1012:com.android.inputmethod.latin/u0a27 for broadcast com.android.inputmethod.latin/.setup.LauncherIconVisibilityManager
12-31 16:00:14.861   397   463 I ActivityManager: Start proc 1036:com.android.providers.calendar/u0a1 for broadcast com.android.providers.calendar/.CalendarReceiver
12-31 16:00:14.864   397   463 I ActivityManager: Killing 864:com.android.keychain/1000 (adj 906): empty #4
12-31 16:00:14.980  1036  1036 D lvjinhua:  Failed while trying resolve alarm filter file, not exists
12-31 16:00:15.000   397   847 I ActivityManager: Killing 918:com.revrobotics.controlhubupdater/1000 (adj 906): empty #4
12-31 16:00:15.002   397   484 W ActivityManager: Activity pause timeout for ActivityRecord{1c7a50d u0 com.qualcomm.ftcrobotcontroller/org.firstinspires.ftc.robotcontroller.internal.PermissionValidatorWrapper t1646 f}
12-31 16:00:15.059   569   569 W ContextImpl: Calling a method in the system process without a qualified user: android.app.ContextImpl.startService:1357 android.content.ContextWrapper.startService:613 android.content.ContextWrapper.startService:613 com.android.tv.settings.users.UserSwitchListenerService$BootReceiver.onReceive:54 android.app.ActivityThread.handleReceiver:3041 
12-31 16:00:15.225   397   491 W WindowManager: App freeze timeout expired.
12-31 16:00:15.380   397   484 I ActivityManager: Start proc 1057:com.android.settings/1000 for broadcast com.android.settings/.HotspotOffReceiver
12-31 16:00:15.517   397   847 D ActivityManager: cleanUpApplicationRecord -- 864
12-31 16:00:15.519   397   482 D ActivityManager: cleanUpApplicationRecord -- 918
12-31 16:00:15.643   397   487 E BatteryStatsService: no controller energy info supplied
12-31 16:00:15.673   850  1004 E ActivityThread: Failed to find provider info for com.rockchips.android.gsf.gservices
12-31 16:00:15.674   850  1004 E ActivityThread: Failed to find provider info for com.rockchips.android.gsf.gservices
12-31 16:00:15.675   850  1004 E ActivityThread: Failed to find provider info for com.rockchips.android.gsf.gservices
12-31 16:00:15.676   850  1004 E ActivityThread: Failed to find provider info for com.rockchips.android.gsf.gservices
12-31 16:00:15.680   850  1004 E ActivityThread: Failed to find provider info for com.rockchips.android.gsf.gservices
12-31 16:00:16.020   397   463 D ConnectivityService: listenForNetwork for uid/pid:10057/969 NetworkRequest [ LISTEN id=4, [ Capabilities: INTERNET&NOT_RESTRICTED&TRUSTED] ]
12-31 16:00:17.869   397   490 D ConnectivityService: requestNetwork for uid/pid:1000/397 NetworkRequest [ TRACK_DEFAULT id=5, [ Capabilities: INTERNET&NOT_RESTRICTED&TRUSTED&NOT_VPN] ]
12-31 16:00:17.870   397   490 D ConnectivityService: listenForNetwork for uid/pid:1000/397 NetworkRequest [ LISTEN id=6, [ Transports: CELLULAR Capabilities: DUN&TRUSTED&NOT_VPN] ]
12-31 16:00:17.870   397   531 D ConnectivityService: sending new Min Network Score(0): NetworkRequest [ TRACK_DEFAULT id=5, [ Capabilities: INTERNET&NOT_RESTRICTED&TRUSTED&NOT_VPN] ]
12-31 16:00:17.873   397   490 D ConnectivityService: requestNetwork for uid/pid:1000/397 NetworkRequest [ REQUEST id=7, legacyType=5, [ Transports: CELLULAR Capabilities: INTERNET&NOT_RESTRICTED&TRUSTED&NOT_VPN] ]
12-31 16:00:17.874   397   531 D ConnectivityService: sending new Min Network Score(0): NetworkRequest [ REQUEST id=7, legacyType=5, [ Transports: CELLULAR Capabilities: INTERNET&NOT_RESTRICTED&TRUSTED&NOT_VPN] ]
12-31 16:00:18.392   397   482 D ConnectivityService: listenForNetwork for uid/pid:10057/969 NetworkRequest [ LISTEN id=8, [ Capabilities: INTERNET&NOT_RESTRICTED&TRUSTED] ]
12-31 16:00:18.739   397  1003 V InputMethodManagerService: Adding window token: android.os.Binder@77bca16
12-31 16:00:18.903   397   464 I ActivityManager: Start proc 1129:android.process.acore/u0a2 for content provider com.android.providers.userdictionary/.UserDictionaryProvider
12-31 16:00:19.540   792   792 D lvjinhua:  Failed while trying resolve alarm filter file, not exists
12-31 16:00:29.042   397   484 I ActivityManager: Waited long enough for: ServiceRecord{137dec3 u0 org.firstinspires.ftc.ftcaccesspointservice/.MonitoringService}
12-31 16:00:29.797   397   397 W WindowManager: Attempted to remove non-existing token: android.os.Binder@766ea4d
12-31 16:00:30.062   397   484 I ActivityManager: Waited long enough for: ServiceRecord{3f66000 u0 com.android.tv.settings/.users.UserSwitchListenerService}
11-11 14:00:11.382   397   484 I ActivityManager: Killing 1057:com.android.settings/1000 (adj 906): empty #4
11-11 14:00:11.417   397   463 D ActivityManager: cleanUpApplicationRecord -- 1057
11-11 14:03:57.771   397   463 I ActivityManager: Force stopping com.qualcomm.ftcrobotcontroller appid=10057 user=0: from pid 1301
11-11 14:03:57.771   397   463 I ActivityManager: Killing 969:com.qualcomm.ftcrobotcontroller/u0a57 (adj 0): stop com.qualcomm.ftcrobotcontroller
11-11 14:03:57.772   397   463 D ActivityManager: cleanUpApplicationRecord -- 969
11-11 14:03:57.772   397   463 W ActivityManager: Scheduling restart of crashed service com.qualcomm.ftcrobotcontroller/org.firstinspires.ftc.onbotjava.OnBotJavaService in 1000ms
11-11 14:03:57.773   397   463 W ActivityManager: Scheduling restart of crashed service com.qualcomm.ftcrobotcontroller/org.firstinspires.ftc.ftccommon.internal.FtcRobotControllerWatchdogService in 1000ms
11-11 14:03:57.773   397   486 I libprocessgroup: Killing pid 1011 in uid 10057 as part of process group 969
11-11 14:03:57.773   397   463 W ActivityManager: Scheduling restart of crashed service com.qualcomm.ftcrobotcontroller/org.firstinspires.ftc.robotcore.internal.files.MediaTransferProtocolMonitorService in 11000ms
11-11 14:03:57.776   397   463 W ActivityManager: Force removing ActivityRecord{f9ce2c9 u0 com.qualcomm.ftcrobotcontroller/org.firstinspires.ftc.robotcontroller.internal.FtcRobotControllerActivity t1646}: app died, no saved state
11-11 14:03:57.777   397   483 I UsageStatsService: Time changed in UsageStats by 1731362371 seconds
11-11 14:03:57.777   397   483 I UsageStatsService: User[0] Flushing usage stats to disk
11-11 14:03:57.796   397   463 I ActivityManager:   Force stopping service ServiceRecord{2c99f90 u0 com.qualcomm.ftcrobotcontroller/org.firstinspires.ftc.ftccommon.internal.FtcRobotControllerWatchdogService}
11-11 14:03:57.798   397   483 I UsageStatsDatabase: Time changed by +20038d21h59m31s539ms. files deleted: 0 files moved: 4
11-11 14:03:57.800   397  1041 D ConnectivityService: ConnectivityService NetworkRequestInfo binderDied(NetworkRequest [ LISTEN id=4, [ Capabilities: INTERNET&NOT_RESTRICTED&TRUSTED] ], android.os.BinderProxy@aec16b2)
11-11 14:03:57.800   397  1003 D ConnectivityService: ConnectivityService NetworkRequestInfo binderDied(NetworkRequest [ LISTEN id=8, [ Capabilities: INTERNET&NOT_RESTRICTED&TRUSTED] ], android.os.BinderProxy@51c1603)
11-11 14:03:57.805   397   531 D ConnectivityService: releasing NetworkRequest [ LISTEN id=4, [ Capabilities: INTERNET&NOT_RESTRICTED&TRUSTED] ]
11-11 14:03:57.805   397   531 D ConnectivityService: sending notification RELEASED for NetworkRequest [ LISTEN id=4, [ Capabilities: INTERNET&NOT_RESTRICTED&TRUSTED] ]
11-11 14:03:57.806   397   531 E ConnectivityService: RemoteException caught trying to send a callback msg for NetworkRequest [ LISTEN id=4, [ Capabilities: INTERNET&NOT_RESTRICTED&TRUSTED] ]
11-11 14:03:57.806   397   531 D ConnectivityService: releasing NetworkRequest [ LISTEN id=8, [ Capabilities: INTERNET&NOT_RESTRICTED&TRUSTED] ]
11-11 14:03:57.807   397   531 D ConnectivityService: sending notification RELEASED for NetworkRequest [ LISTEN id=8, [ Capabilities: INTERNET&NOT_RESTRICTED&TRUSTED] ]
11-11 14:03:57.807   397   531 E ConnectivityService: RemoteException caught trying to send a callback msg for NetworkRequest [ LISTEN id=8, [ Capabilities: INTERNET&NOT_RESTRICTED&TRUSTED] ]
11-11 14:03:57.868   397   483 I UsageStatsService: User[0] Rollover scheduled @ 2024-11-12 13:59:41(1731448781968)
11-11 14:03:58.700   397  1003 I ActivityManager: Force stopping com.qualcomm.ftcrobotcontroller appid=10057 user=0: from pid 1325
11-11 14:04:07.633   397   482 I ActivityManager: Force stopping com.qualcomm.ftcrobotcontroller appid=10057 user=0: from pid 947
11-11 14:04:08.677   397   463 I ActivityManager: START u0 {act=android.intent.action.MAIN cat=[android.intent.category.LAUNCHER] flg=0x10000000 pkg=com.qualcomm.ftcrobotcontroller cmp=com.qualcomm.ftcrobotcontroller/org.firstinspires.ftc.robotcontroller.internal.PermissionValidatorWrapper} from uid 10017 on display 0
11-11 14:04:08.720   397   847 I ActivityManager: Start proc 1378:com.qualcomm.ftcrobotcontroller/u0a57 for activity com.qualcomm.ftcrobotcontroller/org.firstinspires.ftc.robotcontroller.internal.PermissionValidatorWrapper
11-11 14:04:08.970   397   464 I ActivityManager: START u0 {cmp=com.qualcomm.ftcrobotcontroller/org.firstinspires.ftc.robotcontroller.internal.FtcRobotControllerActivity} from uid 10057 on display 0
11-11 14:04:09.477   397   484 W ActivityManager: Activity pause timeout for ActivityRecord{65b8874 u0 com.qualcomm.ftcrobotcontroller/org.firstinspires.ftc.robotcontroller.internal.PermissionValidatorWrapper t1647 f}
11-11 14:04:09.907   397   847 D ConnectivityService: listenForNetwork for uid/pid:10057/1378 NetworkRequest [ LISTEN id=9, [ Capabilities: INTERNET&NOT_RESTRICTED&TRUSTED] ]
11-11 14:04:12.056   397  1003 D ConnectivityService: listenForNetwork for uid/pid:10057/1378 NetworkRequest [ LISTEN id=10, [ Capabilities: INTERNET&NOT_RESTRICTED&TRUSTED] ]
11-11 14:04:13.998   792   792 D lvjinhua:  Failed while trying resolve alarm filter file, not exists
11-11 14:04:15.525   397   501 I ActivityManager: Start proc 1446:com.android.defcontainer/u0a4 for service com.android.defcontainer/.DefaultContainerService
11-11 14:04:23.073   397   501 I PackageManager: Package com.qualcomm.ftcrobotcontroller codePath changed from /data/app/com.qualcomm.ftcrobotcontroller-1 to /data/app/com.qualcomm.ftcrobotcontroller-2; Retaining data and using new
11-11 14:04:23.074   397   501 W PackageManager: Code path for com.qualcomm.ftcrobotcontroller changing from /data/app/com.qualcomm.ftcrobotcontroller-1 to /data/app/com.qualcomm.ftcrobotcontroller-2
11-11 14:04:23.074   397   501 W PackageManager: Resource path for com.qualcomm.ftcrobotcontroller changing from /data/app/com.qualcomm.ftcrobotcontroller-1 to /data/app/com.qualcomm.ftcrobotcontroller-2
11-11 14:04:23.352   397   484 I ActivityManager: Start proc 1518:com.android.keychain/1000 for broadcast com.android.keychain/.KeyChainBroadcastReceiver
11-11 14:04:23.460   397   483 W VoiceInteractionManagerService: no available voice recognition services found for user 0
11-11 14:04:23.491  1518  1518 W ContextImpl: Calling a method in the system process without a qualified user: android.app.ContextImpl.startService:1357 android.content.ContextWrapper.startService:613 android.content.ContextWrapper.startService:613 com.android.keychain.KeyChainBroadcastReceiver.onReceive:12 android.app.ActivityThread.handleReceiver:3041 
11-11 14:04:23.518   397  1041 I ActivityManager: Start proc 1538:com.svox.pico/u0a30 for broadcast com.svox.pico/.VoiceDataInstallerReceiver
11-11 14:04:23.593   397   463 I ActivityManager: Killing 1036:com.android.providers.calendar/u0a1 (adj 906): empty #4
11-11 14:04:23.639   397   482 D ActivityManager: cleanUpApplicationRecord -- 1036
11-11 14:04:24.341   397  1003 I ActivityManager: Force stopping com.qualcomm.ftcrobotcontroller appid=10057 user=0: from pid 1516
11-11 14:04:24.341   397  1003 I ActivityManager: Killing 1378:com.qualcomm.ftcrobotcontroller/u0a57 (adj 0): stop com.qualcomm.ftcrobotcontroller
11-11 14:04:24.341   397  1003 D ActivityManager: cleanUpApplicationRecord -- 1378
11-11 14:04:24.342   397  1003 W ActivityManager: Scheduling restart of crashed service com.qualcomm.ftcrobotcontroller/org.firstinspires.ftc.ftccommon.internal.FtcRobotControllerWatchdogService in 1000ms
11-11 14:04:24.342   397  1003 W ActivityManager: Scheduling restart of crashed service com.qualcomm.ftcrobotcontroller/org.firstinspires.ftc.robotcore.internal.files.MediaTransferProtocolMonitorService in 10999ms
11-11 14:04:24.342   397   486 I libprocessgroup: Killing pid 1400 in uid 10057 as part of process group 1378
11-11 14:04:24.342   397  1003 W ActivityManager: Scheduling restart of crashed service com.qualcomm.ftcrobotcontroller/org.firstinspires.ftc.onbotjava.OnBotJavaService in 10999ms
11-11 14:04:24.346   397  1003 W ActivityManager: Force removing ActivityRecord{3bc8137 u0 com.qualcomm.ftcrobotcontroller/org.firstinspires.ftc.robotcontroller.internal.FtcRobotControllerActivity t1647}: app died, no saved state
11-11 14:04:24.365   397  1003 I ActivityManager:   Force stopping service ServiceRecord{efdef96 u0 com.qualcomm.ftcrobotcontroller/org.firstinspires.ftc.ftccommon.internal.FtcRobotControllerWatchdogService}
11-11 14:04:24.370   397   847 D ConnectivityService: ConnectivityService NetworkRequestInfo binderDied(NetworkRequest [ LISTEN id=9, [ Capabilities: INTERNET&NOT_RESTRICTED&TRUSTED] ], android.os.BinderProxy@c6c0de2)
11-11 14:04:24.371   397   847 D ConnectivityService: ConnectivityService NetworkRequestInfo binderDied(NetworkRequest [ LISTEN id=10, [ Capabilities: INTERNET&NOT_RESTRICTED&TRUSTED] ], android.os.BinderProxy@508f573)
11-11 14:04:24.372   397   531 D ConnectivityService: releasing NetworkRequest [ LISTEN id=9, [ Capabilities: INTERNET&NOT_RESTRICTED&TRUSTED] ]
11-11 14:04:24.372   397   531 D ConnectivityService: sending notification RELEASED for NetworkRequest [ LISTEN id=9, [ Capabilities: INTERNET&NOT_RESTRICTED&TRUSTED] ]
11-11 14:04:24.373   397  1041 I WindowManager: WIN DEATH: Window{a3a583 u0 Toast}
11-11 14:04:24.373   397   531 E ConnectivityService: RemoteException caught trying to send a callback msg for NetworkRequest [ LISTEN id=9, [ Capabilities: INTERNET&NOT_RESTRICTED&TRUSTED] ]
11-11 14:04:24.373   397   531 D ConnectivityService: releasing NetworkRequest [ LISTEN id=10, [ Capabilities: INTERNET&NOT_RESTRICTED&TRUSTED] ]
11-11 14:04:24.374   397   531 D ConnectivityService: sending notification RELEASED for NetworkRequest [ LISTEN id=10, [ Capabilities: INTERNET&NOT_RESTRICTED&TRUSTED] ]
11-11 14:04:24.374   397   531 E ConnectivityService: RemoteException caught trying to send a callback msg for NetworkRequest [ LISTEN id=10, [ Capabilities: INTERNET&NOT_RESTRICTED&TRUSTED] ]
11-11 14:04:24.667   397   397 W NotificationService: Object died trying to hide notification android.app.ITransientNotification$Stub$Proxy@3f7b392 in package com.qualcomm.ftcrobotcontroller
11-11 14:04:24.668   397   397 W WindowManager: Attempted to remove non-existing token: android.os.Binder@d82243d
11-11 14:04:25.262   397   463 I ActivityManager: START u0 {act=android.intent.action.MAIN cat=[android.intent.category.LAUNCHER] flg=0x10000000 cmp=com.qualcomm.ftcrobotcontroller/org.firstinspires.ftc.robotcontroller.internal.PermissionValidatorWrapper} from uid 2000 on display 0
11-11 14:04:25.294   397   464 I ActivityManager: Start proc 1581:com.qualcomm.ftcrobotcontroller/u0a57 for activity com.qualcomm.ftcrobotcontroller/org.firstinspires.ftc.robotcontroller.internal.PermissionValidatorWrapper
11-11 14:04:25.523   397   482 I ActivityManager: START u0 {cmp=com.qualcomm.ftcrobotcontroller/org.firstinspires.ftc.robotcontroller.internal.FtcRobotControllerActivity} from uid 10057 on display 0
11-11 14:04:25.636   397   847 I ActivityManager: Killing 1518:com.android.keychain/1000 (adj 906): empty #4
11-11 14:04:25.660   397  1003 D ActivityManager: cleanUpApplicationRecord -- 1518
11-11 14:04:25.906   397   397 D ConditionProviders.SCP: onReceive ScheduleConditionProvider.EVALUATE
11-11 14:04:25.908   397   397 D ConditionProviders.SCP: notifyCondition condition://android/schedule?days=6.7&start=23.30&end=10.0&exitAtAlarm=false STATE_FALSE reason=!meetsSchedule
11-11 14:04:25.909   397   397 D ConditionProviders.SCP: notifyCondition condition://android/schedule?days=1.2.3.4.5&start=22.0&end=7.0&exitAtAlarm=false STATE_FALSE reason=!meetsSchedule
11-11 14:04:25.910   397   397 D ConditionProviders.SCP: Scheduling evaluate for Mon Nov 11 22:00:00 PST 2024 (1731391200000), in +7h55m34s94ms, now=Mon Nov 11 14:04:25 PST 2024 (1731362665906)
11-11 14:04:25.931   397   537 I ActivityManager: Start proc 1617:com.android.providers.calendar/u0a1 for content provider com.android.providers.calendar/.CalendarProvider2
11-11 14:04:26.029   397   484 W ActivityManager: Activity pause timeout for ActivityRecord{cde9160 u0 com.qualcomm.ftcrobotcontroller/org.firstinspires.ftc.robotcontroller.internal.PermissionValidatorWrapper t1648 f}
11-11 14:04:26.043  1617  1617 D lvjinhua:  Failed while trying resolve alarm filter file, not exists
11-11 14:04:26.521   397   463 D ConnectivityService: listenForNetwork for uid/pid:10057/1581 NetworkRequest [ LISTEN id=11, [ Capabilities: INTERNET&NOT_RESTRICTED&TRUSTED] ]
11-11 14:04:28.518   397   464 D ConnectivityService: listenForNetwork for uid/pid:10057/1581 NetworkRequest [ LISTEN id=12, [ Capabilities: INTERNET&NOT_RESTRICTED&TRUSTED] ]
11-11 14:04:30.556   792   792 D lvjinhua:  Failed while trying resolve alarm filter file, not exists
11-11 14:04:30.716   397  1003 I ActivityManager: Killing 1538:com.svox.pico/u0a30 (adj 906): empty #4
11-11 14:04:30.750   397   463 D ActivityManager: cleanUpApplicationRecord -- 1538
11-11 14:04:39.956   397   397 W WindowManager: Attempted to remove non-existing token: android.os.Binder@4491e5f
11-11 14:04:43.404   397  1003 I ActivityManager: Force stopping com.qualcomm.ftcrobotcontroller appid=10057 user=0: from pid 1743
11-11 14:04:43.404   397  1003 I ActivityManager: Killing 1581:com.qualcomm.ftcrobotcontroller/u0a57 (adj 0): stop com.qualcomm.ftcrobotcontroller
11-11 14:04:43.405   397  1003 D ActivityManager: cleanUpApplicationRecord -- 1581
11-11 14:04:43.405   397  1003 W ActivityManager: Scheduling restart of crashed service com.qualcomm.ftcrobotcontroller/org.firstinspires.ftc.robotcore.internal.files.MediaTransferProtocolMonitorService in 1000ms
11-11 14:04:43.405   397  1003 W ActivityManager: Scheduling restart of crashed service com.qualcomm.ftcrobotcontroller/org.firstinspires.ftc.onbotjava.OnBotJavaService in 1000ms
11-11 14:04:43.405   397   486 I libprocessgroup: Killing pid 1609 in uid 10057 as part of process group 1581
11-11 14:04:43.406   397  1003 W ActivityManager: Scheduling restart of crashed service com.qualcomm.ftcrobotcontroller/org.firstinspires.ftc.ftccommon.internal.FtcRobotControllerWatchdogService in 1000ms
11-11 14:04:43.406   397  1003 W ActivityManager: Force removing ActivityRecord{5bf538e u0 com.qualcomm.ftcrobotcontroller/org.firstinspires.ftc.robotcontroller.internal.FtcRobotControllerActivity t1648}: app died, no saved state
11-11 14:04:43.427   397  1003 I ActivityManager:   Force stopping service ServiceRecord{75916dd u0 com.qualcomm.ftcrobotcontroller/org.firstinspires.ftc.ftccommon.internal.FtcRobotControllerWatchdogService}
11-11 14:04:43.445   397  1003 I ActivityManager: Force stopping com.qualcomm.ftcrobotcontroller appid=10057 user=0: from pid 1745
11-11 14:04:43.458   397  1003 D ConnectivityService: ConnectivityService NetworkRequestInfo binderDied(NetworkRequest [ LISTEN id=11, [ Capabilities: INTERNET&NOT_RESTRICTED&TRUSTED] ], android.os.BinderProxy@8869a2d)
11-11 14:04:43.460   397   464 D ConnectivityService: ConnectivityService NetworkRequestInfo binderDied(NetworkRequest [ LISTEN id=12, [ Capabilities: INTERNET&NOT_RESTRICTED&TRUSTED] ], android.os.BinderProxy@178b62)
11-11 14:04:43.460   397   531 D ConnectivityService: releasing NetworkRequest [ LISTEN id=11, [ Capabilities: INTERNET&NOT_RESTRICTED&TRUSTED] ]
11-11 14:04:43.461   397   531 D ConnectivityService: sending notification RELEASED for NetworkRequest [ LISTEN id=11, [ Capabilities: INTERNET&NOT_RESTRICTED&TRUSTED] ]
11-11 14:04:43.462   397   531 E ConnectivityService: RemoteException caught trying to send a callback msg for NetworkRequest [ LISTEN id=11, [ Capabilities: INTERNET&NOT_RESTRICTED&TRUSTED] ]
11-11 14:04:43.462   397   531 D ConnectivityService: releasing NetworkRequest [ LISTEN id=12, [ Capabilities: INTERNET&NOT_RESTRICTED&TRUSTED] ]
11-11 14:04:43.462   397   531 D ConnectivityService: sending notification RELEASED for NetworkRequest [ LISTEN id=12, [ Capabilities: INTERNET&NOT_RESTRICTED&TRUSTED] ]
11-11 14:04:43.463   397   531 E ConnectivityService: RemoteException caught trying to send a callback msg for NetworkRequest [ LISTEN id=12, [ Capabilities: INTERNET&NOT_RESTRICTED&TRUSTED] ]
11-11 14:04:44.351   397   464 I ActivityManager: Force stopping com.qualcomm.ftcrobotcontroller appid=10057 user=0: from pid 1776
11-11 14:04:52.480   397   464 I ActivityManager: Force stopping com.qualcomm.ftcrobotcontroller appid=10057 user=0: from pid 947
11-11 14:04:52.481   397   464 I ActivityManager: Killing 1129:android.process.acore/u0a2 (adj 906): empty #4
11-11 14:04:52.538   397   482 D ActivityManager: cleanUpApplicationRecord -- 1129
11-11 14:04:53.531   397  1041 I ActivityManager: START u0 {act=android.intent.action.MAIN cat=[android.intent.category.LAUNCHER] flg=0x10000000 pkg=com.qualcomm.ftcrobotcontroller cmp=com.qualcomm.ftcrobotcontroller/org.firstinspires.ftc.robotcontroller.internal.PermissionValidatorWrapper} from uid 10017 on display 0
11-11 14:04:53.569   397   464 I ActivityManager: Start proc 1826:com.qualcomm.ftcrobotcontroller/u0a57 for activity com.qualcomm.ftcrobotcontroller/org.firstinspires.ftc.robotcontroller.internal.PermissionValidatorWrapper
11-11 14:04:53.819   397   482 I ActivityManager: START u0 {cmp=com.qualcomm.ftcrobotcontroller/org.firstinspires.ftc.robotcontroller.internal.FtcRobotControllerActivity} from uid 10057 on display 0
11-11 14:04:54.324   397   484 W ActivityManager: Activity pause timeout for ActivityRecord{dc56ae0 u0 com.qualcomm.ftcrobotcontroller/org.firstinspires.ftc.robotcontroller.internal.PermissionValidatorWrapper t1649 f}
11-11 14:04:54.797   397   482 D ConnectivityService: listenForNetwork for uid/pid:10057/1826 NetworkRequest [ LISTEN id=13, [ Capabilities: INTERNET&NOT_RESTRICTED&TRUSTED] ]
11-11 14:04:57.028   397  1041 D ConnectivityService: listenForNetwork for uid/pid:10057/1826 NetworkRequest [ LISTEN id=14, [ Capabilities: INTERNET&NOT_RESTRICTED&TRUSTED] ]
11-11 14:04:58.848   792   792 D lvjinhua:  Failed while trying resolve alarm filter file, not exists
11-11 14:05:05.905   397   501 I PackageManager: Package com.qualcomm.ftcrobotcontroller codePath changed from /data/app/com.qualcomm.ftcrobotcontroller-2 to /data/app/com.qualcomm.ftcrobotcontroller-1; Retaining data and using new
11-11 14:05:05.907   397   501 W PackageManager: Code path for com.qualcomm.ftcrobotcontroller changing from /data/app/com.qualcomm.ftcrobotcontroller-2 to /data/app/com.qualcomm.ftcrobotcontroller-1
11-11 14:05:05.907   397   501 W PackageManager: Resource path for com.qualcomm.ftcrobotcontroller changing from /data/app/com.qualcomm.ftcrobotcontroller-2 to /data/app/com.qualcomm.ftcrobotcontroller-1
11-11 14:05:06.194   397   484 I ActivityManager: Start proc 1913:com.android.keychain/1000 for broadcast com.android.keychain/.KeyChainBroadcastReceiver
11-11 14:05:06.385   397   483 W VoiceInteractionManagerService: no available voice recognition services found for user 0
11-11 14:05:06.425  1913  1913 W ContextImpl: Calling a method in the system process without a qualified user: android.app.ContextImpl.startService:1357 android.content.ContextWrapper.startService:613 android.content.ContextWrapper.startService:613 com.android.keychain.KeyChainBroadcastReceiver.onReceive:12 android.app.ActivityThread.handleReceiver:3041 
11-11 14:05:06.441   397   463 I ActivityManager: Start proc 1939:android.process.acore/u0a2 for broadcast com.android.providers.contacts/.PackageIntentReceiver
--------- beginning of crash
11-11 14:05:06.448  1826  1937 E AndroidRuntime: FATAL EXCEPTION: SoundPlayer-#0
11-11 14:05:06.448  1826  1937 E AndroidRuntime: Process: com.qualcomm.ftcrobotcontroller, PID: 1826
11-11 14:05:06.448  1826  1937 E AndroidRuntime: android.content.res.Resources$NotFoundException: File res/raw/ss_r2d2_up.wav from drawable resource ID #0x7f0d001a
11-11 14:05:06.448  1826  1937 E AndroidRuntime: 	at android.content.res.ResourcesImpl.openRawResourceFd(ResourcesImpl.java:291)
11-11 14:05:06.448  1826  1937 E AndroidRuntime: 	at android.content.res.Resources.openRawResourceFd(Resources.java:1267)
11-11 14:05:06.448  1826  1937 E AndroidRuntime: 	at com.qualcomm.ftccommon.SoundPlayer.getMsDuration(SoundPlayer.java:659)
11-11 14:05:06.448  1826  1937 E AndroidRuntime: 	at com.qualcomm.ftccommon.SoundPlayer.ensureLoaded(SoundPlayer.java:476)
11-11 14:05:06.448  1826  1937 E AndroidRuntime: 	at com.qualcomm.ftccommon.SoundPlayer.loadAndStartPlaying(SoundPlayer.java:447)
11-11 14:05:06.448  1826  1937 E AndroidRuntime: 	at com.qualcomm.ftccommon.SoundPlayer$3.run(SoundPlayer.java:306)
11-11 14:05:06.448  1826  1937 E AndroidRuntime: 	at java.util.concurrent.ThreadPoolExecutor.runWorker(ThreadPoolExecutor.java:1133)
11-11 14:05:06.448  1826  1937 E AndroidRuntime: 	at java.util.concurrent.ThreadPoolExecutor$Worker.run(ThreadPoolExecutor.java:607)
11-11 14:05:06.448  1826  1937 E AndroidRuntime: 	at com.qualcomm.robotcore.util.ThreadPool$ThreadFactoryImpl$1.run(ThreadPool.java:793)
11-11 14:05:06.448  1826  1937 E AndroidRuntime: 	at java.lang.Thread.run(Thread.java:761)
11-11 14:05:06.448  1826  1937 E AndroidRuntime: Caused by: java.io.FileNotFoundException: This file can not be opened as a file descriptor; it is probably compressed
11-11 14:05:06.448  1826  1937 E AndroidRuntime: 	at android.content.res.AssetManager.openNonAssetFdNative(Native Method)
11-11 14:05:06.448  1826  1937 E AndroidRuntime: 	at android.content.res.AssetManager.openNonAssetFd(AssetManager.java:460)
11-11 14:05:06.448  1826  1937 E AndroidRuntime: 	at android.content.res.ResourcesImpl.openRawResourceFd(ResourcesImpl.java:289)
11-11 14:05:06.448  1826  1937 E AndroidRuntime: 	... 9 more
11-11 14:05:06.453   397   482 W ActivityManager:   Force finishing activity com.qualcomm.ftcrobotcontroller/org.firstinspires.ftc.robotcontroller.internal.FtcRobotControllerActivity
11-11 14:05:07.012   397  1041 I ActivityManager: Killing 1617:com.android.providers.calendar/u0a1 (adj 906): empty #4
11-11 14:05:07.054   397   464 I ActivityManager: Start proc 1969:com.svox.pico/u0a30 for broadcast com.svox.pico/.VoiceDataInstallerReceiver
11-11 14:05:07.103   397   463 D ActivityManager: cleanUpApplicationRecord -- 1617
11-11 14:05:07.464   397   463 I ActivityManager: Force stopping com.qualcomm.ftcrobotcontroller appid=10057 user=0: from pid 1911
11-11 14:05:07.464   397   463 I ActivityManager: Killing 1826:com.qualcomm.ftcrobotcontroller/u0a57 (adj 200): stop com.qualcomm.ftcrobotcontroller
11-11 14:05:07.465   397   463 D ActivityManager: cleanUpApplicationRecord -- 1826
11-11 14:05:07.465   397   463 W ActivityManager: Scheduling restart of crashed service com.qualcomm.ftcrobotcontroller/org.firstinspires.ftc.robotcore.internal.files.MediaTransferProtocolMonitorService in 1000ms
11-11 14:05:07.466   397   463 W ActivityManager: Scheduling restart of crashed service com.qualcomm.ftcrobotcontroller/org.firstinspires.ftc.onbotjava.OnBotJavaService in 1000ms
11-11 14:05:07.466   397   486 I libprocessgroup: Killing pid 1847 in uid 10057 as part of process group 1826
11-11 14:05:07.481   397   482 W ActivityManager: Ignoring remove of inactive process: ProcessRecord{d7066e 0:com.qualcomm.ftcrobotcontroller/u0a57}
11-11 14:05:07.504   397   463 W InputMethodManagerService: Window already focused, ignoring focus gain of: com.android.internal.view.IInputMethodClient$Stub$Proxy@e720bf0 attribute=null, token = android.os.BinderProxy@dff4a15
11-11 14:05:07.556   397   463 I WindowManager: WIN DEATH: Window{cb3a042 u0 Toast}
11-11 14:05:07.557   397  1003 D ConnectivityService: ConnectivityService NetworkRequestInfo binderDied(NetworkRequest [ LISTEN id=13, [ Capabilities: INTERNET&NOT_RESTRICTED&TRUSTED] ], android.os.BinderProxy@9b15bee)
11-11 14:05:07.557   397   531 D ConnectivityService: releasing NetworkRequest [ LISTEN id=13, [ Capabilities: INTERNET&NOT_RESTRICTED&TRUSTED] ]
11-11 14:05:07.558   397   531 D ConnectivityService: sending notification RELEASED for NetworkRequest [ LISTEN id=13, [ Capabilities: INTERNET&NOT_RESTRICTED&TRUSTED] ]
11-11 14:05:07.559   397  1041 D ConnectivityService: ConnectivityService NetworkRequestInfo binderDied(NetworkRequest [ LISTEN id=14, [ Capabilities: INTERNET&NOT_RESTRICTED&TRUSTED] ], android.os.BinderProxy@783f71c)
11-11 14:05:07.559   397   531 E ConnectivityService: RemoteException caught trying to send a callback msg for NetworkRequest [ LISTEN id=13, [ Capabilities: INTERNET&NOT_RESTRICTED&TRUSTED] ]
11-11 14:05:07.559   397   531 D ConnectivityService: releasing NetworkRequest [ LISTEN id=14, [ Capabilities: INTERNET&NOT_RESTRICTED&TRUSTED] ]
11-11 14:05:07.560   397   531 D ConnectivityService: sending notification RELEASED for NetworkRequest [ LISTEN id=14, [ Capabilities: INTERNET&NOT_RESTRICTED&TRUSTED] ]
11-11 14:05:07.562   397   531 E ConnectivityService: RemoteException caught trying to send a callback msg for NetworkRequest [ LISTEN id=14, [ Capabilities: INTERNET&NOT_RESTRICTED&TRUSTED] ]
11-11 14:05:07.677   397   491 W AppOps  : Finishing op nesting under-run: uid 1000 pkg android code 24 time=0 duration=0 nesting=0
11-11 14:05:08.388   397  1003 I ActivityManager: START u0 {act=android.intent.action.MAIN cat=[android.intent.category.LAUNCHER] flg=0x10000000 cmp=com.qualcomm.ftcrobotcontroller/org.firstinspires.ftc.robotcontroller.internal.PermissionValidatorWrapper} from uid 2000 on display 0
11-11 14:05:08.412   397  1041 I ActivityManager: Start proc 2015:com.qualcomm.ftcrobotcontroller/u0a57 for activity com.qualcomm.ftcrobotcontroller/org.firstinspires.ftc.robotcontroller.internal.PermissionValidatorWrapper
11-11 14:05:08.630   397   464 I ActivityManager: START u0 {cmp=com.qualcomm.ftcrobotcontroller/org.firstinspires.ftc.robotcontroller.internal.FtcRobotControllerActivity} from uid 10057 on display 0
11-11 14:05:08.648   397  1003 I ActivityManager: Killing 1913:com.android.keychain/1000 (adj 906): empty #4
11-11 14:05:08.649   397   397 W NotificationService: Object died trying to hide notification android.app.ITransientNotification$Stub$Proxy@415e377 in package com.qualcomm.ftcrobotcontroller
11-11 14:05:08.650   397   397 W WindowManager: Attempted to remove non-existing token: android.os.Binder@92db24
11-11 14:05:08.678   397  1041 D ActivityManager: cleanUpApplicationRecord -- 1913
