--------- beginning of system
12-31 16:00:06.309   397   397 I InstallerConnection: connecting...
12-31 16:00:06.714   397   397 I InstallerConnection: disconnecting...
12-31 16:00:06.937   397   397 W SystemServer: System clock is before 1970; setting to 1970.
12-31 16:00:06.958   397   397 I SystemServer: Entered the Android system server!
12-31 16:00:07.556   397   397 I SystemServiceManager: Starting com.android.server.pm.Installer
12-31 16:00:07.566   397   397 I Installer: Waiting for installd to be ready.
12-31 16:00:07.566   397   397 I InstallerConnection: connecting...
12-31 16:00:07.567   397   397 I SystemServiceManager: Starting com.android.server.am.ActivityManagerService$Lifecycle
12-31 16:00:07.578   397   397 I ActivityManager: Memory class: 192
12-31 16:00:07.580   397   484 I ServiceThread: Enabled StrictMode logging for ActivityManager looper.
12-31 16:00:07.581   397   485 I ServiceThread: Enabled StrictMode logging for android.ui looper.
12-31 16:00:07.678   397   397 D BatteryStatsImpl: Reading daily items from /data/system/batterystats-daily.xml
12-31 16:00:07.831   397   397 I IntentFirewall: Read new rules (A:0 B:0 S:0)
12-31 16:00:07.838   397   491 I ServiceThread: Enabled StrictMode logging for android.display looper.
12-31 16:00:07.871   397   397 D AppOps  : AppOpsService published
12-31 16:00:07.871   397   397 I SystemServiceManager: Starting com.android.server.power.PowerManagerService
12-31 16:00:07.891   397   493 I ServiceThread: Enabled StrictMode logging for PowerManagerService looper.
12-31 16:00:07.892   397   397 E PowerManagerService:  Failed while trying resolve ddr config file, not exists
12-31 16:00:07.895   397   397 D lvjinhua:  Failed while trying resolve alarm filter file, not exists
12-31 16:00:07.896   397   397 I SystemServiceManager: Starting com.android.server.lights.LightsService
12-31 16:00:07.924   397   397 I SystemServiceManager: Starting com.android.server.display.DisplayManagerService
12-31 16:00:07.934   397   397 I SystemServiceManager: Starting phase 100
12-31 16:00:07.939   397   491 I DisplayManagerService: Display device added: DisplayDeviceInfo{"Built-in Screen": uniqueId="local:0", 1280 x 720, modeId 1, defaultModeId 1, supportedModes [{id=1, width=1280, height=720, fps=52.0}], colorMode 0, supportedColorModes [0], HdrCapabilities android.view.Display$HdrCapabilities@a69d6308, density 160, 2147483.8 x 2147483.8 dpi, appVsyncOff 1000000, presDeadline 19230769, touch INTERNAL, rotation 0, type BUILT_IN, state UNKNOWN, FLAG_DEFAULT_DISPLAY, FLAG_ROTATES_WITH_CONTENT, FLAG_SECURE, FLAG_SUPPORTS_PROTECTED_BUFFERS}
12-31 16:00:07.942   397   491 I DisplayManagerService: Display device changed state: "Built-in Screen", ON
12-31 16:00:07.942   397   397 I SystemServer: StartPackageManagerService
12-31 16:00:08.020   397   397 D SELinuxMMAC: Using policy file /system/etc/security/mac_permissions.xml
12-31 16:00:08.197   397   397 W PackageManager: Library not found: /system/framework/org.apache.http.legacy.jar
12-31 16:00:08.221   397   397 W PackageManager: Library not found: /system/framework/org.apache.http.legacy.jar
12-31 16:00:08.392   397   397 W PackageParser: Ignoring duplicate uses-permissions/uses-permissions-sdk-m: android.permission.ACCESS_FINE_LOCATION in package: com.DeviceTest at: Binary XML file line #22
12-31 16:00:08.393   397   397 W PackageParser: Ignoring duplicate uses-permissions/uses-permissions-sdk-m: android.permission.WRITE_SETTINGS in package: com.DeviceTest at: Binary XML file line #31
12-31 16:00:08.393   397   397 W PackageParser: Ignoring duplicate uses-permissions/uses-permissions-sdk-m: android.permission.INTERNET in package: com.DeviceTest at: Binary XML file line #39
12-31 16:00:08.393   397   397 W PackageParser: Ignoring duplicate uses-permissions/uses-permissions-sdk-m: android.permission.DEVICE_POWER in package: com.DeviceTest at: Binary XML file line #43
12-31 16:00:08.397   397   397 I PackageManager: /system/priv-app/DeviceTest changed; collecting certs
12-31 16:00:08.432   397   397 W PackageManager: Failed to parse /system/priv-app/DeviceTest: Signature mismatch for shared user: SharedUserSetting{f34fa7d android.uid.system/1000}
12-31 16:00:08.471   397   397 W PackageManager: Permission android.permission.DOWNLOAD_WITHOUT_NOTIFICATION from package com.android.providers.downloads in an unknown group android.permission-group.NETWORK
12-31 16:00:08.715   397   397 W PackageParser: Ignoring duplicate uses-permissions/uses-permissions-sdk-m: android.permission.USE_CREDENTIALS in package: com.android.settings at: Binary XML file line #56
12-31 16:00:08.715   397   397 W PackageParser: Ignoring duplicate uses-permissions/uses-permissions-sdk-m: android.permission.READ_SYNC_SETTINGS in package: com.android.settings at: Binary XML file line #61
12-31 16:00:08.715   397   397 W PackageParser: Ignoring duplicate uses-permissions/uses-permissions-sdk-m: android.permission.WRITE_SYNC_SETTINGS in package: com.android.settings at: Binary XML file line #62
12-31 16:00:08.808   397   397 W PackageParser: Ignoring duplicate uses-permissions/uses-permissions-sdk-m: android.permission.INSTALL_GRANT_RUNTIME_PERMISSIONS in package: com.android.shell at: Binary XML file line #103
12-31 16:00:08.829   397   397 I PackageManager: /system/priv-app/StressTest changed; collecting certs
12-31 16:00:08.876   397   397 W PackageManager: Failed to parse /system/priv-app/StressTest: Signature mismatch for shared user: SharedUserSetting{f34fa7d android.uid.system/1000}
12-31 16:00:08.930   397   397 W PackageParser: Ignoring duplicate uses-permissions/uses-permissions-sdk-m: android.permission.CONFIGURE_WIFI_DISPLAY in package: com.android.systemui at: Binary XML file line #123
12-31 16:00:09.008   397   397 W PackageParser: No actions in intent filter at /system/priv-app/TvSettings/TvSettings.apk Binary XML file line #87
12-31 16:00:09.012   397   397 W PackageParser: No actions in intent filter at /system/priv-app/TvSettings/TvSettings.apk Binary XML file line #631
12-31 16:00:09.012   397   397 W PackageParser: No actions in intent filter at /system/priv-app/TvSettings/TvSettings.apk Binary XML file line #639
12-31 16:00:09.061   397   397 W PackageParser: Ignoring duplicate uses-permissions/uses-permissions-sdk-m: android.permission.READ_CONTACTS in package: com.android.bluetooth at: Binary XML file line #61
12-31 16:00:09.063   397   397 W PackageParser: No actions in intent filter at /system/app/Bluetooth/Bluetooth.apk Binary XML file line #223
12-31 16:00:09.146   397   397 W PackageManager: Non-privileged app; cap priority to 0; package: com.android.cts.ctsshim activity: com.android.cts.ctsshim.InstallPriority origPrio: 100
12-31 16:00:09.146   397   397 W PackageManager: Non-privileged app; cap priority to 0; package: com.android.cts.ctsshim activity: com.android.cts.ctsshim.InstallPriority origPrio: 100
12-31 16:00:09.146   397   397 W PackageManager: Non-privileged app; cap priority to 0; package: com.android.cts.ctsshim activity: com.android.cts.ctsshim.InstallPriority origPrio: 100
12-31 16:00:09.147   397   397 W PackageManager: Non-privileged app; cap priority to 0; package: com.android.cts.ctsshim activity: com.android.cts.ctsshim.InstallPriority origPrio: 100
12-31 16:00:09.147   397   397 W PackageManager: Non-privileged app; cap priority to 0; package: com.android.cts.ctsshim activity: com.android.cts.ctsshim.InstallPriority origPrio: 100
12-31 16:00:09.292   397   397 W PackageManager: Non-privileged app; cap priority to 0; package: com.rockchips.android.leanbacklauncher activity: com.rockchips.android.leanbacklauncher.MainActivity origPrio: 2
12-31 16:00:09.307   397   397 I PackageManager: /system/app/RkExplorer changed; collecting certs
12-31 16:00:09.344   397   397 W PackageManager: Failed to parse /system/app/RkExplorer: Signature mismatch for shared user: SharedUserSetting{f34fa7d android.uid.system/1000}
12-31 16:00:09.642   397   397 W PackageManager: Protected action; cap priority to 0; package: com.android.cts.priv.ctsshim activity: com.android.cts.priv.ctsshim.InstallPriority origPrio: 100
12-31 16:00:09.642   397   397 W PackageManager: Protected action; cap priority to 0; package: com.android.cts.priv.ctsshim activity: com.android.cts.priv.ctsshim.InstallPriority origPrio: 100
12-31 16:00:09.642   397   397 W PackageManager: Protected action; cap priority to 0; package: com.android.cts.priv.ctsshim activity: com.android.cts.priv.ctsshim.InstallPriority origPrio: 100
12-31 16:00:09.642   397   397 W PackageManager: Protected action; cap priority to 0; package: com.android.cts.priv.ctsshim activity: com.android.cts.priv.ctsshim.InstallPriority origPrio: 100
12-31 16:00:09.642   397   397 W PackageManager: Protected action; cap priority to 0; package: com.android.packageinstaller activity: com.android.packageinstaller.PackageInstallerActivity origPrio: 1
12-31 16:00:09.643   397   397 I PackageManager: Adjusting ABI for com.android.settings to arm64-v8a (requirer=com.android.tv.settings, scannedPackage=null)
12-31 16:00:09.644   397   397 I PackageManager: Adjusting ABI for com.revrobotics.controlhubupdater to arm64-v8a (requirer=com.android.tv.settings, scannedPackage=null)
12-31 16:00:09.644   397   397 I PackageManager: Adjusting ABI for com.android.wallpaperbackup to arm64-v8a (requirer=com.android.tv.settings, scannedPackage=null)
12-31 16:00:09.645   397   397 I PackageManager: Adjusting ABI for com.android.keychain to arm64-v8a (requirer=com.android.tv.settings, scannedPackage=null)
12-31 16:00:09.646   397   397 I PackageManager: Adjusting ABI for com.android.location.fused to arm64-v8a (requirer=com.android.tv.settings, scannedPackage=null)
12-31 16:00:09.646   397   397 I PackageManager: Adjusting ABI for com.android.providers.settings to arm64-v8a (requirer=com.android.tv.settings, scannedPackage=null)
12-31 16:00:09.647   397   397 I PackageManager: Adjusting ABI for com.android.inputdevices to arm64-v8a (requirer=com.android.tv.settings, scannedPackage=null)
12-31 16:00:09.648   397   397 I PackageManager: Adjusting ABI for com.rockchips.android.leanbacklauncher to arm64-v8a (requirer=com.android.tv.settings, scannedPackage=null)
12-31 16:00:09.652   397   397 I PackageManager: Time to scan packages: 1.475 seconds
12-31 16:00:09.652   397   397 W PackageManager: Unknown permission com.google.android.googleapps.permission.GOOGLE_AUTH in package com.android.providers.calendar
12-31 16:00:09.652   397   397 W PackageManager: Unknown permission com.google.android.googleapps.permission.GOOGLE_AUTH.cl in package com.android.providers.calendar
12-31 16:00:09.652   397   397 W PackageManager: Unknown permission com.rockchips.android.leanbacklauncher.recommendations.permission.RECOMMENDATIONS in package com.rockchips.android.leanbacklauncher
12-31 16:00:09.653   397   397 W PackageManager: Unknown permission com.rockchips.android.providers.gsf.permission.READ_GSERVICES in package com.rockchips.android.leanbacklauncher
12-31 16:00:09.653   397   397 W PackageManager: Not granting permission android.permission.ACCESS_DOWNLOAD_MANAGER to package com.android.browser (protectionLevel=18 flags=0x3809be45)
12-31 16:00:09.653   397   397 W PackageManager: Not granting permission android.permission.SEND_DOWNLOAD_COMPLETED_INTENTS to package com.android.browser (protectionLevel=2 flags=0x3809be45)
12-31 16:00:09.654   397   397 W PackageManager: Not granting permission android.permission.WRITE_EXTERNAL_STORAGE to package com.qualcomm.ftcrobotcontroller because it was previously installed without
12-31 16:00:09.654   397   397 W PackageManager: Not granting permission android.permission.READ_EXTERNAL_STORAGE to package com.qualcomm.ftcrobotcontroller because it was previously installed without
12-31 16:00:09.654   397   397 W PackageManager: Not granting permission android.permission.CAMERA to package com.qualcomm.ftcrobotcontroller because it was previously installed without
12-31 16:00:09.654   397   397 W PackageManager: Not granting permission android.permission.ACCESS_COARSE_LOCATION to package com.qualcomm.ftcrobotcontroller because it was previously installed without
12-31 16:00:09.654   397   397 W PackageManager: Not granting permission android.permission.ACCESS_FINE_LOCATION to package com.qualcomm.ftcrobotcontroller because it was previously installed without
12-31 16:00:09.654   397   397 W PackageManager: Not granting permission android.permission.READ_PHONE_STATE to package com.qualcomm.ftcrobotcontroller because it was previously installed without
12-31 16:00:09.654   397   397 W PackageManager: Unknown permission com.google.android.permission.INSTALL_WEARABLE_PACKAGES in package com.android.packageinstaller
12-31 16:00:09.654   397   397 W PackageManager: Not granting permission android.permission.DELETE_PACKAGES to package com.svox.pico (protectionLevel=18 flags=0x3808be45)
12-31 16:00:09.654   397   397 W PackageManager: Unknown permission com.google.android.googleapps.permission.GOOGLE_AUTH in package com.android.settings
12-31 16:00:09.654   397   397 W PackageManager: Unknown permission com.android.launcher.permission.READ_SETTINGS in package com.android.settings
12-31 16:00:09.654   397   397 W PackageManager: Unknown permission com.android.launcher.permission.WRITE_SETTINGS in package com.android.settings
12-31 16:00:09.655   397   397 W PackageManager: Unknown permission com.google.android.gallery3d.permission.GALLERY_PROVIDER in package com.android.bluetooth
12-31 16:00:09.655   397   397 W PackageManager: Unknown permission com.android.gallery3d.permission.GALLERY_PROVIDER in package com.android.bluetooth
12-31 16:00:09.655   397   397 W PackageManager: Unknown permission android.permission.PROCESS_PHONE_ACCOUNT_REGISTRATION in package com.android.providers.contacts
12-31 16:00:09.655   397   397 V PackageManager: reconcileAppsData for null u0 0x3
12-31 16:00:09.914   397   397 V PackageManager: reconcileAppsData finished 49 packages
12-31 16:00:10.100   397   397 D PackageManager: Ephemeral resolver NOT found; no matching intent filters
12-31 16:00:10.101   397   397 I PackageManager: Ephemeral deactivated; missing resolver and installer
12-31 16:00:10.126   397   397 I SystemServer: StartOtaDexOptService
12-31 16:00:10.128   397   397 I SystemServer: StartUserManagerService
12-31 16:00:10.128   397   397 I SystemServiceManager: Starting com.android.server.pm.UserManagerService$LifeCycle
12-31 16:00:10.139   397   397 I SystemServiceManager: Starting com.android.server.BatteryService
12-31 16:00:10.143   397   397 I SystemServiceManager: Starting com.android.server.usage.UsageStatsService
12-31 16:00:10.153   397   397 I SystemServiceManager: Starting com.android.server.webkit.WebViewUpdateService
12-31 16:00:10.156   397   397 I SystemServer: isBox stop some start....
12-31 16:00:10.156   397   397 I SystemServer: Reading configuration...
12-31 16:00:10.156   397   397 I SystemServer: StartSchedulingPolicyService
12-31 16:00:10.158   397   397 I SystemServiceManager: Starting com.android.server.telecom.TelecomLoaderService
12-31 16:00:10.158   397   397 I SystemServer: StartTelephonyRegistry
12-31 16:00:10.163   397   397 I SystemServer: StartEntropyMixer
12-31 16:00:10.165   397   397 I EntropyMixer: Writing entropy...
12-31 16:00:10.235   397   397 I SystemServer: Camera Service
12-31 16:00:10.235   397   397 I SystemServiceManager: Starting com.android.server.camera.CameraService
12-31 16:00:10.236   397   506 I ServiceThread: Enabled StrictMode logging for CameraService_proxy looper.
12-31 16:00:10.238   397   397 I SystemServer: StartAccountManagerService
12-31 16:00:10.238   397   397 I SystemServiceManager: Starting com.android.server.accounts.AccountManagerService$Lifecycle
12-31 16:00:10.246   397   397 I SystemServer: StartContentService
12-31 16:00:10.246   397   397 I SystemServiceManager: Starting com.android.server.content.ContentService$Lifecycle
12-31 16:00:10.249   397   397 I SystemServer: InstallSystemProviders
12-31 16:00:10.277   397   397 I SystemServer: StartConsumerIrService
12-31 16:00:10.279   397   397 I SystemServer: StartAlarmManagerService
12-31 16:00:10.279   397   397 I SystemServiceManager: Starting com.android.server.AlarmManagerService
12-31 16:00:10.289   397   397 I SystemServer: InitWatchdog
12-31 16:00:10.289   397   397 I SystemServer: StartInputManagerService
12-31 16:00:10.290   397   397 I InputManager: Initializing input manager, mUseDevInputEventForAudioJack=false
12-31 16:00:10.291   397   397 I SystemServer: StartWindowManagerService
12-31 16:00:10.306   397   491 I WindowManager: No existing display settings /data/system/display_settings.xml; starting empty
12-31 16:00:10.342   397   397 I SystemServer: StartVrManagerService
12-31 16:00:10.342   397   397 I SystemServiceManager: Starting com.android.server.vr.VrManagerService
12-31 16:00:10.347   397   397 I InputManager: Starting input manager
12-31 16:00:10.351   397   397 I SystemServiceManager: Starting com.android.server.BluetoothService
12-31 16:00:10.354   397   397 D BluetoothManagerService: Loading stored name and address
12-31 16:00:10.354   397   397 D BluetoothManagerService: Stored bluetooth Name=rksdk,Address=22:22:BC:72:EA:53
12-31 16:00:10.354   397   397 D BluetoothManagerService: Bluetooth persisted state: 0
12-31 16:00:10.354   397   397 I SystemServer: ConnectivityMetricsLoggerService
12-31 16:00:10.354   397   397 I SystemServiceManager: Starting com.android.server.connectivity.MetricsLoggerService
12-31 16:00:10.355   397   397 I SystemServer: IpConnectivityMetrics
12-31 16:00:10.355   397   397 I SystemServiceManager: Starting com.android.server.connectivity.IpConnectivityMetrics
12-31 16:00:10.357   397   397 I SystemServer: PinnerService
12-31 16:00:10.357   397   397 I SystemServiceManager: Starting com.android.server.PinnerService
12-31 16:00:10.359   397   397 I SystemServiceManager: Starting com.android.server.InputMethodManagerService$Lifecycle
12-31 16:00:10.360   397   483 E PinnerService: Could not pin file /system/framework/arm64/boot-framework.oat with error open failed: ENOENT (No such file or directory)
12-31 16:00:10.360   397   483 E PinnerService: Failed to pin file = /system/framework/arm64/boot-framework.oat
12-31 16:00:10.363   397   483 E PinnerService: Could not pin file /system/framework/oat/arm64/services.odex with error open failed: ENOENT (No such file or directory)
12-31 16:00:10.363   397   483 E PinnerService: Failed to pin file = /system/framework/oat/arm64/services.odex
12-31 16:00:10.364   397   483 E PinnerService: Could not pin file /system/framework/arm64/boot.oat with error open failed: ENOENT (No such file or directory)
12-31 16:00:10.364   397   483 E PinnerService: Failed to pin file = /system/framework/arm64/boot.oat
12-31 16:00:10.364   397   483 E PinnerService: Could not pin file /system/framework/arm64/boot-core-libart.oat with error open failed: ENOENT (No such file or directory)
12-31 16:00:10.364   397   483 E PinnerService: Failed to pin file = /system/framework/arm64/boot-core-libart.oat
12-31 16:00:10.396   397   397 I InputMethodManagerService: All the enabled IMEs are gone. Reset default enabled IMEs.
12-31 16:00:10.396   397   397 W InputMethodUtils: Found no fallback locale. imis=[]
12-31 16:00:10.396   397   397 W InputMethodUtils: No software keyboard is found. imis=[] fallbackLocale=null
12-31 16:00:10.399   397   397 I SystemServer: StartAccessibilityManagerService
12-31 16:00:10.406   397   397 I ActivityManager: Config changes=1df8 {1.0 ?mcc?mnc [en_US] ldltr sw720dp w1280dp h720dp 160dpi xlrg long land ?uimode ?night -touch -keyb/v/h dpad/v s.2}
12-31 16:00:10.426   397   397 I SystemServiceManager: Starting com.android.server.MountService$Lifecycle
12-31 16:00:10.437   397   397 I SystemServer: start UiModeManagerService.
12-31 16:00:10.437   397   519 D MountService: Thinking about init, mSystemReady=false, mDaemonConnected=true
12-31 16:00:10.437   397   519 D MountService: Thinking about reset, mSystemReady=false, mDaemonConnected=true
12-31 16:00:10.437   397   519 D MountService: Thinking about init, mSystemReady=false, mDaemonConnected=true
12-31 16:00:10.437   397   519 D MountService: Thinking about reset, mSystemReady=false, mDaemonConnected=true
12-31 16:00:10.437   397   397 I SystemServiceManager: Starting com.android.server.UiModeManagerService
12-31 16:00:10.438   397   519 D CryptdConnector: SND -> {1 cryptfs getfield SystemLocale}
12-31 16:00:10.440   397   397 I ActivityManager: Config changes=200 {1.0 ?mcc?mnc [en_US] ldltr sw720dp w1280dp h720dp 160dpi xlrg long land television -touch -keyb/v/h dpad/v s.3}
12-31 16:00:10.440   397   521 D CryptdConnector: RCV <- {200 1 -1}
12-31 16:00:10.442   397   519 W MountService: No primary storage mounted!
12-31 16:00:10.442   397   519 D VoldConnector: SND -> {1 asec list}
12-31 16:00:10.443   397   520 D VoldConnector: RCV <- {200 1 asec operation succeeded}
12-31 16:00:10.444   397   519 W PackageManager: Unknown permission com.google.android.googleapps.permission.GOOGLE_AUTH in package com.android.providers.calendar
12-31 16:00:10.444   397   519 W PackageManager: Unknown permission com.google.android.googleapps.permission.GOOGLE_AUTH.cl in package com.android.providers.calendar
12-31 16:00:10.444   397   519 W PackageManager: Unknown permission com.rockchips.android.leanbacklauncher.recommendations.permission.RECOMMENDATIONS in package com.rockchips.android.leanbacklauncher
12-31 16:00:10.444   397   519 W PackageManager: Unknown permission com.rockchips.android.providers.gsf.permission.READ_GSERVICES in package com.rockchips.android.leanbacklauncher
12-31 16:00:10.448   397   519 W PackageManager: Not granting permission android.permission.ACCESS_DOWNLOAD_MANAGER to package com.android.browser (protectionLevel=18 flags=0x3809be45)
12-31 16:00:10.448   397   519 W PackageManager: Not granting permission android.permission.SEND_DOWNLOAD_COMPLETED_INTENTS to package com.android.browser (protectionLevel=2 flags=0x3809be45)
12-31 16:00:10.449   397   519 W PackageManager: Not granting permission android.permission.WRITE_EXTERNAL_STORAGE to package com.qualcomm.ftcrobotcontroller because it was previously installed without
12-31 16:00:10.449   397   519 W PackageManager: Not granting permission android.permission.READ_EXTERNAL_STORAGE to package com.qualcomm.ftcrobotcontroller because it was previously installed without
12-31 16:00:10.449   397   519 W PackageManager: Not granting permission android.permission.CAMERA to package com.qualcomm.ftcrobotcontroller because it was previously installed without
12-31 16:00:10.449   397   519 W PackageManager: Not granting permission android.permission.ACCESS_COARSE_LOCATION to package com.qualcomm.ftcrobotcontroller because it was previously installed without
12-31 16:00:10.449   397   519 W PackageManager: Not granting permission android.permission.ACCESS_FINE_LOCATION to package com.qualcomm.ftcrobotcontroller because it was previously installed without
12-31 16:00:10.449   397   519 W PackageManager: Not granting permission android.permission.READ_PHONE_STATE to package com.qualcomm.ftcrobotcontroller because it was previously installed without
12-31 16:00:10.449   397   519 W PackageManager: Unknown permission com.google.android.permission.INSTALL_WEARABLE_PACKAGES in package com.android.packageinstaller
12-31 16:00:10.449   397   519 W PackageManager: Not granting permission android.permission.DELETE_PACKAGES to package com.svox.pico (protectionLevel=18 flags=0x3808be45)
12-31 16:00:10.449   397   519 W PackageManager: Unknown permission com.google.android.googleapps.permission.GOOGLE_AUTH in package com.android.settings
12-31 16:00:10.449   397   519 W PackageManager: Unknown permission com.android.launcher.permission.READ_SETTINGS in package com.android.settings
12-31 16:00:10.449   397   519 W PackageManager: Unknown permission com.android.launcher.permission.WRITE_SETTINGS in package com.android.settings
12-31 16:00:10.450   397   519 W PackageManager: Unknown permission com.google.android.gallery3d.permission.GALLERY_PROVIDER in package com.android.bluetooth
12-31 16:00:10.450   397   519 W PackageManager: Unknown permission com.android.gallery3d.permission.GALLERY_PROVIDER in package com.android.bluetooth
12-31 16:00:10.450   397   519 W PackageManager: Unknown permission android.permission.PROCESS_PHONE_ACCOUNT_REGISTRATION in package com.android.providers.contacts
12-31 16:00:10.463   397   483 I UsageStatsService: User[0] Rollover scheduled @ 1970-01-01 16:00:10(86410429)
12-31 16:00:10.703   397   397 I SystemServer: StartLockSettingsService
12-31 16:00:10.703   397   519 W MountService: No primary storage mounted!
12-31 16:00:10.703   397   519 D VoldConnector: SND -> {2 asec list}
12-31 16:00:10.703   397   397 I SystemServiceManager: Starting com.android.server.LockSettingsService$Lifecycle
12-31 16:00:10.705   397   520 D VoldConnector: RCV <- {200 2 asec operation succeeded}
12-31 16:00:10.714   397   397 I SystemServiceManager: Starting com.android.server.DeviceIdleController
12-31 16:00:10.722   397   397 I SystemServiceManager: Starting com.android.server.devicepolicy.DevicePolicyManagerService$Lifecycle
12-31 16:00:10.733   397   397 I SystemServer: StartStatusBarManagerService
12-31 16:00:10.736   397   397 I SystemServer: StartClipboardService
12-31 16:00:10.739   397   397 I SystemServer: StartNetworkManagementService
12-31 16:00:10.743   397   522 I NetworkManagement: onDaemonConnected()
12-31 16:00:10.746   397   397 I SystemServiceManager: Starting com.android.server.TextServicesManagerService$Lifecycle
12-31 16:00:10.749   397   397 W TextServicesManagerService: no available spell checker services found
12-31 16:00:10.750   397   397 I SystemServer: StartNetworkScoreService
12-31 16:00:10.752   397   397 I SystemServer: StartNetworkStatsService
12-31 16:00:10.761   397   397 I SystemServer: StartNetworkPolicyManagerService
12-31 16:00:10.766   397   397 I SystemServer: No Wi-Fi NAN Service (NAN support Not Present)
12-31 16:00:10.768   397   397 I SystemServiceManager: Starting com.android.server.wifi.p2p.WifiP2pService
12-31 16:00:10.833   397   397 I SystemServiceManager: Starting com.android.server.wifi.WifiService
12-31 16:00:11.034   397   397 I SystemServiceManager: Starting com.android.server.wifi.scanner.WifiScanningService
12-31 16:00:11.041   397   397 I SystemServiceManager: Starting com.android.server.wifi.RttService
12-31 16:00:11.045   397   397 I SystemServer: StartEthernetService
12-31 16:00:11.045   397   397 I SystemServiceManager: Starting com.android.server.ethernet.EthernetService
12-31 16:00:11.049   397   397 I SystemServer: StartPppoeService
12-31 16:00:11.049   397   397 I SystemServiceManager: Starting com.android.server.pppoe.PppoeService
12-31 16:00:11.054   397   397 I SystemServer: StartConnectivityService
12-31 16:00:11.061   397   397 D ConnectivityService: ConnectivityService starting up
12-31 16:00:11.064   397   397 D ConnectivityService: wifiOnly=true
12-31 16:00:11.064   397   397 D ConnectivityService: naString=wifi,1,1,2,-1,true config=android.net.NetworkConfig@42655e3
12-31 16:00:11.065   397   397 D ConnectivityService: naString=mobile,0,0,0,-1,true config=android.net.NetworkConfig@30febe0
12-31 16:00:11.065   397   397 D ConnectivityService: networkAttributes - ignoring mobile as this dev is wifiOnly 0
12-31 16:00:11.065   397   397 D ConnectivityService: naString=mobile_mms,2,0,2,60000,true config=android.net.NetworkConfig@6e5de99
12-31 16:00:11.065   397   397 D ConnectivityService: networkAttributes - ignoring mobile as this dev is wifiOnly 2
12-31 16:00:11.065   397   397 D ConnectivityService: naString=mobile_supl,3,0,2,60000,true config=android.net.NetworkConfig@d08955e
12-31 16:00:11.065   397   397 D ConnectivityService: networkAttributes - ignoring mobile as this dev is wifiOnly 3
12-31 16:00:11.065   397   397 D ConnectivityService: naString=mobile_dun,4,0,2,60000,true config=android.net.NetworkConfig@ede6d3f
12-31 16:00:11.065   397   397 D ConnectivityService: networkAttributes - ignoring mobile as this dev is wifiOnly 4
12-31 16:00:11.065   397   397 D ConnectivityService: naString=mobile_hipri,5,0,3,60000,true config=android.net.NetworkConfig@7b7e60c
12-31 16:00:11.065   397   397 D ConnectivityService: networkAttributes - ignoring mobile as this dev is wifiOnly 5
12-31 16:00:11.065   397   397 D ConnectivityService: naString=mobile_fota,10,0,2,60000,true config=android.net.NetworkConfig@aaccb55
12-31 16:00:11.065   397   397 D ConnectivityService: networkAttributes - ignoring mobile as this dev is wifiOnly 10
12-31 16:00:11.065   397   397 D ConnectivityService: naString=mobile_ims,11,0,2,60000,true config=android.net.NetworkConfig@a44a96a
12-31 16:00:11.065   397   397 D ConnectivityService: networkAttributes - ignoring mobile as this dev is wifiOnly 11
12-31 16:00:11.065   397   397 D ConnectivityService: naString=mobile_cbs,12,0,2,60000,true config=android.net.NetworkConfig@cd69e5b
12-31 16:00:11.065   397   397 D ConnectivityService: networkAttributes - ignoring mobile as this dev is wifiOnly 12
12-31 16:00:11.065   397   397 D ConnectivityService: naString=bluetooth,7,7,0,-1,true config=android.net.NetworkConfig@10356f8
12-31 16:00:11.065   397   397 D ConnectivityService: naString=ethernet,9,9,9,-1,true config=android.net.NetworkConfig@ebbc7d1
12-31 16:00:11.065   397   397 D ConnectivityService: mNetworksDefined=4
12-31 16:00:11.065   397   397 E ConnectivityService: Ignoring protectedNetwork 10
12-31 16:00:11.065   397   397 E ConnectivityService: Ignoring protectedNetwork 11
12-31 16:00:11.065   397   397 E ConnectivityService: Ignoring protectedNetwork 12
12-31 16:00:11.065   397   397 E ConnectivityService: Ignoring protectedNetwork 14
12-31 16:00:11.065   397   397 E ConnectivityService: Ignoring protectedNetwork 15
12-31 16:00:11.077   397   397 I SystemServer: StartNsdService
12-31 16:00:11.081   397   397 I SystemServer: StartUpdateLockService
12-31 16:00:11.083   397   397 I SystemServiceManager: Starting com.android.server.RecoverySystemService
12-31 16:00:11.085   397   397 I SystemServiceManager: Starting com.android.server.notification.NotificationManagerService
12-31 16:00:11.103   397   397 D ConditionProviders.SCP: new ScheduleConditionProvider()
12-31 16:00:11.112   397   397 D ZenLog  : config: readXml,ZenModeConfig[user=0,allowCalls=true,allowRepeatCallers=false,allowMessages=false,allowCallsFrom=contacts,allowMessagesFrom=contacts,allowReminders=true,allowEvents=true,allowWhenScreenOff=true,allowWhenScreenOn=true,automaticRules={00fd66f7ce6049bbaa6e7d6eb162c951=ZenRule[enabled=false,snoozing=false,name=Event,zenMode=ZEN_MODE_ALARMS,conditionId=condition://android/event?userId=-10000&calendar=&reply=1,condition=Condition[id=condition://android/event?userId=-10000&calendar=&reply=1,summary=...,line1=...,line2=...,icon=0,state=STATE_FALSE,flags=2],component=ComponentInfo{android/com.android.server.notification.EventConditionProvider},id=00fd66f7ce6049bbaa6e7d6eb162c951,creationTime=112244,enabler=null], 2ed7413885e842148a554426b40fb8b8=ZenRule[enabled=false,snoozing=false,name=Weeknight,zenMode=ZEN_MODE_ALARMS,conditionId=condition://android/schedule?days=1.2.3.4.5&start=22.0&end=7.0&exitAtAlarm=false,condition=Condition[id=condition://android/schedule?days=1.2.3.4.5&start=22.0&end=7.0&exitAtAlarm=false,summary=...,line1=...,line2=...,icon=0,state=STATE_FALSE,flags=2],component=ComponentInfo{android/com.android.server.notification.ScheduleConditionProvider},id=2ed7413885e842148a554426b40fb8b8,creationTime=112243,enabler=null], 598b12f6ea484eb687272fae86cedb68=ZenRule[enabled=false,snoozing=false,name=Weekend,zenMode=ZEN_MODE_ALARMS,conditionId=condition://android/schedule?days=6.7&start=23.30&end=10.0&exitAtAlarm=false,condition=Condition[id=condition://android/schedule?days=6.7&start=23.30&end=10.0&exitAtAlarm=false,summary=...,line1=...,line2=...,icon=0,state=STATE_FALSE,flags=2],component=ComponentInfo{android/com.android.server.notification.ScheduleConditionProvider},id=598b12f6ea484eb687272fae86cedb68,creationTime=112243,enabler=null]},manualRule=ZenRule[enabled=true,snoozing=false,name=null,zenMode=ZEN_MODE_ALARMS,conditionId=null,condition=null,component=null,id=null,creationTime=0,enabler=com.rockchips.android.leanbacklauncher]],Diff[automaticRule[00fd66f7ce6049bbaa6e7d6eb162c951]:insert,automaticRule[2ed7413885e842148a554426b40fb8b8]:insert,automaticRule[b197df27308847f8b4ddca148b5178e9]:delete,automaticRule[598b12f6ea484eb687272fae86cedb68]:insert,automaticRule[d447a1a95abe4844a7b9e5588a3c7ac3]:delete,automaticRule[69f1ceb6ccf746d5962af15a493dbe8c]:delete,manualRule:insert]
12-31 16:00:11.122   397   397 D ZenLog  : set_zen_mode: alarms,init
12-31 16:00:11.126   397   397 I SystemServiceManager: Starting com.android.server.storage.DeviceStorageMonitorService
12-31 16:00:11.129   397   397 I SystemServer: StartLocationManagerService
12-31 16:00:11.132   397   397 I SystemServer: StartCountryDetectorService
12-31 16:00:11.134   397   397 I SystemServer: StartSearchManagerService
12-31 16:00:11.134   397   397 I SystemServiceManager: Starting com.android.server.search.SearchManagerService$Lifecycle
12-31 16:00:11.137   397   397 I SystemServiceManager: Starting com.android.server.DropBoxManagerService
12-31 16:00:11.140   397   397 I SystemServer: StartAudioService
12-31 16:00:11.140   397   397 I SystemServiceManager: Starting com.android.server.audio.AudioService$Lifecycle
12-31 16:00:11.176   397   397 I SystemServer: StartWiredAccessoryManager
12-31 16:00:11.178   397   397 W WiredAccessoryManager: This kernel does not have wired headset support
12-31 16:00:11.178   397   397 W WiredAccessoryManager: This kernel does not have dp audio support
12-31 16:00:11.178   397   397 I SystemServiceManager: Starting com.android.server.usb.UsbService$Lifecycle
12-31 16:00:11.190   397   397 I SystemServer: StartSerialService
12-31 16:00:11.193   397   397 I SystemServiceManager: Starting com.android.server.twilight.TwilightService
12-31 16:00:11.193   397   397 I SystemServiceManager: Starting com.android.server.job.JobSchedulerService
12-31 16:00:11.204   397   397 I SystemServiceManager: Starting com.android.server.soundtrigger.SoundTriggerService
12-31 16:00:11.205   397   397 I SystemServiceManager: Starting com.android.server.backup.BackupManagerService$Lifecycle
12-31 16:00:11.208   397   397 I SystemServiceManager: Starting com.android.server.appwidget.AppWidgetService
12-31 16:00:11.214   397   397 I SystemServiceManager: Starting com.android.server.voiceinteraction.VoiceInteractionManagerService
12-31 16:00:11.216   397   397 I SystemServiceManager: Starting com.android.server.SensorNotificationService
12-31 16:00:11.216   397   397 I SystemServiceManager: Starting com.android.server.ContextHubSystemService
12-31 16:00:11.218   397   397 I SystemServer: StartDiskStatsService
12-31 16:00:11.220   397   397 I SystemServer: StartSamplingProfilerService
12-31 16:00:11.234   397   397 I SystemServer: StartNetworkTimeUpdateService
12-31 16:00:11.236   397   397 I SystemServer: StartCommonTimeManagementService
12-31 16:00:11.238   397   397 I SystemServer: CertBlacklister
12-31 16:00:11.239   397   397 I SystemServiceManager: Starting com.android.server.emergency.EmergencyAffordanceService
12-31 16:00:11.240   397   397 I SystemServiceManager: Starting com.android.server.dreams.DreamManagerService
12-31 16:00:11.243   397   397 I SystemServer: StartAssetAtlasService
12-31 16:00:11.246   397   397 I SystemServiceManager: Starting com.android.server.restrictions.RestrictionsManagerService
12-31 16:00:11.253   397   397 I SystemServiceManager: Starting com.android.server.media.MediaSessionService
12-31 16:00:11.258   397   397 I SystemServiceManager: Starting com.android.server.hdmi.HdmiControlService
12-31 16:00:11.266   397   397 I HdmiControlService: Device does not support MHL-control.
12-31 16:00:11.270   397   397 I SystemServiceManager: Starting com.android.server.tv.TvInputManagerService
12-31 16:00:11.277   397   397 I SystemServiceManager: Starting com.android.server.media.MediaResourceMonitorService
12-31 16:00:11.278   397   397 I SystemServer: StartMediaRouterService
12-31 16:00:11.280   397   397 I SystemServiceManager: Starting com.android.server.trust.TrustManagerService
12-31 16:00:11.282   397   397 I SystemServer: DisplayDeviceManagementService Service
12-31 16:00:11.284   397   397 D DisplayDeviceManagementService: DisplayDeviceManagementService start
12-31 16:00:11.285   397   397 I SystemServer: StartBackgroundDexOptService
12-31 16:00:11.286   397   397 I SystemServiceManager: Starting com.android.server.pm.ShortcutService$Lifecycle
12-31 16:00:11.291   397   397 I SystemServiceManager: Starting com.android.server.pm.LauncherAppsService
12-31 16:00:11.293   397   397 I SystemServiceManager: Starting com.android.server.media.projection.MediaProjectionManagerService
12-31 16:00:11.300   397   397 I SystemServiceManager: Starting com.android.server.MmsServiceBroker
12-31 16:00:11.345   397   397 E LockSettingsStorage: Cannot read file java.io.FileNotFoundException: /data/system/gatekeeper.password.key: open failed: ENOENT (No such file or directory)
12-31 16:00:11.346   397   397 E LockSettingsStorage: Cannot read file java.io.FileNotFoundException: /data/system/password.key: open failed: ENOENT (No such file or directory)
12-31 16:00:11.347   397   397 E LockSettingsStorage: Cannot read file java.io.FileNotFoundException: /data/system/gatekeeper.pattern.key: open failed: ENOENT (No such file or directory)
12-31 16:00:11.348   397   397 E LockSettingsStorage: Cannot read file java.io.FileNotFoundException: /data/system/gatekeeper.gesture.key: open failed: ENOENT (No such file or directory)
12-31 16:00:11.348   397   397 E LockSettingsStorage: Cannot read file java.io.FileNotFoundException: /data/system/gesture.key: open failed: ENOENT (No such file or directory)
12-31 16:00:11.348   397   397 I SystemServiceManager: Starting phase 480
12-31 16:00:11.352   397   397 I DevicePolicyManagerService: Set ro.device_owner property to false
12-31 16:00:11.355   397   397 I SystemServiceManager: Starting phase 500
12-31 16:00:11.363   397   397 D ConnectivityService: listenForNetwork for uid/pid:1000/397 NetworkRequest [ LISTEN id=3, [] ]
12-31 16:00:11.369   397   397 I WifiService: WifiService starting up with Wi-Fi disabled
12-31 16:00:11.402   397   531 D ConnectivityService: Got NetworkFactory Messenger for Ethernet
12-31 16:00:11.403   397   531 D ConnectivityService: NetworkFactory connected
12-31 16:00:11.411   397   397 D ZenLog  : config: cleanUpZenRules,ZenModeConfig[user=0,allowCalls=true,allowRepeatCallers=false,allowMessages=false,allowCallsFrom=contacts,allowMessagesFrom=contacts,allowReminders=true,allowEvents=true,allowWhenScreenOff=true,allowWhenScreenOn=true,automaticRules={00fd66f7ce6049bbaa6e7d6eb162c951=ZenRule[enabled=false,snoozing=false,name=Event,zenMode=ZEN_MODE_ALARMS,conditionId=condition://android/event?userId=-10000&calendar=&reply=1,condition=Condition[id=condition://android/event?userId=-10000&calendar=&reply=1,summary=...,line1=...,line2=...,icon=0,state=STATE_FALSE,flags=2],component=ComponentInfo{android/com.android.server.notification.EventConditionProvider},id=00fd66f7ce6049bbaa6e7d6eb162c951,creationTime=112244,enabler=null], 2ed7413885e842148a554426b40fb8b8=ZenRule[enabled=false,snoozing=false,name=Weeknight,zenMode=ZEN_MODE_ALARMS,conditionId=condition://android/schedule?days=1.2.3.4.5&start=22.0&end=7.0&exitAtAlarm=false,condition=Condition[id=condition://android/schedule?days=1.2.3.4.5&start=22.0&end=7.0&exitAtAlarm=false,summary=...,line1=...,line2=...,icon=0,state=STATE_FALSE,flags=2],component=ComponentInfo{android/com.android.server.notification.ScheduleConditionProvider},id=2ed7413885e842148a554426b40fb8b8,creationTime=112243,enabler=null], 598b12f6ea484eb687272fae86cedb68=ZenRule[enabled=false,snoozing=false,name=Weekend,zenMode=ZEN_MODE_ALARMS,conditionId=condition://android/schedule?days=6.7&start=23.30&end=10.0&exitAtAlarm=false,condition=Condition[id=condition://android/schedule?days=6.7&start=23.30&end=10.0&exitAtAlarm=false,summary=...,line1=...,line2=...,icon=0,state=STATE_FALSE,flags=2],component=ComponentInfo{android/com.android.server.notification.ScheduleConditionProvider},id=598b12f6ea484eb687272fae86cedb68,creationTime=112243,enabler=null]},manualRule=ZenRule[enabled=true,snoozing=false,name=null,zenMode=ZEN_MODE_ALARMS,conditionId=null,condition=null,component=null,id=null,creationTime=0,enabler=com.rockchips.android.leanbacklauncher]],Diff[manualRule.enabler:com.rockchips.android.leanbacklauncher->com.rockchips.android.leanbacklauncher]
12-31 16:00:11.415   397   397 D ZenLog  : set_zen_mode: alarms,onSystemReady
12-31 16:00:11.418   397   397 W SoundTriggerHelper: listModules status=0, # of modules=0
12-31 16:00:11.452   397   397 V UserManagerService: Found /data/user_de/0 with serial number 0
12-31 16:00:11.452   397   397 V UserManagerService: Found /data/user/0 with serial number 0
12-31 16:00:11.452   397   397 V UserManagerService: Found /data/system_de/0 with serial number 0
12-31 16:00:11.452   397   493 W KeyguardServiceDelegate: onScreenTurningOn(): no keyguard service!
12-31 16:00:11.453   397   397 V UserManagerService: Found /data/system_ce/0 with serial number 0
12-31 16:00:11.458   397   397 D ActivityManager: OK, system ready!
12-31 16:00:11.458   397   397 I ActivityManager: System now ready
12-31 16:00:11.471   397   484 I SystemServer: Making services ready
12-31 16:00:11.471   397   484 I SystemServiceManager: Starting phase 550
12-31 16:00:11.473   397   484 W ActivityManager: Unable to start service Intent { act=com.android.ITelecomService cmp=com.android.server.telecom/.components.TelecomService } U=0: not found
12-31 16:00:11.477   397   397 W VoiceInteractionManagerService: no available voice interaction services found for user 0
12-31 16:00:11.478   397   397 W VoiceInteractionManagerService: no available voice recognition services found for user 0
12-31 16:00:11.492   397   397 I ActivityManager: Start proc 555:com.android.systemui/u0a14 for added application com.android.systemui
12-31 16:00:11.493   397   397 I ActivityManager: START u0 {act=android.intent.action.MAIN cat=[android.intent.category.HOME] flg=0x10000100 cmp=com.android.tv.settings/.system.FallbackHome} from uid 0 on display 0
12-31 16:00:11.502   397   397 I ActivityManager: Loaded persisted task ids for user 0
12-31 16:00:11.516   397   397 I ActivityManager: Start proc 569:com.android.tv.settings/1000 for activity com.android.tv.settings/.system.FallbackHome
12-31 16:00:11.520   397   397 I SystemServer: Enabled StrictMode for system server main thread.
12-31 16:00:11.527   397   397 D ConditionProviders.SCP: onConnected
12-31 16:00:11.528   397   397 D ZenLog  : set_zen_mode: alarms,readXml
12-31 16:00:11.529   397   397 D ConditionProviders: Subscribing to condition://android/event?userId=-10000&calendar=&reply=1 with ComponentInfo{android/com.android.server.notification.EventConditionProvider}
12-31 16:00:11.529   397   397 D ZenLog  : subscribe: condition://android/event?userId=-10000&calendar=&reply=1,ok
12-31 16:00:11.529   397   397 D ConditionProviders: Subscribing to condition://android/schedule?days=1.2.3.4.5&start=22.0&end=7.0&exitAtAlarm=false with ComponentInfo{android/com.android.server.notification.ScheduleConditionProvider}
12-31 16:00:11.530   397   397 D ZenLog  : subscribe: condition://android/schedule?days=1.2.3.4.5&start=22.0&end=7.0&exitAtAlarm=false,ok
12-31 16:00:11.530   397   397 D ConditionProviders: Subscribing to condition://android/schedule?days=6.7&start=23.30&end=10.0&exitAtAlarm=false with ComponentInfo{android/com.android.server.notification.ScheduleConditionProvider}
12-31 16:00:11.530   397   397 D ZenLog  : subscribe: condition://android/schedule?days=6.7&start=23.30&end=10.0&exitAtAlarm=false,ok
12-31 16:00:11.739   397   547 W HdmiCecController: Failed to send <Report Physical Address> src: 4, dst: 15, params: FF FF 04
12-31 16:00:11.739   397   547 W HdmiCecController: Failed to send <Device Vendor Id> src: 4, dst: 15, params: 00 00 01
12-31 16:00:11.813   397   397 D ZenLog  : set_zen_mode: alarms,cleanUpZenRules
12-31 16:00:11.818   397   484 D BluetoothManagerService: Bluetooth boot completed
12-31 16:00:11.819   397   484 E InputMethodManagerService: Ignoring updateSystemUiLocked due to an invalid token. uid:1000 token:null
12-31 16:00:11.819   397   484 I InputMethodManagerService: All the enabled IMEs are gone. Reset default enabled IMEs.
12-31 16:00:11.819   397   484 W InputMethodUtils: Found no fallback locale. imis=[]
12-31 16:00:11.819   397   484 W InputMethodUtils: No software keyboard is found. imis=[] systemLocale=en_US fallbackLocale=null
12-31 16:00:11.820   397   519 D MountService: Thinking about init, mSystemReady=true, mDaemonConnected=true
12-31 16:00:11.820   397   519 D MountService: Setting up emulation state, initlocked=false
12-31 16:00:11.820   397   484 W TextServicesManagerService: no available spell checker services found
12-31 16:00:11.820   397   519 D CryptdConnector: SND -> {2 cryptfs unlock_user_key 0 0 ! !}
12-31 16:00:11.821   153   161 D vold    : e4crypt_unlock_user_key 0 serial=0 token_present=0
12-31 16:00:11.822   397   521 D CryptdConnector: RCV <- {200 2 Command succeeded}
12-31 16:00:11.823   397   519 D MountService: Thinking about reset, mSystemReady=true, mDaemonConnected=true
12-31 16:00:11.823   397   519 D VoldConnector: SND -> {3 volume reset}
12-31 16:00:11.824   397   520 D VoldConnector: RCV <- {651 emulated 7}
12-31 16:00:11.824   397   520 D VoldConnector: RCV <- {659 emulated}
12-31 16:00:11.825   397   520 D VoldConnector: RCV <- {650 emulated 2 "" ""}
12-31 16:00:11.825   397   520 D VoldConnector: RCV <- {651 emulated 0}
12-31 16:00:11.825   397   520 D VoldConnector: RCV <- {200 3 Command succeeded}
12-31 16:00:11.828   397   489 V MountService: Found primary storage at VolumeInfo{emulated}:
12-31 16:00:11.828   397   489 V MountService:     type=EMULATED diskId=null partGuid=null mountFlags=0 mountUserId=-1 
12-31 16:00:11.828   397   489 V MountService:     state=UNMOUNTED 
12-31 16:00:11.828   397   489 V MountService:     fsType=null fsUuid=null fsLabel=null 
12-31 16:00:11.828   397   489 V MountService:     path=null internalPath=null 
12-31 16:00:11.831   397   519 D VoldConnector: SND -> {4 volume user_added 0 0}
12-31 16:00:11.831   397   538 D BluetoothManagerService: Trying to bind to profile: 1, while Bluetooth was disabled
12-31 16:00:11.831   397   520 D VoldConnector: RCV <- {200 4 Command succeeded}
12-31 16:00:11.833   397   484 D UsbAlsaManager: Adding ALSA device AlsaDevice: [card: 0, device: 0, type: 1]
12-31 16:00:11.833   397   484 D UsbAlsaManager: Adding ALSA device AlsaDevice: [card: 1, device: 0, type: 1]
12-31 16:00:11.836   397   484 I SystemServer: WebViewFactory preparation
12-31 16:00:11.839   397   519 D VoldConnector: SND -> {5 volume mount emulated 3 -1}
12-31 16:00:11.841   153   160 V vold    : Waiting for FUSE to spin up...
12-31 16:00:11.841   397   520 D VoldConnector: RCV <- {651 emulated 1}
12-31 16:00:11.842   397   520 D VoldConnector: RCV <- {656 emulated /data/media}
12-31 16:00:11.842   397   520 D VoldConnector: RCV <- {655 emulated /storage/emulated}
12-31 16:00:11.850   397   593 D UsbHostManager: Added device UsbDevice[mName=/dev/bus/usb/003/003,mVendorId=3034,mProductId=51232,mClass=239,mSubclass=2,mProtocol=1,mManufacturerName=Realtek,mProductName=802.11ac NIC,mVersion=2.0,mSerialNumber=123456,mConfigurations=[
12-31 16:00:11.850   397   593 D UsbHostManager: UsbConfiguration[mId=1,mName=null,mAttributes=160,mMaxPower=250,mInterfaces=[
12-31 16:00:11.850   397   593 D UsbHostManager: UsbInterface[mId=0,mAlternateSetting=0,mName=Bluetooth Radio,mClass=224,mSubclass=1,mProtocol=1,mEndpoints=[
12-31 16:00:11.850   397   593 D UsbHostManager: UsbEndpoint[mAddress=129,mAttributes=3,mMaxPacketSize=16,mInterval=4]
12-31 16:00:11.850   397   593 D UsbHostManager: UsbEndpoint[mAddress=2,mAttributes=2,mMaxPacketSize=512,mInterval=0]
12-31 16:00:11.850   397   593 D UsbHostManager: UsbEndpoint[mAddress=130,mAttributes=2,mMaxPacketSize=512,mInterval=0]]
12-31 16:00:11.850   397   593 D UsbHostManager: UsbInterface[mId=1,mAlternateSetting=0,mName=Bluetooth Radio,mClass=224,mSubclass=1,mProtocol=1,mEndpoints=[
12-31 16:00:11.850   397   593 D UsbHostManager: UsbEndpoint[mAddress=3,mAttributes=1,mMaxPacketSize=0,mInterval=4]
12-31 16:00:11.850   397   593 D UsbHostManager: UsbEndpoint[mAddress=131,mAttributes=1,mMaxPacketSize=0,mInterval=4]]
12-31 16:00:11.850   397   593 D UsbHostManager: UsbInterface[mId=1,mAlternateSetting=1,mName=Bluetooth Radio,mClass=224,mSubclass=1,mProtocol=1,mEndpoints=[
12-31 16:00:11.850   397   593 D UsbHostManager: UsbEndpoint[mAddress=3,mAttributes=1,mMaxPacketSize=9,mInterval=4]
12-31 16:00:11.850   397   593 D UsbHostManager: UsbEndpoint[mAddress=131,mAttributes=1,mMaxPacketSize=9,mInterval=4]]
12-31 16:00:11.850   397   593 D UsbHostManager: UsbInterface[mId=1,mAlternateSetting=2,mName=Bluetooth Radio,mClass=224,mSubclass=1,mProtocol=1,mEndpoints=[
12-31 16:00:11.850   397   593 D UsbHostManager: UsbEndpoint[mAddress=3,mAttributes=1,mMaxPacketSize=17,mInterval=4]
12-31 16:00:11.850   397   593 D UsbHostManager: UsbEndpoint[mAddress=131,mAttributes=1,mMaxPacketSize=17,mInterval=4]]
12-31 16:00:11.850   397   593 D UsbHostManager: UsbInterface[mId=1,mAlternateSetting=3,mName=Bluetooth Radio,mClass=224,mSubclass=1,mProtocol=1,mEndpoints=[
12-31 16:00:11.850   397   593 D UsbHostManager: UsbEndpoint[mAddress=3,mAttributes=1,mMaxPacketSize=25,mInterval=4]
