08-31 17:00:38.917   975  1269 I native  : Registering the position of 171430987 at 119.48,-0.28,177.48,25.41 at time 61920966491
08-31 17:00:39.169   975  1268 I native  : Registering the position of 158756392 at 119.80,-0.28,177.16,25.41
08-31 17:00:39.169   975  1268 I native  : Registering the position of 158756392 at 119.80,-0.28,177.16,25.41 at time 62196121061
08-31 17:00:39.490   975  1269 I native  : Registering the position of 132990785 at 119.80,-0.28,177.16,25.41
08-31 17:00:39.490   975  1269 I native  : Registering the position of 132990785 at 119.80,-0.28,177.16,25.41 at time 62453402586
08-31 17:00:39.611   975  1268 I native  : Registering the position of 151213286 at 119.48,-0.16,177.48,25.53
08-31 17:00:39.611   975  1268 I native  : Registering the position of 151213286 at 119.48,-0.16,177.48,25.53 at time 62692875236
08-31 17:00:39.985   975  1269 I native  : Registering the position of 170748455 at 119.48,-0.04,177.48,25.65
08-31 17:00:39.985   975  1269 I native  : Registering the position of 170748455 at 119.48,-0.04,177.48,25.65 at time 62943077719
08-31 17:00:40.207   975  1268 I native  : Registering the position of 215499988 at 119.48,-0.37,177.48,25.03
08-31 17:00:40.207   975  1268 I native  : Registering the position of 215499988 at 119.48,-0.37,177.48,25.03 at time 63189566994
08-31 17:00:40.380   975  1269 I native  : Registering the position of 218502781 at 119.48,-0.16,177.48,25.53
08-31 17:00:40.380   975  1269 I native  : Registering the position of 218502781 at 119.48,-0.16,177.48,25.53 at time 63444227311
08-31 17:00:40.719   975  1268 I native  : Registering the position of 136305010 at 119.80,-0.16,177.16,25.53
08-31 17:00:40.720   975  1268 I native  : Registering the position of 136305010 at 119.80,-0.16,177.16,25.53 at time 63691434669
08-31 17:00:40.897   975  1269 I native  : Registering the position of 167543235 at 119.48,-0.16,177.48,25.53
08-31 17:00:40.897   975  1269 I native  : Registering the position of 167543235 at 119.48,-0.16,177.48,25.53 at time 63938778819
08-31 17:00:41.217   975  1268 I native  : Registering the position of 266263104 at 119.80,-0.16,177.16,25.53
08-31 17:00:41.218   975  1268 I native  : Registering the position of 266263104 at 119.80,-0.16,177.16,25.53 at time 64194047553
08-31 17:00:41.441   975  1269 I native  : Registering the position of 98737529 at 119.48,-0.16,177.48,25.53
08-31 17:00:41.441   975  1269 I native  : Registering the position of 98737529 at 119.48,-0.16,177.48,25.53 at time 64439184661
08-31 17:00:41.709   975  1268 I native  : Registering the position of 34478782 at 119.48,-0.28,177.48,25.41
08-31 17:00:41.709   975  1268 I native  : Registering the position of 34478782 at 119.48,-0.28,177.48,25.41 at time 64692514395
08-31 17:00:41.917   975  1269 I native  : Registering the position of 152794911 at 119.48,-0.16,177.48,25.53
08-31 17:00:41.917   975  1269 I native  : Registering the position of 152794911 at 119.48,-0.16,177.48,25.53 at time 64943060170
08-31 17:00:42.108   975  1268 I native  : Registering the position of 267868780 at 119.80,-0.16,177.16,25.53
08-31 17:00:42.109   975  1268 I native  : Registering the position of 267868780 at 119.80,-0.16,177.16,25.53 at time 65184268819
08-31 17:00:42.452   975  1269 I native  : Registering the position of 90609717 at 119.48,-0.04,177.48,25.65
08-31 17:00:42.452   975  1269 I native  : Registering the position of 90609717 at 119.48,-0.04,177.48,25.65 at time 65449166637
08-31 17:00:42.609   975  1268 I native  : Registering the position of 218965194 at 119.80,-0.16,177.16,25.53
08-31 17:00:42.610   975  1268 I native  : Registering the position of 218965194 at 119.80,-0.16,177.16,25.53 at time 65680516369
08-31 17:00:42.873   975  1269 I native  : Registering the position of 235562555 at 119.80,-0.18,177.16,25.79
08-31 17:00:42.873   975  1269 I native  : Registering the position of 235562555 at 119.80,-0.18,177.16,25.79 at time 65934895520
08-31 17:00:43.232   975  1268 I native  : Registering the position of 37073240 at 119.80,-0.16,177.16,25.53
08-31 17:00:43.232   975  1268 I native  : Registering the position of 37073240 at 119.80,-0.16,177.16,25.53 at time 66182084794
08-31 17:00:43.438   975  1269 I native  : Registering the position of 250970801 at 119.48,-0.16,177.48,25.53
08-31 17:00:43.438   975  1269 I native  : Registering the position of 250970801 at 119.48,-0.16,177.48,25.53 at time 66429229153
08-31 17:00:43.667   975  1268 I native  : Registering the position of 37798806 at 119.80,-0.16,177.16,25.53
08-31 17:00:43.668   975  1268 I native  : Registering the position of 37798806 at 119.80,-0.16,177.16,25.53 at time 66687127845
08-31 17:00:43.908   975  1269 I native  : Registering the position of 221195031 at 119.80,-0.16,177.16,25.53
08-31 17:00:43.909   975  1269 I native  : Registering the position of 221195031 at 119.80,-0.16,177.16,25.53 at time 66928044536
08-31 17:00:44.160   975  1268 I native  : Registering the position of 117476100 at 119.80,-0.04,177.16,25.65
08-31 17:00:44.160   975  1268 I native  : Registering the position of 117476100 at 119.80,-0.04,177.16,25.65 at time 67176975936
08-31 17:00:44.402   975  1269 I native  : Registering the position of 246323437 at 119.80,-0.16,177.16,25.53
08-31 17:00:44.404   975  1269 I native  : Registering the position of 246323437 at 119.80,-0.16,177.16,25.53 at time 67424631003
08-31 17:00:44.600   975  1268 I native  : Registering the position of 121471778 at 119.80,-0.28,177.16,25.41
08-31 17:00:44.600   975  1268 I native  : Registering the position of 121471778 at 119.80,-0.28,177.16,25.41 at time 67678308695
08-31 17:00:44.905   975  1269 I native  : Registering the position of 24207795 at 119.48,-0.28,177.48,25.41
08-31 17:00:44.906   975  1269 I native  : Registering the position of 24207795 at 119.48,-0.28,177.48,25.41 at time 67924480928
08-31 17:00:45.136   975  1268 I native  : Registering the position of 209539952 at 119.80,-0.28,177.16,25.41
08-31 17:00:45.136   975  1268 I native  : Registering the position of 209539952 at 119.80,-0.28,177.16,25.41 at time 68174109703
08-31 17:00:45.338   975  1269 I native  : Registering the position of 157865705 at 119.80,-0.28,177.16,25.41
08-31 17:00:45.338   975  1269 I native  : Registering the position of 157865705 at 119.80,-0.28,177.16,25.41 at time 68425079853
08-31 17:00:45.593   975  1268 I native  : Registering the position of 72658798 at 119.80,-0.16,177.16,25.53
08-31 17:00:45.594   975  1268 I native  : Registering the position of 72658798 at 119.80,-0.16,177.16,25.53 at time 68674345211
08-31 17:00:45.794   975  1269 I native  : Registering the position of 43410959 at 119.80,-0.16,177.16,25.53
08-31 17:00:45.794   975  1269 I native  : Registering the position of 43410959 at 119.80,-0.16,177.16,25.53 at time 68890780567
08-31 17:00:46.093   975  1268 I native  : Registering the position of 196884124 at 119.80,-0.04,177.16,25.65
08-31 17:00:46.093   975  1268 I native  : Registering the position of 196884124 at 119.80,-0.04,177.16,25.65 at time 69128433507
08-31 17:00:46.251   975  1269 I native  : Registering the position of 7272613 at 119.48,-0.16,177.48,25.53
08-31 17:00:46.252   975  1269 I native  : Registering the position of 7272613 at 119.48,-0.16,177.48,25.53 at time 69336059945
08-31 17:00:46.588   975  1268 I native  : Registering the position of 60839034 at 120.12,-0.16,177.48,25.53
08-31 17:00:46.588   975  1268 I native  : Registering the position of 60839034 at 120.12,-0.16,177.48,25.53 at time 69569845676
08-31 17:00:46.748   975  1269 I native  : Registering the position of 90002475 at 119.80,-0.16,177.16,25.53
08-31 17:00:46.749   975  1269 I native  : Registering the position of 90002475 at 119.80,-0.16,177.16,25.53 at time 69773822197
08-31 17:00:47.108   975  1268 I native  : Registering the position of 212082824 at 119.48,-0.16,177.48,25.53
08-31 17:00:47.108   975  1268 I native  : Registering the position of 212082824 at 119.48,-0.16,177.48,25.53 at time 70061154142
08-31 17:00:47.268   975  1269 I native  : Registering the position of 83589665 at 119.80,-0.16,177.16,25.53
08-31 17:00:47.269   975  1269 I native  : Registering the position of 83589665 at 119.80,-0.16,177.16,25.53 at time 70296159624
08-31 17:00:47.533   975  1268 I native  : Registering the position of 80690758 at 119.48,-0.04,177.48,25.65
08-31 17:00:47.533   975  1268 I native  : Registering the position of 80690758 at 119.48,-0.04,177.48,25.65 at time 70557616942
08-31 17:00:47.689   975  1269 I native  : Registering the position of 22743047 at 119.80,-0.16,177.16,25.53
08-31 17:00:47.689   975  1269 I native  : Registering the position of 22743047 at 119.80,-0.16,177.16,25.53 at time 70793862299
08-31 17:00:47.940   975  1268 I native  : Registering the position of 211729716 at 119.80,-0.16,177.16,25.53
08-31 17:00:47.940   975  1268 I native  : Registering the position of 211729716 at 119.80,-0.16,177.16,25.53 at time 70998121445
08-31 17:00:48.249   975  1269 I native  : Registering the position of 125081437 at 119.80,-0.04,177.16,25.65
08-31 17:00:48.250   975  1269 I native  : Registering the position of 125081437 at 119.80,-0.04,177.16,25.65 at time 71206970258
08-31 17:00:48.387   975  1268 I native  : Registering the position of 28375250 at 119.80,-0.04,177.16,25.65
08-31 17:00:48.387   975  1268 I native  : Registering the position of 28375250 at 119.80,-0.04,177.16,25.65 at time 71435656489
08-31 17:00:48.692   975  1269 I native  : Registering the position of 144055715 at 119.80,-0.16,177.80,25.53
08-31 17:00:48.692   975  1269 I native  : Registering the position of 144055715 at 119.80,-0.16,177.80,25.53 at time 71712269975
08-31 17:00:48.897   975  1268 I native  : Registering the position of 67401888 at 119.48,-0.04,177.48,25.65
08-31 17:00:48.899   975  1268 I native  : Registering the position of 67401888 at 119.48,-0.04,177.48,25.65 at time 71955357833
08-31 17:00:49.133   975  1269 I native  : Registering the position of 241716313 at 119.48,-0.16,177.48,25.53
08-31 17:00:49.133   975  1269 I native  : Registering the position of 241716313 at 119.48,-0.16,177.48,25.53 at time 72207830067
08-31 17:00:49.440   975  1268 I native  : Registering the position of 260165662 at 119.80,-0.28,177.16,25.41
08-31 17:00:49.440   975  1268 I native  : Registering the position of 260165662 at 119.80,-0.28,177.16,25.41 at time 72457301050
08-31 17:00:49.714   975  1269 I native  : Registering the position of 216199423 at 119.80,-0.16,177.16,25.53
08-31 17:00:49.714   975  1269 I native  : Registering the position of 216199423 at 119.80,-0.16,177.16,25.53 at time 72703742200
08-31 17:00:49.796   975  1268 I native  : Registering the position of 105414348 at 119.80,-0.16,177.16,25.53
08-31 17:00:49.797   975  1268 I native  : Registering the position of 105414348 at 119.80,-0.16,177.16,25.53 at time 72916117846
08-31 17:00:50.138   975  1269 I native  : Registering the position of 21517589 at 119.48,-0.16,177.48,25.53
08-31 17:00:50.138   975  1269 I native  : Registering the position of 21517589 at 119.48,-0.16,177.48,25.53 at time 73180173914
08-31 17:00:50.346   975  1268 I native  : Registering the position of 150392874 at 105.87,-0.08,164.51,24.50
08-31 17:00:50.347   975  1268 I native  : Registering the position of 150392874 at 105.87,-0.08,164.51,24.50 at time 73410556771
08-31 17:00:50.349   975  1268 I native  : Registering the position of 251633179 at 82.54,113.60,132.74,129.18
08-31 17:00:50.350   975  1268 I native  : Registering the position of 251633179 at 82.54,113.60,132.74,129.18 at time 73410556771
08-31 17:00:50.627   975  1269 I native  : Registering the position of 149207992 at 106.19,0.04,162.91,24.62
08-31 17:00:50.631   975  1269 I native  : Registering the position of 149207992 at 106.19,0.04,162.91,24.62 at time 73630119376
08-31 17:00:51.780   975  1268 I native  : Registering the position of 48639377 at 51.46,38.28,100.56,53.53
08-31 17:00:51.780   975  1268 I native  : Registering the position of 48639377 at 51.46,38.28,100.56,53.53 at time 74901025504
08-31 17:00:52.145   975  1269 I native  : Registering the position of 218744054 at 50.55,38.28,100.20,53.53
08-31 17:00:52.147   975  1269 I native  : Registering the position of 218744054 at 50.55,38.28,100.20,53.53 at time 75200153034
08-31 17:00:54.343   975  1268 I native  : Registering the position of 57671927 at 93.43,1.11,145.90,27.37
08-31 17:00:54.344   975  1268 I native  : Registering the position of 57671927 at 93.43,1.11,145.90,27.37 at time 77445001634
08-31 17:00:55.659   975  1268 I native  : Registering the position of 218487652 at 62.96,22.17,109.92,38.11
08-31 17:00:55.660   975  1268 I native  : Registering the position of 218487652 at 62.96,22.17,109.92,38.11 at time 78772907018
08-31 17:01:02.299   975  1268 I native  : Registering the position of 128913869 at 134.29,2.56,191.65,32.24
08-31 17:01:02.300   975  1268 I native  : Registering the position of 128913869 at 134.29,2.56,191.65,32.24 at time 85409088226
08-31 17:01:02.853   975  1268 I native  : Registering the position of 243612290 at 103.01,1.34,159.73,29.41
08-31 17:01:02.853   975  1268 I native  : Registering the position of 243612290 at 103.01,1.34,159.73,29.41 at time 85834644519
08-31 17:01:02.857   975  1268 I native  : Registering the position of 152679827 at 93.57,128.42,143.21,148.32
08-31 17:01:02.858   975  1268 I native  : Registering the position of 152679827 at 93.57,128.42,143.21,148.32 at time 85834644519
08-31 17:01:03.023   975  1269 I native  : Registering the position of 133646800 at 105.23,0.04,161.32,24.62
08-31 17:01:03.024   975  1269 I native  : Registering the position of 133646800 at 105.23,0.04,161.32,24.62 at time 86040651331
08-31 17:01:03.386   975  1268 I native  : Registering the position of 61341129 at 109.31,0.08,162.97,25.77
08-31 17:01:03.386   975  1268 I native  : Registering the position of 61341129 at 109.31,0.08,162.97,25.77 at time 86338069695
08-31 17:01:03.881   975  1268 I native  : Registering the position of 5274830 at 99.26,-0.54,155.99,23.76
08-31 17:01:03.881   975  1268 I native  : Registering the position of 5274830 at 99.26,-0.54,155.99,23.76 at time 86872776415
08-31 17:01:04.024   975  1269 I native  : Registering the position of 228595695 at 98.63,-0.59,156.62,22.14
08-31 17:01:04.024   975  1269 I native  : Registering the position of 228595695 at 98.63,-0.59,156.62,22.14 at time 87078520436
08-31 17:01:04.883   975  1268 I native  : Registering the position of 105853692 at 92.88,0.00,148.36,25.13
08-31 17:01:04.889   975  1268 I native  : Registering the position of 105853692 at 92.88,0.00,148.36,25.13 at time 87830122761
08-31 17:01:05.031   975  1269 I native  : Registering the position of 204057989 at 96.66,0.18,150.32,26.15
08-31 17:01:05.031   975  1269 I native  : Registering the position of 204057989 at 96.66,0.18,150.32,26.15 at time 88080520953
08-31 17:01:05.373   975  1268 I native  : Registering the position of 175871962 at 94.48,-0.20,150.58,24.38
08-31 17:01:05.374   975  1268 I native  : Registering the position of 175871962 at 94.48,-0.20,150.58,24.38 at time 88374099233
08-31 17:01:06.212   975  1268 I native  : Registering the position of 192955403 at 104.78,20.60,156.68,47.45
08-31 17:01:06.212   975  1268 I native  : Registering the position of 192955403 at 104.78,20.60,156.68,47.45 at time 89322152494
08-31 17:01:06.750   975  1268 I native  : Registering the position of 98206440 at 85.54,7.99,138.02,38.68
08-31 17:01:06.751   975  1268 I native  : Registering the position of 98206440 at 85.54,7.99,138.02,38.68 at time 89778042124
08-31 17:01:07.271   975  1268 I native  : Registering the position of 157064449 at 116.56,13.12,170.22,41.20
08-31 17:01:07.271   975  1268 I native  : Registering the position of 157064449 at 116.56,13.12,170.22,41.20 at time 90283700883
08-31 17:01:07.503   975  1269 I native  : Registering the position of 67852198 at 119.11,18.91,172.76,46.99
08-31 17:01:07.503   975  1269 I native  : Registering the position of 67852198 at 119.11,18.91,172.76,46.99 at time 90532883116
08-31 17:01:07.749   975  1268 I native  : Registering the position of 233641447 at 118.81,18.67,173.06,46.75
08-31 17:01:07.750   975  1268 I native  : Registering the position of 233641447 at 118.81,18.67,173.06,46.75 at time 90746117721
08-31 17:01:07.975   975  1269 I native  : Registering the position of 38331796 at 118.81,18.55,173.06,46.63
08-31 17:01:07.975   975  1269 I native  : Registering the position of 38331796 at 118.81,18.55,173.06,46.63 at time 90985639662
08-31 17:01:08.176   975  1268 I native  : Registering the position of 58001469 at 118.81,18.71,173.06,46.47
08-31 17:01:08.177   975  1268 I native  : Registering the position of 58001469 at 118.81,18.71,173.06,46.47 at time 91234125103
08-31 17:01:08.456   975  1269 I native  : Registering the position of 226838578 at 118.81,18.71,173.06,46.47
08-31 17:01:08.456   975  1269 I native  : Registering the position of 226838578 at 118.81,18.71,173.06,46.47 at time 91481554711
08-31 17:01:08.682   975  1268 I native  : Registering the position of 107686275 at 118.81,18.43,173.06,46.51
08-31 17:01:08.683   975  1268 I native  : Registering the position of 107686275 at 118.81,18.43,173.06,46.51 at time 91734660737
08-31 17:01:08.935   975  1269 I native  : Registering the position of 10012416 at 118.79,18.43,172.45,46.51
08-31 17:01:08.935   975  1269 I native  : Registering the position of 10012416 at 118.79,18.43,172.45,46.51 at time 91950197467
08-31 17:01:09.160   975  1268 I native  : Registering the position of 128903993 at 118.81,18.43,173.06,46.51
08-31 17:01:09.160   975  1268 I native  : Registering the position of 128903993 at 118.81,18.43,173.06,46.51 at time 92201775742
08-31 17:01:09.276   975   990 W art     : Suspending all threads took: 5.699ms
08-31 17:01:09.411   975  1269 I native  : Registering the position of 138130814 at 118.81,18.43,173.06,46.51
08-31 17:01:09.411   975  1269 I native  : Registering the position of 138130814 at 118.81,18.43,173.06,46.51 at time 92437906474
08-31 17:01:09.639   975  1268 I native  : Registering the position of 2939615 at 118.49,18.59,172.74,46.35
08-31 17:01:09.639   975  1268 I native  : Registering the position of 2939615 at 118.49,18.59,172.74,46.35 at time 92684360457
08-31 17:01:09.869   975  1269 I native  : Registering the position of 88298284 at 118.49,18.31,172.74,46.39
08-31 17:01:09.870   975  1269 I native  : Registering the position of 88298284 at 118.49,18.31,172.74,46.39 at time 92902773896
08-31 17:01:10.158   975  1268 I native  : Registering the position of 17433077 at 119.11,18.43,172.76,46.51
08-31 17:01:10.158   975  1268 I native  : Registering the position of 17433077 at 119.11,18.43,172.76,46.51 at time 93142939253
08-31 17:01:10.399   975  1269 I native  : Registering the position of 106539914 at 118.49,18.43,172.74,46.51
08-31 17:01:10.399   975  1269 I native  : Registering the position of 106539914 at 118.49,18.43,172.74,46.51 at time 93392850070
08-31 17:01:10.618   975  1268 I native  : Registering the position of 221136379 at 118.49,18.43,172.74,46.51
08-31 17:01:10.619   975  1268 I native  : Registering the position of 221136379 at 118.49,18.43,172.74,46.51 at time 93641158178
08-31 17:01:10.865   975  1269 I native  : Registering the position of 19428888 at 118.49,18.43,172.74,46.51
08-31 17:01:10.867   975  1269 I native  : Registering the position of 19428888 at 118.49,18.43,172.74,46.51 at time 93850902699
08-31 17:01:11.071   975  1268 I native  : Registering the position of 12961905 at 118.79,18.31,172.45,46.39
08-31 17:01:11.071   975  1268 I native  : Registering the position of 12961905 at 118.79,18.31,172.45,46.39 at time 94097313516
08-31 17:01:11.321   975  1269 I native  : Registering the position of 263124566 at 118.79,18.43,172.45,46.51
08-31 17:01:11.322   975  1269 I native  : Registering the position of 263124566 at 118.79,18.43,172.45,46.51 at time 94348628708
08-31 17:01:11.591   975  1268 I native  : Registering the position of 152127191 at 118.49,18.31,172.74,46.39
08-31 17:01:11.591   975  1268 I native  : Registering the position of 152127191 at 118.49,18.31,172.74,46.39 at time 94564174188
08-31 17:01:11.696   975  1269 I native  : Registering the position of 20634564 at 118.49,18.59,172.74,46.35
08-31 17:01:11.697   975  1269 I native  : Registering the position of 20634564 at 118.49,18.59,172.74,46.35 at time 94809137462
08-31 17:01:12.052   975  1268 I native  : Registering the position of 43874989 at 118.49,18.31,172.74,46.39
08-31 17:01:12.053   975  1268 I native  : Registering the position of 43874989 at 118.49,18.31,172.74,46.39 at time 95039884902
08-31 17:01:12.163   975  1269 I native  : Registering the position of 121381346 at 118.49,18.31,172.74,46.39
08-31 17:01:12.163   975  1269 I native  : Registering the position of 121381346 at 118.49,18.31,172.74,46.39 at time 95263259008
08-31 17:01:12.413   975  1268 I native  : Registering the position of 230259059 at 118.49,18.31,172.74,46.39
08-31 17:01:12.413   975  1268 I native  : Registering the position of 230259059 at 118.49,18.31,172.74,46.39 at time 95516650283
08-31 17:01:12.740   975  1269 I native  : Registering the position of 216789040 at 118.49,18.31,172.74,46.39
08-31 17:01:12.741   975  1269 I native  : Registering the position of 216789040 at 118.49,18.31,172.74,46.39 at time 95765188225
08-31 17:01:12.946   975  1268 I native  : Registering the position of 147068073 at 118.49,18.43,172.74,46.51
08-31 17:01:12.946   975  1268 I native  : Registering the position of 147068073 at 118.49,18.43,172.74,46.51 at time 95973322746
08-31 17:01:13.193   975  1269 I native  : Registering the position of 226392622 at 118.49,18.31,172.74,46.39
08-31 17:01:13.194   975  1269 I native  : Registering the position of 226392622 at 118.49,18.31,172.74,46.39 at time 96195470685
08-31 17:01:13.373   975  1268 I native  : Registering the position of 94910927 at 118.49,18.31,172.74,46.39
08-31 17:01:13.374   975  1268 I native  : Registering the position of 94910927 at 118.49,18.31,172.74,46.39 at time 96428209625
08-31 17:01:13.649   975  1269 I native  : Registering the position of 257417052 at 118.49,18.31,172.74,46.39
08-31 17:01:13.650   975  1269 I native  : Registering the position of 257417052 at 118.49,18.31,172.74,46.39 at time 96674182358
08-31 17:01:13.846   975  1268 I native  : Registering the position of 195056229 at 118.79,18.31,172.45,46.39
08-31 17:01:13.849   975  1268 I native  : Registering the position of 195056229 at 118.79,18.31,172.45,46.39 at time 96882372587
08-31 17:01:14.115   975  1269 I native  : Registering the position of 192678714 at 118.81,18.31,173.06,46.39
08-31 17:01:14.115   975  1269 I native  : Registering the position of 192678714 at 118.81,18.31,173.06,46.39 at time 97130986654
08-31 17:01:14.348   975  1268 I native  : Registering the position of 135832555 at 118.49,18.16,172.74,46.55
08-31 17:01:14.351   975  1268 I native  : Registering the position of 135832555 at 118.49,18.16,172.74,46.55 at time 97356485260
08-31 17:01:14.557   975  1269 I native  : Registering the position of 120689992 at 118.49,18.31,172.74,46.39
08-31 17:01:14.557   975  1269 I native  : Registering the position of 120689992 at 118.49,18.31,172.74,46.39 at time 97587994825
08-31 17:01:14.829   975  1268 I native  : Registering the position of 155758561 at 118.79,18.31,172.45,46.39
08-31 17:01:14.829   975  1268 I native  : Registering the position of 155758561 at 118.79,18.31,172.45,46.39 at time 97837554475
08-31 17:01:15.054   975  1269 I native  : Registering the position of 42967302 at 118.79,18.43,172.45,46.51
08-31 17:01:15.054   975  1269 I native  : Registering the position of 42967302 at 118.79,18.43,172.45,46.51 at time 98044846663
08-31 17:01:15.246   975  1268 I native  : Registering the position of 182162375 at 118.49,18.31,172.74,46.39
08-31 17:01:15.247   975  1268 I native  : Registering the position of 182162375 at 118.49,18.31,172.74,46.39 at time 98292785521
08-31 17:01:15.513   975  1269 I native  : Registering the position of 158252532 at 118.49,18.31,172.74,46.39
08-31 17:01:15.514   975  1269 I native  : Registering the position of 158252532 at 118.49,18.31,172.74,46.39 at time 98549197880
08-31 17:01:15.714   975  1268 I native  : Registering the position of 12544285 at 118.79,18.31,172.45,46.39
08-31 17:01:15.714   975  1268 I native  : Registering the position of 12544285 at 118.79,18.31,172.45,46.39 at time 98794518446
08-31 17:01:16.069   975  1269 I native  : Registering the position of 217368466 at 118.49,18.19,172.74,46.27
08-31 17:01:16.071   975  1269 I native  : Registering the position of 217368466 at 118.49,18.19,172.74,46.27 at time 99041253013
08-31 17:01:16.142   975  1268 I native  : Registering the position of 99853667 at 118.49,18.31,172.74,46.39
08-31 17:01:16.143   975  1268 I native  : Registering the position of 99853667 at 118.49,18.31,172.74,46.39 at time 99254181076
08-31 17:01:16.507   975  1269 I native  : Registering the position of 45335904 at 118.49,18.31,172.74,46.39
08-31 17:01:16.508   975  1269 I native  : Registering the position of 45335904 at 118.49,18.31,172.74,46.39 at time 99540253313
08-31 17:01:16.715   975  1268 I native  : Registering the position of 82737689 at 118.49,18.31,172.74,46.39
08-31 17:01:16.716   975  1268 I native  : Registering the position of 82737689 at 118.49,18.31,172.74,46.39 at time 99755377918
08-31 17:01:16.994   975  1269 I native  : Registering the position of 185846494 at 118.79,18.31,172.45,46.39
08-31 17:01:16.995   975  1269 I native  : Registering the position of 185846494 at 118.79,18.31,172.45,46.39 at time 100001522151
08-31 17:01:17.237   975  1268 I native  : Registering the position of 82916543 at 118.79,18.19,172.45,46.27
08-31 17:01:17.238   975  1268 I native  : Registering the position of 82916543 at 118.79,18.19,172.45,46.27 at time 100217241464
08-31 17:01:17.350   975  1269 I native  : Registering the position of 58709900 at 118.49,18.19,172.74,46.27
08-31 17:01:17.351   975  1269 I native  : Registering the position of 58709900 at 118.49,18.19,172.74,46.27 at time 100463605031
08-31 17:01:17.731   975  1268 I native  : Registering the position of 56860373 at 118.49,18.31,172.74,46.39
08-31 17:01:17.731   975  1268 I native  : Registering the position of 56860373 at 118.49,18.31,172.74,46.39 at time 100712189347
08-31 17:01:17.939   975  1269 I native  : Registering the position of 160282346 at 118.49,18.31,172.74,46.39
08-31 17:01:17.940   975  1269 I native  : Registering the position of 160282346 at 118.49,18.31,172.74,46.39 at time 100952879413
08-31 17:01:18.304   975  1268 I native  : Registering the position of 34495963 at 118.79,18.31,172.45,46.39
08-31 17:01:18.304   975  1268 I native  : Registering the position of 34495963 at 118.79,18.31,172.45,46.39 at time 101200442021
08-31 17:01:18.323   975  1269 I native  : Registering the position of 51961976 at 118.49,18.19,172.74,46.27
08-31 17:01:18.323   975  1269 I native  : Registering the position of 51961976 at 118.49,18.19,172.74,46.27 at time 101420574543
08-31 17:01:18.757   975  1268 I native  : Registering the position of 181162833 at 118.49,18.31,172.74,46.39
08-31 17:01:18.758   975  1268 I native  : Registering the position of 181162833 at 118.49,18.31,172.74,46.39 at time 101779841705
08-31 17:01:18.988   975  1142 V Robocol : received command: CMD_INIT_OP_MODE(11182) $Stop$Robot$
08-31 17:01:18.994   975  1141 I RobotCore: ******************** STOP - OPMODE /storage/emulated/0/FIRST/matchlogs/Match-0-Ring_Rec_FIRST.txt ********************
08-31 17:01:19.000   975  1276 I RobotCore: saving match logcat to /storage/emulated/0/FIRST/matchlogs/Match-0-Ring_Rec_FIRST.txt
08-31 17:01:19.000   975  1276 I RobotCore: logging command line: exec logcat -d -T '8-31 17:0:32.000' -f /storage/emulated/0/FIRST/matchlogs/Match-0-Ring_Rec_FIRST.txt -n4 -v threadtime UsbRequestJNI:S UsbRequest:S art:W ThreadPool:W System:W ExtendedExtractor:W OMXClient:W MediaPlayer:W dalvikvm:W  *:V
08-31 17:01:19.002   975  1237 V RobotCore: thread: ...terminating 'LinearOpMode main'
08-31 17:01:19.004   975  1159 D Uvc     : [NativeVuforiaWebcam.h:347] NativeVuforiaWebcam::stop()...
08-31 17:01:19.004   975  1159 D VuforiaWebcam: nativeCallbackStop()...
08-31 17:01:19.005   975  1159 D VuforiaWebcam: stop()...
08-31 17:01:19.005   975  1159 D UsbResiliantWebcam|DelCaptureSession: stopCapture()...
08-31 17:01:19.005   975  1159 D UsbResiliantWebcam|DelCaptureSequence: undoStreaming()...
08-31 17:01:19.005   975  1159 D UvcApiCaptureSession: stopCapture()...
08-31 17:01:19.006   975  1159 D Uvc     : [jni_streamhandle.cpp:184] Java_org_firstinspires_ftc_robotcore_internal_camera_libuvc_nativeobject_UvcStreamHandle_nativeStopStreaming()...
08-31 17:01:19.006   975  1159 V Uvc     : API: Java_org_firstinspires_ftc_robotcore_internal_camera_libuvc_nativeobject_UvcStreamHandle_nativeStopStreaming: enter...
08-31 17:01:19.006   975  1159 D Uvc     : [stream.cpp:1473] uvc_stream_stop()...
08-31 17:01:19.006   975  1159 D UvcStream: [stream.cpp:1501] cancelling extant transfers
08-31 17:01:19.046   975  1159 D Uvc     : [stream.cpp:1430] (waitForAllTransfers(waiting for cancelled transfers))...
08-31 17:01:19.047   975  1269 I native  : Registering the position of 201873334 at 118.79,18.31,172.45,46.39
08-31 17:01:19.047   975  1159 D UvcStream: [stream.cpp:1444] no extant active transfers: continuing
08-31 17:01:19.047   975  1159 D Uvc     : [stream.cpp:1430] ...()
08-31 17:01:19.048   975  1159 D Uvc     : [stream.cpp:1148] uvc_stream_handle::stopIsochronousStreaming()...
08-31 17:01:19.048   975  1159 D Uvc     : [libuvc/libuvc_internal.h:825] uvc_device_handle::setInterfaceAltSetting(setInterfaceAltSetting(intf=1 alt=0))...
08-31 17:01:19.048   975  1269 I native  : Registering the position of 201873334 at 118.79,18.31,172.45,46.39 at time 102032589563
08-31 17:01:19.048   975  1159 D UvcDevice: setInterfaceAltSetting(1,0)
08-31 17:01:19.048   975  1263 D UvcStream: [stream.cpp:1288] user callback thread stopped
08-31 17:01:19.049   975  1159 D UvcDevice: setInterfaceAltSetting(1,0) succeeded
08-31 17:01:19.049   975  1159 D Uvc     : [libuvc/libuvc_internal.h:825] ...uvc_device_handle::setInterfaceAltSetting() rc=0
08-31 17:01:19.049   975  1159 D Uvc     : [stream.cpp:1148] ...uvc_stream_handle::stopIsochronousStreaming() rc=0
08-31 17:01:19.049   975  1159 D UvcStream: [stream.cpp:1517] awakening user thread
08-31 17:01:19.049   975  1159 D UvcStream: [stream.cpp:1526] waiting for user callback thread to finish
08-31 17:01:19.049   975  1159 D Uvc     : [stream.cpp:1473] ...uvc_stream_stop() rc=0
08-31 17:01:19.049   975  1159 V Uvc     : API: Java_org_firstinspires_ftc_robotcore_internal_camera_libuvc_nativeobject_UvcStreamHandle_nativeStopStreaming: ...exit
08-31 17:01:19.049   975  1159 D Uvc     : [jni_streamhandle.cpp:184] ...Java_org_firstinspires_ftc_robotcore_internal_camera_libuvc_nativeobject_UvcStreamHandle_nativeStopStreaming()
08-31 17:01:19.049   975  1159 V UvcFrameCallback: destroy(hash=0x0aaccb55)
08-31 17:01:19.050   975  1159 V UvcFrameCallbackData: destroy(pointer=0x739e3d2000)
08-31 17:01:19.050   975  1159 V Uvc     : API: Java_org_firstinspires_ftc_robotcore_internal_camera_libuvc_nativeobject_UvcFrameCallback_nativeReleaseCallbackState: enter...
08-31 17:01:19.050   975  1159 V Uvc     : API: Java_org_firstinspires_ftc_robotcore_internal_camera_libuvc_nativeobject_UvcFrameCallback_nativeReleaseCallbackState: ...exit
08-31 17:01:19.050   975  1159 V UvcStreamHandle: destroy(pointer=0x73a409e600)
08-31 17:01:19.050   975  1159 D Uvc     : [jni_streamhandle.cpp:184] Java_org_firstinspires_ftc_robotcore_internal_camera_libuvc_nativeobject_UvcStreamHandle_nativeStopStreaming()...
08-31 17:01:19.050   975  1159 V Uvc     : API: Java_org_firstinspires_ftc_robotcore_internal_camera_libuvc_nativeobject_UvcStreamHandle_nativeStopStreaming: enter...
08-31 17:01:19.050   975  1159 D Uvc     : [stream.cpp:1473] uvc_stream_stop()...
08-31 17:01:19.050   975  1159 D Uvc     : [stream.cpp:1473] ...uvc_stream_stop() rc=0
08-31 17:01:19.050   975  1159 V Uvc     : API: Java_org_firstinspires_ftc_robotcore_internal_camera_libuvc_nativeobject_UvcStreamHandle_nativeStopStreaming: ...exit
08-31 17:01:19.050   975  1159 D Uvc     : [jni_streamhandle.cpp:184] ...Java_org_firstinspires_ftc_robotcore_internal_camera_libuvc_nativeobject_UvcStreamHandle_nativeStopStreaming()
08-31 17:01:19.050   975  1159 D Uvc     : [jni_streamhandle.cpp:200] Java_org_firstinspires_ftc_robotcore_internal_camera_libuvc_nativeobject_UvcStreamHandle_nativeCloseStreamHandle()...
08-31 17:01:19.050   975  1159 V Uvc     : API: Java_org_firstinspires_ftc_robotcore_internal_camera_libuvc_nativeobject_UvcStreamHandle_nativeCloseStreamHandle: enter...
08-31 17:01:19.050   975  1159 D Uvc     : [stream.cpp:1543] uvc_stream_close()...
08-31 17:01:19.050   975  1159 D Uvc     : [streamhandle.cpp:45] uvc_stream_handle::~uvc_stream_handle()...
08-31 17:01:19.050   975  1159 D Uvc     : [streamhandle.cpp:66] uvc_stream_handle::releaseInterface()...
08-31 17:01:19.051   975  1159 D Uvc     : [libuvc/libuvc_internal.h:793] uvc_device_handle::releaseInterface()...
08-31 17:01:19.051   975  1159 D UvcDevice: releaseInterface(1)
08-31 17:01:19.051   975  1159 D UvcDevice: releaseInterface(1) succeeded
08-31 17:01:19.051   975  1159 D Uvc     : [libuvc/libuvc_internal.h:793] ...uvc_device_handle::releaseInterface() rc=0
08-31 17:01:19.051   975  1159 D Uvc     : [streamhandle.cpp:66] ...uvc_stream_handle::releaseInterface()
08-31 17:01:19.051   975  1159 D Uvc     : [streamhandle.cpp:45] ...uvc_stream_handle::~uvc_stream_handle()
08-31 17:01:19.051   975  1159 D Uvc     : [stream.cpp:1543] ...uvc_stream_close()
08-31 17:01:19.052   975  1159 V Uvc     : API: Java_org_firstinspires_ftc_robotcore_internal_camera_libuvc_nativeobject_UvcStreamHandle_nativeCloseStreamHandle: ...exit
08-31 17:01:19.052   975  1159 D Uvc     : [jni_streamhandle.cpp:200] ...Java_org_firstinspires_ftc_robotcore_internal_camera_libuvc_nativeobject_UvcStreamHandle_nativeCloseStreamHandle()
08-31 17:01:19.052   975  1217 D VuforiaWebcam: capture sequence DelegatingCaptureSequenceId(1) reports completed: lastFrame=1332
08-31 17:01:19.053   975  1159 V UvcApiCameraCaptureSequence: destroy(hash=0x0ede6d3f)
08-31 17:01:19.054   975  1159 D UvcApiCaptureSession: ...stopCapture()
08-31 17:01:19.054   975  1159 D UvcApiCaptureSession: doClose()...
08-31 17:01:19.055   975  1159 D UvcApiCaptureSession: ...doClose()
08-31 17:01:19.055   975  1159 D UsbResiliantWebcam|DelCaptureSequence: ...undoStreaming()
08-31 17:01:19.055   975  1279 D UsbResiliantWebcam|DelCaptureSession: camera session is closed: Webcam(813FCB10)
08-31 17:01:19.056   975  1279 V UvcApiCaptureSession: destroy(hash=0x0d08955e)
08-31 17:01:19.056   975  1279 D UvcApiCaptureSession: destructor...
08-31 17:01:19.056   975  1279 D UvcApiCaptureSession: ...destructor
08-31 17:01:19.057   975  1217 D VuforiaWebcam: capture sequence DelegatingCaptureSequenceId(1) reports completed: lastFrame=1332
08-31 17:01:19.057   975  1159 V UsbResiliantWebcam|DelCaptureSequence: destroy(hash=0x06e5de99)
08-31 17:01:19.057   975  1159 D UsbResiliantWebcam|DelCaptureSession: ...stopCapture()
08-31 17:01:19.058   975  1159 D UsbResiliantWebcam|DelCaptureSession: doClose()...
08-31 17:01:19.058   975  1217 D VuforiaWebcam: capture session reports closed: DelegatingCaptureSession(1)
08-31 17:01:19.059   975  1217 V CameraCallback: destroy(pointer=0x73a1aab020)
08-31 17:01:19.059   975  1159 D UsbResiliantWebcam|DelCaptureSession: ...doClose()
08-31 17:01:19.060   975  1159 V UsbResiliantWebcam|DelCaptureSession: destroy(hash=0x030febe0)
08-31 17:01:19.060   975  1159 D UsbResiliantWebcam|DelCaptureSession: destructor()...
08-31 17:01:19.060   975  1159 D UsbResiliantWebcam|DelCaptureSession: ...destructor()
08-31 17:01:19.060   975  1159 D VuforiaWebcam: ...stop()
08-31 17:01:19.061   975  1159 D VuforiaWebcam: ...nativeCallbackStop()
08-31 17:01:19.061   975  1159 D Uvc     : [NativeVuforiaWebcam.h:347] ...NativeVuforiaWebcam::stop()
08-31 17:01:19.077   975  1159 D Uvc     : [NativeVuforiaWebcam.cpp:241] Java_org_firstinspires_ftc_robotcore_internal_vuforia_externalprovider_VuforiaWebcam_nativePreVuforiaDeinit()...
08-31 17:01:19.077   975  1159 D Uvc     : [NativeVuforiaWebcam.h:246] NativeVuforiaWebcam::preVuforiaDeinit()...
08-31 17:01:19.077   975  1159 D Uvc     : [NativeVuforiaWebcam.h:246] ...NativeVuforiaWebcam::preVuforiaDeinit()
08-31 17:01:19.077   975  1159 D Uvc     : [NativeVuforiaWebcam.cpp:241] ...Java_org_firstinspires_ftc_robotcore_internal_vuforia_externalprovider_VuforiaWebcam_nativePreVuforiaDeinit()
08-31 17:01:19.077   975  1159 D Vuforia : Vuforia.deinit()...
