08-31 17:00:27.970   975  1159 D UvcStream: [stream.cpp:1501] cancelling extant transfers
08-31 17:00:27.972  1230  1230 I sh      : type=1400 audit(0.0:111): avc: denied { read } for name="/" dev="rootfs" ino=1 scontext=u:r:untrusted_app:s0:c512,c768 tcontext=u:object_r:rootfs:s0 tclass=dir permissive=1
08-31 17:00:27.972  1230  1230 I sh      : type=1400 audit(0.0:112): avc: denied { open } for path="/" dev="rootfs" ino=1 scontext=u:r:untrusted_app:s0:c512,c768 tcontext=u:object_r:rootfs:s0 tclass=dir permissive=1
08-31 17:00:27.984   975  1145 V Robocol : sending CMD_STREAM_CHANGE(465), attempt: 0
08-31 17:00:28.009   975  1159 D Uvc     : [stream.cpp:1430] (waitForAllTransfers(waiting for cancelled transfers))...
08-31 17:00:28.010   975  1218 D UvcStream: [stream.cpp:1288] user callback thread stopped
08-31 17:00:28.011   975  1159 D UvcStream: [stream.cpp:1444] no extant active transfers: continuing
08-31 17:00:28.011   975  1159 D Uvc     : [stream.cpp:1430] ...()
08-31 17:00:28.011   975  1159 D Uvc     : [stream.cpp:1148] uvc_stream_handle::stopIsochronousStreaming()...
08-31 17:00:28.011   975  1159 D Uvc     : [libuvc/libuvc_internal.h:825] uvc_device_handle::setInterfaceAltSetting(setInterfaceAltSetting(intf=1 alt=0))...
08-31 17:00:28.011   975  1159 D UvcDevice: setInterfaceAltSetting(1,0)
08-31 17:00:28.011   975  1159 D UvcDevice: setInterfaceAltSetting(1,0) succeeded
08-31 17:00:28.012   975  1159 D Uvc     : [libuvc/libuvc_internal.h:825] ...uvc_device_handle::setInterfaceAltSetting() rc=0
08-31 17:00:28.012   975  1159 D Uvc     : [stream.cpp:1148] ...uvc_stream_handle::stopIsochronousStreaming() rc=0
08-31 17:00:28.012   975  1159 D UvcStream: [stream.cpp:1517] awakening user thread
08-31 17:00:28.012   975  1159 D UvcStream: [stream.cpp:1526] waiting for user callback thread to finish
08-31 17:00:28.012   975  1159 D Uvc     : [stream.cpp:1473] ...uvc_stream_stop() rc=0
08-31 17:00:28.012   975  1159 V Uvc     : API: Java_org_firstinspires_ftc_robotcore_internal_camera_libuvc_nativeobject_UvcStreamHandle_nativeStopStreaming: ...exit
08-31 17:00:28.012   975  1159 D Uvc     : [jni_streamhandle.cpp:184] ...Java_org_firstinspires_ftc_robotcore_internal_camera_libuvc_nativeobject_UvcStreamHandle_nativeStopStreaming()
08-31 17:00:28.012   975  1159 V UvcFrameCallback: destroy(hash=0x0b24fa44)
08-31 17:00:28.012   975  1159 V UvcFrameCallbackData: destroy(pointer=0x73a1dc4dc0)
08-31 17:00:28.013   975  1159 V Uvc     : API: Java_org_firstinspires_ftc_robotcore_internal_camera_libuvc_nativeobject_UvcFrameCallback_nativeReleaseCallbackState: enter...
08-31 17:00:28.013   975  1159 V Uvc     : API: Java_org_firstinspires_ftc_robotcore_internal_camera_libuvc_nativeobject_UvcFrameCallback_nativeReleaseCallbackState: ...exit
08-31 17:00:28.013   975  1159 V UvcStreamHandle: destroy(pointer=0x73a1a9ac00)
08-31 17:00:28.013   975  1159 D Uvc     : [jni_streamhandle.cpp:184] Java_org_firstinspires_ftc_robotcore_internal_camera_libuvc_nativeobject_UvcStreamHandle_nativeStopStreaming()...
08-31 17:00:28.013   975  1159 V Uvc     : API: Java_org_firstinspires_ftc_robotcore_internal_camera_libuvc_nativeobject_UvcStreamHandle_nativeStopStreaming: enter...
08-31 17:00:28.013   975  1159 D Uvc     : [stream.cpp:1473] uvc_stream_stop()...
08-31 17:00:28.013   975  1159 D Uvc     : [stream.cpp:1473] ...uvc_stream_stop() rc=0
08-31 17:00:28.013   975  1159 V Uvc     : API: Java_org_firstinspires_ftc_robotcore_internal_camera_libuvc_nativeobject_UvcStreamHandle_nativeStopStreaming: ...exit
08-31 17:00:28.013   975  1159 D Uvc     : [jni_streamhandle.cpp:184] ...Java_org_firstinspires_ftc_robotcore_internal_camera_libuvc_nativeobject_UvcStreamHandle_nativeStopStreaming()
08-31 17:00:28.013   975  1159 D Uvc     : [jni_streamhandle.cpp:200] Java_org_firstinspires_ftc_robotcore_internal_camera_libuvc_nativeobject_UvcStreamHandle_nativeCloseStreamHandle()...
08-31 17:00:28.013   975  1159 V Uvc     : API: Java_org_firstinspires_ftc_robotcore_internal_camera_libuvc_nativeobject_UvcStreamHandle_nativeCloseStreamHandle: enter...
08-31 17:00:28.013   975  1159 D Uvc     : [stream.cpp:1543] uvc_stream_close()...
08-31 17:00:28.013   975  1159 D Uvc     : [streamhandle.cpp:45] uvc_stream_handle::~uvc_stream_handle()...
08-31 17:00:28.013   975  1159 D Uvc     : [streamhandle.cpp:66] uvc_stream_handle::releaseInterface()...
08-31 17:00:28.013   975  1159 D Uvc     : [libuvc/libuvc_internal.h:793] uvc_device_handle::releaseInterface()...
08-31 17:00:28.014   975  1159 D UvcDevice: releaseInterface(1)
08-31 17:00:28.014   975  1159 D UvcDevice: releaseInterface(1) succeeded
08-31 17:00:28.014   975  1159 D Uvc     : [libuvc/libuvc_internal.h:793] ...uvc_device_handle::releaseInterface() rc=0
08-31 17:00:28.014   975  1159 D Uvc     : [streamhandle.cpp:66] ...uvc_stream_handle::releaseInterface()
08-31 17:00:28.014   975  1159 D Uvc     : [streamhandle.cpp:45] ...uvc_stream_handle::~uvc_stream_handle()
08-31 17:00:28.014   975  1159 D Uvc     : [stream.cpp:1543] ...uvc_stream_close()
08-31 17:00:28.014   975  1159 V Uvc     : API: Java_org_firstinspires_ftc_robotcore_internal_camera_libuvc_nativeobject_UvcStreamHandle_nativeCloseStreamHandle: ...exit
08-31 17:00:28.014   975  1159 D Uvc     : [jni_streamhandle.cpp:200] ...Java_org_firstinspires_ftc_robotcore_internal_camera_libuvc_nativeobject_UvcStreamHandle_nativeCloseStreamHandle()
08-31 17:00:28.015   975  1159 V UvcApiCameraCaptureSequence: destroy(hash=0x08e350d6)
08-31 17:00:28.015   975  1217 D VuforiaWebcam: capture sequence DelegatingCaptureSequenceId(1) reports completed: lastFrame=356
08-31 17:00:28.015   975  1159 D UvcApiCaptureSession: ...stopCapture()
08-31 17:00:28.015   975  1159 D UvcApiCaptureSession: doClose()...
08-31 17:00:28.016   975  1134 D UsbResiliantWebcam|DelCaptureSession: camera session is closed: Webcam(813FCB10)
08-31 17:00:28.016   975  1159 D UvcApiCaptureSession: ...doClose()
08-31 17:00:28.017   975  1159 V UvcApiCaptureSession: destroy(hash=0x0800fcf1)
08-31 17:00:28.017   975  1159 D UvcApiCaptureSession: destructor...
08-31 17:00:28.017   975  1159 D UvcApiCaptureSession: ...destructor
08-31 17:00:28.017   975  1159 D UsbResiliantWebcam|DelCaptureSequence: ...undoStreaming()
08-31 17:00:28.018   975  1159 V UsbResiliantWebcam|DelCaptureSequence: destroy(hash=0x0535ac98)
08-31 17:00:28.018   975  1217 D VuforiaWebcam: capture sequence DelegatingCaptureSequenceId(1) reports completed: lastFrame=356
08-31 17:00:28.018   975  1159 D UsbResiliantWebcam|DelCaptureSession: ...stopCapture()
08-31 17:00:28.018   975  1159 D UsbResiliantWebcam|DelCaptureSession: doClose()...
08-31 17:00:28.018   975  1159 D UsbResiliantWebcam|DelCaptureSession: ...doClose()
08-31 17:00:28.018   975  1159 D VuforiaWebcam: ...stop()
08-31 17:00:28.019   975  1217 D VuforiaWebcam: capture session reports closed: DelegatingCaptureSession(1)
08-31 17:00:28.019   975  1159 D VuforiaWebcam: ...nativeCallbackStop()
08-31 17:00:28.019   975  1159 D Uvc     : [NativeVuforiaWebcam.h:347] ...NativeVuforiaWebcam::stop()
08-31 17:00:28.019   975  1217 V CameraCallback: destroy(pointer=0x73a70e8250)
08-31 17:00:28.019   975  1217 V UsbResiliantWebcam|DelCaptureSession: destroy(hash=0x04455e0a)
08-31 17:00:28.020   975  1217 D UsbResiliantWebcam|DelCaptureSession: destructor()...
08-31 17:00:28.020   975  1217 D UsbResiliantWebcam|DelCaptureSession: ...destructor()
08-31 17:00:28.036   975  1159 D Uvc     : [NativeVuforiaWebcam.cpp:241] Java_org_firstinspires_ftc_robotcore_internal_vuforia_externalprovider_VuforiaWebcam_nativePreVuforiaDeinit()...
08-31 17:00:28.036   975  1159 D Uvc     : [NativeVuforiaWebcam.h:246] NativeVuforiaWebcam::preVuforiaDeinit()...
08-31 17:00:28.036   975  1159 D Uvc     : [NativeVuforiaWebcam.h:246] ...NativeVuforiaWebcam::preVuforiaDeinit()
08-31 17:00:28.036   975  1159 D Uvc     : [NativeVuforiaWebcam.cpp:241] ...Java_org_firstinspires_ftc_robotcore_internal_vuforia_externalprovider_VuforiaWebcam_nativePreVuforiaDeinit()
08-31 17:00:28.036   975  1159 D Vuforia : Vuforia.deinit()...
