12-31 18:00:22.060   968  1119 I Robocol : Received network connection event
12-31 18:00:22.062   968  1119 I RobotControllerAccessPointAssistant: Wi-Fi AP is enabled
12-31 18:00:22.062   968  1119 I NetworkConnectionHandler: Handling new network connection infomation, connected: true setup needed: true
12-31 18:00:22.063   968  1119 I RobotControllerAccessPointAssistant: Wi-Fi AP is enabled
12-31 18:00:25.087   968  1158 V RobotCore: thread: 'SetupRunnable.run()' starting...
12-31 18:00:25.087   968  1119 V RobotCore: EventLoopManager state is STOPPED
12-31 18:00:25.090   968  1119 V Robocol : eventLoop=FtcEventLoop
12-31 18:00:25.091   968  1119 V RobotCore: EventLoopManager state is INIT
12-31 18:00:25.091   968  1119 V RobotCore: Robot Status: initializing, starting robot
12-31 18:00:25.092   968  1119 I FtcEventLoop: ======= INIT START =======
12-31 18:00:25.093   968  1119 V OpmodeRegistration: registered {DefaultOpMode} as {$Stop$Robot$}
12-31 18:00:25.098   968  1158 D Robocol : RobocolDatagramSocket listening addr=/192.168.43.1:20884 cbRec=65520 cbSend=106496 msRecTO=300
12-31 18:00:25.099   968  1158 V Robocol : RecvLoopRunnable created
12-31 18:00:25.103   968  1159 V Robocol : PacketProcessor started
12-31 18:00:25.105   968  1160 V Robocol : CommandProcessor started
12-31 18:00:25.109   968  1161 V RobotCore: thread: 'RecvLoopRunnable.run()' starting...
12-31 18:00:25.112   968  1158 V PeerDiscovery: Starting peer discovery remote: /192.168.43.1 local: /192.168.43.1
12-31 18:00:25.112   968  1158 V PeerDiscovery: No need for initiating peer discovery, we are the Robot Controller
12-31 18:00:25.112   968  1158 V RobotCore: Setup complete
12-31 18:00:25.112   968  1158 V RobotCore: thread: ...terminating 'SetupRunnable.run()'
12-31 18:00:25.116   968  1119 V OpmodeRegistration: registered {TensorFLowWebcam} as {Nap-Camera 2}
12-31 18:00:25.117   968  1119 V OpmodeRegistration: registered {ConceptBNO055IMUCalibration} as {POC: IMU Calibration}
12-31 18:00:25.118   968  1119 V OpmodeRegistration: registered {Forward} as { Nept-Forward and Turning }
12-31 18:00:25.118   968  1119 V OpmodeRegistration: registered {TeleopDualDrivers} as {TeleopDualDrivers}
12-31 18:00:25.119   968  1119 V OpmodeRegistration: registered {AutoLeft} as {AutoLeft}
12-31 18:00:25.120   968  1119 V OpmodeRegistration: registered {TensorFlowObjectDetectionWebcam} as {Nap: camera 3}
12-31 18:00:25.121   968  1119 V OpmodeRegistration: registered {PushbotAutodrive} as {Nep-TestMotor }
12-31 18:00:25.122   968  1119 V OpmodeRegistration: registered {ConceptWebcamTest} as {nap: Webcam}
12-31 18:00:25.123   968  1119 V OpmodeRegistration: registered {ConceptBNO055IMU} as {POC: IMU Display}
12-31 18:00:25.124   968  1119 V OpmodeRegistration: registered {ConceptFieldNavigationAutoV2} as {POC - Field Nav Encoder}
12-31 18:00:25.125   968  1119 V OpmodeRegistration: registered {ConceptFieldNavigation} as {POC - Field Nav}
12-31 18:00:25.126   968  1119 V OpmodeRegistration: registered {ConceptVuforiaLocalization} as {POC - Vuforia Localization}
12-31 18:00:25.127   968  1119 V OpmodeRegistration: registered {ConceptFieldNavigationAuto} as {POC - Field Nav Auto}
12-31 18:00:25.128   968  1119 V OpmodeRegistration: registered {CameraVuforia} as {Camera}
12-31 18:00:25.130   968  1119 V OpmodeRegistration: registered {TeleopMotorGroup} as {TeleopMotorGroup}
12-31 18:00:25.131   968  1119 V OpmodeRegistration: registered {AutonomousRight} as {AutonomousRight}
12-31 18:00:25.132   968  1119 V OpmodeRegistration: registered {ConceptAutoDriveByGyro} as {POC: Drive By Gyro}
12-31 18:00:25.133   968  1119 V OpmodeRegistration: registered {ConceptAutoDriveCalibration} as {POC: Auto Drive Calibration}
12-31 18:00:25.134   968  1119 V OpmodeRegistration: registered {ConceptSignalSleeveIdentification} as {POC: Signal Sleeve}
12-31 18:00:25.208   968  1119 V FtcEventLoop: Ensuring that the embedded Control Hub module is set up correctly
12-31 18:00:25.213   968  1119 V RobotCore: Creating REV Robotics USB Expansion Hub Portal [(embedded)]
12-31 18:00:25.214   968  1119 V LynxUsb : creating new [(embedded)]: 0x049d9ed0
12-31 18:00:25.216   968  1119 V FtDeviceManager: createDeviceInfoList(): 0 USB devices
12-31 18:00:25.217   968  1119 V RobotUsbManagerCombining: FTDI driver failed to open USB device with serial number (embedded) (returned null device)
12-31 18:00:25.218   968  1119 V SerialPortNative: [SerialPort.cpp:150] opened(/dev/ttyS1): fd=89
12-31 18:00:25.216   968   968 I pRunnable.run(): type=1400 audit(0.0:97): avc: denied { read } for name="ttyS1" dev="tmpfs" ino=4908 scontext=u:r:untrusted_app:s0:c512,c768 tcontext=u:object_r:serial_device:s0 tclass=chr_file permissive=1
12-31 18:00:25.219   968  1119 V RobotUsbDeviceTTY: opening serial=(embedded) file=/dev/ttyS1
12-31 18:00:25.219   968  1119 V LynxUsb : armDevice() serial=(embedded)...
12-31 18:00:25.219   968  1119 V LynxUsb : resetDevice() serial=(embedded)
12-31 18:00:25.216   968   968 I pRunnable.run(): type=1400 audit(0.0:98): avc: denied { write } for name="ttyS1" dev="tmpfs" ino=4908 scontext=u:r:untrusted_app:s0:c512,c768 tcontext=u:object_r:serial_device:s0 tclass=chr_file permissive=1
12-31 18:00:25.221   968  1119 V LynxModule: resetting embedded usb device: isPresent: was=true
12-31 18:00:25.216   968   968 I pRunnable.run(): type=1400 audit(0.0:99): avc: denied { open } for path="/dev/ttyS1" dev="tmpfs" ino=4908 scontext=u:r:untrusted_app:s0:c512,c768 tcontext=u:object_r:serial_device:s0 tclass=chr_file permissive=1
12-31 18:00:25.216   968   968 I pRunnable.run(): type=1400 audit(0.0:100): avc: denied { ioctl } for path="/dev/ttyS1" dev="tmpfs" ino=4908 ioctlcmd=5401 scontext=u:r:untrusted_app:s0:c512,c768 tcontext=u:object_r:serial_device:s0 tclass=chr_file permissive=1
12-31 18:00:25.412   968  1161 E Robocol : exception SocketTimeoutException(Receive timed out): no packet received [java.net.PlainDatagramSocketImpl.receive0(Native Method)]
12-31 18:00:25.577   968  1119 V LynxUsb : ...done armDevice()
12-31 18:00:25.577   968  1163 V RobotCore: thread: 'lynx incoming datagrams' starting...
12-31 18:00:25.578   968  1119 V LynxUsb : 0x06a630ef on 0x049d9ed0: new delegate to [(embedded)]
12-31 18:00:25.585   968  1119 V LynxUsb : addConfiguredModule() module#=173
12-31 18:00:25.585   968  1119 V LynxModule: pingAndQueryKnownInterfaces mod=173
12-31 18:00:25.588   968  1163 V LynxUsb : synchronization gained: serial=(embedded)
12-31 18:00:25.606   968  1119 V LynxModule: mod#=173 queryInterface(DEKA)=54 commands starting at 4096
12-31 18:00:25.618   968  1119 V LynxModule: sending LynxFtdiResetControlCommand(true) wasInterrupted=false
12-31 18:00:25.624   968  1119 V LynxModule: sendLEDPatternSteps(): steps=[Step(color=65280, msDuration=1000)]
12-31 18:00:25.629   968  1119 V LynxModule: setAsControlHubEmbeddedModule(mod=173)
12-31 18:00:25.629   968  1119 V EmbeddedControlHubModule: setting embedded module
12-31 18:00:25.629   968  1119 V LynxModule: sending LynxFtdiResetControlCommand(false) wasInterrupted=false
12-31 18:00:25.632   968  1119 V LynxModule: close(#173)
12-31 18:00:25.634   968  1119 V LynxUsb : Verified that the embedded Control Hub module has the correct address
12-31 18:00:25.636   968  1119 V LynxUsb : addConfiguredModule() module#=173
12-31 18:00:25.636   968  1119 V LynxModule: pingAndQueryKnownInterfaces mod=173
12-31 18:00:25.649   968  1119 V LynxModule: mod#=173 queryInterface(DEKA)=54 commands starting at 4096
12-31 18:00:25.658   968  1119 V LynxModule: sending LynxFtdiResetControlCommand(true) wasInterrupted=false
12-31 18:00:25.663   968  1119 V LynxModule: sendLEDPatternSteps(): steps=[Step(color=65280, msDuration=1000)]
12-31 18:00:25.667   968  1119 V LynxModule: setAsControlHubEmbeddedModule(mod=173)
12-31 18:00:25.667   968  1119 V EmbeddedControlHubModule: setting embedded module
12-31 18:00:25.667   968  1119 I RobotCore: LynxFirmwareVersionManager: LynxI2cDeviceSynchV2
12-31 18:00:25.668   968  1119 V LynxI2cDeviceSynch: initializeHardware() mod#=173
12-31 18:00:25.668   968  1119 V BHI260IMU: Suppressing I2C warnings while we check for a BHI260AP IMU
12-31 18:00:25.673   968  1119 V BHI260IMU: No BHI260AP IMU found
12-31 18:00:25.673   968  1119 V LynxModule: sending LynxFtdiResetControlCommand(false) wasInterrupted=false
12-31 18:00:25.675   968  1119 V LynxModule: close(#173)
12-31 18:00:25.676   968  1119 V HardwareFactory: createHardwareMap()
12-31 18:00:25.676   968  1119 V EmbeddedControlHubModule: clearing embedded module
12-31 18:00:25.691   968  1119 V ReadXMLFileHandler: embedded lynx USB device is already present
12-31 18:00:25.692   968  1119 V RobotCore: Creating REV Robotics USB Expansion Hub Portal [(embedded)]
12-31 18:00:25.692   968  1119 V LynxUsb : using existing [(embedded)]: 0x049d9ed0
12-31 18:00:25.693   968  1119 V LynxUsb : 0x015b668f on 0x049d9ed0: new delegate to [(embedded)]
12-31 18:00:25.694   968  1119 V RobotCore: Creating Lynx Module - mod=173 parent=true
12-31 18:00:25.696   968  1119 V RobotCore: Creating Lynx Module - mod=2 parent=false
12-31 18:00:25.697   968  1119 V LynxUsb : addConfiguredModule() module#=173
12-31 18:00:25.697   968  1119 V LynxModule: pingAndQueryKnownInterfaces mod=173
12-31 18:00:25.707   968  1119 V LynxModule: mod#=173 queryInterface(DEKA)=54 commands starting at 4096
12-31 18:00:25.713   968  1119 V LynxModule: sending LynxFtdiResetControlCommand(true) wasInterrupted=false
12-31 18:00:25.717   968  1119 V LynxModule: sendLEDPatternSteps(): steps=[Step(color=65280, msDuration=1000)]
12-31 18:00:25.719   968  1166 V LynxModule: received status: LynxGetModuleStatusResponse(status=0x02 alerts=0x00: Reset)
12-31 18:00:25.720   968  1166 W HubPowerCycle: Expansion Hub 173 regained power after a complete power loss. No user Op Mode was running.
12-31 18:00:25.721   968  1166 V LynxModule: resendCurrentPattern()
12-31 18:00:25.721   968  1166 V LynxModule: sendLEDPatternSteps(): steps=[Step(color=65280, msDuration=1000)]
12-31 18:00:25.722   968  1119 V LynxModule: setAsControlHubEmbeddedModule(mod=173)
12-31 18:00:25.723   968  1119 V EmbeddedControlHubModule: setting embedded module
12-31 18:00:25.723   968  1119 V LynxUsb : addConfiguredModule() module#=2
12-31 18:00:25.723   968  1119 V LynxModule: pingAndQueryKnownInterfaces mod=2
12-31 18:00:25.736   968  1119 V LynxModule: mod#=2 queryInterface(DEKA)=54 commands starting at 4096
12-31 18:00:25.742   968  1119 V LynxModule: sending LynxFtdiResetControlCommand(true) wasInterrupted=false
12-31 18:00:25.748   968  1119 V LynxModule: sendLEDPatternSteps(): steps=[Step(color=65280, msDuration=4500), Step(color=0, msDuration=500), Step(color=255, msDuration=500), Step(color=0, msDuration=500), Step(color=255, msDuration=500), Step(color=0, msDuration=500)]
12-31 18:00:25.750   968  1167 V LynxModule: received status: LynxGetModuleStatusResponse(status=0x02 alerts=0x00: Reset)
12-31 18:00:25.750   968  1167 W HubPowerCycle: Expansion Hub 2 regained power after a complete power loss. No user Op Mode was running.
12-31 18:00:25.751   968  1167 V LynxModule: resendCurrentPattern()
12-31 18:00:25.751   968  1167 V LynxModule: sendLEDPatternSteps(): steps=[Step(color=65280, msDuration=4500), Step(color=0, msDuration=500), Step(color=255, msDuration=500), Step(color=0, msDuration=500), Step(color=255, msDuration=500), Step(color=0, msDuration=500)]
12-31 18:00:25.759   968  1119 V LynxMotor: initializeHardware() mod#=173
12-31 18:00:25.797   968  1119 V RobotCore: DcMotorImpl(type=goBILDA5202SeriesMotor)
12-31 18:00:25.798   968  1119 V RobotCore: DcMotorImpl(type=goBILDA5202SeriesMotor)
12-31 18:00:25.798   968  1119 V RobotCore: DcMotorImpl(type=goBILDA5202SeriesMotor)
12-31 18:00:25.799   968  1119 V RobotCore: DcMotorImpl(type=goBILDA5202SeriesMotor)
12-31 18:00:25.799   968  1119 V LynxServoController: initializeHardware() mod#=173
12-31 18:00:25.821   968  1119 V LynxVoltageSensor: initializeHardware() mod#=173
12-31 18:00:25.821   968  1119 V LynxAnalogInputController: initializeHardware() mod#=173
12-31 18:00:25.822   968  1119 V LynxDigitalChannelController: initializeHardware() mod#=173
12-31 18:00:25.838   968  1119 V RobotCore: Creating user sensor REV internal IMU (BNO055) - on Lynx module=173 bus=0
12-31 18:00:25.838   968  1119 V RobotCore: Creating I2cDeviceSynch (Lynx) - mod=173 bus=0
12-31 18:00:25.838   968  1119 I RobotCore: LynxFirmwareVersionManager: LynxI2cDeviceSynchV2
12-31 18:00:25.839   968  1119 V LynxI2cDeviceSynch: initializeHardware() mod#=173
12-31 18:00:25.842   968  1119 V RobotCore: Creating user sensor REV 2M Distance Sensor - on Lynx module=173 bus=1
12-31 18:00:25.842   968  1119 V RobotCore: Creating I2cDeviceSynch (Lynx) - mod=173 bus=1
12-31 18:00:25.842   968  1119 I RobotCore: LynxFirmwareVersionManager: LynxI2cDeviceSynchV2
12-31 18:00:25.842   968  1119 V LynxI2cDeviceSynch: initializeHardware() mod#=173
12-31 18:00:25.843   968  1119 V RobotCore: Creating user sensor REV Color Sensor V3 - on Lynx module=173 bus=2
12-31 18:00:25.843   968  1119 I RobotCore: LynxFirmwareVersionManager: LynxI2cDeviceSynchV2
12-31 18:00:25.844   968  1119 V LynxI2cDeviceSynch: initializeHardware() mod#=173
12-31 18:00:25.845   968  1119 I I2C     : Automatically initializing I2C device RevColorSensorV3 USB (embedded); module 173; bus 2; addr7=0x00
12-31 18:00:25.846   968  1119 V BroadcomColorSensorImpl: internalInitialize()...
12-31 18:00:25.854   968  1119 V BroadcomColorSensorImpl: state: 00 36 08 05 22 01 c2 
12-31 18:00:25.855   968  1119 V BroadcomColorSensorImpl: setGain(0x01)
12-31 18:00:25.859   968  1119 V BroadcomColorSensorImpl: setLEDParameters(0x37)
12-31 18:00:25.863   968  1119 V BroadcomColorSensorImpl: setProximityPulseCount(0x20)
12-31 18:00:25.867   968  1119 V BroadcomColorSensorImpl: setPSMeasRate(0x1d)
12-31 18:00:25.871   968  1119 V BroadcomColorSensorImpl: setLSMeasRate(0x42)
12-31 18:00:25.879   968  1119 V BroadcomColorSensorImpl: enable() enabled=0x00...
12-31 18:00:25.886   968  1119 V BroadcomColorSensorImpl: ...enable() enabled=0x07
12-31 18:00:25.891   968  1119 V BroadcomColorSensorImpl: state: 07 37 20 1d 42 01 c2 
12-31 18:00:25.891   968  1119 V BroadcomColorSensorImpl: ...internalInitialize()
12-31 18:00:25.892   968  1119 V LynxMotor: initializeHardware() mod#=2
12-31 18:00:25.947   968  1119 V RobotCore: DcMotorImpl(type=goBILDA5202SeriesMotor)
12-31 18:00:25.947   968  1119 V RobotCore: DcMotorImpl(type=goBILDA5202SeriesMotor)
12-31 18:00:25.948   968  1119 V LynxServoController: initializeHardware() mod#=2
12-31 18:00:25.992   968  1119 V LynxVoltageSensor: initializeHardware() mod#=2
12-31 18:00:25.992   968  1119 V LynxAnalogInputController: initializeHardware() mod#=2
12-31 18:00:25.994   968  1119 V LynxDigitalChannelController: initializeHardware() mod#=2
12-31 18:00:26.025   968  1119 I RobotCore: ========= Device Information ===================================================
12-31 18:00:26.025   968  1119 I RobotCore: Type                                               Name                           Connection
12-31 18:00:26.027   968  1119 I RobotCore: Motor                                              LeftSlider                     USB (embedded); module 2; port 1
12-31 18:00:26.028   968  1119 I RobotCore: Rev Color Sensor v3                                ColorSensor                    USB (embedded); module 173; bus 2; addr7=0x52
12-31 18:00:26.029   968  1119 I RobotCore: Motor                                              RightSlider                    USB (embedded); module 2; port 0
12-31 18:00:26.030   968  1119 I RobotCore: REV Robotics USB Expansion Hub Portal              Control Hub Portal             USB (embedded)
12-31 18:00:26.031   968  1119 I RobotCore: Motor                                              FrontLeft                      USB (embedded); module 173; port 0
12-31 18:00:26.032   968  1119 I RobotCore: Motor                                              BackRight                      USB (embedded); module 173; port 3
12-31 18:00:26.033   968  1119 I RobotCore: Expansion Hub DC Motor Controller                  Expansion Hub 2                USB (embedded); module 2
12-31 18:00:26.034   968  1119 I RobotCore: Expansion Hub Servo Controller                     Expansion Hub 2                USB (embedded); module 2
12-31 18:00:26.035   968  1119 I RobotCore: Expansion Hub Voltage Sensor                       Expansion Hub 2                USB (embedded); module 2
12-31 18:00:26.036   968  1119 I RobotCore: Expansion Hub Analog Input Controller              Expansion Hub 2                USB (embedded); module 2
12-31 18:00:26.037   968  1119 I RobotCore: Expansion Hub Digital Channel Controller           Expansion Hub 2                USB (embedded); module 2
12-31 18:00:26.044   968  1119 I RobotCore: Expansion Hub (HW: 20, Maj: 1, Min: 8, Eng: 2)     Expansion Hub 2                USB (embedded); module 2
12-31 18:00:26.045   968  1119 I RobotCore: REV 2M ToF Distance Sensor                         DistanceSensor                 USB (embedded); module 173; bus 1; addr7=0x29
12-31 18:00:26.046   968  1119 I RobotCore: REV internal IMU (BNO055)                          imu                            USB (embedded); module 173; bus 0; addr7=0x00
12-31 18:00:26.047   968  1119 I RobotCore: Expansion Hub DC Motor Controller                  Control Hub                    USB (embedded); module 173
12-31 18:00:26.048   968  1119 I RobotCore: Expansion Hub Servo Controller                     Control Hub                    USB (embedded); module 173
12-31 18:00:26.049   968  1119 I RobotCore: Expansion Hub Voltage Sensor                       Control Hub                    USB (embedded); module 173
12-31 18:00:26.050   968  1119 I RobotCore: Expansion Hub Analog Input Controller              Control Hub                    USB (embedded); module 173
12-31 18:00:26.051   968  1119 I RobotCore: Expansion Hub Digital Channel Controller           Control Hub                    USB (embedded); module 173
12-31 18:00:26.058   968  1119 I RobotCore: Expansion Hub (HW: 20, Maj: 1, Min: 8, Eng: 2)     Control Hub                    USB (embedded); module 173
12-31 18:00:26.058   968  1119 I RobotCore: Servo                                              ClawServo                      USB (embedded); module 173; port 0
12-31 18:00:26.059   968  1119 I RobotCore: Motor                                              FrontRight                     USB (embedded); module 173; port 1
12-31 18:00:26.060   968  1119 I RobotCore: Motor                                              BackLeft                       USB (embedded); module 173; port 2
12-31 18:00:26.061   968  1119 I RobotCore: Servo                                              ArmServo                       USB (embedded); module 173; port 1
12-31 18:00:26.065   968  1119 I RobotCore: LynxFirmwareVersionManager: LynxI2cDeviceSynchV2
12-31 18:00:26.066   968  1119 V LynxI2cDeviceSynch: initializeHardware() mod#=173
12-31 18:00:26.066   968  1119 V BNO055  : Suppressing I2C warnings while we check for a BNO055 IMU
12-31 18:00:26.071   968  1119 V BNO055  : Found BNO055 IMU
12-31 18:00:26.077   968  1119 I RobotCore: LynxFirmwareVersionManager: LynxI2cDeviceSynchV2
12-31 18:00:26.078   968  1119 V LynxI2cDeviceSynch: initializeHardware() mod#=2
12-31 18:00:26.078   968  1119 V BNO055  : Suppressing I2C warnings while we check for a BNO055 IMU
12-31 18:00:26.085   968  1119 V BNO055  : Found BNO055 IMU
12-31 18:00:26.097   968  1119 V LynxUsb : 0x06a630ef on 0x049d9ed0: releasing delegate to [(embedded)]
12-31 18:00:26.097   968  1119 I FtcEventLoop: ======= INIT FINISH =======
12-31 18:00:26.097   968  1119 V RobotCore: EventLoopManager state is RUNNING
12-31 18:00:26.119   968  1119 V RobotCore: Robot Status: running, starting robot
12-31 18:00:26.119   968  1119 V RobotCore: Robot Status: running
12-31 18:00:26.123   968  1171 V RobotCore: thread: 'opmode loop()' starting...
12-31 18:00:26.124   968  1119 D FTCService: Detecting Wi-Fi reset
12-31 18:00:26.125   968  1119 D RobotControllerAccessPointAssistant: detectWifiReset button=false
12-31 18:00:26.127   968  1119 V RobotCore: thread: ...terminating 'RobotSetupRunnable.run()'
12-31 18:00:26.130   968  1171 D RobotCore: system telemetry: key=$System$None$ msg=""
12-31 18:00:26.276   968  1170 V SoundInfo: construct(0x072e8203)
12-31 18:00:26.319   968  1169 E WVMExtractor: Failed to open libwvm.so: dlopen failed: "/system/vendor/lib64/libwvm.so" is 32-bit instead of 64-bit
12-31 18:00:26.350   968  1169 I MediaCodec: callingProcessName:com.qualcomm.ftcrobotcontroller
12-31 18:00:26.354   968  1178 I ACodec  : onAllocateComponent:6752 mSoftCodecPref:0 componentName:
12-31 18:00:26.355   968  1178 I ACodec  : onAllocateComponent:6783 mSoftCodecPref:0 componentName:OMX.google.raw.decoder
12-31 18:00:26.415   968  1062 D SoundPlayer: onLoadComplete(samp=1|ms=4506, samp=1)=0
12-31 18:00:26.425   968  1170 W AudioTrack: AUDIO_OUTPUT_FLAG_FAST denied by client; transfer 4, track 48000 Hz, output 44100 Hz
12-31 18:00:26.601   968  1170 D SoundPlayer: playing volume=0.000000 samp=1|ms=4506
12-31 18:00:26.638   968  1171 I RobotCore: Attempting to switch to op mode $Stop$Robot$
12-31 18:19:10.293   968  1118 V FtcWebSocket: Opening websocket (ip=192.168.43.107/192.168.43.107 port=8081)
12-31 18:19:10.379   968  1118 V WebSocketManager: Subscribed websocket (ip=192.168.43.107/192.168.43.107 port=8081) to namespace (progress)
12-31 18:19:10.382   968  1118 V WebSocketManager: Subscribed websocket (ip=192.168.43.107/192.168.43.107 port=8081) to namespace (ControlHubUpdater)
12-31 18:19:12.562   968  1231 I RobotCore: password
12-31 18:19:12.610   968  1229 V ProgrammingModeManager: serve uri=/css/colors.less
12-31 18:19:13.029   968  1232 I RobotCore: password
12-31 18:19:13.308   968  1236 V ProgrammingModeManager: serve uri=/css/colors.less
12-31 18:19:14.904   968  1236 I RobotCore: password
12-31 18:19:24.192   968  1256 V SessionCookie: added SessionCookie: cookie=9a219b86-ca89-4cf8-b11e-e89aea81fb70 uri='/ping'
12-31 18:19:24.192   968  1256 E SessionCookie: session cookie unexpectedly null uri=/ping
12-31 18:19:24.193   968  1256 V ConnectedHttpDevice: cookie absent: using ip=192.168.43.107
12-31 18:19:24.769   968  1305 V SessionCookie: added SessionCookie: cookie=ffbc92af-28f9-4147-bf60-5c77d6004b0c uri='/js/rcInfo.json'
12-31 18:19:24.769   968  1305 I RobotCore: password
12-31 18:19:24.779   968  1307 V SessionCookie: added SessionCookie: cookie=0c842d50-8527-4e3b-84d7-92b6e2ea2e52 uri='/js/rcInfo.json'
12-31 18:19:24.780   968  1307 I RobotCore: password
12-31 18:19:24.793   968  1309 V SessionCookie: added SessionCookie: cookie=9bc5f15e-510f-4d3f-ae6e-80e4b134dbda uri='/revHubsAvailableForUpdate'
12-31 18:19:24.795   968  1309 V Robocol : locally injecting CMD_GET_USB_ACCESSIBLE_LYNX_MODULES
12-31 18:19:24.803   968  1311 V FtcEventLoop: getUSBAccessibleLynxDevices(includeModuleAddresses=true)...
12-31 18:19:24.805   968  1314 V FtcConfigTag: scanning USB bus...
12-31 18:19:24.807   968  1312 V SessionCookie: added SessionCookie: cookie=697ae4d4-7c3a-40a2-9225-ed3c05b49fb4 uri='/revHubsAvailableForUpdate'
12-31 18:19:24.808   968  1312 V Robocol : locally injecting CMD_GET_USB_ACCESSIBLE_LYNX_MODULES
12-31 18:19:24.809   968  1314 V FtDeviceManager: createDeviceInfoList(): 0 USB devices
12-31 18:19:24.809   968  1314 V USBScan : device count=1
12-31 18:19:24.811   968  1315 V USBScan : opening (embedded)...
12-31 18:19:24.812   968  1315 V RobotUsbManagerCombining: FTDI driver failed to open USB device with serial number (embedded) (returned null device)
12-31 18:19:24.813   968  1315 V RobotUsbManagerCombining: (embedded) is already open: unable to open second time
12-31 18:19:24.814   968  1315 V USBScan : RobotCoreException(Unable to open USB device (embedded): Combiner unable to open device with serialNumber = (embedded)) exception while opening (embedded)
12-31 18:19:24.814   968  1315 V USBScan : ... done opening (embedded)
12-31 18:19:24.815   968  1314 V USBScan : added extant device (embedded) type=LYNX_USB_DEVICE
12-31 18:19:24.817   968  1314 V CameraManager: construct(hash=0x08ebacca|inst#=0)
12-31 18:19:24.817   968  1316 V FtcEventLoop: getUSBAccessibleLynxDevices(includeModuleAddresses=true)...
12-31 18:19:24.813   968   968 I USBScanManager-: type=1400 audit(0.0:119): avc: denied { read } for name="devices" dev="sysfs" ino=7258 scontext=u:r:untrusted_app:s0:c512,c768 tcontext=u:object_r:sysfs:s0 tclass=dir permissive=1
12-31 18:19:24.813   968   968 I USBScanManager-: type=1400 audit(0.0:120): avc: denied { open } for path="/sys/bus/usb/devices" dev="sysfs" ino=7258 scontext=u:r:untrusted_app:s0:c512,c768 tcontext=u:object_r:sysfs:s0 tclass=dir permissive=1
12-31 18:19:24.818   968  1314 D libusb  : [ 0.000260] [00000522] libusb: debug [op_init] sysfs(/sys/bus/usb/devices) available
12-31 18:19:24.818   968  1314 D libusb  : [ 0.000357] [00000522] libusb: debug [op_init] sysfs can relate devices
12-31 18:19:24.818   968  1314 D libusb  : [ 0.000380] [00000522] libusb: debug [op_init] sysfs has complete descriptors
12-31 18:19:24.818   968  1314 D libusb  : [ 0.000401] [00000522] libusb: debug [op_init] sysfs has serial numbers
12-31 18:19:24.819   968  1314 V UvcContext: construct(pointer=0x7f527d17e0|inst#=0)
12-31 18:19:24.823   968  1314 D UvcContext: usb device is *not* UVC compatible, /dev/bus/usb/003/003
12-31 18:19:24.823   968  1314 V USBScan : scanForUsbDevices() took 17ms count=1
12-31 18:19:24.823   968  1314 V FtcConfigTag: .. scanning complete: [(embedded)]
12-31 18:19:24.824   968  1311 V FtcEventLoop: getUSBAccessibleLynxDevices: found serial=(embedded)
12-31 18:19:24.824   968  1311 V FtcEventLoop: finding module addresses and current firmware versions
12-31 18:19:24.824   968  1311 V FtcEventLoop: getUSBAccessibleLynxDevices: finding module address for usbModule (embedded)
12-31 18:19:24.825   968  1311 V RobotCore: Creating REV Robotics USB Expansion Hub Portal [(embedded)]
12-31 18:19:24.825   968  1316 V FtcEventLoop: getUSBAccessibleLynxDevices: found serial=(embedded)
12-31 18:19:24.825   968  1311 V LynxUsb : using existing [(embedded)]: 0x049d9ed0
12-31 18:19:24.825   968  1316 V FtcEventLoop: finding module addresses and current firmware versions
12-31 18:19:24.825   968  1316 V FtcEventLoop: getUSBAccessibleLynxDevices: finding module address for usbModule (embedded)
12-31 18:19:24.826   968  1311 V LynxUsb : 0x0e4b7958 on 0x049d9ed0: new delegate to [(embedded)]
12-31 18:19:24.826   968  1311 V LynxUsb : lynx discovery beginning...transmitting LynxDiscoveryCommand()...
12-31 18:19:24.826   968  1316 V RobotCore: Creating REV Robotics USB Expansion Hub Portal [(embedded)]
12-31 18:19:24.826   968  1316 V LynxUsb : using existing [(embedded)]: 0x049d9ed0
12-31 18:19:24.827   968  1316 V LynxUsb : 0x072baab1 on 0x049d9ed0: new delegate to [(embedded)]
12-31 18:19:24.827   968  1316 V LynxUsb : lynx discovery beginning...transmitting LynxDiscoveryCommand()...
12-31 18:19:24.828   968  1163 V LynxUsb : onLynxDiscoveryResponseReceived()... module#=173 isParent=true
12-31 18:19:24.829   968  1163 V LynxUsb : discovered lynx module#=173 isParent=true
12-31 18:19:24.829   968  1163 V LynxUsb : ...onLynxDiscoveryResponseReceived()
12-31 18:19:24.831   968  1311 V LynxUsb : discovery waiting 1012ms and 0ns
12-31 18:19:24.832   968  1163 V LynxUsb : onLynxDiscoveryResponseReceived()... module#=173 isParent=true
12-31 18:19:24.832   968  1163 V LynxUsb : ...onLynxDiscoveryResponseReceived()
12-31 18:19:24.832   968  1316 V LynxUsb : discovery waiting 1012ms and 0ns
12-31 18:19:24.832   968  1163 V LynxUsb : onLynxDiscoveryResponseReceived()... module#=2 isParent=false
12-31 18:19:24.833   968  1163 V LynxUsb : discovered lynx module#=2 isParent=false
12-31 18:19:24.833   968  1163 V LynxUsb : ...onLynxDiscoveryResponseReceived()
12-31 18:19:24.836   968  1163 V LynxUsb : onLynxDiscoveryResponseReceived()... module#=2 isParent=false
12-31 18:19:24.836   968  1163 V LynxUsb : ...onLynxDiscoveryResponseReceived()
12-31 18:19:25.265   968  1171 V LynxModule: retransmitting: mod=2 cmd=0x1007 msg#=16 ref#=0 
12-31 18:19:25.367   968  1171 V LynxModule: retransmitting: mod=2 cmd=0x1007 msg#=16 ref#=0 
12-31 18:19:25.414   968  1171 V LynxModule: retransmitting: mod=2 cmd=0x1007 msg#=16 ref#=0 
12-31 18:19:25.417   968  1171 E LynxModule: timeout: abandoning waiting 250ms for response: cmd=LynxGetADCCommand mod=2 msg#=16
12-31 18:19:25.417   968  1171 E LynxModule: Marking module #2 as unresponsive until we receive some data back
12-31 18:19:25.419   968  1171 W RobotCore: Expansion Hub 2 is currently unresponsive.
12-31 18:19:25.425   968  1171 D RobotCore: system telemetry: key=$System$Warning$ msg="Expansion Hub 2 not currently responding to commands."
12-31 18:19:25.545   968  1170 V SoundInfo: construct(0x0d3bfee9)
12-31 18:19:25.593   968  1169 I MediaCodec: callingProcessName:com.qualcomm.ftcrobotcontroller
12-31 18:19:25.595   968  1327 I ACodec  : onAllocateComponent:6752 mSoftCodecPref:0 componentName:
12-31 18:19:25.597   968  1327 I ACodec  : onAllocateComponent:6783 mSoftCodecPref:0 componentName:OMX.google.raw.decoder
12-31 18:19:25.639   968  1062 D SoundPlayer: onLoadComplete(samp=2|ms=2509, samp=2)=0
12-31 18:19:25.641   968  1170 W AudioTrack: AUDIO_OUTPUT_FLAG_FAST denied by client; transfer 4, track 48000 Hz, output 44100 Hz
12-31 18:19:25.648   968  1170 D SoundPlayer: playing volume=0.000000 samp=2|ms=2509
12-31 18:19:25.843   968  1311 V LynxUsb : discovery waiting complete: #modules=2
12-31 18:19:25.844   968  1311 V LynxModule: close(#0)
12-31 18:19:25.845   968  1316 V LynxUsb : discovery waiting complete: #modules=2
12-31 18:19:25.845   968  1316 V LynxModule: close(#0)
12-31 18:19:25.846   968  1311 V LynxUsb : ...lynx discovery completed
12-31 18:19:25.847   968  1311 V FtcEventLoop: assessing LynxModuleMeta(#2,false,ImuType.UNKNOWN)
12-31 18:19:25.847   968  1311 V FtcEventLoop: assessing LynxModuleMeta(#173,true,ImuType.UNKNOWN)
12-31 18:19:25.848   968  1316 V LynxUsb : ...lynx discovery completed
12-31 18:19:25.848   968  1316 V FtcEventLoop: assessing LynxModuleMeta(#2,false,ImuType.UNKNOWN)
12-31 18:19:25.849   968  1316 V FtcEventLoop: assessing LynxModuleMeta(#173,true,ImuType.UNKNOWN)
12-31 18:19:25.850   968  1311 V LynxUsb : addConfiguredModule() module#=173
12-31 18:19:25.851   968  1311 V LynxUsb : addConfiguredModule() module#=173: already exists
12-31 18:19:25.856   968  1311 V LynxUsb : 0x0e4b7958 on 0x049d9ed0: releasing delegate to [(embedded)]
12-31 18:19:25.858   968  1311 V FtcEventLoop: getUSBAccessibleLynxDevices(): 1 modules found
12-31 18:19:25.858   968  1311 V FtcEventLoop: ...getUSBAccessibleLynxDevices()
12-31 18:19:25.858   968  1316 V LynxUsb : addConfiguredModule() module#=173
12-31 18:19:25.858   968  1316 V LynxUsb : addConfiguredModule() module#=173: already exists
12-31 18:19:25.864   968  1316 V LynxUsb : 0x072baab1 on 0x049d9ed0: releasing delegate to [(embedded)]
12-31 18:19:25.865   968  1316 V FtcEventLoop: getUSBAccessibleLynxDevices(): 1 modules found
12-31 18:19:25.865   968  1316 V FtcEventLoop: ...getUSBAccessibleLynxDevices()
12-31 18:19:25.870   968  1316 V Robocol : locally injecting CMD_GET_USB_ACCESSIBLE_LYNX_MODULES_RESP
12-31 18:19:25.869   968  1311 V Robocol : locally injecting CMD_GET_USB_ACCESSIBLE_LYNX_MODULES_RESP
12-31 18:19:25.874   968  1163 V LynxModule: REV Hub #2 has reconnected
12-31 18:19:25.875   968  1163 E LynxModule: unable to find originating command for packetid=0x9007 msg#=19 ref#=17
12-31 18:19:25.886   968  1160 V Robocol : unable to process command CMD_GET_USB_ACCESSIBLE_LYNX_MODULES_RESP callbacks=EventLoopManager
12-31 18:19:25.935   968  1171 D RobotCore: system telemetry: key=$System$None$ msg=""
12-31 18:19:26.173   968  1118 V FtcWebSocket: Opening websocket (ip=192.168.43.107/192.168.43.107 port=8081)
12-31 18:19:26.179   968  1118 V WebSocketManager: Subscribed websocket (ip=192.168.43.107/192.168.43.107 port=8081) to namespace (progress)
12-31 18:19:26.182   968  1118 V WebSocketManager: Subscribed websocket (ip=192.168.43.107/192.168.43.107 port=8081) to namespace (ControlHubUpdater)
12-31 18:19:26.202   968  1118 V FtcWebSocket: Opening websocket (ip=192.168.43.107/192.168.43.107 port=8081)
12-31 18:19:26.208   968  1118 V WebSocketManager: Subscribed websocket (ip=192.168.43.107/192.168.43.107 port=8081) to namespace (progress)
12-31 18:19:26.468   968  1118 V FtcWebSocket: Opening websocket (ip=192.168.43.107/192.168.43.107 port=8081)
12-31 18:19:26.474   968  1118 V WebSocketManager: Subscribed websocket (ip=192.168.43.107/192.168.43.107 port=8081) to namespace (progress)
12-31 18:23:33.524   968  2047 V SessionCookie: added SessionCookie: cookie=3a274481-a7d8-44ce-abfc-c41e562d9b91 uri='/'
12-31 18:23:33.889   968  2053 I RobotCore: password
12-31 18:23:33.941   968  2047 V ProgrammingModeManager: serve uri=/css/colors.less
12-31 18:23:34.283   968  2051 I RobotCore: password
12-31 18:23:34.376   968  2047 V ProgrammingModeManager: serve uri=/css/colors.less
12-31 18:23:37.071   968  2047 I RobotCore: password
12-31 18:24:00.060  2123  2123 I ps      : type=1400 audit(0.0:127): avc: denied { getattr } for path="/proc/1" dev="proc" ino=6738 scontext=u:r:untrusted_app:s0:c512,c768 tcontext=u:r:init:s0 tclass=dir permissive=1
12-31 18:24:00.060  2123  2123 I ps      : type=1400 audit(0.0:128): avc: denied { search } for name="1" dev="proc" ino=6738 scontext=u:r:untrusted_app:s0:c512,c768 tcontext=u:r:init:s0 tclass=dir permissive=1
12-31 18:24:00.060  2123  2123 I ps      : type=1400 audit(0.0:129): avc: denied { read } for name="cmdline" dev="proc" ino=9526 scontext=u:r:untrusted_app:s0:c512,c768 tcontext=u:r:init:s0 tclass=file permissive=1
12-31 18:24:00.060  2123  2123 I ps      : type=1400 audit(0.0:130): avc: denied { open } for path="/proc/1/cmdline" dev="proc" ino=9526 scontext=u:r:untrusted_app:s0:c512,c768 tcontext=u:r:init:s0 tclass=file permissive=1
12-31 18:24:00.060  2123  2123 I ps      : type=1400 audit(0.0:131): avc: denied { getattr } for path="/proc/2" dev="proc" ino=9825 scontext=u:r:untrusted_app:s0:c512,c768 tcontext=u:r:kernel:s0 tclass=dir permissive=1
12-31 18:24:00.060  2123  2123 I ps      : type=1400 audit(0.0:132): avc: denied { search } for name="2" dev="proc" ino=9825 scontext=u:r:untrusted_app:s0:c512,c768 tcontext=u:r:kernel:s0 tclass=dir permissive=1
12-31 18:24:00.060  2123  2123 I ps      : type=1400 audit(0.0:133): avc: denied { read } for name="cmdline" dev="proc" ino=9923 scontext=u:r:untrusted_app:s0:c512,c768 tcontext=u:r:kernel:s0 tclass=file permissive=1
12-31 18:24:00.060  2123  2123 I ps      : type=1400 audit(0.0:134): avc: denied { open } for path="/proc/2/cmdline" dev="proc" ino=9923 scontext=u:r:untrusted_app:s0:c512,c768 tcontext=u:r:kernel:s0 tclass=file permissive=1
--------- beginning of main
12-31 18:24:46.353  2317  2317 I ps      : type=1400 audit(0.0:136): avc: denied { getattr } for path="/proc/1" dev="proc" ino=6738 scontext=u:r:untrusted_app:s0:c512,c768 tcontext=u:r:init:s0 tclass=dir permissive=1
12-31 18:24:46.353  2317  2317 I ps      : type=1400 audit(0.0:137): avc: denied { search } for name="1" dev="proc" ino=6738 scontext=u:r:untrusted_app:s0:c512,c768 tcontext=u:r:init:s0 tclass=dir permissive=1
12-31 18:24:46.353  2317  2317 I ps      : type=1400 audit(0.0:138): avc: denied { read } for name="cmdline" dev="proc" ino=9526 scontext=u:r:untrusted_app:s0:c512,c768 tcontext=u:r:init:s0 tclass=file permissive=1
12-31 18:24:46.353  2317  2317 I ps      : type=1400 audit(0.0:139): avc: denied { open } for path="/proc/1/cmdline" dev="proc" ino=9526 scontext=u:r:untrusted_app:s0:c512,c768 tcontext=u:r:init:s0 tclass=file permissive=1
12-31 18:24:46.356  2317  2317 I ps      : type=1400 audit(0.0:140): avc: denied { read } for name="cmdline" dev="proc" ino=9923 scontext=u:r:untrusted_app:s0:c512,c768 tcontext=u:r:kernel:s0 tclass=file permissive=1
12-31 18:24:46.356  2317  2317 I ps      : type=1400 audit(0.0:141): avc: denied { open } for path="/proc/2/cmdline" dev="proc" ino=9923 scontext=u:r:untrusted_app:s0:c512,c768 tcontext=u:r:kernel:s0 tclass=file permissive=1
12-31 18:24:52.396  2367  2367 I ps      : type=1400 audit(0.0:145): avc: denied { getattr } for path="/proc/1" dev="proc" ino=6738 scontext=u:r:untrusted_app:s0:c512,c768 tcontext=u:r:init:s0 tclass=dir permissive=1
12-31 18:24:52.396  2367  2367 I ps      : type=1400 audit(0.0:146): avc: denied { search } for name="1" dev="proc" ino=6738 scontext=u:r:untrusted_app:s0:c512,c768 tcontext=u:r:init:s0 tclass=dir permissive=1
12-31 18:24:52.396  2367  2367 I ps      : type=1400 audit(0.0:147): avc: denied { read } for name="cmdline" dev="proc" ino=9526 scontext=u:r:untrusted_app:s0:c512,c768 tcontext=u:r:init:s0 tclass=file permissive=1
12-31 18:24:52.396  2367  2367 I ps      : type=1400 audit(0.0:148): avc: denied { open } for path="/proc/1/cmdline" dev="proc" ino=9526 scontext=u:r:untrusted_app:s0:c512,c768 tcontext=u:r:init:s0 tclass=file permissive=1
12-31 18:24:52.400  2367  2367 I ps      : type=1400 audit(0.0:149): avc: denied { getattr } for path="/proc/2" dev="proc" ino=9825 scontext=u:r:untrusted_app:s0:c512,c768 tcontext=u:r:kernel:s0 tclass=dir permissive=1
12-31 18:24:52.400  2367  2367 I ps      : type=1400 audit(0.0:150): avc: denied { search } for name="2" dev="proc" ino=9825 scontext=u:r:untrusted_app:s0:c512,c768 tcontext=u:r:kernel:s0 tclass=dir permissive=1
12-31 18:24:52.400  2367  2367 I ps      : type=1400 audit(0.0:151): avc: denied { read } for name="cmdline" dev="proc" ino=9923 scontext=u:r:untrusted_app:s0:c512,c768 tcontext=u:r:kernel:s0 tclass=file permissive=1
12-31 18:24:52.400  2367  2367 I ps      : type=1400 audit(0.0:152): avc: denied { open } for path="/proc/2/cmdline" dev="proc" ino=9923 scontext=u:r:untrusted_app:s0:c512,c768 tcontext=u:r:kernel:s0 tclass=file permissive=1
12-31 18:24:52.581  2372  2372 D Uvc     : [jni.cpp:72] JNI_OnLoad()...
12-31 18:24:52.581  2372  2372 D Uvc     : [JniEnv.h:32] ScopedJniEnv::onJniLoad()...
12-31 18:24:52.581  2372  2372 D Uvc     : [JniEnv.h:32] ...ScopedJniEnv::onJniLoad()
12-31 18:24:52.581  2372  2372 D Uvc     : [jni.cpp:72] ...JNI_OnLoad()
12-31 18:24:52.589  2372  2372 V AppUtil : initializing: getExternalStorageDirectory()=/storage/emulated/0
12-31 18:24:52.592  2372  2372 I AppUtil : found usbFileSystemRoot: /dev/bus/usb
12-31 18:24:52.593  2372  2372 I robotcontroller: type=1400 audit(0.0:153): avc: denied { read } for name="direction" dev="sysfs" ino=16323 scontext=u:r:untrusted_app:s0:c512,c768 tcontext=u:object_r:sysfs:s0 tclass=file permissive=1
12-31 18:24:52.593  2372  2372 I robotcontroller: type=1400 audit(0.0:154): avc: denied { open } for path="/sys/devices/pinctrl.26/gpio/gpio50/direction" dev="sysfs" ino=16323 scontext=u:r:untrusted_app:s0:c512,c768 tcontext=u:object_r:sysfs:s0 tclass=file permissive=1
12-31 18:24:52.593  2372  2372 I robotcontroller: type=1400 audit(0.0:155): avc: denied { getattr } for path="/sys/devices/pinctrl.26/gpio/gpio50/direction" dev="sysfs" ino=16323 scontext=u:r:untrusted_app:s0:c512,c768 tcontext=u:object_r:sysfs:s0 tclass=file permissive=1
12-31 18:24:52.593  2372  2372 I robotcontroller: type=1400 audit(0.0:156): avc: denied { write } for name="value" dev="sysfs" ino=13327 scontext=u:r:untrusted_app:s0:c512,c768 tcontext=u:object_r:sysfs:s0 tclass=file permissive=1
12-31 18:24:52.604  2372  2372 I AppAliveNotifier: Telling the OS to set the RC alive notification timeout to 20 seconds
12-31 18:24:52.610  2372  2389 V RobotCore: saving logcat to /storage/emulated/0/robotControllerLog.txt
12-31 18:24:52.610  2372  2389 V RobotCore: logging command line: exec logcat -f /storage/emulated/0/robotControllerLog.txt -r4096 -n4 -v threadtime UsbRequestJNI:S UsbRequest:S art:W ThreadPool:W System:W ExtendedExtractor:W OMXClient:W MediaPlayer:W dalvikvm:W  *:V
12-31 18:24:52.622  2372  2372 V AppUtil : rootActivity=PermissionValidatorWrapper
12-31 18:24:52.622  2372  2372 I PermissionValidatorActivity: Lifecycle onCreate : 89d17b7
12-31 18:24:52.646  2372  2389 I RobotCore: Done running ps
12-31 18:24:52.656  2392  2392 I sh      : type=1400 audit(0.0:157): avc: denied { read } for name="/" dev="rootfs" ino=1 scontext=u:r:untrusted_app:s0:c512,c768 tcontext=u:object_r:rootfs:s0 tclass=dir permissive=1
12-31 18:24:52.656  2392  2392 I sh      : type=1400 audit(0.0:158): avc: denied { open } for path="/" dev="rootfs" ino=1 scontext=u:r:untrusted_app:s0:c512,c768 tcontext=u:object_r:rootfs:s0 tclass=dir permissive=1
12-31 18:24:52.705  2372  2372 I PermissionValidatorActivity: Lifecycle onStart : 89d17b7
12-31 18:24:52.707  2372  2372 I PermissionValidator: Checking permission for android.permission.WRITE_EXTERNAL_STORAGE
12-31 18:24:52.714  2372  2372 I PermissionValidator:     Granted: android.permission.WRITE_EXTERNAL_STORAGE
12-31 18:24:52.714  2372  2372 I PermissionValidator: Checking permission for android.permission.READ_EXTERNAL_STORAGE
12-31 18:24:52.715  2372  2372 I PermissionValidator:     Granted: android.permission.READ_EXTERNAL_STORAGE
12-31 18:24:52.715  2372  2372 I PermissionValidator: Checking permission for android.permission.CAMERA
12-31 18:24:52.716  2372  2372 I PermissionValidator:     Granted: android.permission.CAMERA
12-31 18:24:52.716  2372  2372 I PermissionValidator: Checking permission for android.permission.ACCESS_COARSE_LOCATION
12-31 18:24:52.717  2372  2372 I PermissionValidator:     Granted: android.permission.ACCESS_COARSE_LOCATION
12-31 18:24:52.717  2372  2372 I PermissionValidator: Checking permission for android.permission.ACCESS_FINE_LOCATION
12-31 18:24:52.718  2372  2372 I PermissionValidator:     Granted: android.permission.ACCESS_FINE_LOCATION
12-31 18:24:52.718  2372  2372 I PermissionValidator: Checking permission for android.permission.READ_PHONE_STATE
12-31 18:24:52.719  2372  2372 I PermissionValidator:     Granted: android.permission.READ_PHONE_STATE
12-31 18:24:52.722  2372  2372 V ServiceStarter: attempting to start service MediaTransferProtocolMonitorService
12-31 18:24:52.725  2372  2372 V ServiceStarter: started service MediaTransferProtocolMonitorService
12-31 18:24:52.725  2372  2372 V ServiceStarter: attempting to start service OnBotJavaService
12-31 18:24:52.728  2372  2372 V ServiceStarter: started service OnBotJavaService
12-31 18:24:52.729  2372  2372 I PermissionValidatorActivity: All permissions validated.  Starting RobotController
12-31 18:24:52.740  2372  2372 V MTPMonitorService: onCreate()
12-31 18:24:52.741  2372  2372 V MTPMonitorService: onStartCommand() intent=Intent { cmp=com.qualcomm.ftcrobotcontroller/org.firstinspires.ftc.robotcore.internal.files.MediaTransferProtocolMonitorService } flags=0x0 startId=1
12-31 18:24:52.745  2372  2372 V MTPMonitor: observing: /storage/emulated/0
12-31 18:24:52.817  2372  2372 V OnBotJavaService: onCreate()
12-31 18:24:52.818  2372  2372 V OnBotJavaService: onStartCommand() intent=Intent { cmp=com.qualcomm.ftcrobotcontroller/org.firstinspires.ftc.onbotjava.OnBotJavaService } flags=0x0 startId=1
12-31 18:24:52.819  2372  2372 V OnBotJava: OnBotJavaManager::static
--------- beginning of main
12-31 18:24:53.140  2405  2405 D Uvc     : [jni.cpp:72] JNI_OnLoad()...
12-31 18:24:53.140  2405  2405 D Uvc     : [JniEnv.h:32] ScopedJniEnv::onJniLoad()...
12-31 18:24:53.140  2405  2405 D Uvc     : [JniEnv.h:32] ...ScopedJniEnv::onJniLoad()
12-31 18:24:53.140  2405  2405 D Uvc     : [jni.cpp:72] ...JNI_OnLoad()
12-31 18:24:53.148  2405  2405 V AppUtil : initializing: getExternalStorageDirectory()=/storage/emulated/0
12-31 18:24:53.154  2405  2405 I AppUtil : found usbFileSystemRoot: /dev/bus/usb
12-31 18:24:53.168  2405  2405 I AppAliveNotifier: Telling the OS to set the RC alive notification timeout to 20 seconds
12-31 18:24:53.180  2405  2424 V RobotCore: saving logcat to /storage/emulated/0/robotControllerLog.txt
12-31 18:24:53.180  2405  2424 V RobotCore: logging command line: exec logcat -f /storage/emulated/0/robotControllerLog.txt -r4096 -n4 -v threadtime UsbRequestJNI:S UsbRequest:S art:W ThreadPool:W System:W ExtendedExtractor:W OMXClient:W MediaPlayer:W dalvikvm:W  *:V
12-31 18:24:53.210  2405  2424 I RobotCore: Done running ps
12-31 18:24:53.951  2405  2405 V AppUtil : rootActivity=PermissionValidatorWrapper
12-31 18:24:53.951  2405  2405 I PermissionValidatorActivity: Lifecycle onCreate : 6a70b24
12-31 18:24:54.036  2405  2405 I PermissionValidatorActivity: Lifecycle onStart : 6a70b24
12-31 18:24:54.037  2405  2405 I PermissionValidator: Checking permission for android.permission.WRITE_EXTERNAL_STORAGE
12-31 18:24:54.043  2405  2405 I PermissionValidator:     Granted: android.permission.WRITE_EXTERNAL_STORAGE
12-31 18:24:54.043  2405  2405 I PermissionValidator: Checking permission for android.permission.READ_EXTERNAL_STORAGE
12-31 18:24:54.044  2405  2405 I PermissionValidator:     Granted: android.permission.READ_EXTERNAL_STORAGE
12-31 18:24:54.044  2405  2405 I PermissionValidator: Checking permission for android.permission.CAMERA
12-31 18:24:54.045  2405  2405 I PermissionValidator:     Granted: android.permission.CAMERA
12-31 18:24:54.045  2405  2405 I PermissionValidator: Checking permission for android.permission.ACCESS_COARSE_LOCATION
12-31 18:24:54.046  2405  2405 I PermissionValidator:     Granted: android.permission.ACCESS_COARSE_LOCATION
12-31 18:24:54.046  2405  2405 I PermissionValidator: Checking permission for android.permission.ACCESS_FINE_LOCATION
12-31 18:24:54.047  2405  2405 I PermissionValidator:     Granted: android.permission.ACCESS_FINE_LOCATION
12-31 18:24:54.047  2405  2405 I PermissionValidator: Checking permission for android.permission.READ_PHONE_STATE
12-31 18:24:54.048  2405  2405 I PermissionValidator:     Granted: android.permission.READ_PHONE_STATE
12-31 18:24:54.052  2405  2405 V ServiceStarter: attempting to start service MediaTransferProtocolMonitorService
12-31 18:24:54.054  2405  2405 V ServiceStarter: started service MediaTransferProtocolMonitorService
12-31 18:24:54.055  2405  2405 V ServiceStarter: attempting to start service OnBotJavaService
12-31 18:24:54.058  2405  2405 V ServiceStarter: started service OnBotJavaService
12-31 18:24:54.058  2405  2405 I PermissionValidatorActivity: All permissions validated.  Starting RobotController
12-31 18:24:54.071  2405  2405 V MTPMonitorService: onCreate()
12-31 18:24:54.071  2405  2405 V MTPMonitorService: onStartCommand() intent=Intent { cmp=com.qualcomm.ftcrobotcontroller/org.firstinspires.ftc.robotcore.internal.files.MediaTransferProtocolMonitorService } flags=0x0 startId=1
12-31 18:24:54.075  2405  2405 V MTPMonitor: observing: /storage/emulated/0
12-31 18:24:54.131  2405  2405 V OnBotJavaService: onCreate()
12-31 18:24:54.132  2405  2405 V OnBotJavaService: onStartCommand() intent=Intent { cmp=com.qualcomm.ftcrobotcontroller/org.firstinspires.ftc.onbotjava.OnBotJavaService } flags=0x0 startId=1
12-31 18:24:54.133  2405  2405 V OnBotJava: OnBotJavaManager::static
12-31 18:24:54.591  2405  2405 V OnBotJava: ctor()...
12-31 18:24:54.593  2405  2405 V OnBotJava: ...ctor()
12-31 18:24:54.598  2405  2405 V RCActivity: Permissions validated already
12-31 18:24:54.598  2405  2405 V RCActivity: onCreate()
12-31 18:24:54.600  2405  2405 V RCActivity: rootActivity is of class PermissionValidatorWrapper
12-31 18:24:54.603  2405  2405 V RCActivity: launchActivity is of class class org.firstinspires.ftc.robotcontroller.internal.PermissionValidatorWrapper
12-31 18:24:54.610  2405  2451 V CallbackLooper: thread=104
12-31 18:24:54.615  2405  2405 V NetDiscover_wifiDirectAgent: doStart()...
12-31 18:24:54.619  2405  2405 V NetDiscover_wifiDirectAgent: ...doStart()
12-31 18:24:54.620  2405  2405 V NetDiscover_prefremrc: ----- all preferences -----
12-31 18:24:54.620  2405  2405 V NetDiscover_prefremrc: name='android.permission.READ_PHONE_STATE' value=false
12-31 18:24:54.620  2405  2405 V NetDiscover_prefremrc: name='pref_autostarted_robot_controller' value=true
12-31 18:24:54.620  2405  2405 V NetDiscover_prefremrc: name='pref_warn_about_obsolete_software' value=true
12-31 18:24:54.621  2405  2405 V NetDiscover_prefremrc: name='pref_has_independent_phone_battery' value=false
12-31 18:24:54.621  2405  2405 V NetDiscover_prefremrc: name='android.permission.CAMERA' value=false
12-31 18:24:54.621  2405  2405 V NetDiscover_prefremrc: name='pref_wifip2p_remote_channel_change_works' value=false
12-31 18:24:54.621  2405  2405 V NetDiscover_prefremrc: name='pref_hardware_config_filename' value={"isDirty":false,"location":"LOCAL_STORAGE","name":"Error418Test6dcColor","resourceId":0}
12-31 18:24:54.621  2405  2405 V NetDiscover_prefremrc: name='pref_sound_on_off' value=false
12-31 18:24:54.621  2405  2405 V NetDiscover_prefremrc: name='pref_warn_about_mismatched_app_versions' value=true
12-31 18:24:54.621  2405  2405 V NetDiscover_prefremrc: name='pref_ftc_season_year_of_current_rc_new' value=2022
12-31 18:24:54.621  2405  2405 V NetDiscover_prefremrc: name='App Restrictions' value=AAAAAA==
12-31 18:24:54.621  2405  2405 V NetDiscover_prefremrc:     
12-31 18:24:54.622  2405  2405 V NetDiscover_prefremrc: name='pref_warn_about_incorrect_clocks' value=true
12-31 18:24:54.622  2405  2405 V NetDiscover_prefremrc: name='pref_has_speaker' value=false
12-31 18:24:54.622  2405  2405 V NetDiscover_prefremrc: name='pref_ftc_season_year_of_current_rc' value=2022
12-31 18:24:54.622  2405  2405 V NetDiscover_prefremrc: name='android.permission.ACCESS_COARSE_LOCATION' value=false
12-31 18:24:54.622  2405  2405 V NetDiscover_prefremrc: name='android.permission.WRITE_EXTERNAL_STORAGE' value=false
