11-09 16:29:42.846  5270  5417 I ACodec  : onAllocateComponent:6752 mSoftCodecPref:0 componentName:
11-09 16:29:42.847  5270  5417 I ACodec  : onAllocateComponent:6783 mSoftCodecPref:0 componentName:OMX.google.raw.decoder
11-09 16:29:42.852  5270  5351 V LynxVoltageSensor: initializeHardware() mod#=2
11-09 16:29:42.852  5270  5351 V LynxAnalogInputController: initializeHardware() mod#=2
11-09 16:29:42.853  5270  5351 V LynxDigitalChannelController: initializeHardware() mod#=2
11-09 16:29:42.887  5270  5318 D SoundPlayer: onLoadComplete(samp=1|ms=757, samp=1)=0
11-09 16:29:42.887  5270  5351 I RobotCore: ========= Device Information ===================================================
11-09 16:29:42.888  5270  5351 I RobotCore: Type                                               Name                           Connection
11-09 16:29:42.890  5270  5351 I RobotCore: Motor                                              LeftSlider                     USB (embedded); module 2; port 1
11-09 16:29:42.890  5270  5411 W AudioTrack: AUDIO_OUTPUT_FLAG_FAST denied by client; transfer 4, track 48000 Hz, output 44100 Hz
11-09 16:29:42.891  5270  5351 I RobotCore: Rev Color Sensor v3                                ColorSensor                    USB (embedded); module 173; bus 2; addr7=0x52
11-09 16:29:42.893  5270  5351 I RobotCore: Motor                                              RightSlider                    USB (embedded); module 2; port 0
11-09 16:29:42.893  5270  5351 I RobotCore: REV Robotics USB Expansion Hub Portal              Control Hub Portal             USB (embedded)
11-09 16:29:42.894  5270  5351 I RobotCore: Motor                                              FrontLeft                      USB (embedded); module 173; port 0
11-09 16:29:42.895  5270  5351 I RobotCore: Motor                                              BackRight                      USB (embedded); module 173; port 3
11-09 16:29:42.896  5270  5351 I RobotCore: Expansion Hub DC Motor Controller                  Expansion Hub 2                USB (embedded); module 2
11-09 16:29:42.897  5270  5351 I RobotCore: Expansion Hub Servo Controller                     Expansion Hub 2                USB (embedded); module 2
11-09 16:29:42.897  5270  5411 D SoundPlayer: playing volume=0.000000 samp=1|ms=757
11-09 16:29:42.897  5270  5351 I RobotCore: Expansion Hub Voltage Sensor                       Expansion Hub 2                USB (embedded); module 2
11-09 16:29:42.898  5270  5351 I RobotCore: Expansion Hub Analog Input Controller              Expansion Hub 2                USB (embedded); module 2
11-09 16:29:42.899  5270  5351 I RobotCore: Expansion Hub Digital Channel Controller           Expansion Hub 2                USB (embedded); module 2
11-09 16:29:42.904  5270  5351 I RobotCore: Expansion Hub (HW: 20, Maj: 1, Min: 8, Eng: 2)     Expansion Hub 2                USB (embedded); module 2
11-09 16:29:42.905  5270  5351 I RobotCore: REV 2M ToF Distance Sensor                         DistanceSensor                 USB (embedded); module 173; bus 1; addr7=0x29
11-09 16:29:42.905  5270  5351 I RobotCore: REV internal IMU (BNO055)                          imu                            USB (embedded); module 173; bus 0; addr7=0x00
11-09 16:29:42.905  5270  5351 I RobotCore: Expansion Hub DC Motor Controller                  Control Hub                    USB (embedded); module 173
11-09 16:29:42.906  5270  5351 I RobotCore: Expansion Hub Servo Controller                     Control Hub                    USB (embedded); module 173
11-09 16:29:42.906  5270  5351 I RobotCore: Expansion Hub Voltage Sensor                       Control Hub                    USB (embedded); module 173
11-09 16:29:42.906  5270  5351 I RobotCore: Expansion Hub Analog Input Controller              Control Hub                    USB (embedded); module 173
11-09 16:29:42.907  5270  5351 I RobotCore: Expansion Hub Digital Channel Controller           Control Hub                    USB (embedded); module 173
11-09 16:29:42.911  5270  5351 I RobotCore: Expansion Hub (HW: 20, Maj: 1, Min: 8, Eng: 2)     Control Hub                    USB (embedded); module 173
11-09 16:29:42.912  5270  5351 I RobotCore: Servo                                              ClawServo                      USB (embedded); module 173; port 0
11-09 16:29:42.913  5270  5351 I RobotCore: Motor                                              FrontRight                     USB (embedded); module 173; port 1
11-09 16:29:42.914  5270  5351 I RobotCore: Motor                                              BackLeft                       USB (embedded); module 173; port 2
11-09 16:29:42.915  5270  5351 I RobotCore: Servo                                              ArmServo                       USB (embedded); module 173; port 1
11-09 16:29:42.916  5270  5408 V Robocol : sending CMD_PLAY_SOUND(45), attempt: 0
11-09 16:29:42.919  5270  5351 I RobotCore: LynxFirmwareVersionManager: LynxI2cDeviceSynchV2
11-09 16:29:42.920  5270  5351 V LynxI2cDeviceSynch: initializeHardware() mod#=173
11-09 16:29:42.920  5270  5351 V BNO055  : Suppressing I2C warnings while we check for a BNO055 IMU
11-09 16:29:42.925  5270  5351 V BNO055  : Found BNO055 IMU
11-09 16:29:42.931  5270  5351 I RobotCore: LynxFirmwareVersionManager: LynxI2cDeviceSynchV2
11-09 16:29:42.931  5270  5351 V LynxI2cDeviceSynch: initializeHardware() mod#=2
11-09 16:29:42.931  5270  5351 V BNO055  : Suppressing I2C warnings while we check for a BNO055 IMU
11-09 16:29:42.939  5270  5351 V BNO055  : Found BNO055 IMU
11-09 16:29:42.949  5270  5351 V LynxUsb : 0x029edf76 on 0x0fd35e9b: releasing delegate to [(embedded)]
11-09 16:29:42.949  5270  5351 I FtcEventLoop: ======= INIT FINISH =======
11-09 16:29:42.949  5270  5351 V RobotCore: EventLoopManager state is RUNNING
11-09 16:29:42.951  5270  5351 V RobotCore: Robot Status: running, starting robot
11-09 16:29:42.952  5270  5351 V RobotCore: Robot Status: running
11-09 16:29:42.955  5270  5422 V RobotCore: thread: 'opmode loop()' starting...
11-09 16:29:42.955  5270  5351 D FTCService: Detecting Wi-Fi reset
11-09 16:29:42.956  5270  5351 D RobotControllerAccessPointAssistant: detectWifiReset button=false
11-09 16:29:42.956  5270  5408 V Robocol : sending CMD_NOTIFY_ROBOT_STATE(7), attempt: 1
11-09 16:29:42.957  5270  5408 V Robocol : sending CMD_NOTIFY_ROBOT_STATE(8), attempt: 1
11-09 16:29:42.957  5270  5351 V RobotCore: thread: ...terminating 'RobotSetupRunnable.run()'
11-09 16:29:42.958  5270  5408 V Robocol : sending CMD_NOTIFY_ROBOT_STATE(9), attempt: 1
11-09 16:29:42.960  5270  5408 V Robocol : sending CMD_NOTIFY_ACTIVE_CONFIGURATION(11), attempt: 1
11-09 16:29:42.963  5270  5408 V Robocol : sending CMD_NOTIFY_USER_DEVICE_LIST(12), attempt: 1
11-09 16:29:42.968  5270  5408 V Robocol : sending CMD_NOTIFY_OP_MODE_LIST(13), attempt: 1
11-09 16:29:42.970  5270  5408 V Robocol : sending CMD_NOTIFY_ROBOT_STATE(49), attempt: 0
11-09 16:29:42.970  5270  5408 V Robocol : sending CMD_SHOW_TOAST(50), attempt: 0
11-09 16:29:42.996  5270  5408 V Robocol : sending CMD_NOTIFY_ACTIVE_CONFIGURATION(52), attempt: 0
11-09 16:29:43.037  5270  5408 V Robocol : sending CMD_NOTIFY_USER_DEVICE_LIST(59), attempt: 0
11-09 16:29:43.039  5270  5408 V Robocol : sending CMD_NOTIFY_OP_MODE_LIST(67), attempt: 0
11-09 16:29:43.045  5270  5411 V SoundInfo: construct(0x0375083d)
11-09 16:29:43.092  5270  5410 I MediaCodec: callingProcessName:com.qualcomm.ftcrobotcontroller
11-09 16:29:43.094  5270  5427 I ACodec  : onAllocateComponent:6752 mSoftCodecPref:0 componentName:
11-09 16:29:43.096  5270  5427 I ACodec  : onAllocateComponent:6783 mSoftCodecPref:0 componentName:OMX.google.raw.decoder
11-09 16:29:43.144  5270  5318 D SoundPlayer: onLoadComplete(samp=2|ms=4506, samp=2)=0
11-09 16:29:43.475  5270  5422 I RobotCore: Attempting to switch to op mode $Stop$Robot$
11-09 16:29:43.517  5270  5408 V Robocol : sending CMD_NOTIFY_INIT_OP_MODE(81), attempt: 0
11-09 16:29:43.647  5270  5430 W AudioTrack: AUDIO_OUTPUT_FLAG_FAST denied by client; transfer 4, track 48000 Hz, output 44100 Hz
11-09 16:29:43.652  5270  5430 D SoundPlayer: playing volume=0.000000 samp=2|ms=4506
11-09 16:29:43.677  5270  5408 V Robocol : sending CMD_PLAY_SOUND(84), attempt: 0
11-09 16:30:42.142  5270  5399 V Robocol : received command: CMD_INIT_OP_MODE(10842) $Stop$Robot$
11-09 16:30:42.159  5270  5422 I RobotCore: Attempting to switch to op mode $Stop$Robot$
11-09 16:30:42.196  5270  5408 V Robocol : sending CMD_NOTIFY_INIT_OP_MODE(879), attempt: 0
11-09 16:30:44.058  5270  5399 V Robocol : received command: CMD_SET_MATCH_NUMBER(10873) 0
11-09 16:30:44.060  5270  5399 V Robocol : received command: CMD_INIT_OP_MODE(10874) AutonomousRight
11-09 16:30:44.083  5270  5400 I RobotCore: ******************** START - OPMODE AutonomousRight ********************
11-09 16:30:44.086  5270  5422 I RobotCore: Attempting to switch to op mode AutonomousRight
11-09 16:30:44.285  5270  5629 V RobotCore: thread: 'LinearOpMode main' starting...
11-09 16:30:44.290  5270  5629 I global  :  RENO - AutonomousRight.runOpMode(AutonomousRight.java:158): Status - Initialized
11-09 16:30:44.291  5270  5629 I I2C     : Automatically initializing I2C device LynxEmbeddedIMU USB (embedded); module 173; bus 0; addr7=0x00
11-09 16:30:44.292  5270  5629 I I2C     : Automatically initializing I2C device Rev2mDistanceSensor USB (embedded); module 173; bus 1; addr7=0x29
11-09 16:30:44.293  5270  5629 D STMicroVL53L0X: : Checking to see if it's really a VL53L0X sensor...
11-09 16:30:44.298  5270  5629 D STMicroVL53L0X: : Reg 0xC0 = ee (should be 0xEE)
11-09 16:30:44.302  5270  5629 D STMicroVL53L0X: : Reg 0xC1 = aa (should be 0xAA)
11-09 16:30:44.309  5270  5629 D STMicroVL53L0X: : Reg 0xC2 = 10 (should be 0x10)
11-09 16:30:44.313  5270  5629 D STMicroVL53L0X: : Reg 0x51 = 0 (should be 0x0099)
11-09 16:30:44.316  5270  5408 V Robocol : sending CMD_NOTIFY_INIT_OP_MODE(918), attempt: 0
11-09 16:30:44.317  5270  5629 D STMicroVL53L0X: : Reg 0x61 = 0 (should be 0x0000)
11-09 16:30:44.346  5270  5629 D STMicroVL53L0X: : initial sig rate lim (MCPS) 0.250000
11-09 16:30:44.354  5270  5629 D STMicroVL53L0X: : adjusted sig rate lim (MCPS) 0.250000
11-09 16:30:44.637  5270  5629 I I2C     : Automatically initializing I2C device RevColorSensorV3 USB (embedded); module 173; bus 2; addr7=0x52
11-09 16:30:44.637  5270  5629 V BroadcomColorSensorImpl: internalInitialize()...
11-09 16:30:44.646  5270  5629 V BroadcomColorSensorImpl: state: 07 37 20 1d 42 01 c2 
11-09 16:30:44.646  5270  5629 V BroadcomColorSensorImpl: setGain(0x01)
11-09 16:30:44.651  5270  5629 V BroadcomColorSensorImpl: setLEDParameters(0x37)
11-09 16:30:44.655  5270  5629 V BroadcomColorSensorImpl: setProximityPulseCount(0x20)
11-09 16:30:44.659  5270  5629 V BroadcomColorSensorImpl: setPSMeasRate(0x1d)
11-09 16:30:44.662  5270  5629 V BroadcomColorSensorImpl: setLSMeasRate(0x42)
11-09 16:30:44.669  5270  5629 V BroadcomColorSensorImpl: enable() enabled=0x07...
11-09 16:30:44.675  5270  5629 V BroadcomColorSensorImpl: ...enable() enabled=0x07
11-09 16:30:44.679  5270  5629 V BroadcomColorSensorImpl: state: 07 37 20 1d 42 01 c2 
11-09 16:30:44.679  5270  5629 V BroadcomColorSensorImpl: ...internalInitialize()
11-09 16:30:44.766  5270  5629 V BNO055  : Suppressing I2C warnings while we check for a BNO055 IMU
11-09 16:30:44.769  5270  5629 V BNO055  : Found BNO055 IMU
11-09 16:30:45.246  5270  5629 V IMU     : Now polling until IMU comes out of reset. It is normal to see I2C failures below
11-09 16:30:45.250  5270  5629 V RobotCore: addr=false data=true arb=false clock=false
11-09 16:30:45.251  5270  5629 E LynxI2cDeviceSynch: readStatusQuery: cbExpected=1 cbRead=0
11-09 16:30:45.251  5270  5629 E LynxI2cDeviceSynch: placeholder: readStatusQuery
11-09 16:30:45.315  5270  5629 V RobotCore: addr=false data=true arb=false clock=false
11-09 16:30:45.316  5270  5629 E LynxI2cDeviceSynch: readStatusQuery: cbExpected=1 cbRead=0
11-09 16:30:45.481  5270  5629 V IMU     : IMU has come out of reset. No more I2C failures should occur.
11-09 16:30:48.338  5270  5399 V Robocol : received command: CMD_RUN_OP_MODE(10924) AutonomousRight
11-09 16:30:48.357  5270  5408 V Robocol : sending CMD_NOTIFY_RUN_OP_MODE(963), attempt: 0
11-09 16:30:49.122  5270  5629 I global  :  RENO - AutonomousRight.readColorSensor(AutonomousRight.java:725): Autonomous - Red: 26, green: 48, blue: 40
11-09 16:30:49.123  5270  5629 I global  :  RENO - AutonomousRight.readColorSensor(AutonomousRight.java:726): Autonomous - Red: 0.23, green: 0.42, blue: 0.35
11-09 16:30:49.124  5270  5629 I global  :  RENO - AutonomousRight.autonomousCore(AutonomousRight.java:583): Autonomous - complete background color read.
11-09 16:30:49.131  5270  5629 I global  :  RENO - AutonomousRight.robotRunToPosition(AutonomousRight.java:327): Autonomous - Target Position = 900
11-09 16:30:49.172  5270  5629 I global  :  RENO - AutonomousRight.robotRunToPosition(AutonomousRight.java:329): Autonomous - reset encoders to zero.
11-09 16:30:49.174  5270  5629 I global  :  RENO - AutonomousRight.robotRunToPosition(AutonomousRight.java:333): Autonomous - PID = 1, power = 0.60
11-09 16:30:49.298  5270  5629 I global  :  RENO - AutonomousRight.robotDriveWithPIDControl(AutonomousRight.java:540): Autonomous -power = 0.60, correction = 0.01, global angle = -0.438
11-09 16:30:49.318  5270  5629 I global  :  RENO - AutonomousRight.robotDriveWithPIDControl(AutonomousRight.java:540): Autonomous -power = 0.60, correction = 0.02, global angle = -0.500
11-09 16:30:49.342  5270  5629 I global  :  RENO - AutonomousRight.robotDriveWithPIDControl(AutonomousRight.java:540): Autonomous -power = 0.60, correction = 0.02, global angle = -0.500
11-09 16:30:49.357  5270  5629 I global  :  RENO - AutonomousRight.robotDriveWithPIDControl(AutonomousRight.java:540): Autonomous -power = 0.60, correction = 0.02, global angle = -0.500
11-09 16:30:49.373  5270  5629 I global  :  RENO - AutonomousRight.robotDriveWithPIDControl(AutonomousRight.java:540): Autonomous -power = 0.60, correction = 0.02, global angle = -0.500
11-09 16:30:49.385  5270  5629 I global  :  RENO - AutonomousRight.robotDriveWithPIDControl(AutonomousRight.java:540): Autonomous -power = 0.60, correction = 0.02, global angle = -0.500
11-09 16:30:49.398  5270  5629 I global  :  RENO - AutonomousRight.robotDriveWithPIDControl(AutonomousRight.java:540): Autonomous -power = 0.60, correction = 0.02, global angle = -0.500
11-09 16:30:49.411  5270  5629 I global  :  RENO - AutonomousRight.robotDriveWithPIDControl(AutonomousRight.java:540): Autonomous -power = 0.60, correction = 0.02, global angle = -0.500
11-09 16:30:49.424  5270  5629 I global  :  RENO - AutonomousRight.robotDriveWithPIDControl(AutonomousRight.java:540): Autonomous -power = 0.60, correction = 0.02, global angle = -0.500
11-09 16:30:49.436  5270  5629 I global  :  RENO - AutonomousRight.robotDriveWithPIDControl(AutonomousRight.java:540): Autonomous -power = 0.60, correction = 0.02, global angle = -0.500
11-09 16:30:49.448  5270  5629 I global  :  RENO - AutonomousRight.robotDriveWithPIDControl(AutonomousRight.java:540): Autonomous -power = 0.60, correction = 0.02, global angle = -0.500
11-09 16:30:49.460  5270  5629 I global  :  RENO - AutonomousRight.robotDriveWithPIDControl(AutonomousRight.java:540): Autonomous -power = 0.60, correction = 0.02, global angle = -0.500
11-09 16:30:49.472  5270  5629 I global  :  RENO - AutonomousRight.robotDriveWithPIDControl(AutonomousRight.java:540): Autonomous -power = 0.60, correction = 0.02, global angle = -0.500
11-09 16:30:49.484  5270  5629 I global  :  RENO - AutonomousRight.robotDriveWithPIDControl(AutonomousRight.java:540): Autonomous -power = 0.60, correction = 0.02, global angle = -0.500
11-09 16:30:49.495  5270  5629 I global  :  RENO - AutonomousRight.robotDriveWithPIDControl(AutonomousRight.java:540): Autonomous -power = 0.60, correction = 0.02, global angle = -0.500
11-09 16:30:49.506  5270  5629 I global  :  RENO - AutonomousRight.robotDriveWithPIDControl(AutonomousRight.java:540): Autonomous -power = 0.60, correction = 0.02, global angle = -0.563
11-09 16:30:49.523  5270  5629 I global  :  RENO - AutonomousRight.robotDriveWithPIDControl(AutonomousRight.java:540): Autonomous -power = 0.60, correction = 0.02, global angle = -0.563
11-09 16:30:49.534  5270  5629 I global  :  RENO - AutonomousRight.robotDriveWithPIDControl(AutonomousRight.java:540): Autonomous -power = 0.60, correction = 0.02, global angle = -0.563
11-09 16:30:49.547  5270  5629 I global  :  RENO - AutonomousRight.robotDriveWithPIDControl(AutonomousRight.java:540): Autonomous -power = 0.60, correction = 0.02, global angle = -0.563
11-09 16:30:49.558  5270  5629 I global  :  RENO - AutonomousRight.robotDriveWithPIDControl(AutonomousRight.java:540): Autonomous -power = 0.60, correction = 0.02, global angle = -0.563
11-09 16:30:49.570  5270  5629 I global  :  RENO - AutonomousRight.robotDriveWithPIDControl(AutonomousRight.java:540): Autonomous -power = 0.60, correction = 0.02, global angle = -0.625
11-09 16:30:49.587  5270  5629 I global  :  RENO - AutonomousRight.robotDriveWithPIDControl(AutonomousRight.java:540): Autonomous -power = 0.60, correction = 0.02, global angle = -0.625
11-09 16:30:49.598  5270  5629 I global  :  RENO - AutonomousRight.robotDriveWithPIDControl(AutonomousRight.java:540): Autonomous -power = 0.60, correction = 0.02, global angle = -0.625
11-09 16:30:49.612  5270  5629 I global  :  RENO - AutonomousRight.robotDriveWithPIDControl(AutonomousRight.java:540): Autonomous -power = 0.60, correction = 0.02, global angle = -0.625
11-09 16:30:49.623  5270  5629 I global  :  RENO - AutonomousRight.robotDriveWithPIDControl(AutonomousRight.java:540): Autonomous -power = 0.60, correction = 0.02, global angle = -0.625
11-09 16:30:49.634  5270  5629 I global  :  RENO - AutonomousRight.robotDriveWithPIDControl(AutonomousRight.java:540): Autonomous -power = 0.60, correction = 0.02, global angle = -0.625
11-09 16:30:49.647  5270  5629 I global  :  RENO - AutonomousRight.robotDriveWithPIDControl(AutonomousRight.java:540): Autonomous -power = 0.60, correction = 0.02, global angle = -0.563
11-09 16:30:49.672  5270  5629 I global  :  RENO - AutonomousRight.robotDriveWithPIDControl(AutonomousRight.java:540): Autonomous -power = 0.60, correction = 0.02, global angle = -0.625
11-09 16:30:49.697  5270  5629 I global  :  RENO - AutonomousRight.robotDriveWithPIDControl(AutonomousRight.java:540): Autonomous -power = 0.60, correction = 0.02, global angle = -0.563
11-09 16:30:49.715  5270  5629 I global  :  RENO - AutonomousRight.robotDriveWithPIDControl(AutonomousRight.java:540): Autonomous -power = 0.60, correction = 0.02, global angle = -0.625
11-09 16:30:49.737  5270  5629 I global  :  RENO - AutonomousRight.robotDriveWithPIDControl(AutonomousRight.java:540): Autonomous -power = 0.60, correction = 0.02, global angle = -0.563
11-09 16:30:49.758  5270  5629 I global  :  RENO - AutonomousRight.robotDriveWithPIDControl(AutonomousRight.java:540): Autonomous -power = 0.60, correction = 0.02, global angle = -0.563
11-09 16:30:49.769  5270  5629 I global  :  RENO - AutonomousRight.robotDriveWithPIDControl(AutonomousRight.java:540): Autonomous -power = 0.60, correction = 0.02, global angle = -0.563
11-09 16:30:49.784  5270  5629 I global  :  RENO - AutonomousRight.robotDriveWithPIDControl(AutonomousRight.java:540): Autonomous -power = 0.60, correction = 0.02, global angle = -0.563
11-09 16:30:49.797  5270  5629 I global  :  RENO - AutonomousRight.robotDriveWithPIDControl(AutonomousRight.java:540): Autonomous -power = 0.60, correction = 0.02, global angle = -0.563
11-09 16:30:49.807  5270  5629 I global  :  RENO - AutonomousRight.robotDriveWithPIDControl(AutonomousRight.java:540): Autonomous -power = 0.60, correction = 0.02, global angle = -0.563
11-09 16:30:49.818  5270  5629 I global  :  RENO - AutonomousRight.robotDriveWithPIDControl(AutonomousRight.java:540): Autonomous -power = 0.60, correction = 0.02, global angle = -0.563
11-09 16:30:49.830  5270  5629 I global  :  RENO - AutonomousRight.robotDriveWithPIDControl(AutonomousRight.java:540): Autonomous -power = 0.60, correction = 0.02, global angle = -0.563
11-09 16:30:49.841  5270  5629 I global  :  RENO - AutonomousRight.robotDriveWithPIDControl(AutonomousRight.java:540): Autonomous -power = 0.60, correction = 0.02, global angle = -0.563
11-09 16:30:49.855  5270  5629 I global  :  RENO - AutonomousRight.robotDriveWithPIDControl(AutonomousRight.java:540): Autonomous -power = 0.60, correction = 0.02, global angle = -0.563
11-09 16:30:49.869  5270  5629 I global  :  RENO - AutonomousRight.robotDriveWithPIDControl(AutonomousRight.java:540): Autonomous -power = 0.60, correction = 0.02, global angle = -0.563
11-09 16:30:49.883  5270  5629 I global  :  RENO - AutonomousRight.robotDriveWithPIDControl(AutonomousRight.java:540): Autonomous -power = 0.60, correction = 0.01, global angle = -0.438
11-09 16:30:49.900  5270  5629 I global  :  RENO - AutonomousRight.robotDriveWithPIDControl(AutonomousRight.java:540): Autonomous -power = 0.60, correction = 0.01, global angle = -0.375
11-09 16:30:49.918  5270  5629 I global  :  RENO - AutonomousRight.robotDriveWithPIDControl(AutonomousRight.java:540): Autonomous -power = 0.60, correction = 0.01, global angle = -0.313
11-09 16:30:49.934  5270  5629 I global  :  RENO - AutonomousRight.robotDriveWithPIDControl(AutonomousRight.java:540): Autonomous -power = 0.60, correction = 0.01, global angle = -0.188
11-09 16:30:49.953  5270  5629 I global  :  RENO - AutonomousRight.robotDriveWithPIDControl(AutonomousRight.java:540): Autonomous -power = 0.60, correction = 0.00, global angle = -0.125
11-09 16:30:49.970  5270  5629 I global  :  RENO - AutonomousRight.robotDriveWithPIDControl(AutonomousRight.java:540): Autonomous -power = 0.60, correction = 0.00, global angle = -0.063
11-09 16:30:49.989  5270  5629 I global  :  RENO - AutonomousRight.robotDriveWithPIDControl(AutonomousRight.java:540): Autonomous -power = 0.60, correction = 0.00, global angle = -0.063
11-09 16:30:49.999  5270  5629 I global  :  RENO - AutonomousRight.robotDriveWithPIDControl(AutonomousRight.java:540): Autonomous -power = 0.60, correction = 0.00, global angle = 0.000
11-09 16:30:50.018  5270  5629 I global  :  RENO - AutonomousRight.robotDriveWithPIDControl(AutonomousRight.java:540): Autonomous -power = 0.60, correction = 0.00, global angle = 0.000
11-09 16:30:50.032  5270  5629 I global  :  RENO - AutonomousRight.robotDriveWithPIDControl(AutonomousRight.java:540): Autonomous -power = 0.60, correction = -0.00, global angle = 0.063
11-09 16:30:50.049  5270  5629 I global  :  RENO - AutonomousRight.robotDriveWithPIDControl(AutonomousRight.java:540): Autonomous -power = 0.60, correction = -0.00, global angle = 0.063
11-09 16:30:50.060  5270  5629 I global  :  RENO - AutonomousRight.robotDriveWithPIDControl(AutonomousRight.java:540): Autonomous -power = 0.60, correction = -0.00, global angle = 0.125
11-09 16:30:50.093  5270  5629 I global  :  RENO - AutonomousRight.robotRunToPosition(AutonomousRight.java:336): Autonomous - FL Current Position = 923
11-09 16:30:50.096  5270  5629 I global  :  RENO - AutonomousRight.robotRunToPosition(AutonomousRight.java:337): Autonomous - FR Current Position = 878
11-09 16:30:50.099  5270  5629 I global  :  RENO - AutonomousRight.robotRunToPosition(AutonomousRight.java:338): Autonomous - BL Current Position = 871
11-09 16:30:50.102  5270  5629 I global  :  RENO - AutonomousRight.robotRunToPosition(AutonomousRight.java:339): Autonomous - BR Current Position = 902
11-09 16:30:50.134  5270  5629 I global  :  RENO - AutonomousRight.readColorSensor(AutonomousRight.java:725): Autonomous - Red: 26, green: 50, blue: 40
11-09 16:30:50.135  5270  5629 I global  :  RENO - AutonomousRight.readColorSensor(AutonomousRight.java:726): Autonomous - Red: 0.22, green: 0.43, blue: 0.34
11-09 16:30:50.136  5270  5629 I global  :  RENO - AutonomousRight.autonomousCore(AutonomousRight.java:587): Autonomous - complete Sleeve color read.
11-09 16:30:50.144  5270  5629 I global  :  RENO - AutonomousRight.robotRunToPosition(AutonomousRight.java:327): Autonomous - Target Position = 1620
11-09 16:30:50.162  5270  5629 I global  :  RENO - AutonomousRight.robotRunToPosition(AutonomousRight.java:329): Autonomous - reset encoders to zero.
11-09 16:30:50.164  5270  5629 I global  :  RENO - AutonomousRight.robotRunToPosition(AutonomousRight.java:333): Autonomous - PID = 1, power = 0.60
11-09 16:30:50.288  5270  5629 I global  :  RENO - AutonomousRight.robotDriveWithPIDControl(AutonomousRight.java:540): Autonomous -power = 0.60, correction = -0.02, global angle = 0.813
11-09 16:30:50.312  5270  5629 I global  :  RENO - AutonomousRight.robotDriveWithPIDControl(AutonomousRight.java:540): Autonomous -power = 0.60, correction = -0.02, global angle = 0.688
11-09 16:30:50.334  5270  5629 I global  :  RENO - AutonomousRight.robotDriveWithPIDControl(AutonomousRight.java:540): Autonomous -power = 0.60, correction = -0.02, global angle = 0.625
11-09 16:30:50.352  5270  5629 I global  :  RENO - AutonomousRight.robotDriveWithPIDControl(AutonomousRight.java:540): Autonomous -power = 0.60, correction = -0.02, global angle = 0.625
11-09 16:30:50.364  5270  5629 I global  :  RENO - AutonomousRight.robotDriveWithPIDControl(AutonomousRight.java:540): Autonomous -power = 0.60, correction = -0.02, global angle = 0.625
11-09 16:30:50.376  5270  5629 I global  :  RENO - AutonomousRight.robotDriveWithPIDControl(AutonomousRight.java:540): Autonomous -power = 0.60, correction = -0.02, global angle = 0.563
11-09 16:30:50.395  5270  5629 I global  :  RENO - AutonomousRight.robotDriveWithPIDControl(AutonomousRight.java:540): Autonomous -power = 0.60, correction = -0.02, global angle = 0.625
11-09 16:30:50.411  5270  5629 I global  :  RENO - AutonomousRight.robotDriveWithPIDControl(AutonomousRight.java:540): Autonomous -power = 0.60, correction = -0.02, global angle = 0.563
11-09 16:30:50.429  5270  5629 I global  :  RENO - AutonomousRight.robotDriveWithPIDControl(AutonomousRight.java:540): Autonomous -power = 0.60, correction = -0.02, global angle = 0.500
11-09 16:30:50.447  5270  5629 I global  :  RENO - AutonomousRight.robotDriveWithPIDControl(AutonomousRight.java:540): Autonomous -power = 0.60, correction = -0.01, global angle = 0.438
11-09 16:30:50.463  5270  5629 I global  :  RENO - AutonomousRight.robotDriveWithPIDControl(AutonomousRight.java:540): Autonomous -power = 0.60, correction = -0.01, global angle = 0.375
11-09 16:30:50.481  5270  5629 I global  :  RENO - AutonomousRight.robotDriveWithPIDControl(AutonomousRight.java:540): Autonomous -power = 0.60, correction = -0.01, global angle = 0.313
11-09 16:30:50.499  5270  5629 I global  :  RENO - AutonomousRight.robotDriveWithPIDControl(AutonomousRight.java:540): Autonomous -power = 0.60, correction = -0.01, global angle = 0.250
11-09 16:30:50.517  5270  5629 I global  :  RENO - AutonomousRight.robotDriveWithPIDControl(AutonomousRight.java:540): Autonomous -power = 0.60, correction = -0.01, global angle = 0.188
11-09 16:30:50.538  5270  5629 I global  :  RENO - AutonomousRight.robotDriveWithPIDControl(AutonomousRight.java:540): Autonomous -power = 0.60, correction = -0.00, global angle = 0.125
11-09 16:30:50.553  5270  5629 I global  :  RENO - AutonomousRight.robotDriveWithPIDControl(AutonomousRight.java:540): Autonomous -power = 0.60, correction = -0.00, global angle = 0.125
11-09 16:30:50.563  5270  5629 I global  :  RENO - AutonomousRight.robotDriveWithPIDControl(AutonomousRight.java:540): Autonomous -power = 0.60, correction = -0.00, global angle = 0.125
11-09 16:30:50.573  5270  5629 I global  :  RENO - AutonomousRight.robotDriveWithPIDControl(AutonomousRight.java:540): Autonomous -power = 0.60, correction = -0.00, global angle = 0.125
11-09 16:30:50.586  5270  5629 I global  :  RENO - AutonomousRight.robotDriveWithPIDControl(AutonomousRight.java:540): Autonomous -power = 0.60, correction = -0.00, global angle = 0.125
11-09 16:30:50.597  5270  5629 I global  :  RENO - AutonomousRight.robotDriveWithPIDControl(AutonomousRight.java:540): Autonomous -power = 0.60, correction = -0.00, global angle = 0.125
11-09 16:30:50.610  5270  5629 I global  :  RENO - AutonomousRight.robotDriveWithPIDControl(AutonomousRight.java:540): Autonomous -power = 0.60, correction = -0.00, global angle = 0.125
11-09 16:30:50.624  5270  5629 I global  :  RENO - AutonomousRight.robotDriveWithPIDControl(AutonomousRight.java:540): Autonomous -power = 0.60, correction = -0.00, global angle = 0.063
11-09 16:30:50.643  5270  5629 I global  :  RENO - AutonomousRight.robotDriveWithPIDControl(AutonomousRight.java:540): Autonomous -power = 0.60, correction = -0.00, global angle = 0.063
11-09 16:30:50.653  5270  5629 I global  :  RENO - AutonomousRight.robotDriveWithPIDControl(AutonomousRight.java:540): Autonomous -power = 0.60, correction = 0.00, global angle = 0.000
11-09 16:30:50.674  5270  5629 I global  :  RENO - AutonomousRight.robotDriveWithPIDControl(AutonomousRight.java:540): Autonomous -power = 0.60, correction = 0.00, global angle = 0.000
11-09 16:30:50.686  5270  5629 I global  :  RENO - AutonomousRight.robotDriveWithPIDControl(AutonomousRight.java:540): Autonomous -power = 0.60, correction = 0.00, global angle = -0.063
11-09 16:30:50.706  5270  5629 I global  :  RENO - AutonomousRight.robotDriveWithPIDControl(AutonomousRight.java:540): Autonomous -power = 0.60, correction = 0.00, global angle = -0.063
11-09 16:30:50.721  5270  5629 I global  :  RENO - AutonomousRight.robotDriveWithPIDControl(AutonomousRight.java:540): Autonomous -power = 0.60, correction = 0.00, global angle = -0.125
11-09 16:30:50.738  5270  5629 I global  :  RENO - AutonomousRight.robotDriveWithPIDControl(AutonomousRight.java:540): Autonomous -power = 0.60, correction = 0.01, global angle = -0.188
11-09 16:30:50.753  5270  5629 I global  :  RENO - AutonomousRight.robotDriveWithPIDControl(AutonomousRight.java:540): Autonomous -power = 0.60, correction = 0.01, global angle = -0.250
11-09 16:30:50.771  5270  5629 I global  :  RENO - AutonomousRight.robotDriveWithPIDControl(AutonomousRight.java:540): Autonomous -power = 0.60, correction = 0.01, global angle = -0.313
11-09 16:30:50.788  5270  5629 I global  :  RENO - AutonomousRight.robotDriveWithPIDControl(AutonomousRight.java:540): Autonomous -power = 0.60, correction = 0.01, global angle = -0.313
11-09 16:30:50.799  5270  5629 I global  :  RENO - AutonomousRight.robotDriveWithPIDControl(AutonomousRight.java:540): Autonomous -power = 0.60, correction = 0.01, global angle = -0.313
11-09 16:30:50.812  5270  5629 I global  :  RENO - AutonomousRight.robotDriveWithPIDControl(AutonomousRight.java:540): Autonomous -power = 0.60, correction = 0.01, global angle = -0.313
11-09 16:30:50.824  5270  5629 I global  :  RENO - AutonomousRight.robotDriveWithPIDControl(AutonomousRight.java:540): Autonomous -power = 0.60, correction = 0.01, global angle = -0.313
11-09 16:30:50.835  5270  5629 I global  :  RENO - AutonomousRight.robotDriveWithPIDControl(AutonomousRight.java:540): Autonomous -power = 0.60, correction = 0.01, global angle = -0.313
11-09 16:30:50.848  5270  5629 I global  :  RENO - AutonomousRight.robotDriveWithPIDControl(AutonomousRight.java:540): Autonomous -power = 0.60, correction = 0.01, global angle = -0.313
11-09 16:30:50.862  5270  5629 I global  :  RENO - AutonomousRight.robotDriveWithPIDControl(AutonomousRight.java:540): Autonomous -power = 0.60, correction = 0.01, global angle = -0.313
11-09 16:30:50.873  5270  5629 I global  :  RENO - AutonomousRight.robotDriveWithPIDControl(AutonomousRight.java:540): Autonomous -power = 0.60, correction = 0.01, global angle = -0.375
11-09 16:30:50.893  5270  5629 I global  :  RENO - AutonomousRight.robotDriveWithPIDControl(AutonomousRight.java:540): Autonomous -power = 0.60, correction = 0.01, global angle = -0.375
11-09 16:30:50.905  5270  5629 I global  :  RENO - AutonomousRight.robotDriveWithPIDControl(AutonomousRight.java:540): Autonomous -power = 0.60, correction = 0.01, global angle = -0.438
11-09 16:30:50.924  5270  5629 I global  :  RENO - AutonomousRight.robotDriveWithPIDControl(AutonomousRight.java:540): Autonomous -power = 0.60, correction = 0.01, global angle = -0.438
11-09 16:30:50.934  5270  5629 I global  :  RENO - AutonomousRight.robotDriveWithPIDControl(AutonomousRight.java:540): Autonomous -power = 0.60, correction = 0.01, global angle = -0.375
11-09 16:30:50.954  5270  5629 I global  :  RENO - AutonomousRight.robotDriveWithPIDControl(AutonomousRight.java:540): Autonomous -power = 0.60, correction = 0.01, global angle = -0.313
11-09 16:30:50.974  5270  5629 I global  :  RENO - AutonomousRight.robotDriveWithPIDControl(AutonomousRight.java:540): Autonomous -power = 0.60, correction = 0.01, global angle = -0.250
11-09 16:30:50.995  5270  5629 I global  :  RENO - AutonomousRight.robotDriveWithPIDControl(AutonomousRight.java:540): Autonomous -power = 0.60, correction = 0.01, global angle = -0.188
11-09 16:30:51.015  5270  5629 I global  :  RENO - AutonomousRight.robotDriveWithPIDControl(AutonomousRight.java:540): Autonomous -power = 0.60, correction = 0.00, global angle = -0.125
11-09 16:30:51.035  5270  5629 I global  :  RENO - AutonomousRight.robotDriveWithPIDControl(AutonomousRight.java:540): Autonomous -power = 0.60, correction = 0.00, global angle = -0.063
11-09 16:30:51.055  5270  5629 I global  :  RENO - AutonomousRight.robotDriveWithPIDControl(AutonomousRight.java:540): Autonomous -power = 0.60, correction = 0.00, global angle = 0.000
11-09 16:30:51.074  5270  5629 I global  :  RENO - AutonomousRight.robotDriveWithPIDControl(AutonomousRight.java:540): Autonomous -power = 0.60, correction = 0.00, global angle = 0.000
11-09 16:30:51.089  5270  5629 I global  :  RENO - AutonomousRight.robotDriveWithPIDControl(AutonomousRight.java:540): Autonomous -power = 0.60, correction = 0.00, global angle = 0.000
11-09 16:30:51.106  5270  5629 I global  :  RENO - AutonomousRight.robotDriveWithPIDControl(AutonomousRight.java:540): Autonomous -power = 0.60, correction = 0.00, global angle = 0.000
11-09 16:30:51.120  5270  5629 I global  :  RENO - AutonomousRight.robotDriveWithPIDControl(AutonomousRight.java:540): Autonomous -power = 0.60, correction = 0.00, global angle = -0.063
11-09 16:30:51.144  5270  5629 I global  :  RENO - AutonomousRight.robotDriveWithPIDControl(AutonomousRight.java:540): Autonomous -power = 0.60, correction = 0.00, global angle = -0.063
11-09 16:30:51.157  5270  5629 I global  :  RENO - AutonomousRight.robotDriveWithPIDControl(AutonomousRight.java:540): Autonomous -power = 0.60, correction = 0.00, global angle = -0.063
11-09 16:30:51.173  5270  5629 I global  :  RENO - AutonomousRight.robotDriveWithPIDControl(AutonomousRight.java:540): Autonomous -power = 0.60, correction = 0.00, global angle = -0.063
11-09 16:30:51.188  5270  5629 I global  :  RENO - AutonomousRight.robotDriveWithPIDControl(AutonomousRight.java:540): Autonomous -power = 0.60, correction = 0.00, global angle = -0.063
11-09 16:30:51.202  5270  5629 I global  :  RENO - AutonomousRight.robotDriveWithPIDControl(AutonomousRight.java:540): Autonomous -power = 0.60, correction = 0.00, global angle = 0.000
11-09 16:30:51.224  5270  5629 I global  :  RENO - AutonomousRight.robotDriveWithPIDControl(AutonomousRight.java:540): Autonomous -power = 0.60, correction = 0.00, global angle = 0.000
11-09 16:30:51.235  5270  5629 I global  :  RENO - AutonomousRight.robotDriveWithPIDControl(AutonomousRight.java:540): Autonomous -power = 0.60, correction = 0.00, global angle = -0.063
11-09 16:30:51.252  5270  5629 I global  :  RENO - AutonomousRight.robotDriveWithPIDControl(AutonomousRight.java:540): Autonomous -power = 0.60, correction = 0.00, global angle = -0.063
11-09 16:30:51.265  5270  5629 I global  :  RENO - AutonomousRight.robotDriveWithPIDControl(AutonomousRight.java:540): Autonomous -power = 0.60, correction = 0.00, global angle = -0.125
11-09 16:30:51.282  5270  5629 I global  :  RENO - AutonomousRight.robotDriveWithPIDControl(AutonomousRight.java:540): Autonomous -power = 0.60, correction = 0.01, global angle = -0.188
11-09 16:30:51.300  5270  5629 I global  :  RENO - AutonomousRight.robotDriveWithPIDControl(AutonomousRight.java:540): Autonomous -power = 0.60, correction = 0.01, global angle = -0.250
11-09 16:30:51.315  5270  5629 I global  :  RENO - AutonomousRight.robotDriveWithPIDControl(AutonomousRight.java:540): Autonomous -power = 0.60, correction = 0.01, global angle = -0.250
11-09 16:30:51.331  5270  5629 I global  :  RENO - AutonomousRight.robotDriveWithPIDControl(AutonomousRight.java:540): Autonomous -power = 0.60, correction = 0.01, global angle = -0.250
11-09 16:30:51.344  5270  5629 I global  :  RENO - AutonomousRight.robotDriveWithPIDControl(AutonomousRight.java:540): Autonomous -power = 0.60, correction = 0.01, global angle = -0.250
11-09 16:30:51.355  5270  5629 I global  :  RENO - AutonomousRight.robotDriveWithPIDControl(AutonomousRight.java:540): Autonomous -power = 0.60, correction = 0.01, global angle = -0.250
11-09 16:30:51.368  5270  5629 I global  :  RENO - AutonomousRight.robotDriveWithPIDControl(AutonomousRight.java:540): Autonomous -power = 0.60, correction = 0.01, global angle = -0.188
11-09 16:30:51.386  5270  5629 I global  :  RENO - AutonomousRight.robotDriveWithPIDControl(AutonomousRight.java:540): Autonomous -power = 0.60, correction = 0.01, global angle = -0.188
11-09 16:30:51.396  5270  5629 I global  :  RENO - AutonomousRight.robotDriveWithPIDControl(AutonomousRight.java:540): Autonomous -power = 0.60, correction = 0.00, global angle = -0.125
11-09 16:30:51.417  5270  5629 I global  :  RENO - AutonomousRight.robotDriveWithPIDControl(AutonomousRight.java:540): Autonomous -power = 0.60, correction = 0.00, global angle = -0.063
11-09 16:30:51.436  5270  5629 I global  :  RENO - AutonomousRight.robotDriveWithPIDControl(AutonomousRight.java:540): Autonomous -power = 0.60, correction = 0.00, global angle = -0.063
11-09 16:30:51.448  5270  5629 I global  :  RENO - AutonomousRight.robotDriveWithPIDControl(AutonomousRight.java:540): Autonomous -power = 0.60, correction = 0.00, global angle = 0.000
11-09 16:30:51.467  5270  5629 I global  :  RENO - AutonomousRight.robotDriveWithPIDControl(AutonomousRight.java:540): Autonomous -power = 0.60, correction = -0.00, global angle = 0.063
11-09 16:30:51.485  5270  5629 I global  :  RENO - AutonomousRight.robotDriveWithPIDControl(AutonomousRight.java:540): Autonomous -power = 0.60, correction = -0.00, global angle = 0.063
11-09 16:30:51.497  5270  5629 I global  :  RENO - AutonomousRight.robotDriveWithPIDControl(AutonomousRight.java:540): Autonomous -power = 0.60, correction = 0.00, global angle = 0.000
11-09 16:30:51.514  5270  5629 I global  :  RENO - AutonomousRight.robotDriveWithPIDControl(AutonomousRight.java:540): Autonomous -power = 0.60, correction = 0.00, global angle = 0.000
11-09 16:30:51.526  5270  5629 I global  :  RENO - AutonomousRight.robotDriveWithPIDControl(AutonomousRight.java:540): Autonomous -power = 0.60, correction = 0.00, global angle = 0.000
11-09 16:30:51.553  5270  5629 I global  :  RENO - AutonomousRight.robotRunToPosition(AutonomousRight.java:336): Autonomous - FL Current Position = 1639
11-09 16:30:51.556  5270  5629 I global  :  RENO - AutonomousRight.robotRunToPosition(AutonomousRight.java:337): Autonomous - FR Current Position = 1608
11-09 16:30:51.558  5270  5629 I global  :  RENO - AutonomousRight.robotRunToPosition(AutonomousRight.java:338): Autonomous - BL Current Position = 1618
11-09 16:30:51.561  5270  5629 I global  :  RENO - AutonomousRight.robotRunToPosition(AutonomousRight.java:339): Autonomous - BR Current Position = 1610
11-09 16:30:51.573  5270  5629 I global  :  RENO - AutonomousRight.robotRunToPosition(AutonomousRight.java:327): Autonomous - Target Position = -180
11-09 16:30:51.590  5270  5629 I global  :  RENO - AutonomousRight.robotRunToPosition(AutonomousRight.java:329): Autonomous - reset encoders to zero.
11-09 16:30:51.591  5270  5629 I global  :  RENO - AutonomousRight.robotRunToPosition(AutonomousRight.java:333): Autonomous - PID = -1, power = 0.20
11-09 16:30:51.708  5270  5629 I global  :  RENO - AutonomousRight.robotDriveWithPIDControl(AutonomousRight.java:540): Autonomous -power = 0.20, correction = -0.06, global angle = 1.875
11-09 16:30:51.733  5270  5629 I global  :  RENO - AutonomousRight.robotDriveWithPIDControl(AutonomousRight.java:540): Autonomous -power = 0.20, correction = -0.06, global angle = 2.125
11-09 16:30:51.755  5270  5629 I global  :  RENO - AutonomousRight.robotDriveWithPIDControl(AutonomousRight.java:540): Autonomous -power = 0.20, correction = -0.07, global angle = 2.313
11-09 16:30:51.775  5270  5629 I global  :  RENO - AutonomousRight.robotDriveWithPIDControl(AutonomousRight.java:540): Autonomous -power = 0.20, correction = -0.08, global angle = 2.500
11-09 16:30:51.795  5270  5629 I global  :  RENO - AutonomousRight.robotDriveWithPIDControl(AutonomousRight.java:540): Autonomous -power = 0.20, correction = -0.08, global angle = 2.500
11-09 16:30:51.809  5270  5629 I global  :  RENO - AutonomousRight.robotDriveWithPIDControl(AutonomousRight.java:540): Autonomous -power = 0.20, correction = -0.08, global angle = 2.500
11-09 16:30:51.821  5270  5629 I global  :  RENO - AutonomousRight.robotDriveWithPIDControl(AutonomousRight.java:540): Autonomous -power = 0.20, correction = -0.07, global angle = 2.375
11-09 16:30:51.839  5270  5629 I global  :  RENO - AutonomousRight.robotDriveWithPIDControl(AutonomousRight.java:540): Autonomous -power = 0.20, correction = -0.06, global angle = 2.125
11-09 16:30:51.859  5270  5629 I global  :  RENO - AutonomousRight.robotDriveWithPIDControl(AutonomousRight.java:540): Autonomous -power = 0.20, correction = -0.06, global angle = 2.000
11-09 16:30:51.885  5270  5629 I global  :  RENO - AutonomousRight.robotDriveWithPIDControl(AutonomousRight.java:540): Autonomous -power = 0.20, correction = -0.05, global angle = 1.813
11-09 16:30:51.904  5270  5629 I global  :  RENO - AutonomousRight.robotDriveWithPIDControl(AutonomousRight.java:540): Autonomous -power = 0.20, correction = -0.05, global angle = 1.750
11-09 16:30:51.925  5270  5629 I global  :  RENO - AutonomousRight.robotDriveWithPIDControl(AutonomousRight.java:540): Autonomous -power = 0.20, correction = -0.05, global angle = 1.688
11-09 16:30:51.945  5270  5629 I global  :  RENO - AutonomousRight.robotDriveWithPIDControl(AutonomousRight.java:540): Autonomous -power = 0.20, correction = -0.05, global angle = 1.563
11-09 16:30:51.964  5270  5629 I global  :  RENO - AutonomousRight.robotDriveWithPIDControl(AutonomousRight.java:540): Autonomous -power = 0.20, correction = -0.05, global angle = 1.500
11-09 16:30:51.985  5270  5629 I global  :  RENO - AutonomousRight.robotDriveWithPIDControl(AutonomousRight.java:540): Autonomous -power = 0.20, correction = -0.04, global angle = 1.313
11-09 16:30:52.002  5270  5629 I global  :  RENO - AutonomousRight.robotDriveWithPIDControl(AutonomousRight.java:540): Autonomous -power = 0.20, correction = -0.04, global angle = 1.188
11-09 16:30:52.021  5270  5629 I global  :  RENO - AutonomousRight.robotDriveWithPIDControl(AutonomousRight.java:540): Autonomous -power = 0.20, correction = -0.03, global angle = 1.000
11-09 16:30:52.041  5270  5629 I global  :  RENO - AutonomousRight.robotDriveWithPIDControl(AutonomousRight.java:540): Autonomous -power = 0.20, correction = -0.03, global angle = 0.938
11-09 16:30:52.059  5270  5629 I global  :  RENO - AutonomousRight.robotDriveWithPIDControl(AutonomousRight.java:540): Autonomous -power = 0.20, correction = -0.02, global angle = 0.750
11-09 16:30:52.079  5270  5629 I global  :  RENO - AutonomousRight.robotDriveWithPIDControl(AutonomousRight.java:540): Autonomous -power = 0.20, correction = -0.02, global angle = 0.563
11-09 16:30:52.102  5270  5629 I global  :  RENO - AutonomousRight.robotDriveWithPIDControl(AutonomousRight.java:540): Autonomous -power = 0.20, correction = -0.01, global angle = 0.313
11-09 16:30:52.125  5270  5629 I global  :  RENO - AutonomousRight.robotDriveWithPIDControl(AutonomousRight.java:540): Autonomous -power = 0.20, correction = -0.01, global angle = 0.188
11-09 16:30:52.167  5270  5629 I global  :  RENO - AutonomousRight.robotRunToPosition(AutonomousRight.java:336): Autonomous - FL Current Position = -78
11-09 16:30:52.171  5270  5629 I global  :  RENO - AutonomousRight.robotRunToPosition(AutonomousRight.java:337): Autonomous - FR Current Position = -115
11-09 16:30:52.177  5270  5629 I global  :  RENO - AutonomousRight.robotRunToPosition(AutonomousRight.java:338): Autonomous - BL Current Position = -120
11-09 16:30:52.182  5270  5629 I global  :  RENO - AutonomousRight.robotRunToPosition(AutonomousRight.java:339): Autonomous - BR Current Position = -189
11-09 16:30:52.186  5270  5629 I global  :  RENO - AutonomousRight.calculateParkingLocation(AutonomousRight.java:678): Autonomous - channel = 1, max value = 1.024
11-09 16:30:52.191  5270  5629 I global  :  RENO - AutonomousRight.autonomousCore(AutonomousRight.java:595): Autonomous - parking lot aisle location: 12.00
11-09 16:30:52.199  5270  5629 I global  :  RENO - AutonomousRight.robotRunToPosition(AutonomousRight.java:327): Autonomous - Target Position = -660
11-09 16:30:52.219  5270  5629 I global  :  RENO - AutonomousRight.robotRunToPosition(AutonomousRight.java:329): Autonomous - reset encoders to zero.
11-09 16:30:52.221  5270  5629 I global  :  RENO - AutonomousRight.robotRunToPosition(AutonomousRight.java:333): Autonomous - PID = -1, power = 0.60
11-09 16:30:52.343  5270  5629 I global  :  RENO - AutonomousRight.robotDriveWithPIDControl(AutonomousRight.java:540): Autonomous -power = 0.60, correction = -0.03, global angle = 0.938
11-09 16:30:52.364  5270  5629 I global  :  RENO - AutonomousRight.robotDriveWithPIDControl(AutonomousRight.java:540): Autonomous -power = 0.60, correction = -0.03, global angle = 0.875
11-09 16:30:52.384  5270  5629 I global  :  RENO - AutonomousRight.robotDriveWithPIDControl(AutonomousRight.java:540): Autonomous -power = 0.60, correction = -0.02, global angle = 0.688
11-09 16:30:52.402  5270  5629 I global  :  RENO - AutonomousRight.robotDriveWithPIDControl(AutonomousRight.java:540): Autonomous -power = 0.60, correction = -0.02, global angle = 0.563
11-09 16:30:52.423  5270  5629 I global  :  RENO - AutonomousRight.robotDriveWithPIDControl(AutonomousRight.java:540): Autonomous -power = 0.60, correction = -0.01, global angle = 0.313
11-09 16:30:52.442  5270  5629 I global  :  RENO - AutonomousRight.robotDriveWithPIDControl(AutonomousRight.java:540): Autonomous -power = 0.60, correction = -0.00, global angle = 0.125
11-09 16:30:52.460  5270  5629 I global  :  RENO - AutonomousRight.robotDriveWithPIDControl(AutonomousRight.java:540): Autonomous -power = 0.60, correction = 0.00, global angle = -0.125
11-09 16:30:52.477  5270  5629 I global  :  RENO - AutonomousRight.robotDriveWithPIDControl(AutonomousRight.java:540): Autonomous -power = 0.60, correction = 0.01, global angle = -0.438
11-09 16:30:52.494  5270  5629 I global  :  RENO - AutonomousRight.robotDriveWithPIDControl(AutonomousRight.java:540): Autonomous -power = 0.60, correction = 0.02, global angle = -0.625
11-09 16:30:52.512  5270  5629 I global  :  RENO - AutonomousRight.robotDriveWithPIDControl(AutonomousRight.java:540): Autonomous -power = 0.60, correction = 0.02, global angle = -0.750
11-09 16:30:52.531  5270  5629 I global  :  RENO - AutonomousRight.robotDriveWithPIDControl(AutonomousRight.java:540): Autonomous -power = 0.60, correction = 0.02, global angle = -0.750
11-09 16:30:52.544  5270  5629 I global  :  RENO - AutonomousRight.robotDriveWithPIDControl(AutonomousRight.java:540): Autonomous -power = 0.60, correction = 0.02, global angle = -0.813
11-09 16:30:52.563  5270  5629 I global  :  RENO - AutonomousRight.robotDriveWithPIDControl(AutonomousRight.java:540): Autonomous -power = 0.60, correction = 0.02, global angle = -0.813
11-09 16:30:52.574  5270  5629 I global  :  RENO - AutonomousRight.robotDriveWithPIDControl(AutonomousRight.java:540): Autonomous -power = 0.60, correction = 0.02, global angle = -0.813
11-09 16:30:52.588  5270  5629 I global  :  RENO - AutonomousRight.robotDriveWithPIDControl(AutonomousRight.java:540): Autonomous -power = 0.60, correction = 0.02, global angle = -0.813
11-09 16:30:52.601  5270  5629 I global  :  RENO - AutonomousRight.robotDriveWithPIDControl(AutonomousRight.java:540): Autonomous -power = 0.60, correction = 0.02, global angle = -0.750
11-09 16:30:52.622  5270  5629 I global  :  RENO - AutonomousRight.robotDriveWithPIDControl(AutonomousRight.java:540): Autonomous -power = 0.60, correction = 0.02, global angle = -0.688
11-09 16:30:52.643  5270  5629 I global  :  RENO - AutonomousRight.robotDriveWithPIDControl(AutonomousRight.java:540): Autonomous -power = 0.60, correction = 0.02, global angle = -0.625
11-09 16:30:52.662  5270  5629 I global  :  RENO - AutonomousRight.robotDriveWithPIDControl(AutonomousRight.java:540): Autonomous -power = 0.60, correction = 0.02, global angle = -0.563
11-09 16:30:52.680  5270  5629 I global  :  RENO - AutonomousRight.robotDriveWithPIDControl(AutonomousRight.java:540): Autonomous -power = 0.60, correction = 0.02, global angle = -0.500
11-09 16:30:52.698  5270  5629 I global  :  RENO - AutonomousRight.robotDriveWithPIDControl(AutonomousRight.java:540): Autonomous -power = 0.60, correction = 0.01, global angle = -0.313
11-09 16:30:52.714  5270  5629 I global  :  RENO - AutonomousRight.robotDriveWithPIDControl(AutonomousRight.java:540): Autonomous -power = 0.60, correction = 0.01, global angle = -0.188
