11-06 20:22:44.461  9309  9465 I global  :  RENO - AutonomousRight.readColorSensor(AutonomousRight.java:710): Autonomous - Red: 0.22, green: 0.42, blue: 0.36
11-06 20:22:44.462  9309  9465 I global  :  RENO - AutonomousRight.autonomousCore(AutonomousRight.java:565): Autonomous - complete background color read.
11-06 20:22:45.584  9309  9465 I global  :  RENO - AutonomousRight.readColorSensor(AutonomousRight.java:709): Autonomous - Red: 21, green: 41, blue: 35
11-06 20:22:45.585  9309  9465 I global  :  RENO - AutonomousRight.readColorSensor(AutonomousRight.java:710): Autonomous - Red: 0.22, green: 0.42, blue: 0.36
11-06 20:22:45.587  9309  9465 I global  :  RENO - AutonomousRight.autonomousCore(AutonomousRight.java:569): Autonomous - complete Sleeve color read.
11-06 20:22:47.668  9309  9465 I global  :  RENO - AutonomousRight.calculateParkingLocation(AutonomousRight.java:661): Autonomous - channel = 0, max value = 1.000
11-06 20:22:47.669  9309  9465 I global  :  RENO - AutonomousRight.autonomousCore(AutonomousRight.java:578): Autonomous - parking lot aisle location: 36.00
11-06 20:22:50.754  9309  9465 I global  :  RENO - AutonomousRight.autonomousCore(AutonomousRight.java:585): Autonomous - pre-load cone has been unloaded.
11-06 20:22:50.760  9309  9465 I global  :  RENO - AutonomousRight.autonomousCore(AutonomousRight.java:591): Autonomous - loop index: 0 
11-06 20:22:50.766  9309  9465 I global  :  RENO - AutonomousRight.autonomousCore(AutonomousRight.java:593): Autonomous - imu angle before turn: 5.81
11-06 20:22:52.173  9309  9465 I global  :  RENO - AutonomousRight.autonomousCore(AutonomousRight.java:595): Autonomous - imu turn: -95.81 degree
11-06 20:22:52.174  9309  9465 I global  :  RENO - AutonomousRight.autonomousCore(AutonomousRight.java:596): Autonomous - imu angle after turn: -90.19
11-06 20:22:54.819  9309  9465 I global  :  RENO - AutonomousRight.autonomousCore(AutonomousRight.java:602): Autonomous - imu angle after load cone: -88.69
11-06 20:22:56.978  9309  9465 I global  :  RENO - AutonomousRight.autonomousCore(AutonomousRight.java:610): Autonomous - robot has arrived high junction.
11-06 20:22:56.988  9309  9465 I global  :  RENO - AutonomousRight.autonomousCore(AutonomousRight.java:617): Autonomous - imu angle before turn: -87.63
11-06 20:22:58.448  9309  9465 I global  :  RENO - AutonomousRight.autonomousCore(AutonomousRight.java:619): Autonomous - imu angle after turn: -0.13
11-06 20:22:58.738  9309  9465 I global  :  RENO - AutonomousRight.autonomousCore(AutonomousRight.java:622): Autonomous - slider has lifted to high junction.
11-06 20:23:00.487  9309  9465 I global  :  RENO - AutonomousRight.autonomousCore(AutonomousRight.java:625): Autonomous - 2 cone has been unloaded.
11-06 20:23:00.494  9309  9465 I global  :  RENO - AutonomousRight.autonomousCore(AutonomousRight.java:627): Autonomous - imu angle after unload cone: 5.31
11-06 20:23:00.499  9309  9465 I global  :  RENO - AutonomousRight.autonomousCore(AutonomousRight.java:591): Autonomous - loop index: 1 
11-06 20:23:00.505  9309  9465 I global  :  RENO - AutonomousRight.autonomousCore(AutonomousRight.java:593): Autonomous - imu angle before turn: 5.31
11-06 20:23:01.887  9309  9465 I global  :  RENO - AutonomousRight.autonomousCore(AutonomousRight.java:595): Autonomous - imu turn: -95.31 degree
11-06 20:23:01.889  9309  9465 I global  :  RENO - AutonomousRight.autonomousCore(AutonomousRight.java:596): Autonomous - imu angle after turn: -90.19
11-06 20:23:04.592  9309  9465 I global  :  RENO - AutonomousRight.autonomousCore(AutonomousRight.java:602): Autonomous - imu angle after load cone: -89.88
11-06 20:23:06.760  9309  9465 I global  :  RENO - AutonomousRight.autonomousCore(AutonomousRight.java:610): Autonomous - robot has arrived high junction.
11-06 20:23:06.772  9309  9465 I global  :  RENO - AutonomousRight.autonomousCore(AutonomousRight.java:617): Autonomous - imu angle before turn: -90.00
11-06 20:23:08.500  9309  9465 I global  :  RENO - AutonomousRight.autonomousCore(AutonomousRight.java:619): Autonomous - imu angle after turn: -0.50
11-06 20:23:08.507  9309  9465 I global  :  RENO - AutonomousRight.autonomousCore(AutonomousRight.java:622): Autonomous - slider has lifted to high junction.
11-06 20:23:10.219  9309  9465 I global  :  RENO - AutonomousRight.autonomousCore(AutonomousRight.java:625): Autonomous - 3 cone has been unloaded.
11-06 20:23:10.224  9309  9465 I global  :  RENO - AutonomousRight.autonomousCore(AutonomousRight.java:627): Autonomous - imu angle after unload cone: 3.38
11-06 20:23:10.230  9309  9465 I global  :  RENO - AutonomousRight.autonomousCore(AutonomousRight.java:630): Autonomous -  latest cone has been unloaded.
11-06 20:23:12.214  9309  9465 I global  :  RENO - AutonomousRight.autonomousCore(AutonomousRight.java:634): Autonomous - Arrived parking lot aisle: 36.00
11-06 20:23:12.221  9309  9465 I global  :  RENO - AutonomousRight.autonomousCore(AutonomousRight.java:636): Autonomous - imu angle is: 2.25
11-06 20:23:13.410  9309  9465 I global  :  RENO - AutonomousRight.autonomousCore(AutonomousRight.java:639): Autonomous -  finish parking.
11-06 20:23:13.412  9309  9465 I global  :  RENO - AutonomousRight.runOpMode(AutonomousRight.java:255): Autonomous - total Run Time: 29.7173 seconds
11-06 20:23:13.447  9309  9465 D LinearOpModeHelper: User runOpModeMethod exited
11-06 20:23:13.448  9309  9465 V RobotCore: thread: ...terminating 'LinearOpMode main'
11-06 20:23:13.451  9309  9442 I FtcEventLoop: auto-stopping OpMode 'AutonomousRight'
11-06 20:23:13.453  9309  9442 I RobotCore: ******************** STOP - OPMODE /storage/emulated/0/FIRST/matchlogs/Match-0-AutonomousRight.txt ********************
11-06 20:23:13.459  9309  9521 I RobotCore: saving match logcat to /storage/emulated/0/FIRST/matchlogs/Match-0-AutonomousRight.txt
11-06 20:23:13.459  9309  9521 I RobotCore: logging command line: exec logcat -d -T '11-6 20:22:38.000' -f '/storage/emulated/0/FIRST/matchlogs/Match-0-AutonomousRight.txt' -n4 -v threadtime UsbRequestJNI:S UsbRequest:S art:W ThreadPool:W System:W ExtendedExtractor:W OMXClient:W MediaPlayer:W dalvikvm:W  *:V
11-06 20:23:13.460  9309  9442 I RobotCore: Attempting to switch to op mode $Stop$Robot$
11-06 20:23:13.486  9309  9420 V Robocol : sending CMD_NOTIFY_INIT_OP_MODE(515), attempt: 0
11-06 20:23:13.498  9309  9521 I RobotCore: Done running exec logcat -d -T '11-6 20:22:38.000' -f '/storage/emulated/0/FIRST/matchlogs/Match-0-AutonomousRight.txt' -n4 -v threadtime UsbRequestJNI:S UsbRequest:S art:W ThreadPool:W System:W ExtendedExtractor:W OMXClient:W MediaPlayer:W dalvikvm:W  *:V
11-06 20:23:13.498  9309  9521 I RobotCore: exiting match logcat for /storage/emulated/0/FIRST/matchlogs/Match-0-AutonomousRight.txt
11-06 20:23:13.523  9309  9417 V Robocol : received command: CMD_RUN_OP_MODE(10479) $Stop$Robot$
11-06 20:23:13.566  9309  9420 V Robocol : sending CMD_NOTIFY_RUN_OP_MODE(521), attempt: 0
11-06 20:23:21.082  9309  9379 V FtcWebSocket: Opening websocket (ip=192.168.43.107/192.168.43.107 port=8081)
11-06 20:23:21.087  9309  9544 I RobotCore: password
11-06 20:23:21.093  9309  9379 V WebSocketManager: Subscribed websocket (ip=192.168.43.107/192.168.43.107 port=8081) to namespace (ControlHubUpdater)
11-06 20:23:21.095  9309  9379 V WebSocketManager: Subscribed websocket (ip=192.168.43.107/192.168.43.107 port=8081) to namespace (progress)
11-06 20:23:21.201  9309  9510 V ProgrammingModeManager: serve uri=/css/colors.less
11-06 20:27:45.174  9309  9417 V Robocol : received command: CMD_SET_MATCH_NUMBER(14138) 0
11-06 20:27:45.176  9309  9417 V Robocol : received command: CMD_INIT_OP_MODE(14139) AutonomousRight
11-06 20:27:45.199  9309  9418 I RobotCore: ******************** START - OPMODE AutonomousRight ********************
11-06 20:27:45.203  9309  9442 I RobotCore: Attempting to switch to op mode AutonomousRight
11-06 20:27:45.386  9309  9947 V RobotCore: thread: 'LinearOpMode main' starting...
11-06 20:27:45.388  9309  9947 I global  :  RENO - AutonomousRight.runOpMode(AutonomousRight.java:158): Status - Initialized
11-06 20:27:45.390  9309  9947 I I2C     : Automatically initializing I2C device LynxEmbeddedIMU USB (embedded); module 173; bus 0; addr7=0x28
11-06 20:27:45.391  9309  9947 I I2C     : Automatically initializing I2C device Rev2mDistanceSensor USB (embedded); module 173; bus 1; addr7=0x29
11-06 20:27:45.391  9309  9947 D STMicroVL53L0X: : Checking to see if it's really a VL53L0X sensor...
11-06 20:27:45.394  9309  9947 D STMicroVL53L0X: : Reg 0xC0 = ee (should be 0xEE)
11-06 20:27:45.398  9309  9947 D STMicroVL53L0X: : Reg 0xC1 = aa (should be 0xAA)
11-06 20:27:45.402  9309  9947 D STMicroVL53L0X: : Reg 0xC2 = 10 (should be 0x10)
11-06 20:27:45.406  9309  9420 V Robocol : sending CMD_NOTIFY_INIT_OP_MODE(4189), attempt: 0
11-06 20:27:45.406  9309  9947 D STMicroVL53L0X: : Reg 0x51 = 0 (should be 0x0099)
11-06 20:27:45.411  9309  9947 D STMicroVL53L0X: : Reg 0x61 = 0 (should be 0x0000)
11-06 20:27:45.433  9309  9947 D STMicroVL53L0X: : initial sig rate lim (MCPS) 0.250000
11-06 20:27:45.438  9309  9947 D STMicroVL53L0X: : adjusted sig rate lim (MCPS) 0.250000
11-06 20:27:45.678  9309  9947 I I2C     : Automatically initializing I2C device RevColorSensorV3 USB (embedded); module 173; bus 2; addr7=0x52
11-06 20:27:45.678  9309  9947 V BroadcomColorSensorImpl: internalInitialize()...
11-06 20:27:45.686  9309  9947 V BroadcomColorSensorImpl: state: 07 37 20 1d 42 01 c2 
11-06 20:27:45.686  9309  9947 V BroadcomColorSensorImpl: setGain(0x01)
11-06 20:27:45.690  9309  9947 V BroadcomColorSensorImpl: setLEDParameters(0x37)
11-06 20:27:45.695  9309  9947 V BroadcomColorSensorImpl: setProximityPulseCount(0x20)
11-06 20:27:45.699  9309  9947 V BroadcomColorSensorImpl: setPSMeasRate(0x1d)
11-06 20:27:45.703  9309  9947 V BroadcomColorSensorImpl: setLSMeasRate(0x42)
11-06 20:27:45.709  9309  9947 V BroadcomColorSensorImpl: enable() enabled=0x07...
11-06 20:27:45.714  9309  9947 V BroadcomColorSensorImpl: ...enable() enabled=0x07
11-06 20:27:45.719  9309  9947 V BroadcomColorSensorImpl: state: 07 37 20 1d 42 01 c2 
11-06 20:27:45.719  9309  9947 V BroadcomColorSensorImpl: ...internalInitialize()
11-06 20:27:45.797  9309  9947 V BNO055  : Suppressing I2C warnings while we check for a BNO055 IMU
11-06 20:27:45.802  9309  9947 V BNO055  : Found BNO055 IMU
11-06 20:27:46.278  9309  9947 V IMU     : Now polling until IMU comes out of reset. It is normal to see I2C failures below
11-06 20:27:46.282  9309  9947 V RobotCore: addr=false data=true arb=false clock=false
11-06 20:27:46.283  9309  9947 E LynxI2cDeviceSynch: readStatusQuery: cbExpected=1 cbRead=0
11-06 20:27:46.283  9309  9947 E LynxI2cDeviceSynch: placeholder: readStatusQuery
11-06 20:27:46.348  9309  9947 V RobotCore: addr=false data=true arb=false clock=false
11-06 20:27:46.348  9309  9947 E LynxI2cDeviceSynch: readStatusQuery: cbExpected=1 cbRead=0
11-06 20:27:46.512  9309  9947 V IMU     : IMU has come out of reset. No more I2C failures should occur.
11-06 20:27:46.894  9309  9417 V Robocol : received command: CMD_RUN_OP_MODE(14165) AutonomousRight
11-06 20:27:46.927  9309  9420 V Robocol : sending CMD_NOTIFY_RUN_OP_MODE(4208), attempt: 0
11-06 20:27:47.871  9309  9947 I global  :  RENO - AutonomousRight.readColorSensor(AutonomousRight.java:709): Autonomous - Red: 21, green: 41, blue: 35
11-06 20:27:47.872  9309  9947 I global  :  RENO - AutonomousRight.readColorSensor(AutonomousRight.java:710): Autonomous - Red: 0.22, green: 0.42, blue: 0.36
11-06 20:27:47.874  9309  9947 I global  :  RENO - AutonomousRight.autonomousCore(AutonomousRight.java:565): Autonomous - complete background color read.
11-06 20:27:48.995  9309  9947 I global  :  RENO - AutonomousRight.readColorSensor(AutonomousRight.java:709): Autonomous - Red: 21, green: 41, blue: 35
11-06 20:27:48.997  9309  9947 I global  :  RENO - AutonomousRight.readColorSensor(AutonomousRight.java:710): Autonomous - Red: 0.22, green: 0.42, blue: 0.36
11-06 20:27:48.998  9309  9947 I global  :  RENO - AutonomousRight.autonomousCore(AutonomousRight.java:569): Autonomous - complete Sleeve color read.
11-06 20:27:51.058  9309  9947 I global  :  RENO - AutonomousRight.calculateParkingLocation(AutonomousRight.java:661): Autonomous - channel = 0, max value = 1.000
11-06 20:27:51.060  9309  9947 I global  :  RENO - AutonomousRight.autonomousCore(AutonomousRight.java:578): Autonomous - parking lot aisle location: 36.00
11-06 20:27:54.215  9309  9947 I global  :  RENO - AutonomousRight.autonomousCore(AutonomousRight.java:585): Autonomous - pre-load cone has been unloaded.
11-06 20:27:54.221  9309  9947 I global  :  RENO - AutonomousRight.autonomousCore(AutonomousRight.java:591): Autonomous - loop index: 0 
11-06 20:27:54.227  9309  9947 I global  :  RENO - AutonomousRight.autonomousCore(AutonomousRight.java:593): Autonomous - imu angle before turn: 1.75
11-06 20:27:55.622  9309  9947 I global  :  RENO - AutonomousRight.autonomousCore(AutonomousRight.java:595): Autonomous - imu turn: -91.75 degree
11-06 20:27:55.624  9309  9947 I global  :  RENO - AutonomousRight.autonomousCore(AutonomousRight.java:596): Autonomous - imu angle after turn: -89.88
11-06 20:27:58.234  9309  9947 I global  :  RENO - AutonomousRight.autonomousCore(AutonomousRight.java:602): Autonomous - imu angle after load cone: -87.81
11-06 20:28:00.450  9309  9947 I global  :  RENO - AutonomousRight.autonomousCore(AutonomousRight.java:610): Autonomous - robot has arrived high junction.
11-06 20:28:00.461  9309  9947 I global  :  RENO - AutonomousRight.autonomousCore(AutonomousRight.java:617): Autonomous - imu angle before turn: -87.50
11-06 20:28:02.286  9309  9947 I global  :  RENO - AutonomousRight.autonomousCore(AutonomousRight.java:619): Autonomous - imu angle after turn: -0.44
11-06 20:28:02.292  9309  9947 I global  :  RENO - AutonomousRight.autonomousCore(AutonomousRight.java:622): Autonomous - slider has lifted to high junction.
11-06 20:28:04.022  9309  9947 I global  :  RENO - AutonomousRight.autonomousCore(AutonomousRight.java:625): Autonomous - 2 cone has been unloaded.
11-06 20:28:04.030  9309  9947 I global  :  RENO - AutonomousRight.autonomousCore(AutonomousRight.java:627): Autonomous - imu angle after unload cone: 2.88
11-06 20:28:04.036  9309  9947 I global  :  RENO - AutonomousRight.autonomousCore(AutonomousRight.java:591): Autonomous - loop index: 1 
11-06 20:28:04.043  9309  9947 I global  :  RENO - AutonomousRight.autonomousCore(AutonomousRight.java:593): Autonomous - imu angle before turn: 2.69
11-06 20:28:05.549  9309  9947 I global  :  RENO - AutonomousRight.autonomousCore(AutonomousRight.java:595): Autonomous - imu turn: -92.69 degree
11-06 20:28:05.551  9309  9947 I global  :  RENO - AutonomousRight.autonomousCore(AutonomousRight.java:596): Autonomous - imu angle after turn: -90.13
11-06 20:28:08.296  9309  9947 I global  :  RENO - AutonomousRight.autonomousCore(AutonomousRight.java:602): Autonomous - imu angle after load cone: -89.81
11-06 20:28:10.511  9309  9947 I global  :  RENO - AutonomousRight.autonomousCore(AutonomousRight.java:610): Autonomous - robot has arrived high junction.
11-06 20:28:10.519  9309  9947 I global  :  RENO - AutonomousRight.autonomousCore(AutonomousRight.java:617): Autonomous - imu angle before turn: -90.06
11-06 20:28:12.423  9309  9947 I global  :  RENO - AutonomousRight.autonomousCore(AutonomousRight.java:619): Autonomous - imu angle after turn: -0.63
11-06 20:28:12.430  9309  9947 I global  :  RENO - AutonomousRight.autonomousCore(AutonomousRight.java:622): Autonomous - slider has lifted to high junction.
11-06 20:28:14.039  9309  9947 I global  :  RENO - AutonomousRight.autonomousCore(AutonomousRight.java:625): Autonomous - 3 cone has been unloaded.
11-06 20:28:14.045  9309  9947 I global  :  RENO - AutonomousRight.autonomousCore(AutonomousRight.java:627): Autonomous - imu angle after unload cone: 6.63
11-06 20:28:14.051  9309  9947 I global  :  RENO - AutonomousRight.autonomousCore(AutonomousRight.java:630): Autonomous -  latest cone has been unloaded.
11-06 20:28:16.018  9309  9947 I global  :  RENO - AutonomousRight.autonomousCore(AutonomousRight.java:634): Autonomous - Arrived parking lot aisle: 36.00
11-06 20:28:16.025  9309  9947 I global  :  RENO - AutonomousRight.autonomousCore(AutonomousRight.java:636): Autonomous - imu angle is: 7.50
11-06 20:28:16.975  9309  9417 V Robocol : received command: CMD_INIT_OP_MODE(14458) $Stop$Robot$
11-06 20:28:16.986  9309  9418 I RobotCore: ******************** STOP - OPMODE /storage/emulated/0/FIRST/matchlogs/Match-0-AutonomousRight.txt ********************
11-06 20:28:16.997  9309  9993 I RobotCore: saving match logcat to /storage/emulated/0/FIRST/matchlogs/Match-0-AutonomousRight.txt
11-06 20:28:16.997  9309  9993 I RobotCore: logging command line: exec logcat -d -T '11-6 20:27:45.000' -f '/storage/emulated/0/FIRST/matchlogs/Match-0-AutonomousRight.txt' -n4 -v threadtime UsbRequestJNI:S UsbRequest:S art:W ThreadPool:W System:W ExtendedExtractor:W OMXClient:W MediaPlayer:W dalvikvm:W  *:V
11-06 20:28:17.001  9309  9947 I global  :  RENO - AutonomousRight.autonomousCore(AutonomousRight.java:639): Autonomous -  finish parking.
11-06 20:28:17.002  9309  9947 I global  :  RENO - AutonomousRight.runOpMode(AutonomousRight.java:255): Autonomous - total Run Time: 29.8918 seconds
11-06 20:28:17.009  9309  9947 D LinearOpModeHelper: User runOpModeMethod exited
11-06 20:28:17.010  9309  9947 V RobotCore: thread: ...terminating 'LinearOpMode main'
11-06 20:28:17.012  9309  9442 I RobotCore: Attempting to switch to op mode $Stop$Robot$
11-06 20:28:17.046  9309  9420 V Robocol : sending CMD_NOTIFY_INIT_OP_MODE(4504), attempt: 0
11-06 20:28:17.051  9309  9993 I RobotCore: Done running exec logcat -d -T '11-6 20:27:45.000' -f '/storage/emulated/0/FIRST/matchlogs/Match-0-AutonomousRight.txt' -n4 -v threadtime UsbRequestJNI:S UsbRequest:S art:W ThreadPool:W System:W ExtendedExtractor:W OMXClient:W MediaPlayer:W dalvikvm:W  *:V
11-06 20:28:17.051  9309  9993 I RobotCore: exiting match logcat for /storage/emulated/0/FIRST/matchlogs/Match-0-AutonomousRight.txt
11-06 20:28:17.095  9309  9417 V Robocol : received command: CMD_RUN_OP_MODE(14465) $Stop$Robot$
11-06 20:28:17.127  9309  9420 V Robocol : sending CMD_NOTIFY_RUN_OP_MODE(4509), attempt: 0
11-06 20:28:54.417  9309  9417 V Robocol : received command: CMD_SET_MATCH_NUMBER(14974) 0
11-06 20:28:54.418  9309  9417 V Robocol : received command: CMD_INIT_OP_MODE(14975) AutonomousRight
11-06 20:28:54.439  9309  9418 I RobotCore: ******************** START - OPMODE AutonomousRight ********************
11-06 20:28:54.444  9309  9442 I RobotCore: Attempting to switch to op mode AutonomousRight
11-06 20:28:54.644  9309 10055 V RobotCore: thread: 'LinearOpMode main' starting...
11-06 20:28:54.646  9309  9420 V Robocol : sending CMD_NOTIFY_INIT_OP_MODE(5026), attempt: 0
11-06 20:28:54.648  9309 10055 I global  :  RENO - AutonomousRight.runOpMode(AutonomousRight.java:158): Status - Initialized
11-06 20:28:54.650  9309 10055 I I2C     : Automatically initializing I2C device LynxEmbeddedIMU USB (embedded); module 173; bus 0; addr7=0x28
11-06 20:28:54.651  9309 10055 I I2C     : Automatically initializing I2C device Rev2mDistanceSensor USB (embedded); module 173; bus 1; addr7=0x29
11-06 20:28:54.652  9309 10055 D STMicroVL53L0X: : Checking to see if it's really a VL53L0X sensor...
11-06 20:28:54.657  9309 10055 D STMicroVL53L0X: : Reg 0xC0 = ee (should be 0xEE)
11-06 20:28:54.661  9309 10055 D STMicroVL53L0X: : Reg 0xC1 = aa (should be 0xAA)
11-06 20:28:54.665  9309 10055 D STMicroVL53L0X: : Reg 0xC2 = 10 (should be 0x10)
11-06 20:28:54.669  9309 10055 D STMicroVL53L0X: : Reg 0x51 = 0 (should be 0x0099)
11-06 20:28:54.673  9309 10055 D STMicroVL53L0X: : Reg 0x61 = 0 (should be 0x0000)
11-06 20:28:54.697  9309 10055 D STMicroVL53L0X: : initial sig rate lim (MCPS) 0.250000
11-06 20:28:54.702  9309 10055 D STMicroVL53L0X: : adjusted sig rate lim (MCPS) 0.250000
11-06 20:28:54.912  9309 10055 I I2C     : Automatically initializing I2C device RevColorSensorV3 USB (embedded); module 173; bus 2; addr7=0x52
11-06 20:28:54.912  9309 10055 V BroadcomColorSensorImpl: internalInitialize()...
11-06 20:28:54.920  9309 10055 V BroadcomColorSensorImpl: state: 07 37 20 1d 42 01 c2 
11-06 20:28:54.921  9309 10055 V BroadcomColorSensorImpl: setGain(0x01)
11-06 20:28:54.925  9309 10055 V BroadcomColorSensorImpl: setLEDParameters(0x37)
11-06 20:28:54.928  9309 10055 V BroadcomColorSensorImpl: setProximityPulseCount(0x20)
11-06 20:28:54.931  9309 10055 V BroadcomColorSensorImpl: setPSMeasRate(0x1d)
11-06 20:28:54.936  9309 10055 V BroadcomColorSensorImpl: setLSMeasRate(0x42)
11-06 20:28:54.942  9309 10055 V BroadcomColorSensorImpl: enable() enabled=0x07...
11-06 20:28:54.948  9309 10055 V BroadcomColorSensorImpl: ...enable() enabled=0x07
11-06 20:28:54.952  9309 10055 V BroadcomColorSensorImpl: state: 07 37 20 1d 42 01 c2 
11-06 20:28:54.952  9309 10055 V BroadcomColorSensorImpl: ...internalInitialize()
11-06 20:28:55.029  9309 10055 V BNO055  : Suppressing I2C warnings while we check for a BNO055 IMU
11-06 20:28:55.033  9309 10055 V BNO055  : Found BNO055 IMU
11-06 20:28:55.510  9309 10055 V IMU     : Now polling until IMU comes out of reset. It is normal to see I2C failures below
11-06 20:28:55.515  9309 10055 V RobotCore: addr=false data=true arb=false clock=false
11-06 20:28:55.515  9309 10055 E LynxI2cDeviceSynch: readStatusQuery: cbExpected=1 cbRead=0
11-06 20:28:55.515  9309 10055 E LynxI2cDeviceSynch: placeholder: readStatusQuery
11-06 20:28:55.580  9309 10055 V RobotCore: addr=false data=true arb=false clock=false
11-06 20:28:55.580  9309 10055 E LynxI2cDeviceSynch: readStatusQuery: cbExpected=1 cbRead=0
11-06 20:28:55.744  9309 10055 V IMU     : IMU has come out of reset. No more I2C failures should occur.
11-06 20:28:56.499  9309  9417 V Robocol : received command: CMD_RUN_OP_MODE(15004) AutonomousRight
11-06 20:28:56.527  9309  9420 V Robocol : sending CMD_NOTIFY_RUN_OP_MODE(5050), attempt: 0
11-06 20:28:57.270  9309 10055 I global  :  RENO - AutonomousRight.readColorSensor(AutonomousRight.java:709): Autonomous - Red: 21, green: 41, blue: 35
11-06 20:28:57.273  9309 10055 I global  :  RENO - AutonomousRight.readColorSensor(AutonomousRight.java:710): Autonomous - Red: 0.22, green: 0.42, blue: 0.36
11-06 20:28:57.275  9309 10055 I global  :  RENO - AutonomousRight.autonomousCore(AutonomousRight.java:565): Autonomous - complete background color read.
11-06 20:28:58.385  9309 10055 I global  :  RENO - AutonomousRight.readColorSensor(AutonomousRight.java:709): Autonomous - Red: 21, green: 41, blue: 35
11-06 20:28:58.388  9309 10055 I global  :  RENO - AutonomousRight.readColorSensor(AutonomousRight.java:710): Autonomous - Red: 0.22, green: 0.42, blue: 0.36
11-06 20:28:58.390  9309 10055 I global  :  RENO - AutonomousRight.autonomousCore(AutonomousRight.java:569): Autonomous - complete Sleeve color read.
11-06 20:29:00.450  9309 10055 I global  :  RENO - AutonomousRight.calculateParkingLocation(AutonomousRight.java:661): Autonomous - channel = 0, max value = 1.000
11-06 20:29:00.452  9309 10055 I global  :  RENO - AutonomousRight.autonomousCore(AutonomousRight.java:578): Autonomous - parking lot aisle location: 36.00
11-06 20:29:03.562  9309 10055 I global  :  RENO - AutonomousRight.autonomousCore(AutonomousRight.java:585): Autonomous - pre-load cone has been unloaded.
11-06 20:29:03.568  9309 10055 I global  :  RENO - AutonomousRight.autonomousCore(AutonomousRight.java:591): Autonomous - loop index: 0 
11-06 20:29:03.573  9309 10055 I global  :  RENO - AutonomousRight.autonomousCore(AutonomousRight.java:593): Autonomous - imu angle before turn: -2.25
11-06 20:29:05.158  9309 10055 I global  :  RENO - AutonomousRight.autonomousCore(AutonomousRight.java:595): Autonomous - imu turn: -87.75 degree
11-06 20:29:05.159  9309 10055 I global  :  RENO - AutonomousRight.autonomousCore(AutonomousRight.java:596): Autonomous - imu angle after turn: -89.69
11-06 20:29:07.801  9309 10055 I global  :  RENO - AutonomousRight.autonomousCore(AutonomousRight.java:602): Autonomous - imu angle after load cone: -87.25
11-06 20:29:10.036  9309 10055 I global  :  RENO - AutonomousRight.autonomousCore(AutonomousRight.java:610): Autonomous - robot has arrived high junction.
11-06 20:29:10.046  9309 10055 I global  :  RENO - AutonomousRight.autonomousCore(AutonomousRight.java:617): Autonomous - imu angle before turn: -87.00
11-06 20:29:12.032  9309 10055 I global  :  RENO - AutonomousRight.autonomousCore(AutonomousRight.java:619): Autonomous - imu angle after turn: 0.19
11-06 20:29:12.039  9309 10055 I global  :  RENO - AutonomousRight.autonomousCore(AutonomousRight.java:622): Autonomous - slider has lifted to high junction.
11-06 20:29:13.752  9309 10055 I global  :  RENO - AutonomousRight.autonomousCore(AutonomousRight.java:625): Autonomous - 2 cone has been unloaded.
11-06 20:29:13.758  9309 10055 I global  :  RENO - AutonomousRight.autonomousCore(AutonomousRight.java:627): Autonomous - imu angle after unload cone: 5.19
11-06 20:29:13.765  9309 10055 I global  :  RENO - AutonomousRight.autonomousCore(AutonomousRight.java:591): Autonomous - loop index: 1 
11-06 20:29:13.771  9309 10055 I global  :  RENO - AutonomousRight.autonomousCore(AutonomousRight.java:593): Autonomous - imu angle before turn: 5.00
11-06 20:29:15.443  9309 10055 I global  :  RENO - AutonomousRight.autonomousCore(AutonomousRight.java:595): Autonomous - imu turn: -95.00 degree
11-06 20:29:15.444  9309 10055 I global  :  RENO - AutonomousRight.autonomousCore(AutonomousRight.java:596): Autonomous - imu angle after turn: -89.81
11-06 20:29:18.208  9309 10055 I global  :  RENO - AutonomousRight.autonomousCore(AutonomousRight.java:602): Autonomous - imu angle after load cone: -87.88
11-06 20:29:20.411  9309 10055 I global  :  RENO - AutonomousRight.autonomousCore(AutonomousRight.java:610): Autonomous - robot has arrived high junction.
11-06 20:29:20.423  9309 10055 I global  :  RENO - AutonomousRight.autonomousCore(AutonomousRight.java:617): Autonomous - imu angle before turn: -86.31
11-06 20:29:22.604  9309 10055 I global  :  RENO - AutonomousRight.autonomousCore(AutonomousRight.java:619): Autonomous - imu angle after turn: -0.31
11-06 20:29:22.611  9309 10055 I global  :  RENO - AutonomousRight.autonomousCore(AutonomousRight.java:622): Autonomous - slider has lifted to high junction.
11-06 20:29:24.245  9309 10055 I global  :  RENO - AutonomousRight.autonomousCore(AutonomousRight.java:625): Autonomous - 3 cone has been unloaded.
11-06 20:29:24.250  9309 10055 I global  :  RENO - AutonomousRight.autonomousCore(AutonomousRight.java:627): Autonomous - imu angle after unload cone: 4.50
11-06 20:29:24.256  9309 10055 I global  :  RENO - AutonomousRight.autonomousCore(AutonomousRight.java:630): Autonomous -  latest cone has been unloaded.
11-06 20:29:26.266  9309 10055 I global  :  RENO - AutonomousRight.autonomousCore(AutonomousRight.java:634): Autonomous - Arrived parking lot aisle: 36.00
11-06 20:29:26.271  9309 10055 I global  :  RENO - AutonomousRight.autonomousCore(AutonomousRight.java:636): Autonomous - imu angle is: 2.56
11-06 20:29:26.579  9309  9417 V Robocol : received command: CMD_INIT_OP_MODE(15296) $Stop$Robot$
11-06 20:29:26.590  9309  9418 I RobotCore: ******************** STOP - OPMODE /storage/emulated/0/FIRST/matchlogs/Match-0-AutonomousRight.txt ********************
11-06 20:29:26.603  9309 10101 I RobotCore: saving match logcat to /storage/emulated/0/FIRST/matchlogs/Match-0-AutonomousRight.txt
11-06 20:29:26.603  9309 10101 I RobotCore: logging command line: exec logcat -d -T '11-6 20:28:54.000' -f '/storage/emulated/0/FIRST/matchlogs/Match-0-AutonomousRight.txt' -n4 -v threadtime UsbRequestJNI:S UsbRequest:S art:W ThreadPool:W System:W ExtendedExtractor:W OMXClient:W MediaPlayer:W dalvikvm:W  *:V
11-06 20:29:26.608  9309 10055 I global  :  RENO - AutonomousRight.autonomousCore(AutonomousRight.java:639): Autonomous -  finish parking.
11-06 20:29:26.610  9309 10055 I global  :  RENO - AutonomousRight.runOpMode(AutonomousRight.java:255): Autonomous - total Run Time: 30.0990 seconds
11-06 20:29:26.620  9309 10055 D LinearOpModeHelper: User runOpModeMethod exited
11-06 20:29:26.620  9309 10055 V RobotCore: thread: ...terminating 'LinearOpMode main'
11-06 20:29:26.622  9309  9442 I RobotCore: Attempting to switch to op mode $Stop$Robot$
11-06 20:29:26.646  9309  9420 V Robocol : sending CMD_NOTIFY_INIT_OP_MODE(5345), attempt: 0
11-06 20:29:26.659  9309  9417 V Robocol : received command: CMD_RUN_OP_MODE(15303) $Stop$Robot$
11-06 20:29:26.673  9309 10101 I RobotCore: Done running exec logcat -d -T '11-6 20:28:54.000' -f '/storage/emulated/0/FIRST/matchlogs/Match-0-AutonomousRight.txt' -n4 -v threadtime UsbRequestJNI:S UsbRequest:S art:W ThreadPool:W System:W ExtendedExtractor:W OMXClient:W MediaPlayer:W dalvikvm:W  *:V
11-06 20:29:26.673  9309 10101 I RobotCore: exiting match logcat for /storage/emulated/0/FIRST/matchlogs/Match-0-AutonomousRight.txt
11-06 20:29:26.686  9309  9420 V Robocol : sending CMD_NOTIFY_RUN_OP_MODE(5350), attempt: 0
11-06 20:30:13.560  9309  9379 V WebSocketManager: Unsubscribed websocket (ip=192.168.43.107/192.168.43.107 port=8081) from namespace (ControlHubUpdater)
11-06 20:30:13.563  9309  9379 V WebSocketManager: Unsubscribed websocket (ip=192.168.43.107/192.168.43.107 port=8081) from namespace (progress)
11-06 20:30:13.799  9309 10181 I RobotCore: password
11-06 20:30:13.799  9309  9379 V WebSocketManager: Subscribed websocket (ip=192.168.43.107/192.168.43.107 port=8081) to namespace (ControlHubUpdater)
11-06 20:30:13.800  9309  9379 V WebSocketManager: Subscribed websocket (ip=192.168.43.107/192.168.43.107 port=8081) to namespace (progress)
11-06 20:30:13.912  9309 10180 V ProgrammingModeManager: serve uri=/css/colors.less
