11-09 16:28:10.055  4553  4951 W TextToSpeech: 	at org.firstinspires.ftc.robotserver.internal.webserver.CoreRobotWebServer$1.serve(CoreRobotWebServer.java:244)
11-09 16:28:10.055  4553  4951 W TextToSpeech: 	at fi.iki.elonen.NanoHTTPD$HTTPSession.execute(NanoHTTPD.java:947)
11-09 16:28:10.055  4553  4951 W TextToSpeech: 	at fi.iki.elonen.NanoHTTPD$ClientHandler.run(NanoHTTPD.java:187)
11-09 16:28:10.055  4553  4951 W TextToSpeech: 	at java.lang.Thread.run(Thread.java:761)
11-09 16:28:10.262  4553  4951 V ProgrammingModeManager: serve uri=/list
11-09 16:28:10.265  4553  4955 V ProgrammingModeManager: serve uri=/samples
11-09 16:28:10.449  4986  4986 I ps      : type=1400 audit(0.0:242): avc: denied { getattr } for path="/proc/1" dev="proc" ino=4847 scontext=u:r:untrusted_app:s0:c512,c768 tcontext=u:r:init:s0 tclass=dir permissive=1
11-09 16:28:10.449  4986  4986 I ps      : type=1400 audit(0.0:243): avc: denied { search } for name="1" dev="proc" ino=4847 scontext=u:r:untrusted_app:s0:c512,c768 tcontext=u:r:init:s0 tclass=dir permissive=1
11-09 16:28:10.449  4986  4986 I ps      : type=1400 audit(0.0:244): avc: denied { read } for name="cmdline" dev="proc" ino=8726 scontext=u:r:untrusted_app:s0:c512,c768 tcontext=u:r:init:s0 tclass=file permissive=1
11-09 16:28:10.449  4986  4986 I ps      : type=1400 audit(0.0:245): avc: denied { open } for path="/proc/1/cmdline" dev="proc" ino=8726 scontext=u:r:untrusted_app:s0:c512,c768 tcontext=u:r:init:s0 tclass=file permissive=1
11-09 16:28:10.462  4986  4986 I ps      : type=1400 audit(0.0:246): avc: denied { getattr } for path="/proc/294" dev="proc" ino=10678 scontext=u:r:untrusted_app:s0:c512,c768 tcontext=u:r:kernel:s0 tclass=dir permissive=1
11-09 16:28:10.462  4986  4986 I ps      : type=1400 audit(0.0:247): avc: denied { search } for name="294" dev="proc" ino=10678 scontext=u:r:untrusted_app:s0:c512,c768 tcontext=u:r:kernel:s0 tclass=dir permissive=1
11-09 16:28:10.466  4986  4986 I ps      : type=1400 audit(0.0:248): avc: denied { read } for name="cmdline" dev="proc" ino=14032 scontext=u:r:untrusted_app:s0:c512,c768 tcontext=u:r:kernel:s0 tclass=file permissive=1
11-09 16:28:10.466  4986  4986 I ps      : type=1400 audit(0.0:249): avc: denied { open } for path="/proc/998/cmdline" dev="proc" ino=14032 scontext=u:r:untrusted_app:s0:c512,c768 tcontext=u:r:kernel:s0 tclass=file permissive=1
11-09 16:28:15.152  4553  4627 V WebSocketManager: Unsubscribed websocket (ip=192.168.43.107/192.168.43.107 port=8081) from namespace (ControlHubUpdater)
11-09 16:28:15.395  4553  4627 V WebSocketManager: Subscribed websocket (ip=192.168.43.107/192.168.43.107 port=8081) to namespace (ControlHubUpdater)
11-09 16:28:15.395  4553  5009 I RobotCore: password
11-09 16:28:15.397  4553  4627 V WebSocketManager: Subscribed websocket (ip=192.168.43.107/192.168.43.107 port=8081) to namespace (progress)
11-09 16:28:15.507  4553  4951 V ProgrammingModeManager: serve uri=/css/colors.less
--------- beginning of main
11-09 16:29:29.566  5254  5254 I ps      : type=1400 audit(0.0:253): avc: denied { getattr } for path="/proc/1" dev="proc" ino=4847 scontext=u:r:untrusted_app:s0:c512,c768 tcontext=u:r:init:s0 tclass=dir permissive=1
11-09 16:29:29.566  5254  5254 I ps      : type=1400 audit(0.0:254): avc: denied { search } for name="1" dev="proc" ino=4847 scontext=u:r:untrusted_app:s0:c512,c768 tcontext=u:r:init:s0 tclass=dir permissive=1
11-09 16:29:29.566  5254  5254 I ps      : type=1400 audit(0.0:255): avc: denied { read } for name="cmdline" dev="proc" ino=8726 scontext=u:r:untrusted_app:s0:c512,c768 tcontext=u:r:init:s0 tclass=file permissive=1
11-09 16:29:29.566  5254  5254 I ps      : type=1400 audit(0.0:256): avc: denied { open } for path="/proc/1/cmdline" dev="proc" ino=8726 scontext=u:r:untrusted_app:s0:c512,c768 tcontext=u:r:init:s0 tclass=file permissive=1
11-09 16:29:29.566  5254  5254 I ps      : type=1400 audit(0.0:257): avc: denied { getattr } for path="/proc/2" dev="proc" ino=10582 scontext=u:r:untrusted_app:s0:c512,c768 tcontext=u:r:kernel:s0 tclass=dir permissive=1
11-09 16:29:29.566  5254  5254 I ps      : type=1400 audit(0.0:258): avc: denied { search } for name="2" dev="proc" ino=10582 scontext=u:r:untrusted_app:s0:c512,c768 tcontext=u:r:kernel:s0 tclass=dir permissive=1
11-09 16:29:29.566  5254  5254 I ps      : type=1400 audit(0.0:259): avc: denied { read } for name="cmdline" dev="proc" ino=10681 scontext=u:r:untrusted_app:s0:c512,c768 tcontext=u:r:kernel:s0 tclass=file permissive=1
11-09 16:29:29.566  5254  5254 I ps      : type=1400 audit(0.0:260): avc: denied { open } for path="/proc/2/cmdline" dev="proc" ino=10681 scontext=u:r:untrusted_app:s0:c512,c768 tcontext=u:r:kernel:s0 tclass=file permissive=1
11-09 16:29:30.865  5270  5270 D Uvc     : [jni.cpp:72] JNI_OnLoad()...
11-09 16:29:30.865  5270  5270 D Uvc     : [JniEnv.h:32] ScopedJniEnv::onJniLoad()...
11-09 16:29:30.866  5270  5270 D Uvc     : [JniEnv.h:32] ...ScopedJniEnv::onJniLoad()
11-09 16:29:30.866  5270  5270 D Uvc     : [jni.cpp:72] ...JNI_OnLoad()
11-09 16:29:30.871  5270  5270 V AppUtil : initializing: getExternalStorageDirectory()=/storage/emulated/0
11-09 16:29:30.875  5270  5270 I AppUtil : found usbFileSystemRoot: /dev/bus/usb
11-09 16:29:30.876  5270  5270 I robotcontroller: type=1400 audit(0.0:261): avc: denied { read } for name="direction" dev="sysfs" ino=16323 scontext=u:r:untrusted_app:s0:c512,c768 tcontext=u:object_r:sysfs:s0 tclass=file permissive=1
11-09 16:29:30.876  5270  5270 I robotcontroller: type=1400 audit(0.0:262): avc: denied { open } for path="/sys/devices/pinctrl.26/gpio/gpio50/direction" dev="sysfs" ino=16323 scontext=u:r:untrusted_app:s0:c512,c768 tcontext=u:object_r:sysfs:s0 tclass=file permissive=1
11-09 16:29:30.876  5270  5270 I robotcontroller: type=1400 audit(0.0:263): avc: denied { getattr } for path="/sys/devices/pinctrl.26/gpio/gpio50/direction" dev="sysfs" ino=16323 scontext=u:r:untrusted_app:s0:c512,c768 tcontext=u:object_r:sysfs:s0 tclass=file permissive=1
11-09 16:29:30.879  5270  5270 I robotcontroller: type=1400 audit(0.0:264): avc: denied { write } for name="value" dev="sysfs" ino=13327 scontext=u:r:untrusted_app:s0:c512,c768 tcontext=u:object_r:sysfs:s0 tclass=file permissive=1
11-09 16:29:30.886  5270  5270 I AppAliveNotifier: Telling the OS to set the RC alive notification timeout to 20 seconds
11-09 16:29:30.893  5270  5286 V RobotCore: saving logcat to /storage/emulated/0/robotControllerLog.txt
11-09 16:29:30.893  5270  5286 V RobotCore: logging command line: exec logcat -f /storage/emulated/0/robotControllerLog.txt -r4096 -n4 -v threadtime UsbRequestJNI:S UsbRequest:S art:W ThreadPool:W System:W ExtendedExtractor:W OMXClient:W MediaPlayer:W dalvikvm:W  *:V
11-09 16:29:30.906  5270  5270 V AppUtil : rootActivity=PermissionValidatorWrapper
11-09 16:29:30.906  5270  5270 I PermissionValidatorActivity: Lifecycle onCreate : 6d5214a
11-09 16:29:30.928  5270  5286 I RobotCore: Done running ps
11-09 16:29:30.939  5290  5290 I sh      : type=1400 audit(0.0:265): avc: denied { read } for name="/" dev="rootfs" ino=1 scontext=u:r:untrusted_app:s0:c512,c768 tcontext=u:object_r:rootfs:s0 tclass=dir permissive=1
11-09 16:29:30.942  5290  5290 I sh      : type=1400 audit(0.0:266): avc: denied { open } for path="/" dev="rootfs" ino=1 scontext=u:r:untrusted_app:s0:c512,c768 tcontext=u:object_r:rootfs:s0 tclass=dir permissive=1
11-09 16:29:30.991  5270  5270 I PermissionValidatorActivity: Lifecycle onStart : 6d5214a
11-09 16:29:30.992  5270  5270 I PermissionValidator: Checking permission for android.permission.WRITE_EXTERNAL_STORAGE
11-09 16:29:30.997  5270  5270 I PermissionValidator:     Granted: android.permission.WRITE_EXTERNAL_STORAGE
11-09 16:29:30.997  5270  5270 I PermissionValidator: Checking permission for android.permission.READ_EXTERNAL_STORAGE
11-09 16:29:30.998  5270  5270 I PermissionValidator:     Granted: android.permission.READ_EXTERNAL_STORAGE
11-09 16:29:30.998  5270  5270 I PermissionValidator: Checking permission for android.permission.CAMERA
11-09 16:29:30.999  5270  5270 I PermissionValidator:     Granted: android.permission.CAMERA
11-09 16:29:30.999  5270  5270 I PermissionValidator: Checking permission for android.permission.ACCESS_COARSE_LOCATION
11-09 16:29:31.000  5270  5270 I PermissionValidator:     Granted: android.permission.ACCESS_COARSE_LOCATION
11-09 16:29:31.000  5270  5270 I PermissionValidator: Checking permission for android.permission.ACCESS_FINE_LOCATION
11-09 16:29:31.001  5270  5270 I PermissionValidator:     Granted: android.permission.ACCESS_FINE_LOCATION
11-09 16:29:31.001  5270  5270 I PermissionValidator: Checking permission for android.permission.READ_PHONE_STATE
11-09 16:29:31.002  5270  5270 I PermissionValidator:     Granted: android.permission.READ_PHONE_STATE
11-09 16:29:31.005  5270  5270 V ServiceStarter: attempting to start service MediaTransferProtocolMonitorService
11-09 16:29:31.007  5270  5270 V ServiceStarter: started service MediaTransferProtocolMonitorService
11-09 16:29:31.008  5270  5270 V ServiceStarter: attempting to start service OnBotJavaService
11-09 16:29:31.010  5270  5270 V ServiceStarter: started service OnBotJavaService
11-09 16:29:31.010  5270  5270 I PermissionValidatorActivity: All permissions validated.  Starting RobotController
11-09 16:29:31.021  5270  5270 V MTPMonitorService: onCreate()
11-09 16:29:31.022  5270  5270 V MTPMonitorService: onStartCommand() intent=Intent { cmp=com.qualcomm.ftcrobotcontroller/org.firstinspires.ftc.robotcore.internal.files.MediaTransferProtocolMonitorService } flags=0x0 startId=1
11-09 16:29:31.027  5270  5270 V MTPMonitor: observing: /storage/emulated/0
11-09 16:29:31.106  5270  5270 V OnBotJavaService: onCreate()
11-09 16:29:31.106  5270  5270 V OnBotJavaService: onStartCommand() intent=Intent { cmp=com.qualcomm.ftcrobotcontroller/org.firstinspires.ftc.onbotjava.OnBotJavaService } flags=0x0 startId=1
11-09 16:29:31.108  5270  5270 V OnBotJava: OnBotJavaManager::static
11-09 16:29:31.586  5270  5270 V OnBotJava: ctor()...
11-09 16:29:31.588  5270  5270 V OnBotJava: ...ctor()
11-09 16:29:31.594  5270  5270 I PermissionValidatorActivity: Lifecycle onCreate : 9ed69fe
11-09 16:29:31.602  5270  5270 I PermissionValidatorActivity: Lifecycle onStart : 9ed69fe
11-09 16:29:31.602  5270  5270 I PermissionValidator: Checking permission for android.permission.WRITE_EXTERNAL_STORAGE
11-09 16:29:31.603  5270  5270 I PermissionValidator:     Granted: android.permission.WRITE_EXTERNAL_STORAGE
11-09 16:29:31.603  5270  5270 I PermissionValidator: Checking permission for android.permission.READ_EXTERNAL_STORAGE
11-09 16:29:31.604  5270  5270 I PermissionValidator:     Granted: android.permission.READ_EXTERNAL_STORAGE
11-09 16:29:31.604  5270  5270 I PermissionValidator: Checking permission for android.permission.CAMERA
11-09 16:29:31.605  5270  5270 I PermissionValidator:     Granted: android.permission.CAMERA
11-09 16:29:31.605  5270  5270 I PermissionValidator: Checking permission for android.permission.ACCESS_COARSE_LOCATION
11-09 16:29:31.606  5270  5270 I PermissionValidator:     Granted: android.permission.ACCESS_COARSE_LOCATION
11-09 16:29:31.606  5270  5270 I PermissionValidator: Checking permission for android.permission.ACCESS_FINE_LOCATION
11-09 16:29:31.607  5270  5270 I PermissionValidator:     Granted: android.permission.ACCESS_FINE_LOCATION
11-09 16:29:31.607  5270  5270 I PermissionValidator: Checking permission for android.permission.READ_PHONE_STATE
11-09 16:29:31.608  5270  5270 I PermissionValidator:     Granted: android.permission.READ_PHONE_STATE
11-09 16:29:31.610  5270  5270 V ServiceStarter: attempting to start service MediaTransferProtocolMonitorService
11-09 16:29:31.612  5270  5270 V ServiceStarter: started service MediaTransferProtocolMonitorService
11-09 16:29:31.612  5270  5270 V ServiceStarter: attempting to start service OnBotJavaService
11-09 16:29:31.614  5270  5270 V ServiceStarter: started service OnBotJavaService
11-09 16:29:31.614  5270  5270 I PermissionValidatorActivity: All permissions validated.  Starting RobotController
11-09 16:29:31.625  5270  5270 V MTPMonitorService: onStartCommand() intent=Intent { cmp=com.qualcomm.ftcrobotcontroller/org.firstinspires.ftc.robotcore.internal.files.MediaTransferProtocolMonitorService } flags=0x0 startId=2
11-09 16:29:31.628  5270  5270 V MTPMonitor: observing: /storage/emulated/0
11-09 16:29:31.661  5270  5270 W FileObserverManager: upgrading mask: path=/storage/emulated/0/FIRST/java/control old=0x00000ffc new=0x00004ffc: might possibly miss event
11-09 16:29:31.690  5270  5270 V OnBotJavaService: onStartCommand() intent=Intent { cmp=com.qualcomm.ftcrobotcontroller/org.firstinspires.ftc.onbotjava.OnBotJavaService } flags=0x0 startId=2
11-09 16:29:31.690  5270  5270 V OnBotJava: ctor()...
11-09 16:29:31.691  5270  5270 W FileObserverManager: upgrading mask: path=/storage/emulated/0/FIRST/java/control/buildRequest.txt old=0x00000ffc new=0x00000ffe: might possibly miss event
11-09 16:29:31.692  5270  5270 V OnBotJava: ...ctor()
11-09 16:29:31.702  5270  5270 V RCActivity: Permissions validated already
11-09 16:29:31.702  5270  5270 V RCActivity: onCreate()
11-09 16:29:31.705  5270  5270 V RCActivity: rootActivity is of class PermissionValidatorWrapper
11-09 16:29:31.708  5270  5270 V RCActivity: launchActivity is of class class org.firstinspires.ftc.robotcontroller.internal.PermissionValidatorWrapper
11-09 16:29:31.719  5270  5318 V CallbackLooper: thread=142
11-09 16:29:31.724  5270  5270 V NetDiscover_wifiDirectAgent: doStart()...
11-09 16:29:31.730  5270  5270 V NetDiscover_wifiDirectAgent: ...doStart()
11-09 16:29:31.731  5270  5270 V NetDiscover_prefremrc: ----- all preferences -----
11-09 16:29:31.731  5270  5270 V NetDiscover_prefremrc: name='android.permission.READ_PHONE_STATE' value=false
11-09 16:29:31.732  5270  5270 V NetDiscover_prefremrc: name='pref_autostarted_robot_controller' value=true
11-09 16:29:31.732  5270  5270 V NetDiscover_prefremrc: name='pref_warn_about_obsolete_software' value=true
11-09 16:29:31.732  5270  5270 V NetDiscover_prefremrc: name='pref_has_independent_phone_battery' value=false
11-09 16:29:31.732  5270  5270 V NetDiscover_prefremrc: name='android.permission.CAMERA' value=false
11-09 16:29:31.733  5270  5270 V NetDiscover_prefremrc: name='pref_wifip2p_remote_channel_change_works' value=false
11-09 16:29:31.733  5270  5270 V NetDiscover_prefremrc: name='pref_hardware_config_filename' value={"isDirty":false,"location":"LOCAL_STORAGE","name":"Error418Test6dcColor","resourceId":0}
11-09 16:29:31.733  5270  5270 V NetDiscover_prefremrc: name='pref_sound_on_off' value=false
11-09 16:29:31.733  5270  5270 V NetDiscover_prefremrc: name='pref_warn_about_mismatched_app_versions' value=true
11-09 16:29:31.734  5270  5270 V NetDiscover_prefremrc: name='pref_ftc_season_year_of_current_rc_new' value=2022
11-09 16:29:31.734  5270  5270 V NetDiscover_prefremrc: name='App Restrictions' value=AAAAAA==
11-09 16:29:31.734  5270  5270 V NetDiscover_prefremrc:     
11-09 16:29:31.734  5270  5270 V NetDiscover_prefremrc: name='pref_warn_about_incorrect_clocks' value=true
11-09 16:29:31.734  5270  5270 V NetDiscover_prefremrc: name='pref_has_speaker' value=false
11-09 16:29:31.734  5270  5270 V NetDiscover_prefremrc: name='pref_ftc_season_year_of_current_rc' value=2022
11-09 16:29:31.735  5270  5270 V NetDiscover_prefremrc: name='android.permission.ACCESS_COARSE_LOCATION' value=false
11-09 16:29:31.735  5270  5270 V NetDiscover_prefremrc: name='android.permission.WRITE_EXTERNAL_STORAGE' value=false
11-09 16:29:31.735  5270  5270 V NetDiscover_prefremrc: name='pref_connection_owner_password' value=password
11-09 16:29:31.735  5270  5270 V NetDiscover_prefremrc: name='pref_pairing_kind' value=RCWIRELESSAP
11-09 16:29:31.736  5270  5270 V NetDiscover_prefremrc: name='pref_device_name_internal' value=FTC-eE8w
11-09 16:29:31.736  5270  5270 V NetDiscover_prefremrc: name='pref_app_theme' value=red
11-09 16:29:31.736  5270  5270 V NetDiscover_prefremrc: name='android.permission.ACCESS_FINE_LOCATION' value=false
11-09 16:29:31.736  5270  5270 V NetDiscover_prefremrc: name='pref_device_name' value=FTC-eE8w
11-09 16:29:31.737  5270  5270 V NetDiscover_prefremrc: name='pref_warn_about_2_4_ghz_band' value=true
11-09 16:29:31.737  5270  5270 V NetDiscover_prefremrc: name='android.permission.READ_EXTERNAL_STORAGE' value=false
11-09 16:29:31.737  5270  5270 V NetDiscover_prefremrc: name='pref_device_name_tracking' value=WIFIAP
11-09 16:29:31.737  5270  5270 V NetDiscover_prefremrc: name='pref_rc_connected' value=true
11-09 16:29:31.743  5270  5270 V Robocol : SendOnceRunnable created
11-09 16:29:31.746  5270  5270 V NetDiscover_prefremrc: doStart()...
11-09 16:29:31.747  5270  5270 V NetDiscover_prefremrc: ...doStart()
11-09 16:29:31.782  5270  5270 W System  : ClassLoader referenced unknown path: /system/app/webview/lib/arm64
11-09 16:29:31.783  5270  5270 D ApplicationLoaders: ignored Vulkan layer search path /system/app/webview/lib/arm64:/system/app/webview/webview.apk!/lib/arm64-v8a:/system/lib64:/vendor/lib64 for namespace 0x7f48d460f0
11-09 16:29:31.786  5270  5270 I WebViewFactory: Loading com.android.webview version 52.0.2743.100 (code 275610050)
11-09 16:29:31.825  5270  5270 I cr_LibraryLoader: Time to load native libraries: 3 ms (timestamps 1077-1080)
11-09 16:29:31.825  5270  5270 I cr_LibraryLoader: Expected native library version number "52.0.2743.100", actual native library version number "52.0.2743.100"
11-09 16:29:31.841  5270  5270 V WebViewChromiumFactoryProvider: Binding Chromium to main looper Looper (main, tid 1) {6ba683b}
11-09 16:29:31.841  5270  5270 I cr_LibraryLoader: Expected native library version number "52.0.2743.100", actual native library version number "52.0.2743.100"
11-09 16:29:31.842  5270  5270 I chromium: [INFO:library_loader_hooks.cc(143)] Chromium logging enabled: level = 0, default verbosity = 0
11-09 16:29:31.863  5270  5270 I cr_BrowserStartup: Initializing chromium process, singleProcess=true
11-09 16:29:31.892  5270  5270 I mali_so : [File] : hardware/rockchip/driver/./src/base/arch/arch_011_udd/base_arch_main.c; [Line] : 565; [Func] : deal_with_version_affairs_rk_ext;
11-09 16:29:31.892  5270  5270 I mali_so : arm_release_ver of this mali_so is 'r7p0-00rel1', rk_so_ver is '1@2' for 3328h_android_7.1, built at '15:47:51', on 'Jun 28 2017'.
11-09 16:29:31.892  5270  5270 I mali_so : [File] : hardware/rockchip/driver/./src/base/arch/arch_011_udd/base_arch_main.c; [Line] : 578; [Func] : deal_with_version_affairs_rk_ext;
11-09 16:29:31.892  5270  5270 I mali_so : mali_ver_property has been set to 'r7p0-00rel1-5-1@2', to return.
11-09 16:29:31.944  5270  5270 I cr_DRP  : No DRP key due to exception:java.lang.ClassNotFoundException: com.android.webview.chromium.Drp
11-09 16:29:31.998  5270  5270 W cr_AwContents: onDetachedFromWindow called when already detached. Ignoring
11-09 16:29:32.220  5270  5270 W System  : ClassLoader referenced unknown path: 
11-09 16:29:32.254  5270  5270 W ClassManager: com.journeyapps.barcodescanner.ScanContract java.lang.ClassNotFoundException: com.journeyapps.barcodescanner.ScanContract
11-09 16:29:32.258  5270  5270 E ClassManager: java.lang.ClassNotFoundException: com.journeyapps.barcodescanner.ScanContract
11-09 16:29:32.259  5270  5270 E ClassManager: 	at java.lang.Class.classForName(Native Method)
11-09 16:29:32.261  5270  5270 E ClassManager: 	at java.lang.Class.forName(Class.java:400)
11-09 16:29:32.264  5270  5270 E ClassManager: 	at org.firstinspires.ftc.robotcore.internal.opmode.ClassManager.classNamesToClasses(ClassManager.java:215)
11-09 16:29:32.266  5270  5270 E ClassManager: 	at org.firstinspires.ftc.robotcore.internal.opmode.ClassManager.processAllClasses(ClassManager.java:258)
11-09 16:29:32.268  5270  5270 E ClassManager: 	at com.qualcomm.ftccommon.ClassManagerFactory.processAllClasses(ClassManagerFactory.java:94)
11-09 16:29:32.269  5270  5270 E ClassManager: 	at org.firstinspires.ftc.robotcontroller.internal.FtcRobotControllerActivity.onCreate(FtcRobotControllerActivity.java:356)
11-09 16:29:32.270  5270  5270 E ClassManager: 	at android.app.Activity.performCreate(Activity.java:6709)
11-09 16:29:32.270  5270  5270 E ClassManager: 	at android.app.Instrumentation.callActivityOnCreate(Instrumentation.java:1118)
11-09 16:29:32.271  5270  5270 E ClassManager: 	at android.app.ActivityThread.performLaunchActivity(ActivityThread.java:2619)
11-09 16:29:32.271  5270  5270 E ClassManager: 	at android.app.ActivityThread.handleLaunchActivity(ActivityThread.java:2727)
11-09 16:29:32.272  5270  5270 E ClassManager: 	at android.app.ActivityThread.-wrap12(ActivityThread.java)
11-09 16:29:32.273  5270  5270 E ClassManager: 	at android.app.ActivityThread$H.handleMessage(ActivityThread.java:1478)
11-09 16:29:32.273  5270  5270 E ClassManager: 	at android.os.Handler.dispatchMessage(Handler.java:102)
11-09 16:29:32.273  5270  5270 E ClassManager: 	at android.os.Looper.loop(Looper.java:154)
11-09 16:29:32.274  5270  5270 E ClassManager: 	at android.app.ActivityThread.main(ActivityThread.java:6121)
11-09 16:29:32.275  5270  5270 E ClassManager: 	at java.lang.reflect.Method.invoke(Native Method)
11-09 16:29:32.275  5270  5270 E ClassManager: 	at com.android.internal.os.ZygoteInit$MethodAndArgsCaller.run(ZygoteInit.java:905)
11-09 16:29:32.275  5270  5270 E ClassManager: 	at com.android.internal.os.ZygoteInit.main(ZygoteInit.java:795)
11-09 16:29:32.278  5270  5270 E ClassManager: Caused by: java.lang.ClassNotFoundException: Didn't find class "com.journeyapps.barcodescanner.ScanContract" on path: DexPathList[[],nativeLibraryDirectories=[/system/lib64, /vendor/lib64]]
11-09 16:29:32.278  5270  5270 E ClassManager: 	at dalvik.system.BaseDexClassLoader.findClass(BaseDexClassLoader.java:56)
11-09 16:29:32.279  5270  5270 E ClassManager: 	at java.lang.ClassLoader.loadClass(ClassLoader.java:380)
11-09 16:29:32.280  5270  5270 E ClassManager: 	at java.lang.ClassLoader.loadClass(ClassLoader.java:312)
11-09 16:29:32.280  5270  5270 E ClassManager: 	... 18 more
11-09 16:29:33.600  5270  5270 V UpdateUI: Network: inactive, disconnected
11-09 16:29:33.601  5270  5270 V ServiceStarter: attempting to start service FtcRobotControllerWatchdogService
11-09 16:29:33.603  5270  5270 V ServiceStarter: started service FtcRobotControllerWatchdogService
11-09 16:29:33.622  5270  5270 I RobotCore: App info: version=8.0.0 appId=com.qualcomm.ftcrobotcontroller
11-09 16:29:33.622  5270  5270 I RobotCore: Android Device: maker=REV Robotics model=Control Hub v1.0 sdk=25 serial=caade241cd00a884
11-09 16:29:33.622  5270  5270 V AndroidBoard: REV Control Hub contains REV3328
11-09 16:29:33.622  5270  5270 V AndroidBoard: Communicating with embedded REV hub via /dev/ttyS1
11-09 16:29:33.624  5270  5270 V RCActivity: onStart()
11-09 16:29:33.628  5270  5270 V RCActivity: onResume()
11-09 16:29:33.645  5270  5270 V NetDiscover_prefremrc: onSharedPreferenceChanged(name=App Restrictions, value=AAAAAA==
11-09 16:29:33.645  5270  5270 V NetDiscover_prefremrc: )
11-09 16:29:33.657  5270  5270 V FtcRobotControllerWatchdogService: onCreate()
11-09 16:29:33.658  5270  5270 V FtcRobotControllerWatchdogService: onStartCommand() intent=Intent { cmp=com.qualcomm.ftcrobotcontroller/org.firstinspires.ftc.ftccommon.internal.FtcRobotControllerWatchdogService } flags=0x0 startId=1
11-09 16:29:33.658  5270  5270 V FtcRobotControllerWatchdogService: shouldAutoLauchRobotController() result=true
11-09 16:29:33.659  5270  5270 V FTCService: onCreate()
11-09 16:29:33.689  5270  5270 W art     : Before Android 4.1, method double java.util.concurrent.ThreadLocalRandom.internalNextDouble(double, double) would have incorrectly overridden the package-private method in java.util.Random
11-09 16:29:33.689  5270  5270 W art     : Before Android 4.1, method int java.util.concurrent.ThreadLocalRandom.internalNextInt(int, int) would have incorrectly overridden the package-private method in java.util.Random
11-09 16:29:33.689  5270  5270 W art     : Before Android 4.1, method long java.util.concurrent.ThreadLocalRandom.internalNextLong(long, long) would have incorrectly overridden the package-private method in java.util.Random
11-09 16:29:33.718  5270  5270 V FTCService: onBind()
11-09 16:29:33.743  5270  5270 V CoreRobotWebServer: creating NanoHTTPD(8080)
11-09 16:29:33.748  5270  5270 V WebSocketManager: Registered broadcast-only namespace progress
11-09 16:29:33.754  5270  5270 V WebSocketManager: Registered handler for namespace ControlHubUpdater
11-09 16:29:33.755  5270  5270 V RobotCore: Getting network assistant of type: RCWIRELESSAP
11-09 16:29:33.757  5270  5270 I RobotControllerAccessPointAssistant: Enabling network services
11-09 16:29:33.759  5270  5270 I RobotControllerAccessPointAssistant: Sending SSID and password to AP service
11-09 16:29:33.759  5270  5270 I RobotCore: password
11-09 16:29:33.760  5270  5270 D RobotControllerAccessPointAssistant: setNetworkProperties(deviceName=FTC-eE8w, password=password, ApChannel=null) sendSettingsIndividually=false
11-09 16:29:33.760  5270  5270 I NetDiscover_ControlHubNameManager: Robot controller name: FTC-eE8w
11-09 16:29:33.761  5270  5270 I ControlHubPasswordManager: Robot controller password: password
11-09 16:29:33.761  5270  5270 D RobotControllerAccessPointAssistant: Sending bulk settings broadcast intent
11-09 16:29:33.814  5270  5342 I OpenGLRenderer: Initialized EGL, version 1.4
11-09 16:29:33.814  5270  5342 D OpenGLRenderer: Swap behavior 1
11-09 16:29:33.819  5270  5270 I RobotControllerAccessPointAssistant: Wi-Fi state change:, wifiApState: 13
11-09 16:29:33.819  5270  5270 I FTCService: onNetworkConnectionEvent: CONNECTION_INFO_AVAILABLE
11-09 16:29:33.820  5270  5270 I RobotCore: password
11-09 16:29:33.820  5270  5270 I FTCService: Network Connection Passphrase: password
11-09 16:29:33.820  5270  5270 V CoreRobotWebServer: starting port=8080
11-09 16:29:33.832  5270  5270 V RobotCore: Getting network assistant of type: RCWIRELESSAP
11-09 16:29:33.832  5270  5270 V CoreRobotWebServer: started port=8080
11-09 16:29:33.833  5270  5270 V FTCService: RCActivity.controllerService=bound
11-09 16:29:33.833  5270  5270 V UpdateUI: Network: active, disconnected
11-09 16:29:33.834  5270  5270 V RobotCore: Robot Status: stopped
11-09 16:29:33.847  5270  5348 V TooTallWebSocketServer: Started WebSocket server on port 8081
11-09 16:29:33.847  5270  5351 V RobotCore: thread: 'RobotSetupRunnable.run()' starting...
11-09 16:29:33.848  5270  5351 V FTCService: Processing robot setup
11-09 16:29:33.848  5270  5351 V RobotCore: Robot Status: stopped, scanning for USB devices
11-09 16:29:33.849  5270  5351 I AppAliveNotifier: Telling the OS to set the RC alive notification timeout to 10 seconds
11-09 16:29:33.878  5270  5270 V WebSocketManager: Registered handler for namespace ONBOTJAVA
11-09 16:29:33.892  5270  5342 I [Gralloc]:  ion device open success! fd = 92
11-09 16:29:33.974  5270  5270 I PermissionValidatorActivity: Lifecycle onDestroy : 9ed69fe
11-09 16:29:33.976  5270  5270 V AppUtil : rootActivity=PermissionValidatorWrapper destroyed
11-09 16:29:33.976  5270  5270 V AppUtil : rootActivity=FtcRobotControllerActivity
11-09 16:29:33.976  5270  5270 I PermissionValidatorActivity: Lifecycle onDestroy : 6d5214a
11-09 16:29:34.248  5270  5350 V FtcWebSocket: Opening websocket (ip=192.168.43.107/192.168.43.107 port=8081)
11-09 16:29:34.255  5270  5350 V WebSocketManager: Subscribed websocket (ip=192.168.43.107/192.168.43.107 port=8081) to namespace (progress)
11-09 16:29:34.256  5270  5350 V WebSocketManager: Subscribed websocket (ip=192.168.43.107/192.168.43.107 port=8081) to namespace (ControlHubUpdater)
11-09 16:29:34.635  5270  5350 V FtcWebSocket: Opening websocket (ip=192.168.43.107/192.168.43.107 port=8081)
11-09 16:29:34.638  5270  5350 V WebSocketManager: Subscribed websocket (ip=192.168.43.107/192.168.43.107 port=8081) to namespace (progress)
11-09 16:29:34.640  5270  5350 V WebSocketManager: Subscribed websocket (ip=192.168.43.107/192.168.43.107 port=8081) to namespace (ControlHubUpdater)
11-09 16:29:35.100  5270  5361 I RobotCore: password
11-09 16:29:35.192  5270  5359 V ProgrammingModeManager: serve uri=/css/colors.less
11-09 16:29:35.486  5270  5359 I RobotCore: password
11-09 16:29:35.578  5270  5364 V ProgrammingModeManager: serve uri=/css/colors.less
11-09 16:29:37.412  5270  5364 I RobotCore: password
11-09 16:29:38.857  5270  5351 V RobotCore: EventLoopManager state is NOT_STARTED
11-09 16:29:38.857  5270  5351 V FTCService: Waiting for a connection to a Wi-Fi service
11-09 16:29:38.858  5270  5351 V RobotCore: Robot Status: stopped, waiting for network to become active
11-09 16:29:38.860  5270  5351 I RobotControllerAccessPointAssistant: Wi-Fi AP is enabled
11-09 16:29:38.860  5270  5351 V CoreRobotWebServer: Asked an already running WebServer to start
11-09 16:29:38.861  5270  5351 V RobotCore: Robot Status: stopped, starting robot
11-09 16:29:38.862  5270  5351 V Robocol : EventLoopManager.start()
11-09 16:29:38.862  5270  5351 V RobotCore: Getting network assistant of type: RCWIRELESSAP
11-09 16:29:38.863  5270  5351 I RobotControllerAccessPointAssistant: Wi-Fi AP is enabled
11-09 16:29:38.863  5270  5351 V Robocol : Spoofing a Network Connection event...
11-09 16:29:38.863  5270  5351 I EventLoopManager: onNetworkConnectionEvent: CONNECTION_INFO_AVAILABLE
11-09 16:29:38.863  5270  5351 I Robocol : Received network connection event
11-09 16:29:38.864  5270  5351 I RobotControllerAccessPointAssistant: Wi-Fi AP is enabled
11-09 16:29:38.864  5270  5351 I NetworkConnectionHandler: Handling new network connection infomation, connected: true setup needed: true
11-09 16:29:38.865  5270  5351 I RobotControllerAccessPointAssistant: Wi-Fi AP is enabled
11-09 16:29:41.893  5270  5398 V RobotCore: thread: 'SetupRunnable.run()' starting...
11-09 16:29:41.893  5270  5351 V RobotCore: EventLoopManager state is STOPPED
11-09 16:29:41.895  5270  5351 V Robocol : eventLoop=FtcEventLoop
11-09 16:29:41.895  5270  5351 V RobotCore: EventLoopManager state is INIT
11-09 16:29:41.896  5270  5351 V RobotCore: Robot Status: initializing, starting robot
11-09 16:29:41.896  5270  5351 I FtcEventLoop: ======= INIT START =======
11-09 16:29:41.897  5270  5351 V OpmodeRegistration: registered {DefaultOpMode} as {$Stop$Robot$}
11-09 16:29:41.900  5270  5398 D Robocol : RobocolDatagramSocket listening addr=/192.168.43.1:20884 cbRec=65520 cbSend=106496 msRecTO=300
11-09 16:29:41.903  5270  5398 V Robocol : RecvLoopRunnable created
11-09 16:29:41.905  5270  5399 V Robocol : PacketProcessor started
11-09 16:29:41.906  5270  5400 V Robocol : CommandProcessor started
11-09 16:29:41.908  5270  5401 V RobotCore: thread: 'RecvLoopRunnable.run()' starting...
11-09 16:29:41.910  5270  5398 V PeerDiscovery: Starting peer discovery remote: /192.168.43.1 local: /192.168.43.1
11-09 16:29:41.910  5270  5398 V PeerDiscovery: No need for initiating peer discovery, we are the Robot Controller
11-09 16:29:41.910  5270  5398 V RobotCore: Setup complete
11-09 16:29:41.911  5270  5398 V RobotCore: thread: ...terminating 'SetupRunnable.run()'
11-09 16:29:41.911  5270  5351 V OpmodeRegistration: registered {TeleopDualDrivers} as {TeleopDualDrivers}
11-09 16:29:41.912  5270  5351 V OpmodeRegistration: registered {CameraVuforia} as {Camera}
11-09 16:29:41.912  5270  5351 V OpmodeRegistration: registered {TensorFlowObjectDetectionWebcam} as {Nap: camera 3}
11-09 16:29:41.913  5270  5351 V OpmodeRegistration: registered {ConceptWebcamTest} as {nap: Webcam}
11-09 16:29:41.914  5270  5351 V OpmodeRegistration: registered {ConceptSignalSleeveIdentification} as {POC: Signal Sleeve}
11-09 16:29:41.915  5270  5351 V OpmodeRegistration: registered {ConceptVuforiaLocalization} as {POC - Vuforia Localization}
11-09 16:29:41.916  5270  5351 V OpmodeRegistration: registered {Forward} as { Nept-Forward and Turning }
11-09 16:29:41.918  5270  5351 V OpmodeRegistration: registered {ConceptBNO055IMU} as {POC: IMU Display}
11-09 16:29:41.919  5270  5351 V OpmodeRegistration: registered {ConceptFieldNavigationAuto} as {POC - Field Nav Auto}
11-09 16:29:41.919  5270  5351 V OpmodeRegistration: registered {AutoLeft} as {AutoLeft}
11-09 16:29:41.921  5270  5351 V OpmodeRegistration: registered {ConceptFieldNavigationAutoV2} as {POC - Field Nav Encoder}
11-09 16:29:41.921  5270  5351 V OpmodeRegistration: registered {PushbotAutodrive} as {Nep-TestMotor }
11-09 16:29:41.922  5270  5351 V OpmodeRegistration: registered {ConceptFieldNavigation} as {POC - Field Nav}
11-09 16:29:41.922  5270  5351 V OpmodeRegistration: registered {ConceptAutoDriveCalibration} as {POC: Auto Drive Calibration}
11-09 16:29:41.923  5270  5351 V OpmodeRegistration: registered {TeleopMotorGroup} as {TeleopMotorGroup}
11-09 16:29:41.924  5270  5351 V OpmodeRegistration: registered {AutonomousRight} as {AutonomousRight}
11-09 16:29:41.924  5270  5351 V OpmodeRegistration: registered {ConceptBNO055IMUCalibration} as {POC: IMU Calibration}
11-09 16:29:41.925  5270  5351 V OpmodeRegistration: registered {TensorFLowWebcam} as {Nap-Camera 2}
11-09 16:29:41.925  5270  5351 V OpmodeRegistration: registered {ConceptAutoDriveByGyro} as {POC: Drive By Gyro}
11-09 16:29:41.992  5270  5351 V FtcEventLoop: Ensuring that the embedded Control Hub module is set up correctly
11-09 16:29:41.998  5270  5351 V RobotCore: Creating REV Robotics USB Expansion Hub Portal [(embedded)]
11-09 16:29:41.998  5270  5351 V LynxUsb : creating new [(embedded)]: 0x0fd35e9b
11-09 16:29:42.001  5270  5351 V FtDeviceManager: createDeviceInfoList(): 0 USB devices
11-09 16:29:42.001  5270  5351 V RobotUsbManagerCombining: FTDI driver failed to open USB device with serial number (embedded) (returned null device)
11-09 16:29:42.003  5270  5351 V SerialPortNative: [SerialPort.cpp:150] opened(/dev/ttyS1): fd=90
11-09 16:29:41.999  5270  5270 I pRunnable.run(): type=1400 audit(0.0:270): avc: denied { read } for name="ttyS1" dev="tmpfs" ino=7192 scontext=u:r:untrusted_app:s0:c512,c768 tcontext=u:object_r:serial_device:s0 tclass=chr_file permissive=1
11-09 16:29:42.004  5270  5351 V RobotUsbDeviceTTY: opening serial=(embedded) file=/dev/ttyS1
11-09 16:29:42.005  5270  5351 V LynxUsb : armDevice() serial=(embedded)...
11-09 16:29:42.005  5270  5351 V LynxUsb : resetDevice() serial=(embedded)
11-09 16:29:41.999  5270  5270 I pRunnable.run(): type=1400 audit(0.0:271): avc: denied { write } for name="ttyS1" dev="tmpfs" ino=7192 scontext=u:r:untrusted_app:s0:c512,c768 tcontext=u:object_r:serial_device:s0 tclass=chr_file permissive=1
11-09 16:29:42.007  5270  5351 V LynxModule: resetting embedded usb device: isPresent: was=true
11-09 16:29:41.999  5270  5270 I pRunnable.run(): type=1400 audit(0.0:272): avc: denied { open } for path="/dev/ttyS1" dev="tmpfs" ino=7192 scontext=u:r:untrusted_app:s0:c512,c768 tcontext=u:object_r:serial_device:s0 tclass=chr_file permissive=1
11-09 16:29:41.999  5270  5270 I pRunnable.run(): type=1400 audit(0.0:273): avc: denied { ioctl } for path="/dev/ttyS1" dev="tmpfs" ino=7192 ioctlcmd=5401 scontext=u:r:untrusted_app:s0:c512,c768 tcontext=u:object_r:serial_device:s0 tclass=chr_file permissive=1
11-09 16:29:42.002  5270  5270 I pRunnable.run(): type=1400 audit(0.0:274): avc: denied { read } for name="value" dev="sysfs" ino=13327 scontext=u:r:untrusted_app:s0:c512,c768 tcontext=u:object_r:sysfs:s0 tclass=file permissive=1
11-09 16:29:42.002  5270  5270 I pRunnable.run(): type=1400 audit(0.0:275): avc: denied { open } for path="/sys/devices/pinctrl.26/gpio/gpio50/value" dev="sysfs" ino=13327 scontext=u:r:untrusted_app:s0:c512,c768 tcontext=u:object_r:sysfs:s0 tclass=file permissive=1
11-09 16:29:42.002  5270  5270 I pRunnable.run(): type=1400 audit(0.0:276): avc: denied { getattr } for path="/sys/devices/pinctrl.26/gpio/gpio50/value" dev="sysfs" ino=13327 scontext=u:r:untrusted_app:s0:c512,c768 tcontext=u:object_r:sysfs:s0 tclass=file permissive=1
11-09 16:29:42.006  5270  5270 I pRunnable.run(): type=1400 audit(0.0:277): avc: denied { write } for name="value" dev="sysfs" ino=16366 scontext=u:r:untrusted_app:s0:c512,c768 tcontext=u:object_r:sysfs:s0 tclass=file permissive=1
11-09 16:29:42.211  5270  5401 E Robocol : exception SocketTimeoutException(Receive timed out): no packet received [java.net.PlainDatagramSocketImpl.receive0(Native Method)]
11-09 16:29:42.363  5270  5351 V LynxUsb : ...done armDevice()
11-09 16:29:42.364  5270  5403 V RobotCore: thread: 'lynx incoming datagrams' starting...
11-09 16:29:42.364  5270  5351 V LynxUsb : 0x029edf76 on 0x0fd35e9b: new delegate to [(embedded)]
11-09 16:29:42.374  5270  5351 V LynxUsb : addConfiguredModule() module#=173
11-09 16:29:42.374  5270  5351 V LynxModule: pingAndQueryKnownInterfaces mod=173
11-09 16:29:42.377  5270  5403 V LynxUsb : synchronization gained: serial=(embedded)
11-09 16:29:42.400  5270  5351 V LynxModule: mod#=173 queryInterface(DEKA)=54 commands starting at 4096
11-09 16:29:42.413  5270  5351 V LynxModule: sending LynxFtdiResetControlCommand(true) wasInterrupted=false
11-09 16:29:42.419  5270  5351 V LynxModule: sendLEDPatternSteps(): steps=[Step(color=65280, msDuration=1000)]
11-09 16:29:42.425  5270  5351 V LynxModule: setAsControlHubEmbeddedModule(mod=173)
11-09 16:29:42.425  5270  5351 V EmbeddedControlHubModule: setting embedded module
11-09 16:29:42.426  5270  5351 V LynxModule: sending LynxFtdiResetControlCommand(false) wasInterrupted=false
11-09 16:29:42.428  5270  5351 V LynxModule: close(#173)
11-09 16:29:42.431  5270  5351 V LynxUsb : Verified that the embedded Control Hub module has the correct address
11-09 16:29:42.434  5270  5351 V LynxUsb : addConfiguredModule() module#=173
11-09 16:29:42.434  5270  5351 V LynxModule: pingAndQueryKnownInterfaces mod=173
11-09 16:29:42.449  5270  5351 V LynxModule: mod#=173 queryInterface(DEKA)=54 commands starting at 4096
11-09 16:29:42.459  5270  5351 V LynxModule: sending LynxFtdiResetControlCommand(true) wasInterrupted=false
11-09 16:29:42.464  5270  5351 V LynxModule: sendLEDPatternSteps(): steps=[Step(color=65280, msDuration=1000)]
11-09 16:29:42.468  5270  5351 V LynxModule: setAsControlHubEmbeddedModule(mod=173)
11-09 16:29:42.469  5270  5351 V EmbeddedControlHubModule: setting embedded module
11-09 16:29:42.469  5270  5351 I RobotCore: LynxFirmwareVersionManager: LynxI2cDeviceSynchV2
11-09 16:29:42.469  5270  5351 V LynxI2cDeviceSynch: initializeHardware() mod#=173
11-09 16:29:42.470  5270  5351 V BHI260IMU: Suppressing I2C warnings while we check for a BHI260AP IMU
11-09 16:29:42.475  5270  5351 V BHI260IMU: No BHI260AP IMU found
11-09 16:29:42.476  5270  5351 V LynxModule: sending LynxFtdiResetControlCommand(false) wasInterrupted=false
11-09 16:29:42.478  5270  5351 V LynxModule: close(#173)
11-09 16:29:42.480  5270  5351 V HardwareFactory: createHardwareMap()
11-09 16:29:42.480  5270  5351 V EmbeddedControlHubModule: clearing embedded module
11-09 16:29:42.495  5270  5351 V ReadXMLFileHandler: embedded lynx USB device is already present
11-09 16:29:42.495  5270  5351 V RobotCore: Creating REV Robotics USB Expansion Hub Portal [(embedded)]
11-09 16:29:42.496  5270  5351 V LynxUsb : using existing [(embedded)]: 0x0fd35e9b
11-09 16:29:42.496  5270  5351 V LynxUsb : 0x0240c396 on 0x0fd35e9b: new delegate to [(embedded)]
11-09 16:29:42.496  5270  5351 V RobotCore: Creating Lynx Module - mod=173 parent=true
11-09 16:29:42.498  5270  5351 V RobotCore: Creating Lynx Module - mod=2 parent=false
11-09 16:29:42.499  5270  5351 V LynxUsb : addConfiguredModule() module#=173
11-09 16:29:42.500  5270  5351 V LynxModule: pingAndQueryKnownInterfaces mod=173
11-09 16:29:42.513  5270  5351 V LynxModule: mod#=173 queryInterface(DEKA)=54 commands starting at 4096
11-09 16:29:42.526  5270  5351 V LynxModule: sending LynxFtdiResetControlCommand(true) wasInterrupted=false
11-09 16:29:42.533  5270  5406 V LynxModule: received status: LynxGetModuleStatusResponse(status=0x02 alerts=0x00: Reset)
11-09 16:29:42.534  5270  5406 W HubPowerCycle: Expansion Hub 173 regained power after a complete power loss. No user Op Mode was running.
11-09 16:29:42.534  5270  5406 V LynxModule: resendCurrentPattern()
11-09 16:29:42.534  5270  5406 V LynxModule: sendLEDPatternSteps(): steps=[]
11-09 16:29:42.536  5270  5351 V LynxModule: sendLEDPatternSteps(): steps=[Step(color=65280, msDuration=1000)]
11-09 16:29:42.544  5270  5351 V LynxModule: setAsControlHubEmbeddedModule(mod=173)
11-09 16:29:42.545  5270  5351 V EmbeddedControlHubModule: setting embedded module
11-09 16:29:42.545  5270  5351 V LynxUsb : addConfiguredModule() module#=2
11-09 16:29:42.545  5270  5351 V LynxModule: pingAndQueryKnownInterfaces mod=2
11-09 16:29:42.560  5270  5351 V LynxModule: mod#=2 queryInterface(DEKA)=54 commands starting at 4096
11-09 16:29:42.569  5270  5351 V LynxModule: sending LynxFtdiResetControlCommand(true) wasInterrupted=false
11-09 16:29:42.576  5270  5351 V LynxModule: sendLEDPatternSteps(): steps=[Step(color=65280, msDuration=4500), Step(color=0, msDuration=500), Step(color=255, msDuration=500), Step(color=0, msDuration=500), Step(color=255, msDuration=500), Step(color=0, msDuration=500)]
11-09 16:29:42.578  5270  5407 V LynxModule: received status: LynxGetModuleStatusResponse(status=0x05 alerts=0x00: KeepAliveTimeout|FailSafe)
11-09 16:29:42.578  5270  5407 V LynxModule: resendCurrentPattern()
11-09 16:29:42.579  5270  5407 V LynxModule: sendLEDPatternSteps(): steps=[Step(color=65280, msDuration=4500), Step(color=0, msDuration=500), Step(color=255, msDuration=500), Step(color=0, msDuration=500), Step(color=255, msDuration=500), Step(color=0, msDuration=500)]
11-09 16:29:42.589  5270  5351 V LynxMotor: initializeHardware() mod#=173
11-09 16:29:42.632  5270  5351 V RobotCore: DcMotorImpl(type=goBILDA5202SeriesMotor)
11-09 16:29:42.633  5270  5351 V RobotCore: DcMotorImpl(type=goBILDA5202SeriesMotor)
11-09 16:29:42.633  5270  5351 V RobotCore: DcMotorImpl(type=goBILDA5202SeriesMotor)
11-09 16:29:42.633  5270  5351 V RobotCore: DcMotorImpl(type=goBILDA5202SeriesMotor)
11-09 16:29:42.634  5270  5351 V LynxServoController: initializeHardware() mod#=173
11-09 16:29:42.659  5270  5351 V LynxVoltageSensor: initializeHardware() mod#=173
11-09 16:29:42.660  5270  5351 V LynxAnalogInputController: initializeHardware() mod#=173
11-09 16:29:42.661  5270  5351 V LynxDigitalChannelController: initializeHardware() mod#=173
11-09 16:29:42.678  5270  5351 V RobotCore: Creating user sensor REV internal IMU (BNO055) - on Lynx module=173 bus=0
11-09 16:29:42.678  5270  5351 V RobotCore: Creating I2cDeviceSynch (Lynx) - mod=173 bus=0
11-09 16:29:42.679  5270  5351 I RobotCore: LynxFirmwareVersionManager: LynxI2cDeviceSynchV2
11-09 16:29:42.679  5270  5351 V LynxI2cDeviceSynch: initializeHardware() mod#=173
11-09 16:29:42.682  5270  5351 V RobotCore: Creating user sensor REV 2M Distance Sensor - on Lynx module=173 bus=1
11-09 16:29:42.683  5270  5351 V RobotCore: Creating I2cDeviceSynch (Lynx) - mod=173 bus=1
11-09 16:29:42.683  5270  5351 I RobotCore: LynxFirmwareVersionManager: LynxI2cDeviceSynchV2
11-09 16:29:42.683  5270  5351 V LynxI2cDeviceSynch: initializeHardware() mod#=173
11-09 16:29:42.684  5270  5351 V RobotCore: Creating user sensor REV Color Sensor V3 - on Lynx module=173 bus=2
11-09 16:29:42.684  5270  5351 I RobotCore: LynxFirmwareVersionManager: LynxI2cDeviceSynchV2
11-09 16:29:42.685  5270  5351 V LynxI2cDeviceSynch: initializeHardware() mod#=173
11-09 16:29:42.687  5270  5351 I I2C     : Automatically initializing I2C device RevColorSensorV3 USB (embedded); module 173; bus 2; addr7=0x00
11-09 16:29:42.687  5270  5351 V BroadcomColorSensorImpl: internalInitialize()...
11-09 16:29:42.696  5270  5351 V BroadcomColorSensorImpl: state: 07 37 20 1d 42 01 c2 
11-09 16:29:42.697  5270  5351 V BroadcomColorSensorImpl: setGain(0x01)
11-09 16:29:42.701  5270  5351 V BroadcomColorSensorImpl: setLEDParameters(0x37)
11-09 16:29:42.705  5270  5351 V BroadcomColorSensorImpl: setProximityPulseCount(0x20)
11-09 16:29:42.710  5270  5351 V BroadcomColorSensorImpl: setPSMeasRate(0x1d)
11-09 16:29:42.715  5270  5351 V BroadcomColorSensorImpl: setLSMeasRate(0x42)
11-09 16:29:42.723  5270  5351 V BroadcomColorSensorImpl: enable() enabled=0x07...
11-09 16:29:42.725  5270  5399 D RobotCore: system telemetry: key=$System$None$ msg=""
11-09 16:29:42.726  5270  5399 V PeerDiscovery: new remote peer discovered: 192.168.43.39
11-09 16:29:42.726  5270  5399 V NetworkConnectionHandler: starting sending loop
11-09 16:29:42.728  5270  5408 V Robocol : sending CMD_NOTIFY_ROBOT_STATE(7), attempt: 0
11-09 16:29:42.729  5270  5408 V Robocol : sending CMD_NOTIFY_ROBOT_STATE(8), attempt: 0
11-09 16:29:42.730  5270  5408 V Robocol : sending CMD_NOTIFY_ROBOT_STATE(9), attempt: 0
11-09 16:29:42.731  5270  5408 V Robocol : sending CMD_NOTIFY_ACTIVE_CONFIGURATION(11), attempt: 0
11-09 16:29:42.732  5270  5408 V Robocol : sending CMD_NOTIFY_USER_DEVICE_LIST(12), attempt: 0
11-09 16:29:42.734  5270  5408 V Robocol : sending CMD_NOTIFY_OP_MODE_LIST(13), attempt: 0
11-09 16:29:42.736  5270  5351 V BroadcomColorSensorImpl: ...enable() enabled=0x07
11-09 16:29:42.742  5270  5351 V BroadcomColorSensorImpl: state: 07 37 20 1d 42 01 c2 
11-09 16:29:42.742  5270  5351 V BroadcomColorSensorImpl: ...internalInitialize()
11-09 16:29:42.744  5270  5351 V LynxMotor: initializeHardware() mod#=2
11-09 16:29:42.749  5270  5399 V UpdateUI: Network: active, connected
11-09 16:29:42.750  5270  5399 D FTCService: Sending user device types and preferences to driver station
11-09 16:29:42.776  5270  5399 V NetDiscover_prefremrc: sendAllPreferences()
11-09 16:29:42.776  5270  5399 V NetDiscover_prefremrc: sending RC pref name=pref_wifip2p_remote_channel_change_works value=false
11-09 16:29:42.780  5270  5399 V NetDiscover_prefremrc: sending RC pref name=pref_device_name value=FTC-eE8w
11-09 16:29:42.781  5270  5399 V NetDiscover_prefremrc: sending RC pref name=pref_warn_about_incorrect_clocks value=true
11-09 16:29:42.782  5270  5399 V NetDiscover_prefremrc: sending RC pref name=pref_warn_about_obsolete_software value=true
11-09 16:29:42.782  5270  5399 V NetDiscover_prefremrc: sending RC pref name=pref_has_speaker value=false
11-09 16:29:42.783  5270  5399 V NetDiscover_prefremrc: sending RC pref name=pref_warn_about_2_4_ghz_band value=true
11-09 16:29:42.783  5270  5399 V NetDiscover_prefremrc: sending RC pref name=pref_has_independent_phone_battery value=false
11-09 16:29:42.784  5270  5399 V NetDiscover_prefremrc: sending RC pref name=pref_app_theme value=red
11-09 16:29:42.785  5270  5399 V NetDiscover_prefremrc: sending RC pref name=pref_warn_about_mismatched_app_versions value=true
11-09 16:29:42.785  5270  5399 V NetDiscover_prefremrc: sending RC pref name=pref_sound_on_off value=false
11-09 16:29:42.786  5270  5399 V NetworkConnectionHandler: Peer connection established
11-09 16:29:42.788  5270  5399 V Robocol : packet processing took 64.0ms: type=PEER_DISCOVERY
11-09 16:29:42.807  5270  5408 V Robocol : sending CMD_NOTIFY_USER_DEVICE_LIST(17), attempt: 0
11-09 16:29:42.809  5270  5408 V Robocol : sending CMD_ROBOT_CONTROLLER_PREFERENCE(18), attempt: 0
11-09 16:29:42.809  5270  5408 V Robocol : sending CMD_ROBOT_CONTROLLER_PREFERENCE(19), attempt: 0
11-09 16:29:42.814  5270  5408 V Robocol : sending CMD_ROBOT_CONTROLLER_PREFERENCE(20), attempt: 0
11-09 16:29:42.816  5270  5408 V Robocol : sending CMD_ROBOT_CONTROLLER_PREFERENCE(21), attempt: 0
11-09 16:29:42.817  5270  5408 V Robocol : sending CMD_ROBOT_CONTROLLER_PREFERENCE(22), attempt: 0
11-09 16:29:42.819  5270  5408 V Robocol : sending CMD_ROBOT_CONTROLLER_PREFERENCE(23), attempt: 0
11-09 16:29:42.819  5270  5351 V RobotCore: DcMotorImpl(type=goBILDA5202SeriesMotor)
11-09 16:29:42.820  5270  5351 V RobotCore: DcMotorImpl(type=goBILDA5202SeriesMotor)
11-09 16:29:42.820  5270  5408 V Robocol : sending CMD_ROBOT_CONTROLLER_PREFERENCE(24), attempt: 0
11-09 16:29:42.821  5270  5351 V LynxServoController: initializeHardware() mod#=2
11-09 16:29:42.821  5270  5408 V Robocol : sending CMD_ROBOT_CONTROLLER_PREFERENCE(25), attempt: 0
11-09 16:29:42.822  5270  5408 V Robocol : sending CMD_ROBOT_CONTROLLER_PREFERENCE(26), attempt: 0
11-09 16:29:42.823  5270  5411 V SoundInfo: construct(0x0d09c4f6)
11-09 16:29:42.824  5270  5408 V Robocol : sending CMD_ROBOT_CONTROLLER_PREFERENCE(27), attempt: 0
11-09 16:29:42.826  5270  5401 V EventLoopManager: Setting authoritative wall clock based on connected DS.
11-09 16:29:42.826  5270  5401 D Uvc     : [time.cpp:64] Java_org_firstinspires_ftc_robotcore_internal_system_AppUtil_nativeSetCurrentTimeMillis()...
11-09 16:29:42.816  5270  5401 I JniTime : [time.cpp:83] settimeofday() succeeded
11-09 16:29:42.816  5270  5401 D Uvc     : [time.cpp:64] ...Java_org_firstinspires_ftc_robotcore_internal_system_AppUtil_nativeSetCurrentTimeMillis()
11-09 16:29:42.819  5270  5401 V AppUtil : attempted to set timezone: before=America/Chicago after=America/Chicago
11-09 16:29:42.822  5270  5410 E WVMExtractor: Failed to open libwvm.so: dlopen failed: "/system/vendor/lib64/libwvm.so" is 32-bit instead of 64-bit
11-09 16:29:42.823  5270  5399 V Robocol : received command: CMD_REQUEST_ACTIVE_CONFIG(10001) 
11-09 16:29:42.825  5270  5399 V Robocol : received command: CMD_REQUEST_USER_DEVICE_TYPES(10002) 
11-09 16:29:42.833  5270  5399 V Robocol : received command: CMD_REQUEST_OP_MODE_LIST(10003) 
11-09 16:29:42.835  5270  5399 V Robocol : received command: CMD_ROBOT_CONTROLLER_PREFERENCE(10004) {"booleanValue":true,"prefName":"pref_ds_supports_5_ghz"}
11-09 16:29:42.836  5270  5399 V Robocol : received command: CMD_ROBOT_CONTROLLER_PREFERENCE(10005) {"intValue":21,"prefName":"pref_dh_os_version_code"}
11-09 16:29:42.842  5270  5410 I MediaCodec: callingProcessName:com.qualcomm.ftcrobotcontroller
