11-05 13:37:57.793  3012  3093 V OpmodeRegistration: registered {Ri30hDriveLeft} as {Ri30hDrive Left }
11-05 13:37:57.870  3012  3093 V FtcEventLoop: Ensuring that the embedded Control Hub module is set up correctly
11-05 13:37:57.876  3012  3093 V RobotCore: Creating REV Robotics USB Expansion Hub Portal [(embedded)]
11-05 13:37:57.877  3012  3093 V LynxUsb : creating new [(embedded)]: 0x0305248b
11-05 13:37:57.880  3012  3093 V FtDeviceManager: createDeviceInfoList(): 0 USB devices
11-05 13:37:57.880  3012  3093 V RobotUsbManagerCombining: FTDI driver failed to open USB device with serial number (embedded) (returned null device)
11-05 13:37:57.878  3012  3012 I pRunnable.run(): type=1400 audit(0.0:234): avc: denied { read } for name="ttyS1" dev="tmpfs" ino=4898 scontext=u:r:untrusted_app:s0:c512,c768 tcontext=u:object_r:serial_device:s0 tclass=chr_file permissive=1
11-05 13:37:57.882  3012  3093 V SerialPortNative: [SerialPort.cpp:150] opened(/dev/ttyS1): fd=95
11-05 13:37:57.878  3012  3012 I pRunnable.run(): type=1400 audit(0.0:235): avc: denied { write } for name="ttyS1" dev="tmpfs" ino=4898 scontext=u:r:untrusted_app:s0:c512,c768 tcontext=u:object_r:serial_device:s0 tclass=chr_file permissive=1
11-05 13:37:57.878  3012  3012 I pRunnable.run(): type=1400 audit(0.0:236): avc: denied { open } for path="/dev/ttyS1" dev="tmpfs" ino=4898 scontext=u:r:untrusted_app:s0:c512,c768 tcontext=u:object_r:serial_device:s0 tclass=chr_file permissive=1
11-05 13:37:57.878  3012  3012 I pRunnable.run(): type=1400 audit(0.0:237): avc: denied { ioctl } for path="/dev/ttyS1" dev="tmpfs" ino=4898 ioctlcmd=5401 scontext=u:r:untrusted_app:s0:c512,c768 tcontext=u:object_r:serial_device:s0 tclass=chr_file permissive=1
11-05 13:37:57.883  3012  3093 V RobotUsbDeviceTTY: opening serial=(embedded) file=/dev/ttyS1
11-05 13:37:57.883  3012  3093 V LynxUsb : armDevice() serial=(embedded)...
11-05 13:37:57.884  3012  3093 V LynxUsb : resetDevice() serial=(embedded)
11-05 13:37:57.885  3012  3093 V LynxModule: resetting embedded usb device: isPresent: was=true
11-05 13:37:58.075  3012  3134 E Robocol : exception SocketTimeoutException(Receive timed out): no packet received [java.net.PlainDatagramSocketImpl.receive0(Native Method)]
11-05 13:37:58.241  3012  3093 V LynxUsb : ...done armDevice()
11-05 13:37:58.241  3012  3136 V RobotCore: thread: 'lynx incoming datagrams' starting...
11-05 13:37:58.242  3012  3093 V LynxUsb : 0x085c1226 on 0x0305248b: new delegate to [(embedded)]
11-05 13:37:58.249  3012  3093 V LynxUsb : addConfiguredModule() module#=173
11-05 13:37:58.249  3012  3093 V LynxModule: pingAndQueryKnownInterfaces mod=173
11-05 13:37:58.252  3012  3136 V LynxUsb : synchronization gained: serial=(embedded)
11-05 13:37:58.271  3012  3093 V LynxModule: mod#=173 queryInterface(DEKA)=54 commands starting at 4096
11-05 13:37:58.283  3012  3093 V LynxModule: sending LynxFtdiResetControlCommand(true) wasInterrupted=false
11-05 13:37:58.288  3012  3093 V LynxModule: sendLEDPatternSteps(): steps=[Step(color=65280, msDuration=1000)]
11-05 13:37:58.294  3012  3093 V LynxModule: setAsControlHubEmbeddedModule(mod=173)
11-05 13:37:58.294  3012  3093 V EmbeddedControlHubModule: setting embedded module
11-05 13:37:58.294  3012  3093 V LynxModule: sending LynxFtdiResetControlCommand(false) wasInterrupted=false
11-05 13:37:58.297  3012  3093 V LynxModule: close(#173)
11-05 13:37:58.299  3012  3093 V LynxUsb : Verified that the embedded Control Hub module has the correct address
11-05 13:37:58.301  3012  3093 V LynxUsb : addConfiguredModule() module#=173
11-05 13:37:58.301  3012  3093 V LynxModule: pingAndQueryKnownInterfaces mod=173
11-05 13:37:58.313  3012  3093 V LynxModule: mod#=173 queryInterface(DEKA)=54 commands starting at 4096
11-05 13:37:58.323  3012  3093 V LynxModule: sending LynxFtdiResetControlCommand(true) wasInterrupted=false
11-05 13:37:58.328  3012  3093 V LynxModule: sendLEDPatternSteps(): steps=[Step(color=65280, msDuration=1000)]
11-05 13:37:58.333  3012  3093 V LynxModule: setAsControlHubEmbeddedModule(mod=173)
11-05 13:37:58.333  3012  3093 V EmbeddedControlHubModule: setting embedded module
11-05 13:37:58.333  3012  3093 I RobotCore: LynxFirmwareVersionManager: LynxI2cDeviceSynchV2
11-05 13:37:58.334  3012  3093 V LynxI2cDeviceSynch: initializeHardware() mod#=173
11-05 13:37:58.334  3012  3093 V BHI260IMU: Suppressing I2C warnings while we check for a BHI260AP IMU
11-05 13:37:58.339  3012  3093 V BHI260IMU: No BHI260AP IMU found
11-05 13:37:58.339  3012  3093 V LynxModule: sending LynxFtdiResetControlCommand(false) wasInterrupted=false
11-05 13:37:58.342  3012  3093 V LynxModule: close(#173)
11-05 13:37:58.344  3012  3093 V HardwareFactory: createHardwareMap()
11-05 13:37:58.344  3012  3093 V EmbeddedControlHubModule: clearing embedded module
11-05 13:37:58.360  3012  3093 V ReadXMLFileHandler: embedded lynx USB device is already present
11-05 13:37:58.360  3012  3093 V RobotCore: Creating REV Robotics USB Expansion Hub Portal [(embedded)]
11-05 13:37:58.361  3012  3093 V LynxUsb : using existing [(embedded)]: 0x0305248b
11-05 13:37:58.361  3012  3093 V LynxUsb : 0x04cf3e46 on 0x0305248b: new delegate to [(embedded)]
11-05 13:37:58.361  3012  3093 V RobotCore: Creating Lynx Module - mod=173 parent=true
11-05 13:37:58.363  3012  3093 V RobotCore: Creating Lynx Module - mod=2 parent=false
11-05 13:37:58.364  3012  3093 V LynxUsb : addConfiguredModule() module#=173
11-05 13:37:58.364  3012  3093 V LynxModule: pingAndQueryKnownInterfaces mod=173
11-05 13:37:58.374  3012  3093 V LynxModule: mod#=173 queryInterface(DEKA)=54 commands starting at 4096
11-05 13:37:58.381  3012  3093 V LynxModule: sending LynxFtdiResetControlCommand(true) wasInterrupted=false
11-05 13:37:58.386  3012  3093 V LynxModule: sendLEDPatternSteps(): steps=[Step(color=65280, msDuration=1000)]
11-05 13:37:58.388  3012  3139 V LynxModule: received status: LynxGetModuleStatusResponse(status=0x02 alerts=0x00: Reset)
11-05 13:37:58.389  3012  3139 W HubPowerCycle: Expansion Hub 173 regained power after a complete power loss. No user Op Mode was running.
11-05 13:37:58.389  3012  3139 V LynxModule: resendCurrentPattern()
11-05 13:37:58.390  3012  3139 V LynxModule: sendLEDPatternSteps(): steps=[Step(color=65280, msDuration=1000)]
11-05 13:37:58.392  3012  3093 V LynxModule: setAsControlHubEmbeddedModule(mod=173)
11-05 13:37:58.392  3012  3093 V EmbeddedControlHubModule: setting embedded module
11-05 13:37:58.392  3012  3093 V LynxUsb : addConfiguredModule() module#=2
11-05 13:37:58.392  3012  3093 V LynxModule: pingAndQueryKnownInterfaces mod=2
11-05 13:37:58.406  3012  3093 V LynxModule: mod#=2 queryInterface(DEKA)=54 commands starting at 4096
11-05 13:37:58.413  3012  3093 V LynxModule: sending LynxFtdiResetControlCommand(true) wasInterrupted=false
11-05 13:37:58.418  3012  3140 V LynxModule: received status: LynxGetModuleStatusResponse(status=0x05 alerts=0x00: KeepAliveTimeout|FailSafe)
11-05 13:37:58.418  3012  3140 V LynxModule: resendCurrentPattern()
11-05 13:37:58.418  3012  3140 V LynxModule: sendLEDPatternSteps(): steps=[]
11-05 13:37:58.421  3012  3093 V LynxModule: sendLEDPatternSteps(): steps=[Step(color=65280, msDuration=4500), Step(color=0, msDuration=500), Step(color=255, msDuration=500), Step(color=0, msDuration=500), Step(color=255, msDuration=500), Step(color=0, msDuration=500)]
11-05 13:37:58.432  3012  3093 V LynxMotor: initializeHardware() mod#=173
11-05 13:37:58.463  3012  3132 D RobotCore: system telemetry: key=$System$None$ msg=""
11-05 13:37:58.465  3012  3132 V PeerDiscovery: new remote peer discovered: 192.168.43.39
11-05 13:37:58.465  3012  3132 V NetworkConnectionHandler: starting sending loop
11-05 13:37:58.467  3012  3141 V Robocol : sending CMD_NOTIFY_ROBOT_STATE(7), attempt: 0
11-05 13:37:58.468  3012  3141 V Robocol : sending CMD_NOTIFY_ROBOT_STATE(8), attempt: 0
11-05 13:37:58.468  3012  3093 V RobotCore: DcMotorImpl(type=goBILDA5202SeriesMotor)
11-05 13:37:58.469  3012  3141 V Robocol : sending CMD_NOTIFY_ROBOT_STATE(9), attempt: 0
11-05 13:37:58.469  3012  3093 V RobotCore: DcMotorImpl(type=goBILDA5202SeriesMotor)
11-05 13:37:58.469  3012  3093 V RobotCore: DcMotorImpl(type=goBILDA5202SeriesMotor)
11-05 13:37:58.469  3012  3093 V RobotCore: DcMotorImpl(type=goBILDA5202SeriesMotor)
11-05 13:37:58.469  3012  3141 V Robocol : sending CMD_NOTIFY_ACTIVE_CONFIGURATION(11), attempt: 0
11-05 13:37:58.470  3012  3093 V LynxServoController: initializeHardware() mod#=173
11-05 13:37:58.470  3012  3141 V Robocol : sending CMD_NOTIFY_USER_DEVICE_LIST(12), attempt: 0
11-05 13:37:58.474  3012  3141 V Robocol : sending CMD_NOTIFY_OP_MODE_LIST(13), attempt: 0
11-05 13:37:58.485  3012  3132 V UpdateUI: Network: active, connected
11-05 13:37:58.486  3012  3132 D FTCService: Sending user device types and preferences to driver station
11-05 13:37:58.504  3012  3093 V LynxVoltageSensor: initializeHardware() mod#=173
11-05 13:37:58.505  3012  3093 V LynxAnalogInputController: initializeHardware() mod#=173
11-05 13:37:58.505  3012  3093 V LynxDigitalChannelController: initializeHardware() mod#=173
11-05 13:37:58.511  3012  3132 V NetDiscover_prefremrc: sendAllPreferences()
11-05 13:37:58.512  3012  3132 V NetDiscover_prefremrc: sending RC pref name=pref_wifip2p_remote_channel_change_works value=false
11-05 13:37:58.515  3012  3132 V NetDiscover_prefremrc: sending RC pref name=pref_device_name value=FTC-eE8w
11-05 13:37:58.516  3012  3132 V NetDiscover_prefremrc: sending RC pref name=pref_warn_about_incorrect_clocks value=true
11-05 13:37:58.517  3012  3132 V NetDiscover_prefremrc: sending RC pref name=pref_warn_about_obsolete_software value=true
11-05 13:37:58.517  3012  3132 V NetDiscover_prefremrc: sending RC pref name=pref_has_speaker value=false
11-05 13:37:58.518  3012  3132 V NetDiscover_prefremrc: sending RC pref name=pref_warn_about_2_4_ghz_band value=true
11-05 13:37:58.518  3012  3132 V NetDiscover_prefremrc: sending RC pref name=pref_has_independent_phone_battery value=false
11-05 13:37:58.519  3012  3132 V NetDiscover_prefremrc: sending RC pref name=pref_app_theme value=red
11-05 13:37:58.520  3012  3132 V NetDiscover_prefremrc: sending RC pref name=pref_warn_about_mismatched_app_versions value=true
11-05 13:37:58.520  3012  3132 V NetDiscover_prefremrc: sending RC pref name=pref_sound_on_off value=false
11-05 13:37:58.524  3012  3132 V NetworkConnectionHandler: Peer connection established
11-05 13:37:58.525  3012  3093 V RobotCore: Creating user sensor REV internal IMU (BNO055) - on Lynx module=173 bus=0
11-05 13:37:58.525  3012  3093 V RobotCore: Creating I2cDeviceSynch (Lynx) - mod=173 bus=0
11-05 13:37:58.526  3012  3093 I RobotCore: LynxFirmwareVersionManager: LynxI2cDeviceSynchV2
11-05 13:37:58.526  3012  3093 V LynxI2cDeviceSynch: initializeHardware() mod#=173
11-05 13:37:58.529  3012  3093 V RobotCore: Creating user sensor REV 2M Distance Sensor - on Lynx module=173 bus=1
11-05 13:37:58.529  3012  3093 V RobotCore: Creating I2cDeviceSynch (Lynx) - mod=173 bus=1
11-05 13:37:58.529  3012  3093 I RobotCore: LynxFirmwareVersionManager: LynxI2cDeviceSynchV2
11-05 13:37:58.530  3012  3093 V LynxI2cDeviceSynch: initializeHardware() mod#=173
11-05 13:37:58.530  3012  3093 V RobotCore: Creating user sensor REV Color Sensor V3 - on Lynx module=173 bus=2
11-05 13:37:58.530  3012  3093 I RobotCore: LynxFirmwareVersionManager: LynxI2cDeviceSynchV2
11-05 13:37:58.531  3012  3093 V LynxI2cDeviceSynch: initializeHardware() mod#=173
11-05 13:37:58.532  3012  3093 I I2C     : Automatically initializing I2C device RevColorSensorV3 USB (embedded); module 173; bus 2; addr7=0x00
11-05 13:37:58.533  3012  3093 V BroadcomColorSensorImpl: internalInitialize()...
11-05 13:37:58.533  3012  3132 V Robocol : packet processing took 69.2ms: type=PEER_DISCOVERY
11-05 13:37:58.538  3012  3134 V EventLoopManager: Setting authoritative wall clock based on connected DS.
11-05 13:37:58.538  3012  3134 D Uvc     : [time.cpp:64] Java_org_firstinspires_ftc_robotcore_internal_system_AppUtil_nativeSetCurrentTimeMillis()...
11-05 13:37:58.512  3012  3134 I JniTime : [time.cpp:83] settimeofday() succeeded
11-05 13:37:58.512  3012  3134 D Uvc     : [time.cpp:64] ...Java_org_firstinspires_ftc_robotcore_internal_system_AppUtil_nativeSetCurrentTimeMillis()
11-05 13:37:58.513  3012  3134 V AppUtil : attempted to set timezone: before=America/Chicago after=America/Chicago
11-05 13:37:58.516  3012  3093 V BroadcomColorSensorImpl: state: 07 37 20 1d 42 01 c2 
11-05 13:37:58.516  3012  3093 V BroadcomColorSensorImpl: setGain(0x01)
11-05 13:37:58.519  3012  3141 V Robocol : sending CMD_NOTIFY_USER_DEVICE_LIST(17), attempt: 0
11-05 13:37:58.522  3012  3141 V Robocol : sending CMD_ROBOT_CONTROLLER_PREFERENCE(18), attempt: 0
11-05 13:37:58.522  3012  3093 V BroadcomColorSensorImpl: setLEDParameters(0x37)
11-05 13:37:58.522  3012  3141 V Robocol : sending CMD_ROBOT_CONTROLLER_PREFERENCE(19), attempt: 0
11-05 13:37:58.526  3012  3093 V BroadcomColorSensorImpl: setProximityPulseCount(0x20)
11-05 13:37:58.527  3012  3141 V Robocol : sending CMD_ROBOT_CONTROLLER_PREFERENCE(20), attempt: 0
11-05 13:37:58.528  3012  3141 V Robocol : sending CMD_ROBOT_CONTROLLER_PREFERENCE(21), attempt: 0
11-05 13:37:58.528  3012  3141 V Robocol : sending CMD_ROBOT_CONTROLLER_PREFERENCE(22), attempt: 0
11-05 13:37:58.529  3012  3141 V Robocol : sending CMD_ROBOT_CONTROLLER_PREFERENCE(23), attempt: 0
11-05 13:37:58.531  3012  3141 V Robocol : sending CMD_ROBOT_CONTROLLER_PREFERENCE(24), attempt: 0
11-05 13:37:58.531  3012  3093 V BroadcomColorSensorImpl: setPSMeasRate(0x1d)
11-05 13:37:58.532  3012  3141 V Robocol : sending CMD_ROBOT_CONTROLLER_PREFERENCE(25), attempt: 0
11-05 13:37:58.532  3012  3141 V Robocol : sending CMD_ROBOT_CONTROLLER_PREFERENCE(26), attempt: 0
11-05 13:37:58.534  3012  3141 V Robocol : sending CMD_ROBOT_CONTROLLER_PREFERENCE(27), attempt: 0
11-05 13:37:58.535  3012  3144 V SoundInfo: construct(0x0b80440b)
11-05 13:37:58.537  3012  3093 V BroadcomColorSensorImpl: setLSMeasRate(0x42)
11-05 13:37:58.544  3012  3143 E WVMExtractor: Failed to open libwvm.so: dlopen failed: "/system/vendor/lib64/libwvm.so" is 32-bit instead of 64-bit
11-05 13:37:58.545  3012  3093 V BroadcomColorSensorImpl: enable() enabled=0x07...
11-05 13:37:58.554  3012  3093 V BroadcomColorSensorImpl: ...enable() enabled=0x07
11-05 13:37:58.559  3012  3093 V BroadcomColorSensorImpl: state: 07 37 20 1d 42 01 c2 
11-05 13:37:58.559  3012  3093 V BroadcomColorSensorImpl: ...internalInitialize()
11-05 13:37:58.560  3012  3093 V LynxMotor: initializeHardware() mod#=2
11-05 13:37:58.564  3012  3143 I MediaCodec: callingProcessName:com.qualcomm.ftcrobotcontroller
11-05 13:37:58.567  3012  3150 I ACodec  : onAllocateComponent:6752 mSoftCodecPref:0 componentName:
11-05 13:37:58.569  3012  3150 I ACodec  : onAllocateComponent:6783 mSoftCodecPref:0 componentName:OMX.google.raw.decoder
11-05 13:37:58.586  3012  3132 V Robocol : received command: CMD_REQUEST_ACTIVE_CONFIG(10002) 
11-05 13:37:58.588  3012  3132 V Robocol : received command: CMD_REQUEST_USER_DEVICE_TYPES(10003) 
11-05 13:37:58.589  3012  3132 V Robocol : received command: CMD_REQUEST_OP_MODE_LIST(10004) 
11-05 13:37:58.590  3012  3132 V Robocol : received command: CMD_ROBOT_CONTROLLER_PREFERENCE(10005) {"booleanValue":true,"prefName":"pref_ds_supports_5_ghz"}
11-05 13:37:58.592  3012  3132 V Robocol : received command: CMD_ROBOT_CONTROLLER_PREFERENCE(10006) {"intValue":21,"prefName":"pref_dh_os_version_code"}
11-05 13:37:58.607  3012  3060 D SoundPlayer: onLoadComplete(samp=1|ms=757, samp=1)=0
11-05 13:37:58.609  3012  3144 W AudioTrack: AUDIO_OUTPUT_FLAG_FAST denied by client; transfer 4, track 48000 Hz, output 44100 Hz
11-05 13:37:58.614  3012  3144 D SoundPlayer: playing volume=0.000000 samp=1|ms=757
11-05 13:37:58.638  3012  3093 V RobotCore: DcMotorImpl(type=goBILDA5202SeriesMotor)
11-05 13:37:58.638  3012  3093 V RobotCore: DcMotorImpl(type=goBILDA5202SeriesMotor)
11-05 13:37:58.638  3012  3141 V Robocol : sending CMD_PLAY_SOUND(45), attempt: 0
11-05 13:37:58.639  3012  3093 V LynxServoController: initializeHardware() mod#=2
11-05 13:37:58.670  3012  3093 V LynxVoltageSensor: initializeHardware() mod#=2
11-05 13:37:58.671  3012  3093 V LynxAnalogInputController: initializeHardware() mod#=2
11-05 13:37:58.671  3012  3093 V LynxDigitalChannelController: initializeHardware() mod#=2
11-05 13:37:58.679  3012  3141 V Robocol : sending CMD_NOTIFY_ROBOT_STATE(7), attempt: 1
11-05 13:37:58.679  3012  3141 V Robocol : sending CMD_NOTIFY_ROBOT_STATE(8), attempt: 1
11-05 13:37:58.680  3012  3141 V Robocol : sending CMD_NOTIFY_ROBOT_STATE(9), attempt: 1
11-05 13:37:58.681  3012  3141 V Robocol : sending CMD_NOTIFY_ACTIVE_CONFIGURATION(11), attempt: 1
11-05 13:37:58.682  3012  3141 V Robocol : sending CMD_NOTIFY_USER_DEVICE_LIST(12), attempt: 1
11-05 13:37:58.683  3012  3141 V Robocol : sending CMD_NOTIFY_OP_MODE_LIST(13), attempt: 1
11-05 13:37:58.693  3012  3093 I RobotCore: ========= Device Information ===================================================
11-05 13:37:58.693  3012  3093 I RobotCore: Type                                               Name                           Connection
11-05 13:37:58.694  3012  3093 I RobotCore: Motor                                              LeftSlider                     USB (embedded); module 2; port 1
11-05 13:37:58.695  3012  3093 I RobotCore: Rev Color Sensor v3                                ColorSensor                    USB (embedded); module 173; bus 2; addr7=0x52
11-05 13:37:58.696  3012  3093 I RobotCore: Motor                                              RightSlider                    USB (embedded); module 2; port 0
11-05 13:37:58.696  3012  3093 I RobotCore: REV Robotics USB Expansion Hub Portal              Control Hub Portal             USB (embedded)
11-05 13:37:58.697  3012  3093 I RobotCore: Motor                                              FrontLeft                      USB (embedded); module 173; port 0
11-05 13:37:58.698  3012  3093 I RobotCore: Motor                                              BackRight                      USB (embedded); module 173; port 3
11-05 13:37:58.699  3012  3093 I RobotCore: Expansion Hub DC Motor Controller                  Expansion Hub 2                USB (embedded); module 2
11-05 13:37:58.700  3012  3093 I RobotCore: Expansion Hub Servo Controller                     Expansion Hub 2                USB (embedded); module 2
11-05 13:37:58.700  3012  3093 I RobotCore: Expansion Hub Voltage Sensor                       Expansion Hub 2                USB (embedded); module 2
11-05 13:37:58.701  3012  3093 I RobotCore: Expansion Hub Analog Input Controller              Expansion Hub 2                USB (embedded); module 2
11-05 13:37:58.701  3012  3093 I RobotCore: Expansion Hub Digital Channel Controller           Expansion Hub 2                USB (embedded); module 2
11-05 13:37:58.706  3012  3093 I RobotCore: Expansion Hub (HW: 20, Maj: 1, Min: 8, Eng: 2)     Expansion Hub 2                USB (embedded); module 2
11-05 13:37:58.707  3012  3093 I RobotCore: REV 2M ToF Distance Sensor                         DistanceSensor                 USB (embedded); module 173; bus 1; addr7=0x29
11-05 13:37:58.707  3012  3093 I RobotCore: REV internal IMU (BNO055)                          imu                            USB (embedded); module 173; bus 0; addr7=0x00
11-05 13:37:58.708  3012  3093 I RobotCore: Expansion Hub DC Motor Controller                  Control Hub                    USB (embedded); module 173
11-05 13:37:58.708  3012  3093 I RobotCore: Expansion Hub Servo Controller                     Control Hub                    USB (embedded); module 173
11-05 13:37:58.709  3012  3093 I RobotCore: Expansion Hub Voltage Sensor                       Control Hub                    USB (embedded); module 173
11-05 13:37:58.709  3012  3093 I RobotCore: Expansion Hub Analog Input Controller              Control Hub                    USB (embedded); module 173
11-05 13:37:58.710  3012  3093 I RobotCore: Expansion Hub Digital Channel Controller           Control Hub                    USB (embedded); module 173
11-05 13:37:58.713  3012  3093 I RobotCore: Expansion Hub (HW: 20, Maj: 1, Min: 8, Eng: 2)     Control Hub                    USB (embedded); module 173
11-05 13:37:58.714  3012  3093 I RobotCore: Servo                                              ClawServo                      USB (embedded); module 173; port 0
11-05 13:37:58.715  3012  3093 I RobotCore: Motor                                              FrontRight                     USB (embedded); module 173; port 1
11-05 13:37:58.715  3012  3093 I RobotCore: Motor                                              BackLeft                       USB (embedded); module 173; port 2
11-05 13:37:58.716  3012  3093 I RobotCore: Servo                                              ArmServo                       USB (embedded); module 173; port 1
11-05 13:37:58.720  3012  3093 I RobotCore: LynxFirmwareVersionManager: LynxI2cDeviceSynchV2
11-05 13:37:58.721  3012  3093 V LynxI2cDeviceSynch: initializeHardware() mod#=2
11-05 13:37:58.721  3012  3093 V BNO055  : Suppressing I2C warnings while we check for a BNO055 IMU
11-05 13:37:58.726  3012  3093 V BNO055  : Found BNO055 IMU
11-05 13:37:58.730  3012  3093 I RobotCore: LynxFirmwareVersionManager: LynxI2cDeviceSynchV2
11-05 13:37:58.731  3012  3093 V LynxI2cDeviceSynch: initializeHardware() mod#=173
11-05 13:37:58.732  3012  3093 V BNO055  : Suppressing I2C warnings while we check for a BNO055 IMU
11-05 13:37:58.736  3012  3093 V BNO055  : Found BNO055 IMU
11-05 13:37:58.744  3012  3093 V LynxUsb : 0x085c1226 on 0x0305248b: releasing delegate to [(embedded)]
11-05 13:37:58.745  3012  3093 I FtcEventLoop: ======= INIT FINISH =======
11-05 13:37:58.745  3012  3093 V RobotCore: EventLoopManager state is RUNNING
11-05 13:37:58.746  3012  3093 V RobotCore: Robot Status: running, starting robot
11-05 13:37:58.749  3012  3093 V RobotCore: Robot Status: running
11-05 13:37:58.752  3012  3158 V RobotCore: thread: 'opmode loop()' starting...
11-05 13:37:58.752  3012  3093 D FTCService: Detecting Wi-Fi reset
11-05 13:37:58.754  3012  3093 D RobotControllerAccessPointAssistant: detectWifiReset button=false
11-05 13:37:58.760  3012  3141 V Robocol : sending CMD_NOTIFY_ROBOT_STATE(55), attempt: 0
11-05 13:37:58.763  3012  3093 V RobotCore: thread: ...terminating 'RobotSetupRunnable.run()'
11-05 13:37:58.763  3012  3141 V Robocol : sending CMD_SHOW_TOAST(57), attempt: 0
11-05 13:37:58.766  3012  3141 V Robocol : sending CMD_NOTIFY_ACTIVE_CONFIGURATION(59), attempt: 0
11-05 13:37:58.799  3012  3141 V Robocol : sending CMD_NOTIFY_USER_DEVICE_LIST(62), attempt: 0
11-05 13:37:58.802  3012  3158 I RobotCore: Attempting to switch to op mode $Stop$Robot$
11-05 13:37:58.834  3012  3144 V SoundInfo: construct(0x073c21e2)
11-05 13:37:58.843  3012  3141 V Robocol : sending CMD_NOTIFY_INIT_OP_MODE(69), attempt: 0
11-05 13:37:58.878  3012  3141 V Robocol : sending CMD_NOTIFY_OP_MODE_LIST(72), attempt: 0
11-05 13:37:58.899  3012  3143 I MediaCodec: callingProcessName:com.qualcomm.ftcrobotcontroller
11-05 13:37:58.902  3012  3164 I ACodec  : onAllocateComponent:6752 mSoftCodecPref:0 componentName:
11-05 13:37:58.903  3012  3164 I ACodec  : onAllocateComponent:6783 mSoftCodecPref:0 componentName:OMX.google.raw.decoder
11-05 13:37:58.962  3012  3060 D SoundPlayer: onLoadComplete(samp=2|ms=4506, samp=2)=0
11-05 13:37:59.367  3012  3168 W AudioTrack: AUDIO_OUTPUT_FLAG_FAST denied by client; transfer 4, track 48000 Hz, output 44100 Hz
11-05 13:37:59.371  3012  3168 D SoundPlayer: playing volume=0.000000 samp=2|ms=4506
11-05 13:37:59.399  3012  3141 V Robocol : sending CMD_PLAY_SOUND(87), attempt: 0
11-05 13:38:16.113  3012  3132 V Robocol : received command: CMD_INIT_OP_MODE(10282) $Stop$Robot$
11-05 13:38:16.135  3012  3158 I RobotCore: Attempting to switch to op mode $Stop$Robot$
11-05 13:38:16.199  3012  3141 V Robocol : sending CMD_NOTIFY_INIT_OP_MODE(320), attempt: 0
11-05 13:38:18.195  3012  3132 V Robocol : received command: CMD_SET_MATCH_NUMBER(10313) 0
11-05 13:38:18.197  3012  3132 V Robocol : received command: CMD_INIT_OP_MODE(10314) AutonomousRight
11-05 13:38:18.221  3012  3133 I RobotCore: ******************** START - OPMODE AutonomousRight ********************
11-05 13:38:18.225  3012  3158 I RobotCore: Attempting to switch to op mode AutonomousRight
11-05 13:38:18.443  3012  3201 V RobotCore: thread: 'LinearOpMode main' starting...
11-05 13:38:18.445  3012  3201 I I2C     : Automatically initializing I2C device LynxEmbeddedIMU USB (embedded); module 173; bus 0; addr7=0x00
11-05 13:38:18.448  3012  3201 I I2C     : Automatically initializing I2C device Rev2mDistanceSensor USB (embedded); module 173; bus 1; addr7=0x29
11-05 13:38:18.448  3012  3201 D STMicroVL53L0X: : Checking to see if it's really a VL53L0X sensor...
11-05 13:38:18.454  3012  3201 D STMicroVL53L0X: : Reg 0xC0 = ee (should be 0xEE)
11-05 13:38:18.460  3012  3201 D STMicroVL53L0X: : Reg 0xC1 = aa (should be 0xAA)
11-05 13:38:18.465  3012  3201 D STMicroVL53L0X: : Reg 0xC2 = 10 (should be 0x10)
11-05 13:38:18.469  3012  3201 D STMicroVL53L0X: : Reg 0x51 = 0 (should be 0x0099)
11-05 13:38:18.473  3012  3201 D STMicroVL53L0X: : Reg 0x61 = 0 (should be 0x0000)
11-05 13:38:18.479  3012  3141 V Robocol : sending CMD_NOTIFY_INIT_OP_MODE(361), attempt: 0
11-05 13:38:18.500  3012  3201 D STMicroVL53L0X: : initial sig rate lim (MCPS) 0.250000
11-05 13:38:18.505  3012  3201 D STMicroVL53L0X: : adjusted sig rate lim (MCPS) 0.250000
11-05 13:38:18.767  3012  3201 I I2C     : Automatically initializing I2C device RevColorSensorV3 USB (embedded); module 173; bus 2; addr7=0x52
11-05 13:38:18.768  3012  3201 V BroadcomColorSensorImpl: internalInitialize()...
11-05 13:38:18.775  3012  3201 V BroadcomColorSensorImpl: state: 07 37 20 1d 42 01 c2 
11-05 13:38:18.775  3012  3201 V BroadcomColorSensorImpl: setGain(0x01)
11-05 13:38:18.778  3012  3201 V BroadcomColorSensorImpl: setLEDParameters(0x37)
11-05 13:38:18.781  3012  3201 V BroadcomColorSensorImpl: setProximityPulseCount(0x20)
11-05 13:38:18.784  3012  3201 V BroadcomColorSensorImpl: setPSMeasRate(0x1d)
11-05 13:38:18.787  3012  3201 V BroadcomColorSensorImpl: setLSMeasRate(0x42)
11-05 13:38:18.793  3012  3201 V BroadcomColorSensorImpl: enable() enabled=0x07...
11-05 13:38:18.799  3012  3201 V BroadcomColorSensorImpl: ...enable() enabled=0x07
11-05 13:38:18.803  3012  3201 V BroadcomColorSensorImpl: state: 07 37 20 1d 42 01 c2 
11-05 13:38:18.803  3012  3201 V BroadcomColorSensorImpl: ...internalInitialize()
11-05 13:38:18.885  3012  3201 V BNO055  : Suppressing I2C warnings while we check for a BNO055 IMU
11-05 13:38:18.888  3012  3201 V BNO055  : Found BNO055 IMU
11-05 13:38:19.365  3012  3201 V IMU     : Now polling until IMU comes out of reset. It is normal to see I2C failures below
11-05 13:38:19.370  3012  3201 V RobotCore: addr=false data=true arb=false clock=false
11-05 13:38:19.370  3012  3201 E LynxI2cDeviceSynch: readStatusQuery: cbExpected=1 cbRead=0
11-05 13:38:19.370  3012  3201 E LynxI2cDeviceSynch: placeholder: readStatusQuery
11-05 13:38:19.434  3012  3201 V RobotCore: addr=false data=true arb=false clock=false
11-05 13:38:19.435  3012  3201 E LynxI2cDeviceSynch: readStatusQuery: cbExpected=1 cbRead=0
11-05 13:38:19.599  3012  3201 V IMU     : IMU has come out of reset. No more I2C failures should occur.
11-05 13:38:20.075  3012  3132 V Robocol : received command: CMD_RUN_OP_MODE(10343) AutonomousRight
11-05 13:38:20.119  3012  3141 V Robocol : sending CMD_NOTIFY_RUN_OP_MODE(381), attempt: 0
11-05 13:38:50.155  3012  3132 V Robocol : received command: CMD_INIT_OP_MODE(10646) $Stop$Robot$
11-05 13:38:50.165  3012  3133 I RobotCore: ******************** STOP - OPMODE /storage/emulated/0/FIRST/matchlogs/Match-0-AutonomousRight.txt ********************
11-05 13:38:50.173  3012  3255 I RobotCore: saving match logcat to /storage/emulated/0/FIRST/matchlogs/Match-0-AutonomousRight.txt
11-05 13:38:50.173  3012  3255 I RobotCore: logging command line: exec logcat -d -T '11-5 13:38:18.000' -f '/storage/emulated/0/FIRST/matchlogs/Match-0-AutonomousRight.txt' -n4 -v threadtime UsbRequestJNI:S UsbRequest:S art:W ThreadPool:W System:W ExtendedExtractor:W OMXClient:W MediaPlayer:W dalvikvm:W  *:V
11-05 13:38:50.174  3012  3201 E LynxI2cDeviceSynch: placeholder: readStatusQuery
11-05 13:38:50.176  3012  3201 E LynxI2cDeviceSynch: placeholder: readTimestamped
11-05 13:38:50.182  3012  3201 D LinearOpModeHelper: User runOpModeMethod exited
11-05 13:38:50.184  3012  3201 V RobotCore: thread: ...terminating 'LinearOpMode main'
11-05 13:38:50.185  3012  3158 I RobotCore: Attempting to switch to op mode $Stop$Robot$
11-05 13:38:50.199  3012  3141 V Robocol : sending CMD_NOTIFY_INIT_OP_MODE(687), attempt: 0
11-05 13:38:50.228  3012  3255 I RobotCore: Done running exec logcat -d -T '11-5 13:38:18.000' -f '/storage/emulated/0/FIRST/matchlogs/Match-0-AutonomousRight.txt' -n4 -v threadtime UsbRequestJNI:S UsbRequest:S art:W ThreadPool:W System:W ExtendedExtractor:W OMXClient:W MediaPlayer:W dalvikvm:W  *:V
11-05 13:38:50.228  3012  3255 I RobotCore: exiting match logcat for /storage/emulated/0/FIRST/matchlogs/Match-0-AutonomousRight.txt
11-05 13:38:50.236  3012  3132 V Robocol : received command: CMD_RUN_OP_MODE(10652) $Stop$Robot$
11-05 13:38:50.279  3012  3141 V Robocol : sending CMD_NOTIFY_RUN_OP_MODE(693), attempt: 0
11-05 13:39:06.996  3012  3132 V Robocol : received command: CMD_SET_MATCH_NUMBER(10882) 0
11-05 13:39:07.001  3012  3132 V Robocol : received command: CMD_INIT_OP_MODE(10883) AutonomousRight
11-05 13:39:07.027  3012  3133 I RobotCore: ******************** START - OPMODE AutonomousRight ********************
11-05 13:39:07.031  3012  3158 I RobotCore: Attempting to switch to op mode AutonomousRight
11-05 13:39:07.225  3012  3290 V RobotCore: thread: 'LinearOpMode main' starting...
11-05 13:39:07.226  3012  3290 I I2C     : Automatically initializing I2C device LynxEmbeddedIMU USB (embedded); module 173; bus 0; addr7=0x28
11-05 13:39:07.228  3012  3290 I I2C     : Automatically initializing I2C device Rev2mDistanceSensor USB (embedded); module 173; bus 1; addr7=0x29
11-05 13:39:07.228  3012  3290 D STMicroVL53L0X: : Checking to see if it's really a VL53L0X sensor...
11-05 13:39:07.232  3012  3290 D STMicroVL53L0X: : Reg 0xC0 = ee (should be 0xEE)
11-05 13:39:07.236  3012  3290 D STMicroVL53L0X: : Reg 0xC1 = aa (should be 0xAA)
11-05 13:39:07.239  3012  3141 V Robocol : sending CMD_NOTIFY_INIT_OP_MODE(930), attempt: 0
11-05 13:39:07.240  3012  3290 D STMicroVL53L0X: : Reg 0xC2 = 10 (should be 0x10)
11-05 13:39:07.243  3012  3290 D STMicroVL53L0X: : Reg 0x51 = 0 (should be 0x0099)
11-05 13:39:07.247  3012  3290 D STMicroVL53L0X: : Reg 0x61 = 0 (should be 0x0000)
11-05 13:39:07.271  3012  3290 D STMicroVL53L0X: : initial sig rate lim (MCPS) 0.250000
11-05 13:39:07.278  3012  3290 D STMicroVL53L0X: : adjusted sig rate lim (MCPS) 0.250000
11-05 13:39:07.512  3012  3290 I I2C     : Automatically initializing I2C device RevColorSensorV3 USB (embedded); module 173; bus 2; addr7=0x52
11-05 13:39:07.512  3012  3290 V BroadcomColorSensorImpl: internalInitialize()...
11-05 13:39:07.520  3012  3290 V BroadcomColorSensorImpl: state: 07 37 20 1d 42 01 c2 
11-05 13:39:07.521  3012  3290 V BroadcomColorSensorImpl: setGain(0x01)
11-05 13:39:07.524  3012  3290 V BroadcomColorSensorImpl: setLEDParameters(0x37)
11-05 13:39:07.527  3012  3290 V BroadcomColorSensorImpl: setProximityPulseCount(0x20)
11-05 13:39:07.529  3012  3290 V BroadcomColorSensorImpl: setPSMeasRate(0x1d)
11-05 13:39:07.532  3012  3290 V BroadcomColorSensorImpl: setLSMeasRate(0x42)
11-05 13:39:07.538  3012  3290 V BroadcomColorSensorImpl: enable() enabled=0x07...
11-05 13:39:07.543  3012  3290 V BroadcomColorSensorImpl: ...enable() enabled=0x07
11-05 13:39:07.547  3012  3290 V BroadcomColorSensorImpl: state: 07 37 20 1d 42 01 c2 
11-05 13:39:07.547  3012  3290 V BroadcomColorSensorImpl: ...internalInitialize()
11-05 13:39:07.626  3012  3290 V BNO055  : Suppressing I2C warnings while we check for a BNO055 IMU
11-05 13:39:07.629  3012  3290 V BNO055  : Found BNO055 IMU
11-05 13:39:08.105  3012  3290 V IMU     : Now polling until IMU comes out of reset. It is normal to see I2C failures below
11-05 13:39:08.109  3012  3290 V RobotCore: addr=false data=true arb=false clock=false
11-05 13:39:08.110  3012  3290 E LynxI2cDeviceSynch: readStatusQuery: cbExpected=1 cbRead=0
11-05 13:39:08.110  3012  3290 E LynxI2cDeviceSynch: placeholder: readStatusQuery
11-05 13:39:08.173  3012  3290 V RobotCore: addr=false data=true arb=false clock=false
11-05 13:39:08.173  3012  3290 E LynxI2cDeviceSynch: readStatusQuery: cbExpected=1 cbRead=0
11-05 13:39:08.337  3012  3290 V IMU     : IMU has come out of reset. No more I2C failures should occur.
--------- beginning of main
11-05 13:40:26.928  3472  3472 I ps      : type=1400 audit(0.0:253): avc: denied { getattr } for path="/proc/1" dev="proc" ino=7745 scontext=u:r:untrusted_app:s0:c512,c768 tcontext=u:r:init:s0 tclass=dir permissive=1
11-05 13:40:26.928  3472  3472 I ps      : type=1400 audit(0.0:254): avc: denied { search } for name="1" dev="proc" ino=7745 scontext=u:r:untrusted_app:s0:c512,c768 tcontext=u:r:init:s0 tclass=dir permissive=1
11-05 13:40:26.928  3472  3472 I ps      : type=1400 audit(0.0:255): avc: denied { read } for name="cmdline" dev="proc" ino=6705 scontext=u:r:untrusted_app:s0:c512,c768 tcontext=u:r:init:s0 tclass=file permissive=1
11-05 13:40:26.928  3472  3472 I ps      : type=1400 audit(0.0:256): avc: denied { open } for path="/proc/1/cmdline" dev="proc" ino=6705 scontext=u:r:untrusted_app:s0:c512,c768 tcontext=u:r:init:s0 tclass=file permissive=1
11-05 13:40:26.928  3472  3472 I ps      : type=1400 audit(0.0:257): avc: denied { getattr } for path="/proc/2" dev="proc" ino=6943 scontext=u:r:untrusted_app:s0:c512,c768 tcontext=u:r:kernel:s0 tclass=dir permissive=1
11-05 13:40:26.928  3472  3472 I ps      : type=1400 audit(0.0:258): avc: denied { search } for name="2" dev="proc" ino=6943 scontext=u:r:untrusted_app:s0:c512,c768 tcontext=u:r:kernel:s0 tclass=dir permissive=1
11-05 13:40:26.928  3472  3472 I ps      : type=1400 audit(0.0:259): avc: denied { read } for name="cmdline" dev="proc" ino=7041 scontext=u:r:untrusted_app:s0:c512,c768 tcontext=u:r:kernel:s0 tclass=file permissive=1
11-05 13:40:26.928  3472  3472 I ps      : type=1400 audit(0.0:260): avc: denied { open } for path="/proc/2/cmdline" dev="proc" ino=7041 scontext=u:r:untrusted_app:s0:c512,c768 tcontext=u:r:kernel:s0 tclass=file permissive=1
11-05 13:40:26.942  3472  3472 I ps      : type=1400 audit(0.0:261): avc: denied { getattr } for path="/proc/998" dev="proc" ino=11980 scontext=u:r:untrusted_app:s0:c512,c768 tcontext=u:r:kernel:s0 tclass=dir permissive=1
11-05 13:40:26.942  3472  3472 I ps      : type=1400 audit(0.0:262): avc: denied { search } for name="998" dev="proc" ino=11980 scontext=u:r:untrusted_app:s0:c512,c768 tcontext=u:r:kernel:s0 tclass=dir permissive=1
11-05 13:40:26.942  3472  3472 I ps      : type=1400 audit(0.0:263): avc: denied { read } for name="cmdline" dev="proc" ino=14176 scontext=u:r:untrusted_app:s0:c512,c768 tcontext=u:r:kernel:s0 tclass=file permissive=1
11-05 13:40:26.942  3472  3472 I ps      : type=1400 audit(0.0:264): avc: denied { open } for path="/proc/998/cmdline" dev="proc" ino=14176 scontext=u:r:untrusted_app:s0:c512,c768 tcontext=u:r:kernel:s0 tclass=file permissive=1
11-05 13:40:28.544  3496  3496 D Uvc     : [jni.cpp:72] JNI_OnLoad()...
11-05 13:40:28.544  3496  3496 D Uvc     : [JniEnv.h:32] ScopedJniEnv::onJniLoad()...
11-05 13:40:28.544  3496  3496 D Uvc     : [JniEnv.h:32] ...ScopedJniEnv::onJniLoad()
11-05 13:40:28.544  3496  3496 D Uvc     : [jni.cpp:72] ...JNI_OnLoad()
11-05 13:40:28.549  3496  3496 V AppUtil : initializing: getExternalStorageDirectory()=/storage/emulated/0
11-05 13:40:28.553  3496  3496 I AppUtil : found usbFileSystemRoot: /dev/bus/usb
11-05 13:40:28.552  3496  3496 I robotcontroller: type=1400 audit(0.0:265): avc: denied { read } for name="direction" dev="sysfs" ino=16323 scontext=u:r:untrusted_app:s0:c512,c768 tcontext=u:object_r:sysfs:s0 tclass=file permissive=1
11-05 13:40:28.552  3496  3496 I robotcontroller: type=1400 audit(0.0:266): avc: denied { open } for path="/sys/devices/pinctrl.26/gpio/gpio50/direction" dev="sysfs" ino=16323 scontext=u:r:untrusted_app:s0:c512,c768 tcontext=u:object_r:sysfs:s0 tclass=file permissive=1
11-05 13:40:28.552  3496  3496 I robotcontroller: type=1400 audit(0.0:267): avc: denied { getattr } for path="/sys/devices/pinctrl.26/gpio/gpio50/direction" dev="sysfs" ino=16323 scontext=u:r:untrusted_app:s0:c512,c768 tcontext=u:object_r:sysfs:s0 tclass=file permissive=1
11-05 13:40:28.552  3496  3496 I robotcontroller: type=1400 audit(0.0:268): avc: denied { write } for name="value" dev="sysfs" ino=13327 scontext=u:r:untrusted_app:s0:c512,c768 tcontext=u:object_r:sysfs:s0 tclass=file permissive=1
11-05 13:40:28.563  3496  3496 I AppAliveNotifier: Telling the OS to set the RC alive notification timeout to 20 seconds
11-05 13:40:28.568  3496  3512 V RobotCore: saving logcat to /storage/emulated/0/robotControllerLog.txt
11-05 13:40:28.568  3496  3512 V RobotCore: logging command line: exec logcat -f /storage/emulated/0/robotControllerLog.txt -r4096 -n4 -v threadtime UsbRequestJNI:S UsbRequest:S art:W ThreadPool:W System:W ExtendedExtractor:W OMXClient:W MediaPlayer:W dalvikvm:W  *:V
11-05 13:40:28.584  3496  3496 V AppUtil : rootActivity=PermissionValidatorWrapper
11-05 13:40:28.585  3496  3496 I PermissionValidatorActivity: Lifecycle onCreate : 6d5214a
11-05 13:40:28.606  3496  3512 I RobotCore: Done running ps
11-05 13:40:28.615  3515  3515 I sh      : type=1400 audit(0.0:269): avc: denied { read } for name="/" dev="rootfs" ino=1 scontext=u:r:untrusted_app:s0:c512,c768 tcontext=u:object_r:rootfs:s0 tclass=dir permissive=1
11-05 13:40:28.615  3515  3515 I sh      : type=1400 audit(0.0:270): avc: denied { open } for path="/" dev="rootfs" ino=1 scontext=u:r:untrusted_app:s0:c512,c768 tcontext=u:object_r:rootfs:s0 tclass=dir permissive=1
11-05 13:40:28.661  3496  3496 I PermissionValidatorActivity: Lifecycle onStart : 6d5214a
11-05 13:40:28.662  3496  3496 I PermissionValidator: Checking permission for android.permission.WRITE_EXTERNAL_STORAGE
11-05 13:40:28.666  3496  3496 I PermissionValidator:     Granted: android.permission.WRITE_EXTERNAL_STORAGE
11-05 13:40:28.666  3496  3496 I PermissionValidator: Checking permission for android.permission.READ_EXTERNAL_STORAGE
11-05 13:40:28.667  3496  3496 I PermissionValidator:     Granted: android.permission.READ_EXTERNAL_STORAGE
11-05 13:40:28.667  3496  3496 I PermissionValidator: Checking permission for android.permission.CAMERA
11-05 13:40:28.667  3496  3496 I PermissionValidator:     Granted: android.permission.CAMERA
11-05 13:40:28.667  3496  3496 I PermissionValidator: Checking permission for android.permission.ACCESS_COARSE_LOCATION
11-05 13:40:28.668  3496  3496 I PermissionValidator:     Granted: android.permission.ACCESS_COARSE_LOCATION
11-05 13:40:28.668  3496  3496 I PermissionValidator: Checking permission for android.permission.ACCESS_FINE_LOCATION
11-05 13:40:28.669  3496  3496 I PermissionValidator:     Granted: android.permission.ACCESS_FINE_LOCATION
11-05 13:40:28.669  3496  3496 I PermissionValidator: Checking permission for android.permission.READ_PHONE_STATE
11-05 13:40:28.670  3496  3496 I PermissionValidator:     Granted: android.permission.READ_PHONE_STATE
11-05 13:40:28.672  3496  3496 V ServiceStarter: attempting to start service MediaTransferProtocolMonitorService
11-05 13:40:28.675  3496  3496 V ServiceStarter: started service MediaTransferProtocolMonitorService
11-05 13:40:28.675  3496  3496 V ServiceStarter: attempting to start service OnBotJavaService
11-05 13:40:28.677  3496  3496 V ServiceStarter: started service OnBotJavaService
11-05 13:40:28.678  3496  3496 I PermissionValidatorActivity: All permissions validated.  Starting RobotController
11-05 13:40:28.688  3496  3496 V MTPMonitorService: onCreate()
11-05 13:40:28.689  3496  3496 V MTPMonitorService: onStartCommand() intent=Intent { cmp=com.qualcomm.ftcrobotcontroller/org.firstinspires.ftc.robotcore.internal.files.MediaTransferProtocolMonitorService } flags=0x0 startId=1
11-05 13:40:28.692  3496  3496 V MTPMonitor: observing: /storage/emulated/0
11-05 13:40:28.758  3496  3496 V OnBotJavaService: onCreate()
11-05 13:40:28.758  3496  3496 V OnBotJavaService: onStartCommand() intent=Intent { cmp=com.qualcomm.ftcrobotcontroller/org.firstinspires.ftc.onbotjava.OnBotJavaService } flags=0x0 startId=1
11-05 13:40:28.760  3496  3496 V OnBotJava: OnBotJavaManager::static
11-05 13:40:29.344  3496  3496 V OnBotJava: ctor()...
11-05 13:40:29.347  3496  3496 V OnBotJava: ...ctor()
11-05 13:40:29.353  3496  3496 V RCActivity: Permissions validated already
11-05 13:40:29.353  3496  3496 V RCActivity: onCreate()
11-05 13:40:29.355  3496  3496 V RCActivity: rootActivity is of class PermissionValidatorWrapper
11-05 13:40:29.358  3496  3496 V RCActivity: launchActivity is of class class org.firstinspires.ftc.robotcontroller.internal.PermissionValidatorWrapper
11-05 13:40:29.368  3496  3536 V CallbackLooper: thread=137
11-05 13:40:29.373  3496  3496 V NetDiscover_wifiDirectAgent: doStart()...
11-05 13:40:29.379  3496  3496 V NetDiscover_wifiDirectAgent: ...doStart()
11-05 13:40:29.379  3496  3496 V NetDiscover_prefremrc: ----- all preferences -----
11-05 13:40:29.379  3496  3496 V NetDiscover_prefremrc: name='android.permission.READ_PHONE_STATE' value=false
11-05 13:40:29.380  3496  3496 V NetDiscover_prefremrc: name='pref_autostarted_robot_controller' value=true
11-05 13:40:29.380  3496  3496 V NetDiscover_prefremrc: name='pref_warn_about_obsolete_software' value=true
11-05 13:40:29.380  3496  3496 V NetDiscover_prefremrc: name='pref_has_independent_phone_battery' value=false
11-05 13:40:29.380  3496  3496 V NetDiscover_prefremrc: name='android.permission.CAMERA' value=false
11-05 13:40:29.380  3496  3496 V NetDiscover_prefremrc: name='pref_wifip2p_remote_channel_change_works' value=false
11-05 13:40:29.381  3496  3496 V NetDiscover_prefremrc: name='pref_hardware_config_filename' value={"isDirty":false,"location":"LOCAL_STORAGE","name":"Error418Test6dcColor","resourceId":0}
11-05 13:40:29.381  3496  3496 V NetDiscover_prefremrc: name='pref_warn_about_mismatched_app_versions' value=true
11-05 13:40:29.381  3496  3496 V NetDiscover_prefremrc: name='pref_sound_on_off' value=false
11-05 13:40:29.381  3496  3496 V NetDiscover_prefremrc: name='pref_ftc_season_year_of_current_rc_new' value=2022
11-05 13:40:29.381  3496  3496 V NetDiscover_prefremrc: name='App Restrictions' value=AAAAAA==
11-05 13:40:29.381  3496  3496 V NetDiscover_prefremrc:     
11-05 13:40:29.382  3496  3496 V NetDiscover_prefremrc: name='pref_warn_about_incorrect_clocks' value=true
11-05 13:40:29.382  3496  3496 V NetDiscover_prefremrc: name='android.permission.ACCESS_COARSE_LOCATION' value=false
11-05 13:40:29.382  3496  3496 V NetDiscover_prefremrc: name='pref_ftc_season_year_of_current_rc' value=2022
11-05 13:40:29.382  3496  3496 V NetDiscover_prefremrc: name='pref_has_speaker' value=false
11-05 13:40:29.382  3496  3496 V NetDiscover_prefremrc: name='android.permission.WRITE_EXTERNAL_STORAGE' value=false
11-05 13:40:29.382  3496  3496 V NetDiscover_prefremrc: name='pref_connection_owner_password' value=password
11-05 13:40:29.382  3496  3496 V NetDiscover_prefremrc: name='pref_pairing_kind' value=RCWIRELESSAP
11-05 13:40:29.382  3496  3496 V NetDiscover_prefremrc: name='android.permission.ACCESS_FINE_LOCATION' value=false
11-05 13:40:29.383  3496  3496 V NetDiscover_prefremrc: name='pref_app_theme' value=red
11-05 13:40:29.383  3496  3496 V NetDiscover_prefremrc: name='pref_device_name_internal' value=FTC-eE8w
11-05 13:40:29.383  3496  3496 V NetDiscover_prefremrc: name='pref_device_name' value=FTC-eE8w
11-05 13:40:29.383  3496  3496 V NetDiscover_prefremrc: name='pref_warn_about_2_4_ghz_band' value=true
11-05 13:40:29.383  3496  3496 V NetDiscover_prefremrc: name='pref_device_name_tracking' value=WIFIAP
11-05 13:40:29.384  3496  3496 V NetDiscover_prefremrc: name='android.permission.READ_EXTERNAL_STORAGE' value=false
11-05 13:40:29.384  3496  3496 V NetDiscover_prefremrc: name='pref_rc_connected' value=true
11-05 13:40:29.389  3496  3496 V Robocol : SendOnceRunnable created
11-05 13:40:29.392  3496  3496 V NetDiscover_prefremrc: doStart()...
11-05 13:40:29.392  3496  3496 V NetDiscover_prefremrc: ...doStart()
11-05 13:40:29.424  3496  3496 W System  : ClassLoader referenced unknown path: /system/app/webview/lib/arm64
11-05 13:40:29.425  3496  3496 D ApplicationLoaders: ignored Vulkan layer search path /system/app/webview/lib/arm64:/system/app/webview/webview.apk!/lib/arm64-v8a:/system/lib64:/vendor/lib64 for namespace 0x77e71080f0
11-05 13:40:29.428  3496  3496 I WebViewFactory: Loading com.android.webview version 52.0.2743.100 (code 275610050)
11-05 13:40:29.461  3496  3496 I cr_LibraryLoader: Time to load native libraries: 2 ms (timestamps 8110-8112)
11-05 13:40:29.461  3496  3496 I cr_LibraryLoader: Expected native library version number "52.0.2743.100", actual native library version number "52.0.2743.100"
11-05 13:40:29.473  3496  3496 V WebViewChromiumFactoryProvider: Binding Chromium to main looper Looper (main, tid 1) {74de47}
11-05 13:40:29.474  3496  3496 I cr_LibraryLoader: Expected native library version number "52.0.2743.100", actual native library version number "52.0.2743.100"
11-05 13:40:29.474  3496  3496 I chromium: [INFO:library_loader_hooks.cc(143)] Chromium logging enabled: level = 0, default verbosity = 0
11-05 13:40:29.492  3496  3496 I cr_BrowserStartup: Initializing chromium process, singleProcess=true
11-05 13:40:29.516  3496  3496 I mali_so : [File] : hardware/rockchip/driver/./src/base/arch/arch_011_udd/base_arch_main.c; [Line] : 565; [Func] : deal_with_version_affairs_rk_ext;
11-05 13:40:29.516  3496  3496 I mali_so : arm_release_ver of this mali_so is 'r7p0-00rel1', rk_so_ver is '1@2' for 3328h_android_7.1, built at '15:47:51', on 'Jun 28 2017'.
11-05 13:40:29.516  3496  3496 I mali_so : [File] : hardware/rockchip/driver/./src/base/arch/arch_011_udd/base_arch_main.c; [Line] : 578; [Func] : deal_with_version_affairs_rk_ext;
11-05 13:40:29.516  3496  3496 I mali_so : mali_ver_property has been set to 'r7p0-00rel1-5-1@2', to return.
11-05 13:40:29.570  3496  3496 I cr_DRP  : No DRP key due to exception:java.lang.ClassNotFoundException: com.android.webview.chromium.Drp
11-05 13:40:29.614  3496  3496 W cr_AwContents: onDetachedFromWindow called when already detached. Ignoring
11-05 13:40:29.836  3496  3496 W System  : ClassLoader referenced unknown path: 
11-05 13:40:29.869  3496  3496 W ClassManager: com.journeyapps.barcodescanner.ScanContract java.lang.ClassNotFoundException: com.journeyapps.barcodescanner.ScanContract
11-05 13:40:29.873  3496  3496 E ClassManager: java.lang.ClassNotFoundException: com.journeyapps.barcodescanner.ScanContract
11-05 13:40:29.875  3496  3496 E ClassManager: 	at java.lang.Class.classForName(Native Method)
11-05 13:40:29.876  3496  3496 E ClassManager: 	at java.lang.Class.forName(Class.java:400)
11-05 13:40:29.879  3496  3496 E ClassManager: 	at org.firstinspires.ftc.robotcore.internal.opmode.ClassManager.classNamesToClasses(ClassManager.java:215)
11-05 13:40:29.881  3496  3496 E ClassManager: 	at org.firstinspires.ftc.robotcore.internal.opmode.ClassManager.processAllClasses(ClassManager.java:258)
11-05 13:40:29.882  3496  3496 E ClassManager: 	at com.qualcomm.ftccommon.ClassManagerFactory.processAllClasses(ClassManagerFactory.java:94)
11-05 13:40:29.883  3496  3496 E ClassManager: 	at org.firstinspires.ftc.robotcontroller.internal.FtcRobotControllerActivity.onCreate(FtcRobotControllerActivity.java:356)
11-05 13:40:29.883  3496  3496 E ClassManager: 	at android.app.Activity.performCreate(Activity.java:6709)
11-05 13:40:29.884  3496  3496 E ClassManager: 	at android.app.Instrumentation.callActivityOnCreate(Instrumentation.java:1118)
11-05 13:40:29.884  3496  3496 E ClassManager: 	at android.app.ActivityThread.performLaunchActivity(ActivityThread.java:2619)
11-05 13:40:29.885  3496  3496 E ClassManager: 	at android.app.ActivityThread.handleLaunchActivity(ActivityThread.java:2727)
11-05 13:40:29.885  3496  3496 E ClassManager: 	at android.app.ActivityThread.-wrap12(ActivityThread.java)
11-05 13:40:29.886  3496  3496 E ClassManager: 	at android.app.ActivityThread$H.handleMessage(ActivityThread.java:1478)
11-05 13:40:29.886  3496  3496 E ClassManager: 	at android.os.Handler.dispatchMessage(Handler.java:102)
11-05 13:40:29.886  3496  3496 E ClassManager: 	at android.os.Looper.loop(Looper.java:154)
11-05 13:40:29.887  3496  3496 E ClassManager: 	at android.app.ActivityThread.main(ActivityThread.java:6121)
11-05 13:40:29.887  3496  3496 E ClassManager: 	at java.lang.reflect.Method.invoke(Native Method)
11-05 13:40:29.888  3496  3496 E ClassManager: 	at com.android.internal.os.ZygoteInit$MethodAndArgsCaller.run(ZygoteInit.java:905)
11-05 13:40:29.888  3496  3496 E ClassManager: 	at com.android.internal.os.ZygoteInit.main(ZygoteInit.java:795)
11-05 13:40:29.890  3496  3496 E ClassManager: Caused by: java.lang.ClassNotFoundException: Didn't find class "com.journeyapps.barcodescanner.ScanContract" on path: DexPathList[[],nativeLibraryDirectories=[/system/lib64, /vendor/lib64]]
11-05 13:40:29.891  3496  3496 E ClassManager: 	at dalvik.system.BaseDexClassLoader.findClass(BaseDexClassLoader.java:56)
11-05 13:40:29.892  3496  3496 E ClassManager: 	at java.lang.ClassLoader.loadClass(ClassLoader.java:380)
