11-06 20:21:45.846  9024  9024 V NetDiscover_prefremrc: ----- all preferences -----
11-06 20:21:45.846  9024  9024 V NetDiscover_prefremrc: name='android.permission.READ_PHONE_STATE' value=false
11-06 20:21:45.846  9024  9024 V NetDiscover_prefremrc: name='pref_autostarted_robot_controller' value=true
11-06 20:21:45.846  9024  9024 V NetDiscover_prefremrc: name='pref_warn_about_obsolete_software' value=true
11-06 20:21:45.847  9024  9024 V NetDiscover_prefremrc: name='pref_has_independent_phone_battery' value=false
11-06 20:21:45.847  9024  9024 V NetDiscover_prefremrc: name='android.permission.CAMERA' value=false
11-06 20:21:45.847  9024  9024 V NetDiscover_prefremrc: name='pref_wifip2p_remote_channel_change_works' value=false
11-06 20:21:45.847  9024  9024 V NetDiscover_prefremrc: name='pref_hardware_config_filename' value={"isDirty":false,"location":"LOCAL_STORAGE","name":"Error418Test6dcColor","resourceId":0}
11-06 20:21:45.847  9024  9024 V NetDiscover_prefremrc: name='pref_sound_on_off' value=false
11-06 20:21:45.847  9024  9024 V NetDiscover_prefremrc: name='pref_warn_about_mismatched_app_versions' value=true
11-06 20:21:45.847  9024  9024 V NetDiscover_prefremrc: name='pref_ftc_season_year_of_current_rc_new' value=2022
11-06 20:21:45.847  9024  9024 V NetDiscover_prefremrc: name='App Restrictions' value=AAAAAA==
11-06 20:21:45.847  9024  9024 V NetDiscover_prefremrc:     
11-06 20:21:45.847  9024  9024 V NetDiscover_prefremrc: name='pref_warn_about_incorrect_clocks' value=true
11-06 20:21:45.847  9024  9024 V NetDiscover_prefremrc: name='android.permission.ACCESS_COARSE_LOCATION' value=false
11-06 20:21:45.848  9024  9024 V NetDiscover_prefremrc: name='pref_ftc_season_year_of_current_rc' value=2022
11-06 20:21:45.848  9024  9024 V NetDiscover_prefremrc: name='pref_has_speaker' value=false
11-06 20:21:45.848  9024  9024 V NetDiscover_prefremrc: name='android.permission.WRITE_EXTERNAL_STORAGE' value=false
11-06 20:21:45.848  9024  9024 V NetDiscover_prefremrc: name='pref_connection_owner_password' value=password
11-06 20:21:45.848  9024  9024 V NetDiscover_prefremrc: name='pref_pairing_kind' value=RCWIRELESSAP
11-06 20:21:45.848  9024  9024 V NetDiscover_prefremrc: name='android.permission.ACCESS_FINE_LOCATION' value=false
11-06 20:21:45.848  9024  9024 V NetDiscover_prefremrc: name='pref_app_theme' value=red
11-06 20:21:45.848  9024  9024 V NetDiscover_prefremrc: name='pref_device_name_internal' value=FTC-eE8w
11-06 20:21:45.848  9024  9024 V NetDiscover_prefremrc: name='pref_device_name' value=FTC-eE8w
11-06 20:21:45.848  9024  9024 V NetDiscover_prefremrc: name='pref_warn_about_2_4_ghz_band' value=true
11-06 20:21:45.848  9024  9024 V NetDiscover_prefremrc: name='android.permission.READ_EXTERNAL_STORAGE' value=false
11-06 20:21:45.848  9024  9024 V NetDiscover_prefremrc: name='pref_device_name_tracking' value=WIFIAP
11-06 20:21:45.849  9024  9024 V NetDiscover_prefremrc: name='pref_rc_connected' value=true
11-06 20:21:45.854  9024  9024 V Robocol : SendOnceRunnable created
11-06 20:21:45.857  9024  9024 V NetDiscover_prefremrc: doStart()...
11-06 20:21:45.857  9024  9024 V NetDiscover_prefremrc: ...doStart()
11-06 20:21:45.883  9024  9024 W System  : ClassLoader referenced unknown path: /system/app/webview/lib/arm64
11-06 20:21:45.884  9024  9024 D ApplicationLoaders: ignored Vulkan layer search path /system/app/webview/lib/arm64:/system/app/webview/webview.apk!/lib/arm64-v8a:/system/lib64:/vendor/lib64 for namespace 0x708666b0f0
11-06 20:21:45.887  9024  9024 I WebViewFactory: Loading com.android.webview version 52.0.2743.100 (code 275610050)
11-06 20:21:45.922  9024  9024 I cr_LibraryLoader: Time to load native libraries: 2 ms (timestamps 5136-5138)
11-06 20:21:45.922  9024  9024 I cr_LibraryLoader: Expected native library version number "52.0.2743.100", actual native library version number "52.0.2743.100"
11-06 20:21:45.935  9024  9024 V WebViewChromiumFactoryProvider: Binding Chromium to main looper Looper (main, tid 1) {74de47}
11-06 20:21:45.935  9024  9024 I cr_LibraryLoader: Expected native library version number "52.0.2743.100", actual native library version number "52.0.2743.100"
11-06 20:21:45.935  9024  9024 I chromium: [INFO:library_loader_hooks.cc(143)] Chromium logging enabled: level = 0, default verbosity = 0
11-06 20:21:45.952  9024  9024 I cr_BrowserStartup: Initializing chromium process, singleProcess=true
11-06 20:21:45.976  9024  9024 I mali_so : [File] : hardware/rockchip/driver/./src/base/arch/arch_011_udd/base_arch_main.c; [Line] : 565; [Func] : deal_with_version_affairs_rk_ext;
11-06 20:21:45.976  9024  9024 I mali_so : arm_release_ver of this mali_so is 'r7p0-00rel1', rk_so_ver is '1@2' for 3328h_android_7.1, built at '15:47:51', on 'Jun 28 2017'.
11-06 20:21:45.976  9024  9024 I mali_so : [File] : hardware/rockchip/driver/./src/base/arch/arch_011_udd/base_arch_main.c; [Line] : 578; [Func] : deal_with_version_affairs_rk_ext;
11-06 20:21:45.976  9024  9024 I mali_so : mali_ver_property has been set to 'r7p0-00rel1-5-1@2', to return.
11-06 20:21:46.022  9024  9024 I cr_DRP  : No DRP key due to exception:java.lang.ClassNotFoundException: com.android.webview.chromium.Drp
11-06 20:21:46.067  9024  9024 W cr_AwContents: onDetachedFromWindow called when already detached. Ignoring
11-06 20:21:46.290  9024  9024 W System  : ClassLoader referenced unknown path: 
11-06 20:21:46.324  9024  9024 W ClassManager: com.journeyapps.barcodescanner.ScanContract java.lang.ClassNotFoundException: com.journeyapps.barcodescanner.ScanContract
11-06 20:21:46.329  9024  9024 E ClassManager: java.lang.ClassNotFoundException: com.journeyapps.barcodescanner.ScanContract
11-06 20:21:46.331  9024  9024 E ClassManager: 	at java.lang.Class.classForName(Native Method)
11-06 20:21:46.332  9024  9024 E ClassManager: 	at java.lang.Class.forName(Class.java:400)
11-06 20:21:46.335  9024  9024 E ClassManager: 	at org.firstinspires.ftc.robotcore.internal.opmode.ClassManager.classNamesToClasses(ClassManager.java:215)
11-06 20:21:46.337  9024  9024 E ClassManager: 	at org.firstinspires.ftc.robotcore.internal.opmode.ClassManager.processAllClasses(ClassManager.java:258)
11-06 20:21:46.338  9024  9024 E ClassManager: 	at com.qualcomm.ftccommon.ClassManagerFactory.processAllClasses(ClassManagerFactory.java:94)
11-06 20:21:46.339  9024  9024 E ClassManager: 	at org.firstinspires.ftc.robotcontroller.internal.FtcRobotControllerActivity.onCreate(FtcRobotControllerActivity.java:356)
11-06 20:21:46.339  9024  9024 E ClassManager: 	at android.app.Activity.performCreate(Activity.java:6709)
11-06 20:21:46.340  9024  9024 E ClassManager: 	at android.app.Instrumentation.callActivityOnCreate(Instrumentation.java:1118)
11-06 20:21:46.340  9024  9024 E ClassManager: 	at android.app.ActivityThread.performLaunchActivity(ActivityThread.java:2619)
11-06 20:21:46.340  9024  9024 E ClassManager: 	at android.app.ActivityThread.handleLaunchActivity(ActivityThread.java:2727)
11-06 20:21:46.341  9024  9024 E ClassManager: 	at android.app.ActivityThread.-wrap12(ActivityThread.java)
11-06 20:21:46.341  9024  9024 E ClassManager: 	at android.app.ActivityThread$H.handleMessage(ActivityThread.java:1478)
11-06 20:21:46.341  9024  9024 E ClassManager: 	at android.os.Handler.dispatchMessage(Handler.java:102)
11-06 20:21:46.342  9024  9024 E ClassManager: 	at android.os.Looper.loop(Looper.java:154)
11-06 20:21:46.342  9024  9024 E ClassManager: 	at android.app.ActivityThread.main(ActivityThread.java:6121)
11-06 20:21:46.342  9024  9024 E ClassManager: 	at java.lang.reflect.Method.invoke(Native Method)
11-06 20:21:46.343  9024  9024 E ClassManager: 	at com.android.internal.os.ZygoteInit$MethodAndArgsCaller.run(ZygoteInit.java:905)
11-06 20:21:46.343  9024  9024 E ClassManager: 	at com.android.internal.os.ZygoteInit.main(ZygoteInit.java:795)
11-06 20:21:46.345  9024  9024 E ClassManager: Caused by: java.lang.ClassNotFoundException: Didn't find class "com.journeyapps.barcodescanner.ScanContract" on path: DexPathList[[],nativeLibraryDirectories=[/system/lib64, /vendor/lib64]]
11-06 20:21:46.346  9024  9024 E ClassManager: 	at dalvik.system.BaseDexClassLoader.findClass(BaseDexClassLoader.java:56)
11-06 20:21:46.347  9024  9024 E ClassManager: 	at java.lang.ClassLoader.loadClass(ClassLoader.java:380)
11-06 20:21:46.347  9024  9024 E ClassManager: 	at java.lang.ClassLoader.loadClass(ClassLoader.java:312)
11-06 20:21:46.348  9024  9024 E ClassManager: 	... 18 more
11-06 20:21:47.610  9024  9024 V UpdateUI: Network: inactive, disconnected
11-06 20:21:47.611  9024  9024 V ServiceStarter: attempting to start service FtcRobotControllerWatchdogService
11-06 20:21:47.613  9024  9024 V ServiceStarter: started service FtcRobotControllerWatchdogService
11-06 20:21:47.630  9024  9024 I RobotCore: App info: version=8.0.0 appId=com.qualcomm.ftcrobotcontroller
11-06 20:21:47.631  9024  9024 I RobotCore: Android Device: maker=REV Robotics model=Control Hub v1.0 sdk=25 serial=caade241cd00a884
11-06 20:21:47.631  9024  9024 V AndroidBoard: REV Control Hub contains REV3328
11-06 20:21:47.631  9024  9024 V AndroidBoard: Communicating with embedded REV hub via /dev/ttyS1
11-06 20:21:47.633  9024  9024 V RCActivity: onStart()
11-06 20:21:47.636  9024  9024 V RCActivity: onResume()
11-06 20:21:47.653  9024  9024 V NetDiscover_prefremrc: onSharedPreferenceChanged(name=App Restrictions, value=AAAAAA==
11-06 20:21:47.653  9024  9024 V NetDiscover_prefremrc: )
11-06 20:21:47.663  9024  9024 V FtcRobotControllerWatchdogService: onCreate()
11-06 20:21:47.664  9024  9024 V FtcRobotControllerWatchdogService: onStartCommand() intent=Intent { cmp=com.qualcomm.ftcrobotcontroller/org.firstinspires.ftc.ftccommon.internal.FtcRobotControllerWatchdogService } flags=0x0 startId=1
11-06 20:21:47.664  9024  9024 V FtcRobotControllerWatchdogService: shouldAutoLauchRobotController() result=true
11-06 20:21:47.666  9024  9024 V FTCService: onCreate()
11-06 20:21:47.697  9024  9024 W art     : Before Android 4.1, method double java.util.concurrent.ThreadLocalRandom.internalNextDouble(double, double) would have incorrectly overridden the package-private method in java.util.Random
11-06 20:21:47.697  9024  9024 W art     : Before Android 4.1, method int java.util.concurrent.ThreadLocalRandom.internalNextInt(int, int) would have incorrectly overridden the package-private method in java.util.Random
11-06 20:21:47.697  9024  9024 W art     : Before Android 4.1, method long java.util.concurrent.ThreadLocalRandom.internalNextLong(long, long) would have incorrectly overridden the package-private method in java.util.Random
11-06 20:21:47.727  9024  9024 V FTCService: onBind()
11-06 20:21:47.763  9024  9024 V CoreRobotWebServer: creating NanoHTTPD(8080)
11-06 20:21:47.768  9024  9024 V WebSocketManager: Registered broadcast-only namespace progress
11-06 20:21:47.773  9024  9024 V WebSocketManager: Registered handler for namespace ControlHubUpdater
11-06 20:21:47.774  9024  9024 V RobotCore: Getting network assistant of type: RCWIRELESSAP
11-06 20:21:47.776  9024  9024 I RobotControllerAccessPointAssistant: Enabling network services
11-06 20:21:47.778  9024  9024 I RobotControllerAccessPointAssistant: Sending SSID and password to AP service
11-06 20:21:47.778  9024  9024 I RobotCore: password
11-06 20:21:47.779  9024  9024 D RobotControllerAccessPointAssistant: setNetworkProperties(deviceName=FTC-eE8w, password=password, ApChannel=null) sendSettingsIndividually=false
11-06 20:21:47.779  9024  9024 I NetDiscover_ControlHubNameManager: Robot controller name: FTC-eE8w
11-06 20:21:47.779  9024  9024 I ControlHubPasswordManager: Robot controller password: password
11-06 20:21:47.779  9024  9024 D RobotControllerAccessPointAssistant: Sending bulk settings broadcast intent
11-06 20:21:47.827  9024  9080 I OpenGLRenderer: Initialized EGL, version 1.4
11-06 20:21:47.827  9024  9080 D OpenGLRenderer: Swap behavior 1
11-06 20:21:47.831  9024  9024 I RobotControllerAccessPointAssistant: Wi-Fi state change:, wifiApState: 13
11-06 20:21:47.832  9024  9024 I FTCService: onNetworkConnectionEvent: CONNECTION_INFO_AVAILABLE
11-06 20:21:47.832  9024  9024 I RobotCore: password
11-06 20:21:47.832  9024  9024 I FTCService: Network Connection Passphrase: password
11-06 20:21:47.833  9024  9024 V CoreRobotWebServer: starting port=8080
11-06 20:21:47.844  9024  9024 V RobotCore: Getting network assistant of type: RCWIRELESSAP
11-06 20:21:47.845  9024  9024 V CoreRobotWebServer: started port=8080
11-06 20:21:47.845  9024  9024 V FTCService: RCActivity.controllerService=bound
11-06 20:21:47.846  9024  9024 V UpdateUI: Network: active, disconnected
11-06 20:21:47.847  9024  9024 V RobotCore: Robot Status: stopped
11-06 20:21:47.853  9024  9087 V TooTallWebSocketServer: Started WebSocket server on port 8081
11-06 20:21:47.856  9024  9090 V RobotCore: thread: 'RobotSetupRunnable.run()' starting...
11-06 20:21:47.856  9024  9090 V FTCService: Processing robot setup
11-06 20:21:47.857  9024  9090 V RobotCore: Robot Status: stopped, scanning for USB devices
11-06 20:21:47.857  9024  9090 I AppAliveNotifier: Telling the OS to set the RC alive notification timeout to 10 seconds
11-06 20:21:47.877  9024  9024 V WebSocketManager: Registered handler for namespace ONBOTJAVA
11-06 20:21:47.885  9024  9080 I [Gralloc]:  ion device open success! fd = 92
11-06 20:21:47.966  9024  9024 V AppUtil : rootActivity=PermissionValidatorWrapper destroyed
11-06 20:21:47.966  9024  9024 V AppUtil : rootActivity=FtcRobotControllerActivity
11-06 20:21:47.967  9024  9024 I PermissionValidatorActivity: Lifecycle onDestroy : 6d5214a
11-06 20:21:49.278  9024  9089 V FtcWebSocket: Opening websocket (ip=192.168.43.107/192.168.43.107 port=8081)
11-06 20:21:49.283  9024  9089 V WebSocketManager: Subscribed websocket (ip=192.168.43.107/192.168.43.107 port=8081) to namespace (progress)
11-06 20:21:49.285  9024  9089 V WebSocketManager: Subscribed websocket (ip=192.168.43.107/192.168.43.107 port=8081) to namespace (ControlHubUpdater)
11-06 20:21:49.720  9024  9104 I RobotCore: password
11-06 20:21:49.810  9024  9100 V ProgrammingModeManager: serve uri=/css/colors.less
11-06 20:21:50.055  9024  9106 I RobotCore: password
11-06 20:21:50.178  9024  9102 V ProgrammingModeManager: serve uri=/css/colors.less
11-06 20:21:51.988  9024  9102 I RobotCore: password
11-06 20:21:52.863  9024  9090 V RobotCore: EventLoopManager state is NOT_STARTED
11-06 20:21:52.864  9024  9090 V FTCService: Waiting for a connection to a Wi-Fi service
11-06 20:21:52.864  9024  9090 V RobotCore: Robot Status: stopped, waiting for network to become active
11-06 20:21:52.866  9024  9090 I RobotControllerAccessPointAssistant: Wi-Fi AP is enabled
11-06 20:21:52.867  9024  9090 V CoreRobotWebServer: Asked an already running WebServer to start
11-06 20:21:52.868  9024  9090 V RobotCore: Robot Status: stopped, starting robot
11-06 20:21:52.868  9024  9090 V Robocol : EventLoopManager.start()
11-06 20:21:52.868  9024  9090 V RobotCore: Getting network assistant of type: RCWIRELESSAP
11-06 20:21:52.869  9024  9090 I RobotControllerAccessPointAssistant: Wi-Fi AP is enabled
11-06 20:21:52.869  9024  9090 V Robocol : Spoofing a Network Connection event...
11-06 20:21:52.869  9024  9090 I EventLoopManager: onNetworkConnectionEvent: CONNECTION_INFO_AVAILABLE
11-06 20:21:52.869  9024  9090 I Robocol : Received network connection event
11-06 20:21:52.870  9024  9090 I RobotControllerAccessPointAssistant: Wi-Fi AP is enabled
11-06 20:21:52.870  9024  9090 I NetworkConnectionHandler: Handling new network connection infomation, connected: true setup needed: true
11-06 20:21:52.871  9024  9090 I RobotControllerAccessPointAssistant: Wi-Fi AP is enabled
11-06 20:21:55.891  9024  9090 V RobotCore: EventLoopManager state is STOPPED
11-06 20:21:55.891  9024  9126 V RobotCore: thread: 'SetupRunnable.run()' starting...
11-06 20:21:55.895  9024  9090 V Robocol : eventLoop=FtcEventLoop
11-06 20:21:55.895  9024  9090 V RobotCore: EventLoopManager state is INIT
11-06 20:21:55.896  9024  9090 V RobotCore: Robot Status: initializing, starting robot
11-06 20:21:55.896  9024  9090 I FtcEventLoop: ======= INIT START =======
11-06 20:21:55.897  9024  9090 V OpmodeRegistration: registered {DefaultOpMode} as {$Stop$Robot$}
11-06 20:21:55.898  9024  9126 D Robocol : RobocolDatagramSocket listening addr=/192.168.43.1:20884 cbRec=65520 cbSend=106496 msRecTO=300
11-06 20:21:55.900  9024  9126 V Robocol : RecvLoopRunnable created
11-06 20:21:55.911  9024  9127 V Robocol : PacketProcessor started
11-06 20:21:55.914  9024  9126 V PeerDiscovery: Starting peer discovery remote: /192.168.43.1 local: /192.168.43.1
11-06 20:21:55.914  9024  9126 V PeerDiscovery: No need for initiating peer discovery, we are the Robot Controller
11-06 20:21:55.914  9024  9126 V RobotCore: Setup complete
11-06 20:21:55.914  9024  9126 V RobotCore: thread: ...terminating 'SetupRunnable.run()'
11-06 20:21:55.915  9024  9128 V Robocol : CommandProcessor started
11-06 20:21:55.916  9024  9090 V OpmodeRegistration: registered {TensorFlowObjectDetectionWebcam} as {Nap: camera 3}
11-06 20:21:55.916  9024  9129 V RobotCore: thread: 'RecvLoopRunnable.run()' starting...
11-06 20:21:55.917  9024  9090 V OpmodeRegistration: registered {ConceptFieldNavigation} as {POC - Field Nav}
11-06 20:21:55.917  9024  9090 V OpmodeRegistration: registered {TensorFLowWebcam} as {Nap-Camera 2}
11-06 20:21:55.918  9024  9090 V OpmodeRegistration: registered {ConceptBNO055IMU} as {POC: IMU Display}
11-06 20:21:55.918  9024  9090 V OpmodeRegistration: registered {PushbotAutodrive} as {Nep-TestMotor }
11-06 20:21:55.919  9024  9090 V OpmodeRegistration: registered {TeleopDualDrivers} as {TeleopDualDrivers}
11-06 20:21:55.920  9024  9090 V OpmodeRegistration: registered {ConceptFieldNavigationAuto} as {POC - Field Nav Auto}
11-06 20:21:55.921  9024  9090 V OpmodeRegistration: registered {ConceptAutoDriveByGyro} as {POC: Drive By Gyro}
11-06 20:21:55.921  9024  9090 V OpmodeRegistration: registered {ConceptBNO055IMUCalibration} as {POC: IMU Calibration}
11-06 20:21:55.922  9024  9090 V OpmodeRegistration: registered {ConceptVuforiaLocalization} as {POC - Vuforia Localization}
11-06 20:21:55.923  9024  9090 V OpmodeRegistration: registered {AutoLeft} as {AutoLeft}
11-06 20:21:55.924  9024  9090 V OpmodeRegistration: registered {AutonomousRight} as {AutonomousRight}
11-06 20:21:55.924  9024  9090 V OpmodeRegistration: registered {CameraVuforia} as {Camera}
11-06 20:21:55.925  9024  9090 V OpmodeRegistration: registered {TeleopMotorGroup} as {TeleopMotorGroup}
11-06 20:21:55.925  9024  9090 V OpmodeRegistration: registered {ConceptFieldNavigationAutoV2} as {POC - Field Nav Encoder}
11-06 20:21:55.926  9024  9090 V OpmodeRegistration: registered {ConceptSignalSleeveIdentification} as {POC: Signal Sleeve}
11-06 20:21:55.927  9024  9090 V OpmodeRegistration: registered {ConceptWebcamTest} as {nap: Webcam}
11-06 20:21:55.928  9024  9090 V OpmodeRegistration: registered {ConceptAutoDriveCalibration} as {POC: Auto Drive Calibration}
11-06 20:21:55.928  9024  9090 V OpmodeRegistration: registered {Forward} as { Nept-Forward and Turning }
11-06 20:21:56.009  9024  9090 V FtcEventLoop: Ensuring that the embedded Control Hub module is set up correctly
11-06 20:21:56.014  9024  9090 V RobotCore: Creating REV Robotics USB Expansion Hub Portal [(embedded)]
11-06 20:21:56.014  9024  9090 V LynxUsb : creating new [(embedded)]: 0x0c91dbc1
11-06 20:21:56.013  9024  9024 I pRunnable.run(): type=1400 audit(0.0:507): avc: denied { read } for name="ttyS1" dev="tmpfs" ino=5198 scontext=u:r:untrusted_app:s0:c512,c768 tcontext=u:object_r:serial_device:s0 tclass=chr_file permissive=1
11-06 20:21:56.013  9024  9024 I pRunnable.run(): type=1400 audit(0.0:508): avc: denied { write } for name="ttyS1" dev="tmpfs" ino=5198 scontext=u:r:untrusted_app:s0:c512,c768 tcontext=u:object_r:serial_device:s0 tclass=chr_file permissive=1
11-06 20:21:56.013  9024  9024 I pRunnable.run(): type=1400 audit(0.0:509): avc: denied { open } for path="/dev/ttyS1" dev="tmpfs" ino=5198 scontext=u:r:untrusted_app:s0:c512,c768 tcontext=u:object_r:serial_device:s0 tclass=chr_file permissive=1
11-06 20:21:56.013  9024  9024 I pRunnable.run(): type=1400 audit(0.0:510): avc: denied { ioctl } for path="/dev/ttyS1" dev="tmpfs" ino=5198 ioctlcmd=5401 scontext=u:r:untrusted_app:s0:c512,c768 tcontext=u:object_r:serial_device:s0 tclass=chr_file permissive=1
11-06 20:21:56.017  9024  9090 V FtDeviceManager: createDeviceInfoList(): 0 USB devices
11-06 20:21:56.017  9024  9090 V RobotUsbManagerCombining: FTDI driver failed to open USB device with serial number (embedded) (returned null device)
11-06 20:21:56.018  9024  9090 V SerialPortNative: [SerialPort.cpp:150] opened(/dev/ttyS1): fd=98
11-06 20:21:56.019  9024  9090 V RobotUsbDeviceTTY: opening serial=(embedded) file=/dev/ttyS1
11-06 20:21:56.020  9024  9090 V LynxUsb : armDevice() serial=(embedded)...
11-06 20:21:56.020  9024  9090 V LynxUsb : resetDevice() serial=(embedded)
11-06 20:21:56.021  9024  9090 V LynxModule: resetting embedded usb device: isPresent: was=true
11-06 20:21:56.219  9024  9129 E Robocol : exception SocketTimeoutException(Receive timed out): no packet received [java.net.PlainDatagramSocketImpl.receive0(Native Method)]
11-06 20:21:56.377  9024  9090 V LynxUsb : ...done armDevice()
11-06 20:21:56.378  9024  9131 V RobotCore: thread: 'lynx incoming datagrams' starting...
11-06 20:21:56.378  9024  9090 V LynxUsb : 0x04c34354 on 0x0c91dbc1: new delegate to [(embedded)]
11-06 20:21:56.385  9024  9090 V LynxUsb : addConfiguredModule() module#=173
11-06 20:21:56.385  9024  9090 V LynxModule: pingAndQueryKnownInterfaces mod=173
11-06 20:21:56.388  9024  9131 V LynxUsb : synchronization gained: serial=(embedded)
11-06 20:21:56.393  9024  9127 D RobotCore: system telemetry: key=$System$None$ msg=""
11-06 20:21:56.394  9024  9127 V PeerDiscovery: new remote peer discovered: 192.168.43.39
11-06 20:21:56.394  9024  9127 V NetworkConnectionHandler: starting sending loop
11-06 20:21:56.396  9024  9133 V Robocol : sending CMD_NOTIFY_ROBOT_STATE(7), attempt: 0
11-06 20:21:56.397  9024  9133 V Robocol : sending CMD_NOTIFY_ROBOT_STATE(8), attempt: 0
11-06 20:21:56.398  9024  9133 V Robocol : sending CMD_NOTIFY_ROBOT_STATE(9), attempt: 0
11-06 20:21:56.399  9024  9133 V Robocol : sending CMD_NOTIFY_ACTIVE_CONFIGURATION(11), attempt: 0
11-06 20:21:56.401  9024  9133 V Robocol : sending CMD_NOTIFY_USER_DEVICE_LIST(12), attempt: 0
11-06 20:21:56.404  9024  9133 V Robocol : sending CMD_NOTIFY_OP_MODE_LIST(13), attempt: 0
11-06 20:21:56.412  9024  9090 V LynxModule: mod#=173 queryInterface(DEKA)=54 commands starting at 4096
11-06 20:21:56.422  9024  9127 V UpdateUI: Network: active, connected
11-06 20:21:56.423  9024  9127 D FTCService: Sending user device types and preferences to driver station
11-06 20:21:56.427  9024  9090 V LynxModule: sending LynxFtdiResetControlCommand(true) wasInterrupted=false
11-06 20:21:56.432  9024  9090 V LynxModule: sendLEDPatternSteps(): steps=[Step(color=65280, msDuration=1000)]
11-06 20:21:56.439  9024  9090 V LynxModule: setAsControlHubEmbeddedModule(mod=173)
11-06 20:21:56.440  9024  9090 V EmbeddedControlHubModule: setting embedded module
11-06 20:21:56.440  9024  9090 V LynxModule: sending LynxFtdiResetControlCommand(false) wasInterrupted=false
11-06 20:21:56.443  9024  9090 V LynxModule: close(#173)
11-06 20:21:56.446  9024  9090 V LynxUsb : Verified that the embedded Control Hub module has the correct address
11-06 20:21:56.447  9024  9090 V LynxUsb : addConfiguredModule() module#=173
11-06 20:21:56.447  9024  9090 V LynxModule: pingAndQueryKnownInterfaces mod=173
11-06 20:21:56.456  9024  9127 V NetDiscover_prefremrc: sendAllPreferences()
11-06 20:21:56.456  9024  9127 V NetDiscover_prefremrc: sending RC pref name=pref_wifip2p_remote_channel_change_works value=false
11-06 20:21:56.460  9024  9127 V NetDiscover_prefremrc: sending RC pref name=pref_device_name value=FTC-eE8w
11-06 20:21:56.460  9024  9127 V NetDiscover_prefremrc: sending RC pref name=pref_warn_about_incorrect_clocks value=true
11-06 20:21:56.461  9024  9127 V NetDiscover_prefremrc: sending RC pref name=pref_warn_about_obsolete_software value=true
11-06 20:21:56.461  9024  9090 V LynxModule: mod#=173 queryInterface(DEKA)=54 commands starting at 4096
11-06 20:21:56.461  9024  9127 V NetDiscover_prefremrc: sending RC pref name=pref_has_speaker value=false
11-06 20:21:56.462  9024  9127 V NetDiscover_prefremrc: sending RC pref name=pref_warn_about_2_4_ghz_band value=true
11-06 20:21:56.463  9024  9127 V NetDiscover_prefremrc: sending RC pref name=pref_has_independent_phone_battery value=false
11-06 20:21:56.464  9024  9127 V NetDiscover_prefremrc: sending RC pref name=pref_app_theme value=red
11-06 20:21:56.464  9024  9127 V NetDiscover_prefremrc: sending RC pref name=pref_warn_about_mismatched_app_versions value=true
11-06 20:21:56.465  9024  9127 V NetDiscover_prefremrc: sending RC pref name=pref_sound_on_off value=false
11-06 20:21:56.465  9024  9127 V NetworkConnectionHandler: Peer connection established
11-06 20:21:56.468  9024  9127 V Robocol : packet processing took 75.1ms: type=PEER_DISCOVERY
11-06 20:21:56.471  9024  9090 V LynxModule: sending LynxFtdiResetControlCommand(true) wasInterrupted=false
11-06 20:21:56.475  9024  9133 V Robocol : sending CMD_NOTIFY_USER_DEVICE_LIST(17), attempt: 0
11-06 20:21:56.475  9024  9090 V LynxModule: sendLEDPatternSteps(): steps=[Step(color=65280, msDuration=1000)]
11-06 20:21:56.477  9024  9133 V Robocol : sending CMD_ROBOT_CONTROLLER_PREFERENCE(18), attempt: 0
11-06 20:21:56.478  9024  9133 V Robocol : sending CMD_ROBOT_CONTROLLER_PREFERENCE(19), attempt: 0
11-06 20:21:56.479  9024  9133 V Robocol : sending CMD_ROBOT_CONTROLLER_PREFERENCE(20), attempt: 0
11-06 20:21:56.479  9024  9090 V LynxModule: setAsControlHubEmbeddedModule(mod=173)
11-06 20:21:56.479  9024  9090 V EmbeddedControlHubModule: setting embedded module
11-06 20:21:56.480  9024  9133 V Robocol : sending CMD_ROBOT_CONTROLLER_PREFERENCE(21), attempt: 0
11-06 20:21:56.480  9024  9090 I RobotCore: LynxFirmwareVersionManager: LynxI2cDeviceSynchV2
11-06 20:21:56.480  9024  9133 V Robocol : sending CMD_ROBOT_CONTROLLER_PREFERENCE(22), attempt: 0
11-06 20:21:56.480  9024  9090 V LynxI2cDeviceSynch: initializeHardware() mod#=173
11-06 20:21:56.481  9024  9090 V BHI260IMU: Suppressing I2C warnings while we check for a BHI260AP IMU
11-06 20:21:56.481  9024  9133 V Robocol : sending CMD_ROBOT_CONTROLLER_PREFERENCE(23), attempt: 0
11-06 20:21:56.482  9024  9133 V Robocol : sending CMD_ROBOT_CONTROLLER_PREFERENCE(24), attempt: 0
11-06 20:21:56.483  9024  9133 V Robocol : sending CMD_ROBOT_CONTROLLER_PREFERENCE(25), attempt: 0
11-06 20:21:56.484  9024  9133 V Robocol : sending CMD_ROBOT_CONTROLLER_PREFERENCE(26), attempt: 0
11-06 20:21:56.485  9024  9133 V Robocol : sending CMD_ROBOT_CONTROLLER_PREFERENCE(27), attempt: 0
11-06 20:21:56.486  9024  9090 V BHI260IMU: No BHI260AP IMU found
11-06 20:21:56.486  9024  9090 V LynxModule: sending LynxFtdiResetControlCommand(false) wasInterrupted=false
11-06 20:21:56.488  9024  9090 V LynxModule: close(#173)
11-06 20:21:56.489  9024  9090 V HardwareFactory: createHardwareMap()
11-06 20:21:56.489  9024  9090 V EmbeddedControlHubModule: clearing embedded module
11-06 20:21:56.505  9024  9129 V EventLoopManager: Setting authoritative wall clock based on connected DS.
11-06 20:21:56.505  9024  9129 D Uvc     : [time.cpp:64] Java_org_firstinspires_ftc_robotcore_internal_system_AppUtil_nativeSetCurrentTimeMillis()...
11-06 20:21:56.479  9024  9129 I JniTime : [time.cpp:83] settimeofday() succeeded
11-06 20:21:56.479  9024  9129 D Uvc     : [time.cpp:64] ...Java_org_firstinspires_ftc_robotcore_internal_system_AppUtil_nativeSetCurrentTimeMillis()
11-06 20:21:56.479  9024  9090 V ReadXMLFileHandler: embedded lynx USB device is already present
11-06 20:21:56.479  9024  9136 V SoundInfo: construct(0x06e5de99)
11-06 20:21:56.480  9024  9090 V RobotCore: Creating REV Robotics USB Expansion Hub Portal [(embedded)]
11-06 20:21:56.480  9024  9090 V LynxUsb : using existing [(embedded)]: 0x0c91dbc1
11-06 20:21:56.480  9024  9129 V AppUtil : attempted to set timezone: before=America/Chicago after=America/Chicago
11-06 20:21:56.480  9024  9090 V LynxUsb : 0x0d08955e on 0x0c91dbc1: new delegate to [(embedded)]
11-06 20:21:56.481  9024  9090 V RobotCore: Creating Lynx Module - mod=173 parent=true
11-06 20:21:56.482  9024  9127 V Robocol : received command: CMD_REQUEST_ACTIVE_CONFIG(10001) 
11-06 20:21:56.484  9024  9127 V Robocol : received command: CMD_REQUEST_USER_DEVICE_TYPES(10002) 
11-06 20:21:56.486  9024  9127 V Robocol : received command: CMD_REQUEST_OP_MODE_LIST(10003) 
11-06 20:21:56.486  9024  9090 V RobotCore: Creating Lynx Module - mod=2 parent=false
11-06 20:21:56.487  9024  9127 V Robocol : received command: CMD_ROBOT_CONTROLLER_PREFERENCE(10004) {"booleanValue":true,"prefName":"pref_ds_supports_5_ghz"}
11-06 20:21:56.488  9024  9090 V LynxUsb : addConfiguredModule() module#=173
11-06 20:21:56.488  9024  9090 V LynxModule: pingAndQueryKnownInterfaces mod=173
11-06 20:21:56.492  9024  9135 E WVMExtractor: Failed to open libwvm.so: dlopen failed: "/system/vendor/lib64/libwvm.so" is 32-bit instead of 64-bit
11-06 20:21:56.496  9024  9127 V Robocol : received command: CMD_ROBOT_CONTROLLER_PREFERENCE(10005) {"intValue":21,"prefName":"pref_dh_os_version_code"}
11-06 20:21:56.505  9024  9090 V LynxModule: mod#=173 queryInterface(DEKA)=54 commands starting at 4096
11-06 20:21:56.514  9024  9135 I MediaCodec: callingProcessName:com.qualcomm.ftcrobotcontroller
11-06 20:21:56.515  9024  9090 V LynxModule: sending LynxFtdiResetControlCommand(true) wasInterrupted=false
11-06 20:21:56.518  9024  9144 I ACodec  : onAllocateComponent:6752 mSoftCodecPref:0 componentName:
11-06 20:21:56.520  9024  9090 V LynxModule: sendLEDPatternSteps(): steps=[Step(color=65280, msDuration=1000)]
11-06 20:21:56.520  9024  9144 I ACodec  : onAllocateComponent:6783 mSoftCodecPref:0 componentName:OMX.google.raw.decoder
11-06 20:21:56.522  9024  9143 V LynxModule: received status: LynxGetModuleStatusResponse(status=0x02 alerts=0x00: Reset)
11-06 20:21:56.523  9024  9143 W HubPowerCycle: Expansion Hub 173 regained power after a complete power loss. No user Op Mode was running.
11-06 20:21:56.523  9024  9143 V LynxModule: resendCurrentPattern()
11-06 20:21:56.524  9024  9143 V LynxModule: sendLEDPatternSteps(): steps=[Step(color=65280, msDuration=1000)]
11-06 20:21:56.529  9024  9090 V LynxModule: setAsControlHubEmbeddedModule(mod=173)
11-06 20:21:56.529  9024  9090 V EmbeddedControlHubModule: setting embedded module
11-06 20:21:56.529  9024  9090 V LynxUsb : addConfiguredModule() module#=2
11-06 20:21:56.530  9024  9090 V LynxModule: pingAndQueryKnownInterfaces mod=2
11-06 20:21:56.552  9024  9090 V LynxModule: mod#=2 queryInterface(DEKA)=54 commands starting at 4096
11-06 20:21:56.559  9024  9057 D SoundPlayer: onLoadComplete(samp=1|ms=757, samp=1)=0
11-06 20:21:56.561  9024  9136 W AudioTrack: AUDIO_OUTPUT_FLAG_FAST denied by client; transfer 4, track 48000 Hz, output 44100 Hz
11-06 20:21:56.564  9024  9090 V LynxModule: sending LynxFtdiResetControlCommand(true) wasInterrupted=false
11-06 20:21:56.565  9024  9136 D SoundPlayer: playing volume=0.000000 samp=1|ms=757
11-06 20:21:56.569  9024  9133 V Robocol : sending CMD_PLAY_SOUND(45), attempt: 0
11-06 20:21:56.570  9024  9147 V LynxModule: received status: LynxGetModuleStatusResponse(status=0x05 alerts=0x00: KeepAliveTimeout|FailSafe)
11-06 20:21:56.570  9024  9147 V LynxModule: resendCurrentPattern()
11-06 20:21:56.570  9024  9147 V LynxModule: sendLEDPatternSteps(): steps=[]
11-06 20:21:56.574  9024  9090 V LynxModule: sendLEDPatternSteps(): steps=[Step(color=65280, msDuration=4500), Step(color=0, msDuration=500), Step(color=255, msDuration=500), Step(color=0, msDuration=500), Step(color=255, msDuration=500), Step(color=0, msDuration=500)]
11-06 20:21:56.586  9024  9090 V LynxMotor: initializeHardware() mod#=173
11-06 20:21:56.608  9024  9133 V Robocol : sending CMD_NOTIFY_ROBOT_STATE(7), attempt: 1
11-06 20:21:56.609  9024  9133 V Robocol : sending CMD_NOTIFY_ROBOT_STATE(8), attempt: 1
11-06 20:21:56.609  9024  9133 V Robocol : sending CMD_NOTIFY_ROBOT_STATE(9), attempt: 1
11-06 20:21:56.610  9024  9133 V Robocol : sending CMD_NOTIFY_ACTIVE_CONFIGURATION(11), attempt: 1
11-06 20:21:56.611  9024  9133 V Robocol : sending CMD_NOTIFY_USER_DEVICE_LIST(12), attempt: 1
11-06 20:21:56.613  9024  9133 V Robocol : sending CMD_NOTIFY_OP_MODE_LIST(13), attempt: 1
11-06 20:21:56.622  9024  9090 V RobotCore: DcMotorImpl(type=goBILDA5202SeriesMotor)
11-06 20:21:56.623  9024  9090 V RobotCore: DcMotorImpl(type=goBILDA5202SeriesMotor)
11-06 20:21:56.623  9024  9090 V RobotCore: DcMotorImpl(type=goBILDA5202SeriesMotor)
11-06 20:21:56.623  9024  9090 V RobotCore: DcMotorImpl(type=goBILDA5202SeriesMotor)
11-06 20:21:56.624  9024  9090 V LynxServoController: initializeHardware() mod#=173
11-06 20:21:56.649  9024  9090 V LynxVoltageSensor: initializeHardware() mod#=173
11-06 20:21:56.649  9024  9090 V LynxAnalogInputController: initializeHardware() mod#=173
11-06 20:21:56.650  9024  9090 V LynxDigitalChannelController: initializeHardware() mod#=173
11-06 20:21:56.664  9024  9090 V RobotCore: Creating user sensor REV internal IMU (BNO055) - on Lynx module=173 bus=0
11-06 20:21:56.664  9024  9090 V RobotCore: Creating I2cDeviceSynch (Lynx) - mod=173 bus=0
11-06 20:21:56.664  9024  9090 I RobotCore: LynxFirmwareVersionManager: LynxI2cDeviceSynchV2
11-06 20:21:56.664  9024  9090 V LynxI2cDeviceSynch: initializeHardware() mod#=173
11-06 20:21:56.666  9024  9090 V RobotCore: Creating user sensor REV 2M Distance Sensor - on Lynx module=173 bus=1
11-06 20:21:56.667  9024  9090 V RobotCore: Creating I2cDeviceSynch (Lynx) - mod=173 bus=1
11-06 20:21:56.667  9024  9090 I RobotCore: LynxFirmwareVersionManager: LynxI2cDeviceSynchV2
11-06 20:21:56.667  9024  9090 V LynxI2cDeviceSynch: initializeHardware() mod#=173
11-06 20:21:56.668  9024  9090 V RobotCore: Creating user sensor REV Color Sensor V3 - on Lynx module=173 bus=2
11-06 20:21:56.668  9024  9090 I RobotCore: LynxFirmwareVersionManager: LynxI2cDeviceSynchV2
11-06 20:21:56.668  9024  9090 V LynxI2cDeviceSynch: initializeHardware() mod#=173
11-06 20:21:56.669  9024  9090 I I2C     : Automatically initializing I2C device RevColorSensorV3 USB (embedded); module 173; bus 2; addr7=0x00
11-06 20:21:56.669  9024  9090 V BroadcomColorSensorImpl: internalInitialize()...
11-06 20:21:56.677  9024  9090 V BroadcomColorSensorImpl: state: 07 37 20 1d 42 01 c2 
11-06 20:21:56.677  9024  9090 V BroadcomColorSensorImpl: setGain(0x01)
11-06 20:21:56.681  9024  9090 V BroadcomColorSensorImpl: setLEDParameters(0x37)
11-06 20:21:56.684  9024  9090 V BroadcomColorSensorImpl: setProximityPulseCount(0x20)
11-06 20:21:56.688  9024  9090 V BroadcomColorSensorImpl: setPSMeasRate(0x1d)
11-06 20:21:56.691  9024  9090 V BroadcomColorSensorImpl: setLSMeasRate(0x42)
11-06 20:21:56.698  9024  9090 V BroadcomColorSensorImpl: enable() enabled=0x07...
11-06 20:21:56.705  9024  9090 V BroadcomColorSensorImpl: ...enable() enabled=0x07
11-06 20:21:56.710  9024  9090 V BroadcomColorSensorImpl: state: 07 37 20 1d 42 01 c2 
11-06 20:21:56.710  9024  9090 V BroadcomColorSensorImpl: ...internalInitialize()
11-06 20:21:56.710  9024  9090 V LynxMotor: initializeHardware() mod#=2
11-06 20:21:56.777  9024  9090 V RobotCore: DcMotorImpl(type=goBILDA5202SeriesMotor)
11-06 20:21:56.778  9024  9090 V RobotCore: DcMotorImpl(type=goBILDA5202SeriesMotor)
11-06 20:21:56.779  9024  9090 V LynxServoController: initializeHardware() mod#=2
11-06 20:21:56.817  9024  9090 V LynxVoltageSensor: initializeHardware() mod#=2
11-06 20:21:56.817  9024  9090 V LynxAnalogInputController: initializeHardware() mod#=2
11-06 20:21:56.818  9024  9090 V LynxDigitalChannelController: initializeHardware() mod#=2
11-06 20:21:56.841  9024  9090 I RobotCore: ========= Device Information ===================================================
11-06 20:21:56.841  9024  9090 I RobotCore: Type                                               Name                           Connection
11-06 20:21:56.842  9024  9090 I RobotCore: Motor                                              LeftSlider                     USB (embedded); module 2; port 1
11-06 20:21:56.843  9024  9090 I RobotCore: Rev Color Sensor v3                                ColorSensor                    USB (embedded); module 173; bus 2; addr7=0x52
11-06 20:21:56.844  9024  9090 I RobotCore: Motor                                              RightSlider                    USB (embedded); module 2; port 0
11-06 20:21:56.844  9024  9090 I RobotCore: REV Robotics USB Expansion Hub Portal              Control Hub Portal             USB (embedded)
11-06 20:21:56.845  9024  9090 I RobotCore: Motor                                              FrontLeft                      USB (embedded); module 173; port 0
11-06 20:21:56.846  9024  9090 I RobotCore: Motor                                              BackRight                      USB (embedded); module 173; port 3
11-06 20:21:56.847  9024  9090 I RobotCore: Expansion Hub DC Motor Controller                  Expansion Hub 2                USB (embedded); module 2
11-06 20:21:56.847  9024  9090 I RobotCore: Expansion Hub Servo Controller                     Expansion Hub 2                USB (embedded); module 2
11-06 20:21:56.848  9024  9090 I RobotCore: Expansion Hub Voltage Sensor                       Expansion Hub 2                USB (embedded); module 2
11-06 20:21:56.850  9024  9090 I RobotCore: Expansion Hub Analog Input Controller              Expansion Hub 2                USB (embedded); module 2
11-06 20:21:56.851  9024  9090 I RobotCore: Expansion Hub Digital Channel Controller           Expansion Hub 2                USB (embedded); module 2
11-06 20:21:56.856  9024  9090 I RobotCore: Expansion Hub (HW: 20, Maj: 1, Min: 8, Eng: 2)     Expansion Hub 2                USB (embedded); module 2
11-06 20:21:56.857  9024  9090 I RobotCore: REV 2M ToF Distance Sensor                         DistanceSensor                 USB (embedded); module 173; bus 1; addr7=0x29
11-06 20:21:56.858  9024  9090 I RobotCore: REV internal IMU (BNO055)                          imu                            USB (embedded); module 173; bus 0; addr7=0x00
11-06 20:21:56.858  9024  9090 I RobotCore: Expansion Hub DC Motor Controller                  Control Hub                    USB (embedded); module 173
11-06 20:21:56.859  9024  9090 I RobotCore: Expansion Hub Servo Controller                     Control Hub                    USB (embedded); module 173
11-06 20:21:56.859  9024  9090 I RobotCore: Expansion Hub Voltage Sensor                       Control Hub                    USB (embedded); module 173
11-06 20:21:56.860  9024  9090 I RobotCore: Expansion Hub Analog Input Controller              Control Hub                    USB (embedded); module 173
11-06 20:21:56.860  9024  9090 I RobotCore: Expansion Hub Digital Channel Controller           Control Hub                    USB (embedded); module 173
11-06 20:21:56.864  9024  9090 I RobotCore: Expansion Hub (HW: 20, Maj: 1, Min: 8, Eng: 2)     Control Hub                    USB (embedded); module 173
11-06 20:21:56.865  9024  9090 I RobotCore: Servo                                              ClawServo                      USB (embedded); module 173; port 0
11-06 20:21:56.865  9024  9090 I RobotCore: Motor                                              FrontRight                     USB (embedded); module 173; port 1
11-06 20:21:56.866  9024  9090 I RobotCore: Motor                                              BackLeft                       USB (embedded); module 173; port 2
11-06 20:21:56.867  9024  9090 I RobotCore: Servo                                              ArmServo                       USB (embedded); module 173; port 1
11-06 20:21:56.870  9024  9090 I RobotCore: LynxFirmwareVersionManager: LynxI2cDeviceSynchV2
11-06 20:21:56.871  9024  9090 V LynxI2cDeviceSynch: initializeHardware() mod#=173
11-06 20:21:56.871  9024  9090 V BNO055  : Suppressing I2C warnings while we check for a BNO055 IMU
11-06 20:21:56.876  9024  9090 V BNO055  : Found BNO055 IMU
11-06 20:21:56.882  9024  9090 I RobotCore: LynxFirmwareVersionManager: LynxI2cDeviceSynchV2
11-06 20:21:56.883  9024  9090 V LynxI2cDeviceSynch: initializeHardware() mod#=2
11-06 20:21:56.883  9024  9090 V BNO055  : Suppressing I2C warnings while we check for a BNO055 IMU
11-06 20:21:56.889  9024  9090 V BNO055  : Found BNO055 IMU
11-06 20:21:56.898  9024  9090 V LynxUsb : 0x04c34354 on 0x0c91dbc1: releasing delegate to [(embedded)]
11-06 20:21:56.898  9024  9090 I FtcEventLoop: ======= INIT FINISH =======
11-06 20:21:56.899  9024  9090 V RobotCore: EventLoopManager state is RUNNING
11-06 20:21:56.901  9024  9090 V RobotCore: Robot Status: running, starting robot
11-06 20:21:56.902  9024  9090 V RobotCore: Robot Status: running
11-06 20:21:56.911  9024  9151 V RobotCore: thread: 'opmode loop()' starting...
11-06 20:21:56.912  9024  9024 I pRunnable.run(): type=1400 audit(0.0:524): avc: denied { read } for name="value" dev="sysfs" ino=16336 scontext=u:r:untrusted_app:s0:c512,c768 tcontext=u:object_r:sysfs:s0 tclass=file permissive=1
11-06 20:21:56.914  9024  9090 D FTCService: Detecting Wi-Fi reset
11-06 20:21:56.915  9024  9090 D RobotControllerAccessPointAssistant: detectWifiReset button=false
11-06 20:21:56.917  9024  9090 V RobotCore: thread: ...terminating 'RobotSetupRunnable.run()'
11-06 20:21:56.912  9024  9024 I pRunnable.run(): type=1400 audit(0.0:525): avc: denied { open } for path="/sys/devices/pinctrl.26/gpio/gpio51/value" dev="sysfs" ino=16336 scontext=u:r:untrusted_app:s0:c512,c768 tcontext=u:object_r:sysfs:s0 tclass=file permissive=1
11-06 20:21:56.912  9024  9024 I pRunnable.run(): type=1400 audit(0.0:526): avc: denied { getattr } for path="/sys/devices/pinctrl.26/gpio/gpio51/value" dev="sysfs" ino=16336 scontext=u:r:untrusted_app:s0:c512,c768 tcontext=u:object_r:sysfs:s0 tclass=file permissive=1
11-06 20:21:56.928  9024  9133 V Robocol : sending CMD_NOTIFY_ROBOT_STATE(57), attempt: 0
11-06 20:21:56.929  9024  9133 V Robocol : sending CMD_NOTIFY_ACTIVE_CONFIGURATION(59), attempt: 0
11-06 20:21:56.931  9024  9133 V Robocol : sending CMD_SHOW_TOAST(61), attempt: 0
11-06 20:21:56.968  9024  9133 V Robocol : sending CMD_NOTIFY_USER_DEVICE_LIST(63), attempt: 0
11-06 20:21:56.970  9024  9133 V Robocol : sending CMD_NOTIFY_OP_MODE_LIST(66), attempt: 0
11-06 20:21:56.989  9024  9136 V SoundInfo: construct(0x017161b3)
11-06 20:21:57.041  9024  9135 I MediaCodec: callingProcessName:com.qualcomm.ftcrobotcontroller
11-06 20:21:57.044  9024  9156 I ACodec  : onAllocateComponent:6752 mSoftCodecPref:0 componentName:
11-06 20:21:57.045  9024  9156 I ACodec  : onAllocateComponent:6783 mSoftCodecPref:0 componentName:OMX.google.raw.decoder
11-06 20:21:57.095  9024  9057 D SoundPlayer: onLoadComplete(samp=2|ms=4506, samp=2)=0
11-06 20:21:57.319  9024  9159 W AudioTrack: AUDIO_OUTPUT_FLAG_FAST denied by client; transfer 4, track 48000 Hz, output 44100 Hz
11-06 20:21:57.325  9024  9159 D SoundPlayer: playing volume=0.000000 samp=2|ms=4506
11-06 20:21:57.328  9024  9133 V Robocol : sending CMD_PLAY_SOUND(81), attempt: 0
11-06 20:21:57.429  9024  9151 I RobotCore: Attempting to switch to op mode $Stop$Robot$
11-06 20:21:57.488  9024  9133 V Robocol : sending CMD_NOTIFY_INIT_OP_MODE(87), attempt: 0
--------- beginning of main
11-06 20:22:19.192  9269  9269 I ps      : type=1400 audit(0.0:529): avc: denied { getattr } for path="/proc/1" dev="proc" ino=5169 scontext=u:r:untrusted_app:s0:c512,c768 tcontext=u:r:init:s0 tclass=dir permissive=1
11-06 20:22:19.192  9269  9269 I ps      : type=1400 audit(0.0:530): avc: denied { search } for name="1" dev="proc" ino=5169 scontext=u:r:untrusted_app:s0:c512,c768 tcontext=u:r:init:s0 tclass=dir permissive=1
11-06 20:22:19.192  9269  9269 I ps      : type=1400 audit(0.0:531): avc: denied { read } for name="cmdline" dev="proc" ino=1666 scontext=u:r:untrusted_app:s0:c512,c768 tcontext=u:r:init:s0 tclass=file permissive=1
11-06 20:22:19.192  9269  9269 I ps      : type=1400 audit(0.0:532): avc: denied { open } for path="/proc/1/cmdline" dev="proc" ino=1666 scontext=u:r:untrusted_app:s0:c512,c768 tcontext=u:r:init:s0 tclass=file permissive=1
11-06 20:22:19.195  9269  9269 I ps      : type=1400 audit(0.0:533): avc: denied { getattr } for path="/proc/2" dev="proc" ino=9752 scontext=u:r:untrusted_app:s0:c512,c768 tcontext=u:r:kernel:s0 tclass=dir permissive=1
11-06 20:22:19.195  9269  9269 I ps      : type=1400 audit(0.0:534): avc: denied { search } for name="2" dev="proc" ino=9752 scontext=u:r:untrusted_app:s0:c512,c768 tcontext=u:r:kernel:s0 tclass=dir permissive=1
11-06 20:22:19.195  9269  9269 I ps      : type=1400 audit(0.0:535): avc: denied { read } for name="cmdline" dev="proc" ino=9852 scontext=u:r:untrusted_app:s0:c512,c768 tcontext=u:r:kernel:s0 tclass=file permissive=1
11-06 20:22:19.195  9269  9269 I ps      : type=1400 audit(0.0:536): avc: denied { open } for path="/proc/2/cmdline" dev="proc" ino=9852 scontext=u:r:untrusted_app:s0:c512,c768 tcontext=u:r:kernel:s0 tclass=file permissive=1
11-06 20:22:20.452  9309  9309 D Uvc     : [jni.cpp:72] JNI_OnLoad()...
11-06 20:22:20.452  9309  9309 D Uvc     : [JniEnv.h:32] ScopedJniEnv::onJniLoad()...
11-06 20:22:20.452  9309  9309 D Uvc     : [JniEnv.h:32] ...ScopedJniEnv::onJniLoad()
11-06 20:22:20.452  9309  9309 D Uvc     : [jni.cpp:72] ...JNI_OnLoad()
11-06 20:22:20.458  9309  9309 V AppUtil : initializing: getExternalStorageDirectory()=/storage/emulated/0
11-06 20:22:20.462  9309  9309 I AppUtil : found usbFileSystemRoot: /dev/bus/usb
11-06 20:22:20.469  9309  9309 I robotcontroller: type=1400 audit(0.0:537): avc: denied { read } for name="direction" dev="sysfs" ino=16323 scontext=u:r:untrusted_app:s0:c512,c768 tcontext=u:object_r:sysfs:s0 tclass=file permissive=1
11-06 20:22:20.469  9309  9309 I robotcontroller: type=1400 audit(0.0:538): avc: denied { open } for path="/sys/devices/pinctrl.26/gpio/gpio50/direction" dev="sysfs" ino=16323 scontext=u:r:untrusted_app:s0:c512,c768 tcontext=u:object_r:sysfs:s0 tclass=file permissive=1
11-06 20:22:20.469  9309  9309 I robotcontroller: type=1400 audit(0.0:539): avc: denied { getattr } for path="/sys/devices/pinctrl.26/gpio/gpio50/direction" dev="sysfs" ino=16323 scontext=u:r:untrusted_app:s0:c512,c768 tcontext=u:object_r:sysfs:s0 tclass=file permissive=1
11-06 20:22:20.469  9309  9309 I robotcontroller: type=1400 audit(0.0:540): avc: denied { write } for name="value" dev="sysfs" ino=13327 scontext=u:r:untrusted_app:s0:c512,c768 tcontext=u:object_r:sysfs:s0 tclass=file permissive=1
11-06 20:22:20.477  9309  9309 I AppAliveNotifier: Telling the OS to set the RC alive notification timeout to 20 seconds
11-06 20:22:20.488  9309  9325 V RobotCore: saving logcat to /storage/emulated/0/robotControllerLog.txt
11-06 20:22:20.488  9309  9325 V RobotCore: logging command line: exec logcat -f /storage/emulated/0/robotControllerLog.txt -r4096 -n4 -v threadtime UsbRequestJNI:S UsbRequest:S art:W ThreadPool:W System:W ExtendedExtractor:W OMXClient:W MediaPlayer:W dalvikvm:W  *:V
11-06 20:22:20.529  9309  9325 I RobotCore: Done running ps
11-06 20:22:20.539  9328  9328 I sh      : type=1400 audit(0.0:541): avc: denied { read } for name="/" dev="rootfs" ino=1 scontext=u:r:untrusted_app:s0:c512,c768 tcontext=u:object_r:rootfs:s0 tclass=dir permissive=1
11-06 20:22:20.539  9328  9328 I sh      : type=1400 audit(0.0:542): avc: denied { open } for path="/" dev="rootfs" ino=1 scontext=u:r:untrusted_app:s0:c512,c768 tcontext=u:object_r:rootfs:s0 tclass=dir permissive=1
11-06 20:22:21.249  9337  9337 I ps      : type=1400 audit(0.0:543): avc: denied { getattr } for path="/proc/2" dev="proc" ino=9752 scontext=u:r:untrusted_app:s0:c512,c768 tcontext=u:r:kernel:s0 tclass=dir permissive=1
11-06 20:22:21.249  9337  9337 I ps      : type=1400 audit(0.0:544): avc: denied { search } for name="2" dev="proc" ino=9752 scontext=u:r:untrusted_app:s0:c512,c768 tcontext=u:r:kernel:s0 tclass=dir permissive=1
11-06 20:22:21.249  9337  9337 I ps      : type=1400 audit(0.0:545): avc: denied { read } for name="cmdline" dev="proc" ino=9852 scontext=u:r:untrusted_app:s0:c512,c768 tcontext=u:r:kernel:s0 tclass=file permissive=1
11-06 20:22:21.249  9337  9337 I ps      : type=1400 audit(0.0:546): avc: denied { open } for path="/proc/2/cmdline" dev="proc" ino=9852 scontext=u:r:untrusted_app:s0:c512,c768 tcontext=u:r:kernel:s0 tclass=file permissive=1
11-06 20:22:21.431  9309  9309 V AppUtil : rootActivity=PermissionValidatorWrapper
11-06 20:22:21.432  9309  9309 I PermissionValidatorActivity: Lifecycle onCreate : 21fe8bb
11-06 20:22:21.541  9309  9309 I PermissionValidatorActivity: Lifecycle onStart : 21fe8bb
11-06 20:22:21.542  9309  9309 I PermissionValidator: Checking permission for android.permission.WRITE_EXTERNAL_STORAGE
11-06 20:22:21.548  9309  9309 I PermissionValidator:     Granted: android.permission.WRITE_EXTERNAL_STORAGE
11-06 20:22:21.548  9309  9309 I PermissionValidator: Checking permission for android.permission.READ_EXTERNAL_STORAGE
11-06 20:22:21.549  9309  9309 I PermissionValidator:     Granted: android.permission.READ_EXTERNAL_STORAGE
11-06 20:22:21.549  9309  9309 I PermissionValidator: Checking permission for android.permission.CAMERA
11-06 20:22:21.550  9309  9309 I PermissionValidator:     Granted: android.permission.CAMERA
11-06 20:22:21.550  9309  9309 I PermissionValidator: Checking permission for android.permission.ACCESS_COARSE_LOCATION
11-06 20:22:21.550  9309  9309 I PermissionValidator:     Granted: android.permission.ACCESS_COARSE_LOCATION
