11-06 20:22:21.551  9309  9309 I PermissionValidator: Checking permission for android.permission.ACCESS_FINE_LOCATION
11-06 20:22:21.552  9309  9309 I PermissionValidator:     Granted: android.permission.ACCESS_FINE_LOCATION
11-06 20:22:21.552  9309  9309 I PermissionValidator: Checking permission for android.permission.READ_PHONE_STATE
11-06 20:22:21.553  9309  9309 I PermissionValidator:     Granted: android.permission.READ_PHONE_STATE
11-06 20:22:21.556  9309  9309 V ServiceStarter: attempting to start service MediaTransferProtocolMonitorService
11-06 20:22:21.558  9309  9309 V ServiceStarter: started service MediaTransferProtocolMonitorService
11-06 20:22:21.559  9309  9309 V ServiceStarter: attempting to start service OnBotJavaService
11-06 20:22:21.561  9309  9309 V ServiceStarter: started service OnBotJavaService
11-06 20:22:21.561  9309  9309 I PermissionValidatorActivity: All permissions validated.  Starting RobotController
11-06 20:22:21.575  9309  9309 V MTPMonitorService: onCreate()
11-06 20:22:21.576  9309  9309 V MTPMonitorService: onStartCommand() intent=Intent { cmp=com.qualcomm.ftcrobotcontroller/org.firstinspires.ftc.robotcore.internal.files.MediaTransferProtocolMonitorService } flags=0x0 startId=1
11-06 20:22:21.580  9309  9309 V MTPMonitor: observing: /storage/emulated/0
11-06 20:22:21.667  9309  9309 V OnBotJavaService: onCreate()
11-06 20:22:21.669  9309  9309 V OnBotJavaService: onStartCommand() intent=Intent { cmp=com.qualcomm.ftcrobotcontroller/org.firstinspires.ftc.onbotjava.OnBotJavaService } flags=0x0 startId=1
11-06 20:22:21.670  9309  9309 V OnBotJava: OnBotJavaManager::static
11-06 20:22:22.194  9309  9309 V OnBotJava: ctor()...
11-06 20:22:22.196  9309  9309 V OnBotJava: ...ctor()
11-06 20:22:22.201  9309  9309 V RCActivity: Permissions validated already
11-06 20:22:22.201  9309  9309 V RCActivity: onCreate()
11-06 20:22:22.204  9309  9309 V RCActivity: rootActivity is of class PermissionValidatorWrapper
11-06 20:22:22.207  9309  9309 V RCActivity: launchActivity is of class class org.firstinspires.ftc.robotcontroller.internal.PermissionValidatorWrapper
11-06 20:22:22.214  9309  9348 V CallbackLooper: thread=224
11-06 20:22:22.218  9309  9309 V NetDiscover_wifiDirectAgent: doStart()...
11-06 20:22:22.223  9309  9309 V NetDiscover_wifiDirectAgent: ...doStart()
11-06 20:22:22.223  9309  9309 V NetDiscover_prefremrc: ----- all preferences -----
11-06 20:22:22.224  9309  9309 V NetDiscover_prefremrc: name='android.permission.READ_PHONE_STATE' value=false
11-06 20:22:22.224  9309  9309 V NetDiscover_prefremrc: name='pref_autostarted_robot_controller' value=true
11-06 20:22:22.224  9309  9309 V NetDiscover_prefremrc: name='pref_warn_about_obsolete_software' value=true
11-06 20:22:22.224  9309  9309 V NetDiscover_prefremrc: name='pref_has_independent_phone_battery' value=false
11-06 20:22:22.225  9309  9309 V NetDiscover_prefremrc: name='android.permission.CAMERA' value=false
11-06 20:22:22.225  9309  9309 V NetDiscover_prefremrc: name='pref_wifip2p_remote_channel_change_works' value=false
11-06 20:22:22.225  9309  9309 V NetDiscover_prefremrc: name='pref_hardware_config_filename' value={"isDirty":false,"location":"LOCAL_STORAGE","name":"Error418Test6dcColor","resourceId":0}
11-06 20:22:22.225  9309  9309 V NetDiscover_prefremrc: name='pref_warn_about_mismatched_app_versions' value=true
11-06 20:22:22.225  9309  9309 V NetDiscover_prefremrc: name='pref_sound_on_off' value=false
11-06 20:22:22.225  9309  9309 V NetDiscover_prefremrc: name='pref_ftc_season_year_of_current_rc_new' value=2022
11-06 20:22:22.226  9309  9309 V NetDiscover_prefremrc: name='App Restrictions' value=AAAAAA==
11-06 20:22:22.226  9309  9309 V NetDiscover_prefremrc:     
11-06 20:22:22.226  9309  9309 V NetDiscover_prefremrc: name='pref_warn_about_incorrect_clocks' value=true
11-06 20:22:22.226  9309  9309 V NetDiscover_prefremrc: name='android.permission.ACCESS_COARSE_LOCATION' value=false
11-06 20:22:22.226  9309  9309 V NetDiscover_prefremrc: name='pref_ftc_season_year_of_current_rc' value=2022
11-06 20:22:22.226  9309  9309 V NetDiscover_prefremrc: name='pref_has_speaker' value=false
11-06 20:22:22.226  9309  9309 V NetDiscover_prefremrc: name='android.permission.WRITE_EXTERNAL_STORAGE' value=false
11-06 20:22:22.227  9309  9309 V NetDiscover_prefremrc: name='pref_connection_owner_password' value=password
11-06 20:22:22.227  9309  9309 V NetDiscover_prefremrc: name='pref_pairing_kind' value=RCWIRELESSAP
11-06 20:22:22.227  9309  9309 V NetDiscover_prefremrc: name='android.permission.ACCESS_FINE_LOCATION' value=false
11-06 20:22:22.227  9309  9309 V NetDiscover_prefremrc: name='pref_app_theme' value=red
11-06 20:22:22.227  9309  9309 V NetDiscover_prefremrc: name='pref_device_name_internal' value=FTC-eE8w
11-06 20:22:22.227  9309  9309 V NetDiscover_prefremrc: name='pref_device_name' value=FTC-eE8w
11-06 20:22:22.227  9309  9309 V NetDiscover_prefremrc: name='pref_warn_about_2_4_ghz_band' value=true
11-06 20:22:22.227  9309  9309 V NetDiscover_prefremrc: name='pref_device_name_tracking' value=WIFIAP
11-06 20:22:22.227  9309  9309 V NetDiscover_prefremrc: name='android.permission.READ_EXTERNAL_STORAGE' value=false
11-06 20:22:22.228  9309  9309 V NetDiscover_prefremrc: name='pref_rc_connected' value=true
11-06 20:22:22.233  9309  9309 V Robocol : SendOnceRunnable created
11-06 20:22:22.235  9309  9309 V NetDiscover_prefremrc: doStart()...
11-06 20:22:22.235  9309  9309 V NetDiscover_prefremrc: ...doStart()
11-06 20:22:22.262  9309  9309 W System  : ClassLoader referenced unknown path: /system/app/webview/lib/arm64
11-06 20:22:22.263  9309  9309 D ApplicationLoaders: ignored Vulkan layer search path /system/app/webview/lib/arm64:/system/app/webview/webview.apk!/lib/arm64-v8a:/system/lib64:/vendor/lib64 for namespace 0x708666b0f0
11-06 20:22:22.266  9309  9309 I WebViewFactory: Loading com.android.webview version 52.0.2743.100 (code 275610050)
11-06 20:22:22.299  9309  9309 I cr_LibraryLoader: Time to load native libraries: 2 ms (timestamps 1540-1542)
11-06 20:22:22.299  9309  9309 I cr_LibraryLoader: Expected native library version number "52.0.2743.100", actual native library version number "52.0.2743.100"
11-06 20:22:22.312  9309  9309 V WebViewChromiumFactoryProvider: Binding Chromium to main looper Looper (main, tid 1) {74de47}
11-06 20:22:22.312  9309  9309 I cr_LibraryLoader: Expected native library version number "52.0.2743.100", actual native library version number "52.0.2743.100"
11-06 20:22:22.313  9309  9309 I chromium: [INFO:library_loader_hooks.cc(143)] Chromium logging enabled: level = 0, default verbosity = 0
11-06 20:22:22.330  9309  9309 I cr_BrowserStartup: Initializing chromium process, singleProcess=true
11-06 20:22:22.354  9309  9309 I mali_so : [File] : hardware/rockchip/driver/./src/base/arch/arch_011_udd/base_arch_main.c; [Line] : 565; [Func] : deal_with_version_affairs_rk_ext;
11-06 20:22:22.354  9309  9309 I mali_so : arm_release_ver of this mali_so is 'r7p0-00rel1', rk_so_ver is '1@2' for 3328h_android_7.1, built at '15:47:51', on 'Jun 28 2017'.
11-06 20:22:22.354  9309  9309 I mali_so : [File] : hardware/rockchip/driver/./src/base/arch/arch_011_udd/base_arch_main.c; [Line] : 578; [Func] : deal_with_version_affairs_rk_ext;
11-06 20:22:22.354  9309  9309 I mali_so : mali_ver_property has been set to 'r7p0-00rel1-5-1@2', to return.
11-06 20:22:22.404  9309  9309 I cr_DRP  : No DRP key due to exception:java.lang.ClassNotFoundException: com.android.webview.chromium.Drp
11-06 20:22:22.463  9309  9309 W cr_AwContents: onDetachedFromWindow called when already detached. Ignoring
11-06 20:22:22.684  9309  9309 W System  : ClassLoader referenced unknown path: 
11-06 20:22:22.718  9309  9309 W ClassManager: com.journeyapps.barcodescanner.ScanContract java.lang.ClassNotFoundException: com.journeyapps.barcodescanner.ScanContract
11-06 20:22:22.721  9309  9309 E ClassManager: java.lang.ClassNotFoundException: com.journeyapps.barcodescanner.ScanContract
11-06 20:22:22.723  9309  9309 E ClassManager: 	at java.lang.Class.classForName(Native Method)
11-06 20:22:22.724  9309  9309 E ClassManager: 	at java.lang.Class.forName(Class.java:400)
11-06 20:22:22.727  9309  9309 E ClassManager: 	at org.firstinspires.ftc.robotcore.internal.opmode.ClassManager.classNamesToClasses(ClassManager.java:215)
11-06 20:22:22.729  9309  9309 E ClassManager: 	at org.firstinspires.ftc.robotcore.internal.opmode.ClassManager.processAllClasses(ClassManager.java:258)
11-06 20:22:22.729  9309  9309 E ClassManager: 	at com.qualcomm.ftccommon.ClassManagerFactory.processAllClasses(ClassManagerFactory.java:94)
11-06 20:22:22.730  9309  9309 E ClassManager: 	at org.firstinspires.ftc.robotcontroller.internal.FtcRobotControllerActivity.onCreate(FtcRobotControllerActivity.java:356)
11-06 20:22:22.731  9309  9309 E ClassManager: 	at android.app.Activity.performCreate(Activity.java:6709)
11-06 20:22:22.732  9309  9309 E ClassManager: 	at android.app.Instrumentation.callActivityOnCreate(Instrumentation.java:1118)
11-06 20:22:22.733  9309  9309 E ClassManager: 	at android.app.ActivityThread.performLaunchActivity(ActivityThread.java:2619)
11-06 20:22:22.733  9309  9309 E ClassManager: 	at android.app.ActivityThread.handleLaunchActivity(ActivityThread.java:2727)
11-06 20:22:22.734  9309  9309 E ClassManager: 	at android.app.ActivityThread.-wrap12(ActivityThread.java)
11-06 20:22:22.734  9309  9309 E ClassManager: 	at android.app.ActivityThread$H.handleMessage(ActivityThread.java:1478)
11-06 20:22:22.735  9309  9309 E ClassManager: 	at android.os.Handler.dispatchMessage(Handler.java:102)
11-06 20:22:22.735  9309  9309 E ClassManager: 	at android.os.Looper.loop(Looper.java:154)
11-06 20:22:22.736  9309  9309 E ClassManager: 	at android.app.ActivityThread.main(ActivityThread.java:6121)
11-06 20:22:22.737  9309  9309 E ClassManager: 	at java.lang.reflect.Method.invoke(Native Method)
11-06 20:22:22.737  9309  9309 E ClassManager: 	at com.android.internal.os.ZygoteInit$MethodAndArgsCaller.run(ZygoteInit.java:905)
11-06 20:22:22.738  9309  9309 E ClassManager: 	at com.android.internal.os.ZygoteInit.main(ZygoteInit.java:795)
11-06 20:22:22.740  9309  9309 E ClassManager: Caused by: java.lang.ClassNotFoundException: Didn't find class "com.journeyapps.barcodescanner.ScanContract" on path: DexPathList[[],nativeLibraryDirectories=[/system/lib64, /vendor/lib64]]
11-06 20:22:22.740  9309  9309 E ClassManager: 	at dalvik.system.BaseDexClassLoader.findClass(BaseDexClassLoader.java:56)
11-06 20:22:22.741  9309  9309 E ClassManager: 	at java.lang.ClassLoader.loadClass(ClassLoader.java:380)
11-06 20:22:22.741  9309  9309 E ClassManager: 	at java.lang.ClassLoader.loadClass(ClassLoader.java:312)
11-06 20:22:22.742  9309  9309 E ClassManager: 	... 18 more
11-06 20:22:24.013  9309  9309 V UpdateUI: Network: inactive, disconnected
11-06 20:22:24.014  9309  9309 V ServiceStarter: attempting to start service FtcRobotControllerWatchdogService
11-06 20:22:24.016  9309  9309 V ServiceStarter: started service FtcRobotControllerWatchdogService
11-06 20:22:24.035  9309  9309 I RobotCore: App info: version=8.0.0 appId=com.qualcomm.ftcrobotcontroller
11-06 20:22:24.036  9309  9309 I RobotCore: Android Device: maker=REV Robotics model=Control Hub v1.0 sdk=25 serial=caade241cd00a884
11-06 20:22:24.036  9309  9309 V AndroidBoard: REV Control Hub contains REV3328
11-06 20:22:24.036  9309  9309 V AndroidBoard: Communicating with embedded REV hub via /dev/ttyS1
11-06 20:22:24.038  9309  9309 V RCActivity: onStart()
11-06 20:22:24.041  9309  9309 V RCActivity: onResume()
11-06 20:22:24.058  9309  9309 V NetDiscover_prefremrc: onSharedPreferenceChanged(name=App Restrictions, value=AAAAAA==
11-06 20:22:24.058  9309  9309 V NetDiscover_prefremrc: )
11-06 20:22:24.071  9309  9309 V FtcRobotControllerWatchdogService: onCreate()
11-06 20:22:24.072  9309  9309 V FtcRobotControllerWatchdogService: onStartCommand() intent=Intent { cmp=com.qualcomm.ftcrobotcontroller/org.firstinspires.ftc.ftccommon.internal.FtcRobotControllerWatchdogService } flags=0x0 startId=1
11-06 20:22:24.073  9309  9309 V FtcRobotControllerWatchdogService: shouldAutoLauchRobotController() result=true
11-06 20:22:24.073  9309  9309 V FTCService: onCreate()
11-06 20:22:24.103  9309  9309 W art     : Before Android 4.1, method double java.util.concurrent.ThreadLocalRandom.internalNextDouble(double, double) would have incorrectly overridden the package-private method in java.util.Random
11-06 20:22:24.103  9309  9309 W art     : Before Android 4.1, method int java.util.concurrent.ThreadLocalRandom.internalNextInt(int, int) would have incorrectly overridden the package-private method in java.util.Random
11-06 20:22:24.103  9309  9309 W art     : Before Android 4.1, method long java.util.concurrent.ThreadLocalRandom.internalNextLong(long, long) would have incorrectly overridden the package-private method in java.util.Random
11-06 20:22:24.131  9309  9309 V FTCService: onBind()
11-06 20:22:24.158  9309  9309 V CoreRobotWebServer: creating NanoHTTPD(8080)
11-06 20:22:24.163  9309  9309 V WebSocketManager: Registered broadcast-only namespace progress
11-06 20:22:24.169  9309  9309 V WebSocketManager: Registered handler for namespace ControlHubUpdater
11-06 20:22:24.170  9309  9309 V RobotCore: Getting network assistant of type: RCWIRELESSAP
11-06 20:22:24.172  9309  9309 I RobotControllerAccessPointAssistant: Enabling network services
11-06 20:22:24.174  9309  9309 I RobotControllerAccessPointAssistant: Sending SSID and password to AP service
11-06 20:22:24.175  9309  9309 I RobotCore: password
11-06 20:22:24.175  9309  9309 D RobotControllerAccessPointAssistant: setNetworkProperties(deviceName=FTC-eE8w, password=password, ApChannel=null) sendSettingsIndividually=false
11-06 20:22:24.175  9309  9309 I NetDiscover_ControlHubNameManager: Robot controller name: FTC-eE8w
11-06 20:22:24.176  9309  9309 I ControlHubPasswordManager: Robot controller password: password
11-06 20:22:24.176  9309  9309 D RobotControllerAccessPointAssistant: Sending bulk settings broadcast intent
11-06 20:22:24.222  9309  9371 I OpenGLRenderer: Initialized EGL, version 1.4
11-06 20:22:24.222  9309  9371 D OpenGLRenderer: Swap behavior 1
11-06 20:22:24.227  9309  9309 I RobotControllerAccessPointAssistant: Wi-Fi state change:, wifiApState: 13
11-06 20:22:24.227  9309  9309 I FTCService: onNetworkConnectionEvent: CONNECTION_INFO_AVAILABLE
11-06 20:22:24.227  9309  9309 I RobotCore: password
11-06 20:22:24.228  9309  9309 I FTCService: Network Connection Passphrase: password
11-06 20:22:24.228  9309  9309 V CoreRobotWebServer: starting port=8080
11-06 20:22:24.239  9309  9309 V RobotCore: Getting network assistant of type: RCWIRELESSAP
11-06 20:22:24.240  9309  9309 V CoreRobotWebServer: started port=8080
11-06 20:22:24.240  9309  9309 V FTCService: RCActivity.controllerService=bound
11-06 20:22:24.241  9309  9309 V UpdateUI: Network: active, disconnected
11-06 20:22:24.241  9309  9309 V RobotCore: Robot Status: stopped
11-06 20:22:24.249  9309  9377 V TooTallWebSocketServer: Started WebSocket server on port 8081
11-06 20:22:24.252  9309  9380 V RobotCore: thread: 'RobotSetupRunnable.run()' starting...
11-06 20:22:24.252  9309  9380 V FTCService: Processing robot setup
11-06 20:22:24.253  9309  9380 V RobotCore: Robot Status: stopped, scanning for USB devices
11-06 20:22:24.253  9309  9380 I AppAliveNotifier: Telling the OS to set the RC alive notification timeout to 10 seconds
11-06 20:22:24.281  9309  9309 V WebSocketManager: Registered handler for namespace ONBOTJAVA
11-06 20:22:24.292  9309  9371 I [Gralloc]:  ion device open success! fd = 92
11-06 20:22:24.379  9309  9309 V AppUtil : rootActivity=PermissionValidatorWrapper destroyed
11-06 20:22:24.380  9309  9309 V AppUtil : rootActivity=FtcRobotControllerActivity
11-06 20:22:24.380  9309  9309 I PermissionValidatorActivity: Lifecycle onDestroy : 21fe8bb
11-06 20:22:24.696  9309  9379 V FtcWebSocket: Opening websocket (ip=192.168.43.107/192.168.43.107 port=8081)
11-06 20:22:24.702  9309  9379 V WebSocketManager: Subscribed websocket (ip=192.168.43.107/192.168.43.107 port=8081) to namespace (progress)
11-06 20:22:24.703  9309  9379 V WebSocketManager: Subscribed websocket (ip=192.168.43.107/192.168.43.107 port=8081) to namespace (ControlHubUpdater)
11-06 20:22:25.103  9309  9391 I RobotCore: password
11-06 20:22:25.213  9309  9390 V ProgrammingModeManager: serve uri=/css/colors.less
11-06 20:22:25.491  9309  9395 I RobotCore: password
11-06 20:22:25.598  9309  9388 V ProgrammingModeManager: serve uri=/css/colors.less
11-06 20:22:27.427  9309  9404 I RobotCore: password
11-06 20:22:29.261  9309  9380 V RobotCore: EventLoopManager state is NOT_STARTED
11-06 20:22:29.262  9309  9380 V FTCService: Waiting for a connection to a Wi-Fi service
11-06 20:22:29.262  9309  9380 V RobotCore: Robot Status: stopped, waiting for network to become active
11-06 20:22:29.265  9309  9380 I RobotControllerAccessPointAssistant: Wi-Fi AP is enabled
11-06 20:22:29.265  9309  9380 V CoreRobotWebServer: Asked an already running WebServer to start
11-06 20:22:29.265  9309  9380 V RobotCore: Robot Status: stopped, starting robot
11-06 20:22:29.265  9309  9380 V Robocol : EventLoopManager.start()
11-06 20:22:29.266  9309  9380 V RobotCore: Getting network assistant of type: RCWIRELESSAP
11-06 20:22:29.267  9309  9380 I RobotControllerAccessPointAssistant: Wi-Fi AP is enabled
11-06 20:22:29.267  9309  9380 V Robocol : Spoofing a Network Connection event...
11-06 20:22:29.267  9309  9380 I EventLoopManager: onNetworkConnectionEvent: CONNECTION_INFO_AVAILABLE
11-06 20:22:29.267  9309  9380 I Robocol : Received network connection event
11-06 20:22:29.268  9309  9380 I RobotControllerAccessPointAssistant: Wi-Fi AP is enabled
11-06 20:22:29.268  9309  9380 I NetworkConnectionHandler: Handling new network connection infomation, connected: true setup needed: true
11-06 20:22:29.269  9309  9380 I RobotControllerAccessPointAssistant: Wi-Fi AP is enabled
11-06 20:22:32.290  9309  9416 V RobotCore: thread: 'SetupRunnable.run()' starting...
11-06 20:22:32.290  9309  9380 V RobotCore: EventLoopManager state is STOPPED
11-06 20:22:32.291  9309  9380 V Robocol : eventLoop=FtcEventLoop
11-06 20:22:32.291  9309  9380 V RobotCore: EventLoopManager state is INIT
11-06 20:22:32.292  9309  9380 V RobotCore: Robot Status: initializing, starting robot
11-06 20:22:32.292  9309  9380 I FtcEventLoop: ======= INIT START =======
11-06 20:22:32.293  9309  9380 V OpmodeRegistration: registered {DefaultOpMode} as {$Stop$Robot$}
11-06 20:22:32.297  9309  9416 D Robocol : RobocolDatagramSocket listening addr=/192.168.43.1:20884 cbRec=65520 cbSend=106496 msRecTO=300
11-06 20:22:32.299  9309  9416 V Robocol : RecvLoopRunnable created
11-06 20:22:32.303  9309  9417 V Robocol : PacketProcessor started
11-06 20:22:32.305  9309  9418 V Robocol : CommandProcessor started
11-06 20:22:32.308  9309  9419 V RobotCore: thread: 'RecvLoopRunnable.run()' starting...
11-06 20:22:32.309  9309  9416 V PeerDiscovery: Starting peer discovery remote: /192.168.43.1 local: /192.168.43.1
11-06 20:22:32.309  9309  9416 V PeerDiscovery: No need for initiating peer discovery, we are the Robot Controller
11-06 20:22:32.309  9309  9416 V RobotCore: Setup complete
11-06 20:22:32.309  9309  9416 V RobotCore: thread: ...terminating 'SetupRunnable.run()'
11-06 20:22:32.315  9309  9380 V OpmodeRegistration: registered {TensorFlowObjectDetectionWebcam} as {Nap: camera 3}
11-06 20:22:32.316  9309  9380 V OpmodeRegistration: registered {ConceptFieldNavigation} as {POC - Field Nav}
11-06 20:22:32.317  9309  9380 V OpmodeRegistration: registered {TensorFLowWebcam} as {Nap-Camera 2}
11-06 20:22:32.318  9309  9380 V OpmodeRegistration: registered {ConceptBNO055IMU} as {POC: IMU Display}
11-06 20:22:32.319  9309  9380 V OpmodeRegistration: registered {PushbotAutodrive} as {Nep-TestMotor }
11-06 20:22:32.320  9309  9380 V OpmodeRegistration: registered {TeleopDualDrivers} as {TeleopDualDrivers}
11-06 20:22:32.321  9309  9380 V OpmodeRegistration: registered {ConceptFieldNavigationAuto} as {POC - Field Nav Auto}
11-06 20:22:32.321  9309  9380 V OpmodeRegistration: registered {ConceptAutoDriveByGyro} as {POC: Drive By Gyro}
11-06 20:22:32.323  9309  9380 V OpmodeRegistration: registered {ConceptBNO055IMUCalibration} as {POC: IMU Calibration}
11-06 20:22:32.324  9309  9380 V OpmodeRegistration: registered {ConceptVuforiaLocalization} as {POC - Vuforia Localization}
11-06 20:22:32.326  9309  9380 V OpmodeRegistration: registered {AutoLeft} as {AutoLeft}
11-06 20:22:32.327  9309  9380 V OpmodeRegistration: registered {AutonomousRight} as {AutonomousRight}
11-06 20:22:32.328  9309  9380 V OpmodeRegistration: registered {CameraVuforia} as {Camera}
11-06 20:22:32.329  9309  9380 V OpmodeRegistration: registered {TeleopMotorGroup} as {TeleopMotorGroup}
11-06 20:22:32.330  9309  9380 V OpmodeRegistration: registered {ConceptFieldNavigationAutoV2} as {POC - Field Nav Encoder}
11-06 20:22:32.331  9309  9380 V OpmodeRegistration: registered {ConceptSignalSleeveIdentification} as {POC: Signal Sleeve}
11-06 20:22:32.331  9309  9380 V OpmodeRegistration: registered {ConceptWebcamTest} as {nap: Webcam}
11-06 20:22:32.332  9309  9380 V OpmodeRegistration: registered {ConceptAutoDriveCalibration} as {POC: Auto Drive Calibration}
11-06 20:22:32.333  9309  9380 V OpmodeRegistration: registered {Forward} as { Nept-Forward and Turning }
11-06 20:22:32.367  9309  9417 D RobotCore: system telemetry: key=$System$None$ msg=""
11-06 20:22:32.367  9309  9417 V PeerDiscovery: new remote peer discovered: 192.168.43.39
11-06 20:22:32.367  9309  9417 V NetworkConnectionHandler: starting sending loop
11-06 20:22:32.369  9309  9420 V Robocol : sending CMD_NOTIFY_ROBOT_STATE(7), attempt: 0
11-06 20:22:32.370  9309  9420 V Robocol : sending CMD_NOTIFY_ROBOT_STATE(8), attempt: 0
11-06 20:22:32.371  9309  9420 V Robocol : sending CMD_NOTIFY_ROBOT_STATE(9), attempt: 0
11-06 20:22:32.372  9309  9420 V Robocol : sending CMD_NOTIFY_ACTIVE_CONFIGURATION(11), attempt: 0
11-06 20:22:32.391  9309  9417 V UpdateUI: Network: active, connected
11-06 20:22:32.391  9309  9417 D FTCService: Sending user device types and preferences to driver station
11-06 20:22:32.432  9309  9309 I pRunnable.run(): type=1400 audit(0.0:554): avc: denied { read } for name="ttyS1" dev="tmpfs" ino=5198 scontext=u:r:untrusted_app:s0:c512,c768 tcontext=u:object_r:serial_device:s0 tclass=chr_file permissive=1
11-06 20:22:32.432  9309  9309 I pRunnable.run(): type=1400 audit(0.0:555): avc: denied { write } for name="ttyS1" dev="tmpfs" ino=5198 scontext=u:r:untrusted_app:s0:c512,c768 tcontext=u:object_r:serial_device:s0 tclass=chr_file permissive=1
11-06 20:22:32.435  9309  9309 I pRunnable.run(): type=1400 audit(0.0:556): avc: denied { open } for path="/dev/ttyS1" dev="tmpfs" ino=5198 scontext=u:r:untrusted_app:s0:c512,c768 tcontext=u:object_r:serial_device:s0 tclass=chr_file permissive=1
11-06 20:22:32.435  9309  9309 I pRunnable.run(): type=1400 audit(0.0:557): avc: denied { ioctl } for path="/dev/ttyS1" dev="tmpfs" ino=5198 ioctlcmd=5401 scontext=u:r:untrusted_app:s0:c512,c768 tcontext=u:object_r:serial_device:s0 tclass=chr_file permissive=1
11-06 20:22:32.408  9309  9420 V Robocol : sending CMD_NOTIFY_USER_DEVICE_LIST(14), attempt: 0
11-06 20:22:32.418  9309  9417 V NetDiscover_prefremrc: sendAllPreferences()
11-06 20:22:32.419  9309  9417 V NetDiscover_prefremrc: sending RC pref name=pref_wifip2p_remote_channel_change_works value=false
11-06 20:22:32.420  9309  9380 V FtcEventLoop: Ensuring that the embedded Control Hub module is set up correctly
11-06 20:22:32.424  9309  9417 V NetDiscover_prefremrc: sending RC pref name=pref_device_name value=FTC-eE8w
11-06 20:22:32.425  9309  9417 V NetDiscover_prefremrc: sending RC pref name=pref_warn_about_incorrect_clocks value=true
11-06 20:22:32.426  9309  9417 V NetDiscover_prefremrc: sending RC pref name=pref_warn_about_obsolete_software value=true
11-06 20:22:32.429  9309  9417 V NetDiscover_prefremrc: sending RC pref name=pref_has_speaker value=false
11-06 20:22:32.429  9309  9380 V RobotCore: Creating REV Robotics USB Expansion Hub Portal [(embedded)]
11-06 20:22:32.430  9309  9417 V NetDiscover_prefremrc: sending RC pref name=pref_warn_about_2_4_ghz_band value=true
11-06 20:22:32.430  9309  9417 V NetDiscover_prefremrc: sending RC pref name=pref_has_independent_phone_battery value=false
11-06 20:22:32.431  9309  9380 V LynxUsb : creating new [(embedded)]: 0x0a887243
11-06 20:22:32.431  9309  9417 V NetDiscover_prefremrc: sending RC pref name=pref_app_theme value=red
11-06 20:22:32.432  9309  9417 V NetDiscover_prefremrc: sending RC pref name=pref_warn_about_mismatched_app_versions value=true
11-06 20:22:32.433  9309  9417 V NetDiscover_prefremrc: sending RC pref name=pref_sound_on_off value=false
11-06 20:22:32.433  9309  9417 V NetworkConnectionHandler: Peer connection established
11-06 20:22:32.433  9309  9380 V FtDeviceManager: createDeviceInfoList(): 0 USB devices
11-06 20:22:32.434  9309  9380 V RobotUsbManagerCombining: FTDI driver failed to open USB device with serial number (embedded) (returned null device)
11-06 20:22:32.436  9309  9380 V SerialPortNative: [SerialPort.cpp:150] opened(/dev/ttyS1): fd=90
11-06 20:22:32.437  9309  9417 V Robocol : packet processing took 70.1ms: type=PEER_DISCOVERY
11-06 20:22:32.437  9309  9380 V RobotUsbDeviceTTY: opening serial=(embedded) file=/dev/ttyS1
11-06 20:22:32.438  9309  9380 V LynxUsb : armDevice() serial=(embedded)...
11-06 20:22:32.438  9309  9380 V LynxUsb : resetDevice() serial=(embedded)
11-06 20:22:32.439  9309  9380 V LynxModule: resetting embedded usb device: isPresent: was=true
11-06 20:22:32.448  9309  9420 V Robocol : sending CMD_NOTIFY_OP_MODE_LIST(15), attempt: 0
11-06 20:22:32.449  9309  9420 V Robocol : sending CMD_NOTIFY_USER_DEVICE_LIST(16), attempt: 0
11-06 20:22:32.451  9309  9420 V Robocol : sending CMD_ROBOT_CONTROLLER_PREFERENCE(18), attempt: 0
11-06 20:22:32.452  9309  9420 V Robocol : sending CMD_ROBOT_CONTROLLER_PREFERENCE(19), attempt: 0
11-06 20:22:32.453  9309  9420 V Robocol : sending CMD_ROBOT_CONTROLLER_PREFERENCE(20), attempt: 0
11-06 20:22:32.455  9309  9420 V Robocol : sending CMD_ROBOT_CONTROLLER_PREFERENCE(21), attempt: 0
11-06 20:22:32.456  9309  9420 V Robocol : sending CMD_ROBOT_CONTROLLER_PREFERENCE(22), attempt: 0
11-06 20:22:32.458  9309  9420 V Robocol : sending CMD_ROBOT_CONTROLLER_PREFERENCE(23), attempt: 0
11-06 20:22:32.459  9309  9420 V Robocol : sending CMD_ROBOT_CONTROLLER_PREFERENCE(24), attempt: 0
11-06 20:22:32.461  9309  9420 V Robocol : sending CMD_ROBOT_CONTROLLER_PREFERENCE(25), attempt: 0
11-06 20:22:32.462  9309  9420 V Robocol : sending CMD_ROBOT_CONTROLLER_PREFERENCE(26), attempt: 0
11-06 20:22:32.464  9309  9420 V Robocol : sending CMD_ROBOT_CONTROLLER_PREFERENCE(27), attempt: 0
11-06 20:22:32.469  9309  9423 V SoundInfo: construct(0x01bb40c0)
11-06 20:22:32.478  9309  9422 E WVMExtractor: Failed to open libwvm.so: dlopen failed: "/system/vendor/lib64/libwvm.so" is 32-bit instead of 64-bit
11-06 20:22:32.480  9309  9419 V EventLoopManager: Setting authoritative wall clock based on connected DS.
11-06 20:22:32.481  9309  9419 D Uvc     : [time.cpp:64] Java_org_firstinspires_ftc_robotcore_internal_system_AppUtil_nativeSetCurrentTimeMillis()...
11-06 20:22:32.479  9309  9419 I JniTime : [time.cpp:83] settimeofday() succeeded
11-06 20:22:32.479  9309  9419 D Uvc     : [time.cpp:64] ...Java_org_firstinspires_ftc_robotcore_internal_system_AppUtil_nativeSetCurrentTimeMillis()
11-06 20:22:32.480  9309  9419 V AppUtil : attempted to set timezone: before=America/Chicago after=America/Chicago
11-06 20:22:32.482  9309  9417 V Robocol : received command: CMD_REQUEST_ACTIVE_CONFIG(10001) 
11-06 20:22:32.483  9309  9417 V Robocol : received command: CMD_REQUEST_USER_DEVICE_TYPES(10002) 
11-06 20:22:32.484  9309  9417 V Robocol : received command: CMD_REQUEST_OP_MODE_LIST(10003) 
11-06 20:22:32.484  9309  9417 V Robocol : received command: CMD_ROBOT_CONTROLLER_PREFERENCE(10004) {"booleanValue":true,"prefName":"pref_ds_supports_5_ghz"}
11-06 20:22:32.485  9309  9417 V Robocol : received command: CMD_ROBOT_CONTROLLER_PREFERENCE(10005) {"intValue":21,"prefName":"pref_dh_os_version_code"}
11-06 20:22:32.497  9309  9422 I MediaCodec: callingProcessName:com.qualcomm.ftcrobotcontroller
11-06 20:22:32.500  9309  9431 I ACodec  : onAllocateComponent:6752 mSoftCodecPref:0 componentName:
11-06 20:22:32.501  9309  9431 I ACodec  : onAllocateComponent:6783 mSoftCodecPref:0 componentName:OMX.google.raw.decoder
11-06 20:22:32.528  9309  9348 D SoundPlayer: onLoadComplete(samp=1|ms=757, samp=1)=0
11-06 20:22:32.530  9309  9423 W AudioTrack: AUDIO_OUTPUT_FLAG_FAST denied by client; transfer 4, track 48000 Hz, output 44100 Hz
11-06 20:22:32.534  9309  9423 D SoundPlayer: playing volume=0.000000 samp=1|ms=757
11-06 20:22:32.566  9309  9420 V Robocol : sending CMD_PLAY_SOUND(46), attempt: 0
11-06 20:22:32.606  9309  9420 V Robocol : sending CMD_NOTIFY_ROBOT_STATE(7), attempt: 1
11-06 20:22:32.606  9309  9420 V Robocol : sending CMD_NOTIFY_ROBOT_STATE(8), attempt: 1
11-06 20:22:32.607  9309  9420 V Robocol : sending CMD_NOTIFY_ROBOT_STATE(9), attempt: 1
11-06 20:22:32.608  9309  9420 V Robocol : sending CMD_NOTIFY_ACTIVE_CONFIGURATION(11), attempt: 1
11-06 20:22:32.646  9309  9420 V Robocol : sending CMD_NOTIFY_USER_DEVICE_LIST(14), attempt: 1
11-06 20:22:32.793  9309  9380 V LynxUsb : ...done armDevice()
11-06 20:22:32.794  9309  9436 V RobotCore: thread: 'lynx incoming datagrams' starting...
11-06 20:22:32.795  9309  9380 V LynxUsb : 0x0513e6bb on 0x0a887243: new delegate to [(embedded)]
11-06 20:22:32.804  9309  9380 V LynxUsb : addConfiguredModule() module#=173
11-06 20:22:32.805  9309  9380 V LynxModule: pingAndQueryKnownInterfaces mod=173
11-06 20:22:32.807  9309  9436 V LynxUsb : synchronization gained: serial=(embedded)
11-06 20:22:32.829  9309  9380 V LynxModule: mod#=173 queryInterface(DEKA)=54 commands starting at 4096
11-06 20:22:32.842  9309  9380 V LynxModule: sending LynxFtdiResetControlCommand(true) wasInterrupted=false
11-06 20:22:32.848  9309  9380 V LynxModule: sendLEDPatternSteps(): steps=[Step(color=65280, msDuration=1000)]
11-06 20:22:32.853  9309  9380 V LynxModule: setAsControlHubEmbeddedModule(mod=173)
11-06 20:22:32.854  9309  9380 V EmbeddedControlHubModule: setting embedded module
11-06 20:22:32.854  9309  9380 V LynxModule: sending LynxFtdiResetControlCommand(false) wasInterrupted=false
11-06 20:22:32.857  9309  9380 V LynxModule: close(#173)
11-06 20:22:32.858  9309  9380 V LynxUsb : Verified that the embedded Control Hub module has the correct address
11-06 20:22:32.861  9309  9380 V LynxUsb : addConfiguredModule() module#=173
11-06 20:22:32.861  9309  9380 V LynxModule: pingAndQueryKnownInterfaces mod=173
11-06 20:22:32.879  9309  9380 V LynxModule: mod#=173 queryInterface(DEKA)=54 commands starting at 4096
11-06 20:22:32.891  9309  9380 V LynxModule: sending LynxFtdiResetControlCommand(true) wasInterrupted=false
11-06 20:22:32.897  9309  9380 V LynxModule: sendLEDPatternSteps(): steps=[Step(color=65280, msDuration=1000)]
11-06 20:22:32.902  9309  9380 V LynxModule: setAsControlHubEmbeddedModule(mod=173)
11-06 20:22:32.902  9309  9380 V EmbeddedControlHubModule: setting embedded module
11-06 20:22:32.902  9309  9380 I RobotCore: LynxFirmwareVersionManager: LynxI2cDeviceSynchV2
11-06 20:22:32.903  9309  9380 V LynxI2cDeviceSynch: initializeHardware() mod#=173
11-06 20:22:32.903  9309  9380 V BHI260IMU: Suppressing I2C warnings while we check for a BHI260AP IMU
11-06 20:22:32.908  9309  9380 V BHI260IMU: No BHI260AP IMU found
11-06 20:22:32.909  9309  9380 V LynxModule: sending LynxFtdiResetControlCommand(false) wasInterrupted=false
11-06 20:22:32.912  9309  9380 V LynxModule: close(#173)
11-06 20:22:32.913  9309  9380 V HardwareFactory: createHardwareMap()
11-06 20:22:32.913  9309  9380 V EmbeddedControlHubModule: clearing embedded module
11-06 20:22:32.928  9309  9380 V ReadXMLFileHandler: embedded lynx USB device is already present
11-06 20:22:32.929  9309  9380 V RobotCore: Creating REV Robotics USB Expansion Hub Portal [(embedded)]
11-06 20:22:32.929  9309  9380 V LynxUsb : using existing [(embedded)]: 0x0a887243
11-06 20:22:32.929  9309  9380 V LynxUsb : 0x0cd69e5b on 0x0a887243: new delegate to [(embedded)]
11-06 20:22:32.930  9309  9380 V RobotCore: Creating Lynx Module - mod=173 parent=true
11-06 20:22:32.932  9309  9380 V RobotCore: Creating Lynx Module - mod=2 parent=false
11-06 20:22:32.933  9309  9380 V LynxUsb : addConfiguredModule() module#=173
11-06 20:22:32.934  9309  9380 V LynxModule: pingAndQueryKnownInterfaces mod=173
11-06 20:22:32.946  9309  9380 V LynxModule: mod#=173 queryInterface(DEKA)=54 commands starting at 4096
11-06 20:22:32.953  9309  9380 V LynxModule: sending LynxFtdiResetControlCommand(true) wasInterrupted=false
11-06 20:22:32.958  9309  9380 V LynxModule: sendLEDPatternSteps(): steps=[Step(color=65280, msDuration=1000)]
11-06 20:22:32.960  9309  9439 V LynxModule: received status: LynxGetModuleStatusResponse(status=0x02 alerts=0x00: Reset)
11-06 20:22:32.961  9309  9439 W HubPowerCycle: Expansion Hub 173 regained power after a complete power loss. No user Op Mode was running.
11-06 20:22:32.961  9309  9439 V LynxModule: resendCurrentPattern()
11-06 20:22:32.962  9309  9439 V LynxModule: sendLEDPatternSteps(): steps=[Step(color=65280, msDuration=1000)]
11-06 20:22:32.964  9309  9380 V LynxModule: setAsControlHubEmbeddedModule(mod=173)
11-06 20:22:32.964  9309  9380 V EmbeddedControlHubModule: setting embedded module
11-06 20:22:32.965  9309  9380 V LynxUsb : addConfiguredModule() module#=2
11-06 20:22:32.965  9309  9380 V LynxModule: pingAndQueryKnownInterfaces mod=2
11-06 20:22:32.980  9309  9380 V LynxModule: mod#=2 queryInterface(DEKA)=54 commands starting at 4096
11-06 20:22:32.987  9309  9380 V LynxModule: sending LynxFtdiResetControlCommand(true) wasInterrupted=false
11-06 20:22:32.992  9309  9380 V LynxModule: sendLEDPatternSteps(): steps=[Step(color=65280, msDuration=4500), Step(color=0, msDuration=500), Step(color=255, msDuration=500), Step(color=0, msDuration=500), Step(color=255, msDuration=500), Step(color=0, msDuration=500)]
11-06 20:22:32.995  9309  9440 V LynxModule: received status: LynxGetModuleStatusResponse(status=0x05 alerts=0x00: KeepAliveTimeout|FailSafe)
11-06 20:22:32.995  9309  9440 V LynxModule: resendCurrentPattern()
11-06 20:22:32.996  9309  9440 V LynxModule: sendLEDPatternSteps(): steps=[Step(color=65280, msDuration=4500), Step(color=0, msDuration=500), Step(color=255, msDuration=500), Step(color=0, msDuration=500), Step(color=255, msDuration=500), Step(color=0, msDuration=500)]
11-06 20:22:33.004  9309  9380 V LynxMotor: initializeHardware() mod#=173
11-06 20:22:33.044  9309  9380 V RobotCore: DcMotorImpl(type=goBILDA5202SeriesMotor)
11-06 20:22:33.044  9309  9380 V RobotCore: DcMotorImpl(type=goBILDA5202SeriesMotor)
11-06 20:22:33.045  9309  9380 V RobotCore: DcMotorImpl(type=goBILDA5202SeriesMotor)
11-06 20:22:33.045  9309  9380 V RobotCore: DcMotorImpl(type=goBILDA5202SeriesMotor)
11-06 20:22:33.045  9309  9380 V LynxServoController: initializeHardware() mod#=173
11-06 20:22:33.069  9309  9380 V LynxVoltageSensor: initializeHardware() mod#=173
11-06 20:22:33.070  9309  9380 V LynxAnalogInputController: initializeHardware() mod#=173
11-06 20:22:33.070  9309  9380 V LynxDigitalChannelController: initializeHardware() mod#=173
11-06 20:22:33.087  9309  9380 V RobotCore: Creating user sensor REV internal IMU (BNO055) - on Lynx module=173 bus=0
11-06 20:22:33.087  9309  9380 V RobotCore: Creating I2cDeviceSynch (Lynx) - mod=173 bus=0
11-06 20:22:33.087  9309  9380 I RobotCore: LynxFirmwareVersionManager: LynxI2cDeviceSynchV2
11-06 20:22:33.087  9309  9380 V LynxI2cDeviceSynch: initializeHardware() mod#=173
11-06 20:22:33.090  9309  9380 V RobotCore: Creating user sensor REV 2M Distance Sensor - on Lynx module=173 bus=1
11-06 20:22:33.090  9309  9380 V RobotCore: Creating I2cDeviceSynch (Lynx) - mod=173 bus=1
11-06 20:22:33.090  9309  9380 I RobotCore: LynxFirmwareVersionManager: LynxI2cDeviceSynchV2
11-06 20:22:33.091  9309  9380 V LynxI2cDeviceSynch: initializeHardware() mod#=173
11-06 20:22:33.092  9309  9380 V RobotCore: Creating user sensor REV Color Sensor V3 - on Lynx module=173 bus=2
11-06 20:22:33.092  9309  9380 I RobotCore: LynxFirmwareVersionManager: LynxI2cDeviceSynchV2
11-06 20:22:33.092  9309  9380 V LynxI2cDeviceSynch: initializeHardware() mod#=173
11-06 20:22:33.094  9309  9380 I I2C     : Automatically initializing I2C device RevColorSensorV3 USB (embedded); module 173; bus 2; addr7=0x00
11-06 20:22:33.094  9309  9380 V BroadcomColorSensorImpl: internalInitialize()...
11-06 20:22:33.103  9309  9380 V BroadcomColorSensorImpl: state: 07 37 20 1d 42 01 c2 
11-06 20:22:33.103  9309  9380 V BroadcomColorSensorImpl: setGain(0x01)
11-06 20:22:33.108  9309  9380 V BroadcomColorSensorImpl: setLEDParameters(0x37)
11-06 20:22:33.112  9309  9380 V BroadcomColorSensorImpl: setProximityPulseCount(0x20)
11-06 20:22:33.116  9309  9380 V BroadcomColorSensorImpl: setPSMeasRate(0x1d)
11-06 20:22:33.121  9309  9380 V BroadcomColorSensorImpl: setLSMeasRate(0x42)
11-06 20:22:33.129  9309  9380 V BroadcomColorSensorImpl: enable() enabled=0x07...
11-06 20:22:33.136  9309  9380 V BroadcomColorSensorImpl: ...enable() enabled=0x07
11-06 20:22:33.141  9309  9380 V BroadcomColorSensorImpl: state: 07 37 20 1d 42 01 c2 
11-06 20:22:33.141  9309  9380 V BroadcomColorSensorImpl: ...internalInitialize()
11-06 20:22:33.142  9309  9380 V LynxMotor: initializeHardware() mod#=2
11-06 20:22:33.196  9309  9380 V RobotCore: DcMotorImpl(type=goBILDA5202SeriesMotor)
11-06 20:22:33.196  9309  9380 V RobotCore: DcMotorImpl(type=goBILDA5202SeriesMotor)
11-06 20:22:33.197  9309  9380 V LynxServoController: initializeHardware() mod#=2
11-06 20:22:33.232  9309  9380 V LynxVoltageSensor: initializeHardware() mod#=2
11-06 20:22:33.233  9309  9380 V LynxAnalogInputController: initializeHardware() mod#=2
11-06 20:22:33.233  9309  9380 V LynxDigitalChannelController: initializeHardware() mod#=2
11-06 20:22:33.258  9309  9380 I RobotCore: ========= Device Information ===================================================
11-06 20:22:33.258  9309  9380 I RobotCore: Type                                               Name                           Connection
11-06 20:22:33.259  9309  9380 I RobotCore: Motor                                              LeftSlider                     USB (embedded); module 2; port 1
11-06 20:22:33.259  9309  9380 I RobotCore: Rev Color Sensor v3                                ColorSensor                    USB (embedded); module 173; bus 2; addr7=0x52
11-06 20:22:33.260  9309  9380 I RobotCore: Motor                                              RightSlider                    USB (embedded); module 2; port 0
11-06 20:22:33.261  9309  9380 I RobotCore: REV Robotics USB Expansion Hub Portal              Control Hub Portal             USB (embedded)
11-06 20:22:33.262  9309  9380 I RobotCore: Motor                                              FrontLeft                      USB (embedded); module 173; port 0
11-06 20:22:33.262  9309  9380 I RobotCore: Motor                                              BackRight                      USB (embedded); module 173; port 3
11-06 20:22:33.263  9309  9380 I RobotCore: Expansion Hub DC Motor Controller                  Expansion Hub 2                USB (embedded); module 2
11-06 20:22:33.264  9309  9380 I RobotCore: Expansion Hub Servo Controller                     Expansion Hub 2                USB (embedded); module 2
11-06 20:22:33.264  9309  9380 I RobotCore: Expansion Hub Voltage Sensor                       Expansion Hub 2                USB (embedded); module 2
11-06 20:22:33.265  9309  9380 I RobotCore: Expansion Hub Analog Input Controller              Expansion Hub 2                USB (embedded); module 2
11-06 20:22:33.266  9309  9380 I RobotCore: Expansion Hub Digital Channel Controller           Expansion Hub 2                USB (embedded); module 2
11-06 20:22:33.271  9309  9380 I RobotCore: Expansion Hub (HW: 20, Maj: 1, Min: 8, Eng: 2)     Expansion Hub 2                USB (embedded); module 2
11-06 20:22:33.272  9309  9380 I RobotCore: REV 2M ToF Distance Sensor                         DistanceSensor                 USB (embedded); module 173; bus 1; addr7=0x29
11-06 20:22:33.273  9309  9380 I RobotCore: REV internal IMU (BNO055)                          imu                            USB (embedded); module 173; bus 0; addr7=0x00
11-06 20:22:33.273  9309  9380 I RobotCore: Expansion Hub DC Motor Controller                  Control Hub                    USB (embedded); module 173
11-06 20:22:33.274  9309  9380 I RobotCore: Expansion Hub Servo Controller                     Control Hub                    USB (embedded); module 173
11-06 20:22:33.274  9309  9380 I RobotCore: Expansion Hub Voltage Sensor                       Control Hub                    USB (embedded); module 173
11-06 20:22:33.275  9309  9380 I RobotCore: Expansion Hub Analog Input Controller              Control Hub                    USB (embedded); module 173
11-06 20:22:33.275  9309  9380 I RobotCore: Expansion Hub Digital Channel Controller           Control Hub                    USB (embedded); module 173
11-06 20:22:33.279  9309  9380 I RobotCore: Expansion Hub (HW: 20, Maj: 1, Min: 8, Eng: 2)     Control Hub                    USB (embedded); module 173
11-06 20:22:33.280  9309  9380 I RobotCore: Servo                                              ClawServo                      USB (embedded); module 173; port 0
11-06 20:22:33.281  9309  9380 I RobotCore: Motor                                              FrontRight                     USB (embedded); module 173; port 1
11-06 20:22:33.281  9309  9380 I RobotCore: Motor                                              BackLeft                       USB (embedded); module 173; port 2
11-06 20:22:33.282  9309  9380 I RobotCore: Servo                                              ArmServo                       USB (embedded); module 173; port 1
11-06 20:22:33.286  9309  9380 I RobotCore: LynxFirmwareVersionManager: LynxI2cDeviceSynchV2
11-06 20:22:33.286  9309  9380 V LynxI2cDeviceSynch: initializeHardware() mod#=173
11-06 20:22:33.286  9309  9380 V BNO055  : Suppressing I2C warnings while we check for a BNO055 IMU
11-06 20:22:33.291  9309  9380 V BNO055  : Found BNO055 IMU
11-06 20:22:33.297  9309  9380 I RobotCore: LynxFirmwareVersionManager: LynxI2cDeviceSynchV2
11-06 20:22:33.298  9309  9380 V LynxI2cDeviceSynch: initializeHardware() mod#=2
11-06 20:22:33.298  9309  9380 V BNO055  : Suppressing I2C warnings while we check for a BNO055 IMU
11-06 20:22:33.305  9309  9380 V BNO055  : Found BNO055 IMU
11-06 20:22:33.316  9309  9380 V LynxUsb : 0x0513e6bb on 0x0a887243: releasing delegate to [(embedded)]
11-06 20:22:33.316  9309  9380 I FtcEventLoop: ======= INIT FINISH =======
11-06 20:22:33.316  9309  9380 V RobotCore: EventLoopManager state is RUNNING
11-06 20:22:33.316  9309  9418 W art     : Long monitor contention with owner RobotSetupRunnable.run() (9380) at void java.lang.Thread.sleep!(java.lang.Object, long, int)(Thread.java:-2) waiters=0 in org.firstinspires.ftc.robotcore.internal.network.CallbackResult com.qualcomm.robotcore.eventloop.EventLoopManager.commandEvent(com.qualcomm.robotcore.robocol.Command) for 834ms
11-06 20:22:33.317  9309  9380 V RobotCore: Robot Status: running, starting robot
11-06 20:22:33.319  9309  9380 V RobotCore: Robot Status: running
11-06 20:22:33.325  9309  9380 D FTCService: Detecting Wi-Fi reset
11-06 20:22:33.327  9309  9380 D RobotControllerAccessPointAssistant: detectWifiReset button=false
11-06 20:22:33.328  9309  9420 V Robocol : sending CMD_NOTIFY_ROBOT_STATE(60), attempt: 0
11-06 20:22:33.329  9309  9442 V RobotCore: thread: 'opmode loop()' starting...
11-06 20:22:33.329  9309  9380 V RobotCore: thread: ...terminating 'RobotSetupRunnable.run()'
11-06 20:22:33.333  9309  9420 V Robocol : sending CMD_SHOW_TOAST(62), attempt: 0
11-06 20:22:33.334  9309  9418 E Robocol : command processing took 851 ms: command=CMD_REQUEST_ACTIVE_CONFIG
11-06 20:22:33.366  9309  9420 V Robocol : sending CMD_NOTIFY_ACTIVE_CONFIGURATION(64), attempt: 0
11-06 20:22:33.383  9309  9442 I RobotCore: Attempting to switch to op mode $Stop$Robot$
11-06 20:22:33.406  9309  9420 V Robocol : sending CMD_NOTIFY_USER_DEVICE_LIST(70), attempt: 0
11-06 20:22:33.419  9309  9423 V SoundInfo: construct(0x0968d6e9)
11-06 20:22:33.446  9309  9420 V Robocol : sending CMD_NOTIFY_INIT_OP_MODE(74), attempt: 0
11-06 20:22:33.446  9309  9420 V Robocol : sending CMD_NOTIFY_OP_MODE_LIST(77), attempt: 0
11-06 20:22:33.481  9309  9422 I MediaCodec: callingProcessName:com.qualcomm.ftcrobotcontroller
11-06 20:22:33.484  9309  9448 I ACodec  : onAllocateComponent:6752 mSoftCodecPref:0 componentName:
11-06 20:22:33.486  9309  9448 I ACodec  : onAllocateComponent:6783 mSoftCodecPref:0 componentName:OMX.google.raw.decoder
11-06 20:22:33.544  9309  9348 D SoundPlayer: onLoadComplete(samp=2|ms=4506, samp=2)=0
11-06 20:22:33.546  9309  9423 W AudioTrack: AUDIO_OUTPUT_FLAG_FAST denied by client; transfer 4, track 48000 Hz, output 44100 Hz
11-06 20:22:33.575  9309  9423 D SoundPlayer: playing volume=0.000000 samp=2|ms=4506
11-06 20:22:33.606  9309  9420 V Robocol : sending CMD_PLAY_SOUND(88), attempt: 0
11-06 20:22:35.801  9309  9417 V Robocol : received command: CMD_INIT_OP_MODE(10087) $Stop$Robot$
11-06 20:22:35.812  9309  9442 I RobotCore: Attempting to switch to op mode $Stop$Robot$
11-06 20:22:35.846  9309  9420 V Robocol : sending CMD_NOTIFY_INIT_OP_MODE(125), attempt: 0
11-06 20:22:38.039  9309  9417 V Robocol : received command: CMD_SET_MATCH_NUMBER(10122) 0
11-06 20:22:38.040  9309  9417 V Robocol : received command: CMD_INIT_OP_MODE(10123) AutonomousRight
11-06 20:22:38.060  9309  9418 I RobotCore: ******************** START - OPMODE AutonomousRight ********************
11-06 20:22:38.062  9309  9442 I RobotCore: Attempting to switch to op mode AutonomousRight
11-06 20:22:38.281  9309  9465 V RobotCore: thread: 'LinearOpMode main' starting...
11-06 20:22:38.283  9309  9465 I global  :  RENO - AutonomousRight.runOpMode(AutonomousRight.java:158): Status - Initialized
11-06 20:22:38.285  9309  9465 I I2C     : Automatically initializing I2C device LynxEmbeddedIMU USB (embedded); module 173; bus 0; addr7=0x00
11-06 20:22:38.286  9309  9420 V Robocol : sending CMD_NOTIFY_INIT_OP_MODE(167), attempt: 0
11-06 20:22:38.286  9309  9465 I I2C     : Automatically initializing I2C device Rev2mDistanceSensor USB (embedded); module 173; bus 1; addr7=0x29
11-06 20:22:38.286  9309  9465 D STMicroVL53L0X: : Checking to see if it's really a VL53L0X sensor...
11-06 20:22:38.291  9309  9465 D STMicroVL53L0X: : Reg 0xC0 = ee (should be 0xEE)
11-06 20:22:38.295  9309  9465 D STMicroVL53L0X: : Reg 0xC1 = aa (should be 0xAA)
11-06 20:22:38.300  9309  9465 D STMicroVL53L0X: : Reg 0xC2 = 10 (should be 0x10)
11-06 20:22:38.306  9309  9465 D STMicroVL53L0X: : Reg 0x51 = 0 (should be 0x0099)
11-06 20:22:38.311  9309  9465 D STMicroVL53L0X: : Reg 0x61 = 0 (should be 0x0000)
11-06 20:22:38.343  9309  9465 D STMicroVL53L0X: : initial sig rate lim (MCPS) 0.250000
11-06 20:22:38.349  9309  9465 D STMicroVL53L0X: : adjusted sig rate lim (MCPS) 0.250000
11-06 20:22:38.643  9309  9465 I I2C     : Automatically initializing I2C device RevColorSensorV3 USB (embedded); module 173; bus 2; addr7=0x52
11-06 20:22:38.643  9309  9465 V BroadcomColorSensorImpl: internalInitialize()...
11-06 20:22:38.651  9309  9465 V BroadcomColorSensorImpl: state: 07 37 20 1d 42 01 c2 
11-06 20:22:38.651  9309  9465 V BroadcomColorSensorImpl: setGain(0x01)
11-06 20:22:38.655  9309  9465 V BroadcomColorSensorImpl: setLEDParameters(0x37)
11-06 20:22:38.659  9309  9465 V BroadcomColorSensorImpl: setProximityPulseCount(0x20)
11-06 20:22:38.662  9309  9465 V BroadcomColorSensorImpl: setPSMeasRate(0x1d)
11-06 20:22:38.665  9309  9465 V BroadcomColorSensorImpl: setLSMeasRate(0x42)
11-06 20:22:38.672  9309  9465 V BroadcomColorSensorImpl: enable() enabled=0x07...
11-06 20:22:38.679  9309  9465 V BroadcomColorSensorImpl: ...enable() enabled=0x07
11-06 20:22:38.683  9309  9465 V BroadcomColorSensorImpl: state: 07 37 20 1d 42 01 c2 
11-06 20:22:38.683  9309  9465 V BroadcomColorSensorImpl: ...internalInitialize()
11-06 20:22:38.776  9309  9465 V BNO055  : Suppressing I2C warnings while we check for a BNO055 IMU
11-06 20:22:38.779  9309  9465 V BNO055  : Found BNO055 IMU
11-06 20:22:39.258  9309  9465 V IMU     : Now polling until IMU comes out of reset. It is normal to see I2C failures below
11-06 20:22:39.263  9309  9465 V RobotCore: addr=false data=true arb=false clock=false
11-06 20:22:39.264  9309  9465 E LynxI2cDeviceSynch: readStatusQuery: cbExpected=1 cbRead=0
11-06 20:22:39.265  9309  9465 E LynxI2cDeviceSynch: placeholder: readStatusQuery
11-06 20:22:39.330  9309  9465 V RobotCore: addr=false data=true arb=false clock=false
11-06 20:22:39.330  9309  9465 E LynxI2cDeviceSynch: readStatusQuery: cbExpected=1 cbRead=0
11-06 20:22:39.497  9309  9465 V IMU     : IMU has come out of reset. No more I2C failures should occur.
11-06 20:22:43.680  9309  9417 V Robocol : received command: CMD_RUN_OP_MODE(10188) AutonomousRight
11-06 20:22:43.726  9309  9420 V Robocol : sending CMD_NOTIFY_RUN_OP_MODE(226), attempt: 0
11-06 20:22:44.459  9309  9465 I global  :  RENO - AutonomousRight.readColorSensor(AutonomousRight.java:709): Autonomous - Red: 21, green: 41, blue: 35
