11-07 10:26:23.668   968  1160 V Robocol : sending CMD_NOTIFY_INIT_OP_MODE(3713), attempt: 0
11-07 10:26:23.671   968  1672 D STMicroVL53L0X: : Reg 0x61 = 0 (should be 0x0000)
11-07 10:26:23.697   968  1672 D STMicroVL53L0X: : initial sig rate lim (MCPS) 0.000000
11-07 10:26:23.702   968  1672 D STMicroVL53L0X: : adjusted sig rate lim (MCPS) 0.250000
11-07 10:26:23.939   968  1672 I I2C     : Automatically initializing I2C device RevColorSensorV3 USB (embedded); module 173; bus 2; addr7=0x52
11-07 10:26:23.939   968  1672 V BroadcomColorSensorImpl: internalInitialize()...
11-07 10:26:23.946   968  1672 V BroadcomColorSensorImpl: state: 07 37 20 1d 42 01 c2 
11-07 10:26:23.946   968  1672 V BroadcomColorSensorImpl: setGain(0x01)
11-07 10:26:23.951   968  1672 V BroadcomColorSensorImpl: setLEDParameters(0x37)
11-07 10:26:23.954   968  1672 V BroadcomColorSensorImpl: setProximityPulseCount(0x20)
11-07 10:26:23.957   968  1672 V BroadcomColorSensorImpl: setPSMeasRate(0x1d)
11-07 10:26:23.961   968  1672 V BroadcomColorSensorImpl: setLSMeasRate(0x42)
11-07 10:26:23.967   968  1672 V BroadcomColorSensorImpl: enable() enabled=0x07...
11-07 10:26:23.972   968  1672 V BroadcomColorSensorImpl: ...enable() enabled=0x07
11-07 10:26:23.976   968  1672 V BroadcomColorSensorImpl: state: 07 37 20 1d 42 01 c2 
11-07 10:26:23.976   968  1672 V BroadcomColorSensorImpl: ...internalInitialize()
11-07 10:26:24.058   968  1672 V BNO055  : Suppressing I2C warnings while we check for a BNO055 IMU
11-07 10:26:24.060   968  1672 V BNO055  : Found BNO055 IMU
11-07 10:26:24.537   968  1672 V IMU     : Now polling until IMU comes out of reset. It is normal to see I2C failures below
11-07 10:26:24.541   968  1672 V RobotCore: addr=false data=true arb=false clock=false
11-07 10:26:24.541   968  1672 E LynxI2cDeviceSynch: readStatusQuery: cbExpected=1 cbRead=0
11-07 10:26:24.542   968  1672 E LynxI2cDeviceSynch: placeholder: readStatusQuery
11-07 10:26:24.606   968  1672 V RobotCore: addr=false data=true arb=false clock=false
11-07 10:26:24.607   968  1672 E LynxI2cDeviceSynch: readStatusQuery: cbExpected=1 cbRead=0
11-07 10:26:24.772   968  1672 V IMU     : IMU has come out of reset. No more I2C failures should occur.
11-07 10:26:29.617   968  1156 V Robocol : received command: CMD_RUN_OP_MODE(13739) AutonomousRight
11-07 10:26:29.669   968  1160 V Robocol : sending CMD_NOTIFY_RUN_OP_MODE(3776), attempt: 0
11-07 10:26:30.400   968  1672 I global  :  RENO - AutonomousRight.readColorSensor(AutonomousRight.java:728): Autonomous - Red: 36, green: 71, blue: 85
11-07 10:26:30.402   968  1672 I global  :  RENO - AutonomousRight.readColorSensor(AutonomousRight.java:729): Autonomous - Red: 0.19, green: 0.37, blue: 0.44
11-07 10:26:30.403   968  1672 I global  :  RENO - AutonomousRight.autonomousCore(AutonomousRight.java:584): Autonomous - complete background color read.
11-07 10:26:31.475   968  1672 I global  :  RENO - AutonomousRight.readColorSensor(AutonomousRight.java:728): Autonomous - Red: 27, green: 57, blue: 63
11-07 10:26:31.477   968  1672 I global  :  RENO - AutonomousRight.readColorSensor(AutonomousRight.java:729): Autonomous - Red: 0.18, green: 0.39, blue: 0.43
11-07 10:26:31.478   968  1672 I global  :  RENO - AutonomousRight.autonomousCore(AutonomousRight.java:588): Autonomous - complete Sleeve color read.
11-07 10:26:33.668   968  1672 I global  :  RENO - AutonomousRight.calculateParkingLocation(AutonomousRight.java:680): Autonomous - channel = 1, max value = 1.049
11-07 10:26:33.669   968  1672 I global  :  RENO - AutonomousRight.autonomousCore(AutonomousRight.java:597): Autonomous - parking lot aisle location: 36.00
11-07 10:26:36.937   968  1156 V Robocol : received command: CMD_INIT_OP_MODE(13814) $Stop$Robot$
11-07 10:26:36.946   968  1157 I RobotCore: ******************** STOP - OPMODE /storage/emulated/0/FIRST/matchlogs/Match-0-AutonomousRight.txt ********************
11-07 10:26:36.957   968  1673 I RobotCore: saving match logcat to /storage/emulated/0/FIRST/matchlogs/Match-0-AutonomousRight.txt
11-07 10:26:36.957   968  1673 I RobotCore: logging command line: exec logcat -d -T '11-7 10:26:23.000' -f '/storage/emulated/0/FIRST/matchlogs/Match-0-AutonomousRight.txt' -n4 -v threadtime UsbRequestJNI:S UsbRequest:S art:W ThreadPool:W System:W ExtendedExtractor:W OMXClient:W MediaPlayer:W dalvikvm:W  *:V
11-07 10:26:36.964   968  1672 I global  :  RENO - AutonomousRight.autonomousCore(AutonomousRight.java:604): Autonomous - pre-load cone has been unloaded.
11-07 10:26:36.966   968  1672 I global  :  RENO - AutonomousRight.autonomousCore(AutonomousRight.java:610): Autonomous - loop index: 0 
11-07 10:26:36.966   968  1672 E LynxI2cDeviceSynch: placeholder: readTimestamped
11-07 10:26:36.968   968  1672 I global  :  RENO - AutonomousRight.autonomousCore(AutonomousRight.java:612): Autonomous - imu angle before turn: -0.00
11-07 10:26:36.976   968  1672 I global  :  RENO - AutonomousRight.autonomousCore(AutonomousRight.java:614): Autonomous - imu turn: -90.00 degree
11-07 10:26:36.977   968  1672 I global  :  RENO - AutonomousRight.autonomousCore(AutonomousRight.java:615): Autonomous - imu angle after turn: -0.00
11-07 10:26:36.984  1674  1674 I sh      : type=1400 audit(0.0:122): avc: denied { read } for name="/" dev="rootfs" ino=1 scontext=u:r:untrusted_app:s0:c512,c768 tcontext=u:object_r:rootfs:s0 tclass=dir permissive=1
11-07 10:26:36.984  1674  1674 I sh      : type=1400 audit(0.0:123): avc: denied { open } for path="/" dev="rootfs" ino=1 scontext=u:r:untrusted_app:s0:c512,c768 tcontext=u:object_r:rootfs:s0 tclass=dir permissive=1
11-07 10:26:36.998   968  1672 I global  :  RENO - AutonomousRight.autonomousCore(AutonomousRight.java:621): Autonomous - imu angle after load cone: -0.00
11-07 10:26:37.006   968  1672 I global  :  RENO - AutonomousRight.autonomousCore(AutonomousRight.java:629): Autonomous - robot has arrived high junction.
11-07 10:26:37.008   968  1672 I global  :  RENO - AutonomousRight.autonomousCore(AutonomousRight.java:636): Autonomous - imu angle before turn: -0.00
11-07 10:26:37.014   968  1672 I global  :  RENO - AutonomousRight.autonomousCore(AutonomousRight.java:638): Autonomous - imu angle after turn: -0.00
11-07 10:26:37.015   968  1672 I global  :  RENO - AutonomousRight.autonomousCore(AutonomousRight.java:641): Autonomous - slider has lifted to high junction.
11-07 10:26:37.020   968  1673 I RobotCore: Done running exec logcat -d -T '11-7 10:26:23.000' -f '/storage/emulated/0/FIRST/matchlogs/Match-0-AutonomousRight.txt' -n4 -v threadtime UsbRequestJNI:S UsbRequest:S art:W ThreadPool:W System:W ExtendedExtractor:W OMXClient:W MediaPlayer:W dalvikvm:W  *:V
11-07 10:26:37.020   968  1673 I RobotCore: exiting match logcat for /storage/emulated/0/FIRST/matchlogs/Match-0-AutonomousRight.txt
11-07 10:26:37.030   968  1672 I global  :  RENO - AutonomousRight.autonomousCore(AutonomousRight.java:644): Autonomous - 2 cone has been unloaded.
11-07 10:26:37.031   968  1672 I global  :  RENO - AutonomousRight.autonomousCore(AutonomousRight.java:646): Autonomous - imu angle after unload cone: -0.00
11-07 10:26:37.032   968  1672 I global  :  RENO - AutonomousRight.autonomousCore(AutonomousRight.java:610): Autonomous - loop index: 1 
11-07 10:26:37.033   968  1672 I global  :  RENO - AutonomousRight.autonomousCore(AutonomousRight.java:612): Autonomous - imu angle before turn: -0.00
11-07 10:26:37.037   968  1672 I global  :  RENO - AutonomousRight.autonomousCore(AutonomousRight.java:614): Autonomous - imu turn: -90.00 degree
11-07 10:26:37.038   968  1672 I global  :  RENO - AutonomousRight.autonomousCore(AutonomousRight.java:615): Autonomous - imu angle after turn: -0.00
11-07 10:26:37.048   968  1672 I global  :  RENO - AutonomousRight.autonomousCore(AutonomousRight.java:621): Autonomous - imu angle after load cone: -0.00
11-07 10:26:37.054   968  1672 I global  :  RENO - AutonomousRight.autonomousCore(AutonomousRight.java:629): Autonomous - robot has arrived high junction.
11-07 10:26:37.055   968  1672 I global  :  RENO - AutonomousRight.autonomousCore(AutonomousRight.java:636): Autonomous - imu angle before turn: -0.00
11-07 10:26:37.060   968  1672 I global  :  RENO - AutonomousRight.autonomousCore(AutonomousRight.java:638): Autonomous - imu angle after turn: -0.00
11-07 10:26:37.061   968  1672 I global  :  RENO - AutonomousRight.autonomousCore(AutonomousRight.java:641): Autonomous - slider has lifted to high junction.
11-07 10:26:37.076   968  1672 I global  :  RENO - AutonomousRight.autonomousCore(AutonomousRight.java:644): Autonomous - 3 cone has been unloaded.
11-07 10:26:37.077   968  1672 I global  :  RENO - AutonomousRight.autonomousCore(AutonomousRight.java:646): Autonomous - imu angle after unload cone: -0.00
11-07 10:26:37.078   968  1672 I global  :  RENO - AutonomousRight.autonomousCore(AutonomousRight.java:649): Autonomous -  latest cone has been unloaded.
11-07 10:26:37.083   968  1672 I global  :  RENO - AutonomousRight.autonomousCore(AutonomousRight.java:653): Autonomous - Arrived parking lot aisle: 36.00
11-07 10:26:37.084   968  1672 I global  :  RENO - AutonomousRight.autonomousCore(AutonomousRight.java:655): Autonomous - imu angle is: -0.00
11-07 10:26:37.089   968  1672 I global  :  RENO - AutonomousRight.autonomousCore(AutonomousRight.java:658): Autonomous -  finish parking.
11-07 10:26:37.090   968  1672 I global  :  RENO - AutonomousRight.runOpMode(AutonomousRight.java:255): Autonomous - total Run Time: 7.4582 seconds
11-07 10:26:37.095   968  1672 D LinearOpModeHelper: User runOpModeMethod exited
11-07 10:26:37.095   968  1672 V RobotCore: thread: ...terminating 'LinearOpMode main'
11-07 10:26:37.097   968  1179 I RobotCore: Attempting to switch to op mode $Stop$Robot$
11-07 10:26:37.109   968  1160 V Robocol : sending CMD_NOTIFY_INIT_OP_MODE(3856), attempt: 0
11-07 10:26:37.137   968  1156 V Robocol : received command: CMD_RUN_OP_MODE(13822) $Stop$Robot$
11-07 10:26:37.149   968  1160 V Robocol : sending CMD_NOTIFY_RUN_OP_MODE(3861), attempt: 0
11-07 10:27:27.860   968  1156 V Robocol : received command: CMD_SET_MATCH_NUMBER(14509) 0
11-07 10:27:27.861   968  1156 V Robocol : received command: CMD_INIT_OP_MODE(14510) AutonomousRight
11-07 10:27:27.881   968  1157 I RobotCore: ******************** START - OPMODE AutonomousRight ********************
11-07 10:27:27.886   968  1179 I RobotCore: Attempting to switch to op mode AutonomousRight
11-07 10:27:28.079   968  1681 V RobotCore: thread: 'LinearOpMode main' starting...
11-07 10:27:28.080   968  1681 I global  :  RENO - AutonomousRight.runOpMode(AutonomousRight.java:158): Status - Initialized
11-07 10:27:28.082   968  1681 I I2C     : Automatically initializing I2C device LynxEmbeddedIMU USB (embedded); module 173; bus 0; addr7=0x28
11-07 10:27:28.083   968  1681 I I2C     : Automatically initializing I2C device Rev2mDistanceSensor USB (embedded); module 173; bus 1; addr7=0x29
11-07 10:27:28.083   968  1681 D STMicroVL53L0X: : Checking to see if it's really a VL53L0X sensor...
11-07 10:27:28.087   968  1681 D STMicroVL53L0X: : Reg 0xC0 = ee (should be 0xEE)
11-07 10:27:28.093   968  1681 D STMicroVL53L0X: : Reg 0xC1 = aa (should be 0xAA)
11-07 10:27:28.098   968  1681 D STMicroVL53L0X: : Reg 0xC2 = 10 (should be 0x10)
11-07 10:27:28.101   968  1681 D STMicroVL53L0X: : Reg 0x51 = 0 (should be 0x0099)
11-07 10:27:28.104   968  1681 D STMicroVL53L0X: : Reg 0x61 = 0 (should be 0x0000)
11-07 10:27:28.109   968  1160 V Robocol : sending CMD_NOTIFY_INIT_OP_MODE(4556), attempt: 0
11-07 10:27:28.126   968  1681 D STMicroVL53L0X: : initial sig rate lim (MCPS) 0.250000
11-07 10:27:28.131   968  1681 D STMicroVL53L0X: : adjusted sig rate lim (MCPS) 0.250000
11-07 10:27:28.372   968  1681 I I2C     : Automatically initializing I2C device RevColorSensorV3 USB (embedded); module 173; bus 2; addr7=0x52
11-07 10:27:28.373   968  1681 V BroadcomColorSensorImpl: internalInitialize()...
11-07 10:27:28.381   968  1681 V BroadcomColorSensorImpl: state: 07 37 20 1d 42 01 c2 
11-07 10:27:28.382   968  1681 V BroadcomColorSensorImpl: setGain(0x01)
11-07 10:27:28.386   968  1681 V BroadcomColorSensorImpl: setLEDParameters(0x37)
11-07 10:27:28.389   968  1681 V BroadcomColorSensorImpl: setProximityPulseCount(0x20)
11-07 10:27:28.392   968  1681 V BroadcomColorSensorImpl: setPSMeasRate(0x1d)
11-07 10:27:28.395   968  1681 V BroadcomColorSensorImpl: setLSMeasRate(0x42)
11-07 10:27:28.401   968  1681 V BroadcomColorSensorImpl: enable() enabled=0x07...
11-07 10:27:28.407   968  1681 V BroadcomColorSensorImpl: ...enable() enabled=0x07
11-07 10:27:28.413   968  1681 V BroadcomColorSensorImpl: state: 07 37 20 1d 42 01 c2 
11-07 10:27:28.413   968  1681 V BroadcomColorSensorImpl: ...internalInitialize()
11-07 10:27:28.494   968  1681 V BNO055  : Suppressing I2C warnings while we check for a BNO055 IMU
11-07 10:27:28.498   968  1681 V BNO055  : Found BNO055 IMU
11-07 10:27:28.974   968  1681 V IMU     : Now polling until IMU comes out of reset. It is normal to see I2C failures below
11-07 10:27:28.978   968  1681 V RobotCore: addr=false data=true arb=false clock=false
11-07 10:27:28.979   968  1681 E LynxI2cDeviceSynch: readStatusQuery: cbExpected=1 cbRead=0
11-07 10:27:28.979   968  1681 E LynxI2cDeviceSynch: placeholder: readStatusQuery
11-07 10:27:29.043   968  1681 V RobotCore: addr=false data=true arb=false clock=false
11-07 10:27:29.044   968  1681 E LynxI2cDeviceSynch: readStatusQuery: cbExpected=1 cbRead=0
11-07 10:27:29.209   968  1681 V IMU     : IMU has come out of reset. No more I2C failures should occur.
11-07 10:27:32.061   968  1156 V Robocol : received command: CMD_RUN_OP_MODE(14560) AutonomousRight
11-07 10:27:32.109   968  1160 V Robocol : sending CMD_NOTIFY_RUN_OP_MODE(4601), attempt: 0
11-07 10:27:32.830   968  1681 I global  :  RENO - AutonomousRight.readColorSensor(AutonomousRight.java:728): Autonomous - Red: 35, green: 68, blue: 82
11-07 10:27:32.832   968  1681 I global  :  RENO - AutonomousRight.readColorSensor(AutonomousRight.java:729): Autonomous - Red: 0.19, green: 0.37, blue: 0.44
11-07 10:27:32.833   968  1681 I global  :  RENO - AutonomousRight.autonomousCore(AutonomousRight.java:584): Autonomous - complete background color read.
11-07 10:27:33.892   968  1681 I global  :  RENO - AutonomousRight.readColorSensor(AutonomousRight.java:728): Autonomous - Red: 27, green: 56, blue: 62
11-07 10:27:33.893   968  1681 I global  :  RENO - AutonomousRight.readColorSensor(AutonomousRight.java:729): Autonomous - Red: 0.19, green: 0.39, blue: 0.43
11-07 10:27:33.894   968  1681 I global  :  RENO - AutonomousRight.autonomousCore(AutonomousRight.java:588): Autonomous - complete Sleeve color read.
11-07 10:27:36.086   968  1681 I global  :  RENO - AutonomousRight.calculateParkingLocation(AutonomousRight.java:680): Autonomous - channel = 1, max value = 1.051
11-07 10:27:36.087   968  1681 I global  :  RENO - AutonomousRight.autonomousCore(AutonomousRight.java:597): Autonomous - parking lot aisle location: 36.00
11-07 10:27:39.406   968  1681 I global  :  RENO - AutonomousRight.autonomousCore(AutonomousRight.java:604): Autonomous - pre-load cone has been unloaded.
11-07 10:27:39.412   968  1681 I global  :  RENO - AutonomousRight.autonomousCore(AutonomousRight.java:610): Autonomous - loop index: 0 
11-07 10:27:39.418   968  1681 I global  :  RENO - AutonomousRight.autonomousCore(AutonomousRight.java:612): Autonomous - imu angle before turn: 1.38
11-07 10:27:40.468   968  1681 I global  :  RENO - AutonomousRight.autonomousCore(AutonomousRight.java:614): Autonomous - imu turn: -91.38 degree
11-07 10:27:40.470   968  1681 I global  :  RENO - AutonomousRight.autonomousCore(AutonomousRight.java:615): Autonomous - imu angle after turn: -95.06
11-07 10:27:43.019   968  1681 I global  :  RENO - AutonomousRight.autonomousCore(AutonomousRight.java:621): Autonomous - imu angle after load cone: -92.56
11-07 10:27:44.998   968  1681 I global  :  RENO - AutonomousRight.autonomousCore(AutonomousRight.java:629): Autonomous - robot has arrived high junction.
11-07 10:27:45.009   968  1681 I global  :  RENO - AutonomousRight.autonomousCore(AutonomousRight.java:636): Autonomous - imu angle before turn: -91.75
11-07 10:27:46.094   968  1681 I global  :  RENO - AutonomousRight.autonomousCore(AutonomousRight.java:638): Autonomous - imu angle after turn: 3.63
11-07 10:27:46.621   968  1681 I global  :  RENO - AutonomousRight.autonomousCore(AutonomousRight.java:641): Autonomous - slider has lifted to high junction.
11-07 10:27:49.032   968  1681 I global  :  RENO - AutonomousRight.autonomousCore(AutonomousRight.java:644): Autonomous - 2 cone has been unloaded.
11-07 10:27:49.036   968  1681 I global  :  RENO - AutonomousRight.autonomousCore(AutonomousRight.java:646): Autonomous - imu angle after unload cone: 5.19
11-07 10:27:49.043   968  1681 I global  :  RENO - AutonomousRight.autonomousCore(AutonomousRight.java:610): Autonomous - loop index: 1 
11-07 10:27:49.047   968  1681 I global  :  RENO - AutonomousRight.autonomousCore(AutonomousRight.java:612): Autonomous - imu angle before turn: 5.19
11-07 10:27:50.131   968  1681 I global  :  RENO - AutonomousRight.autonomousCore(AutonomousRight.java:614): Autonomous - imu turn: -95.19 degree
11-07 10:27:50.133   968  1681 I global  :  RENO - AutonomousRight.autonomousCore(AutonomousRight.java:615): Autonomous - imu angle after turn: -94.19
11-07 10:27:52.688   968  1681 I global  :  RENO - AutonomousRight.autonomousCore(AutonomousRight.java:621): Autonomous - imu angle after load cone: -91.94
11-07 10:27:54.795   968  1681 I global  :  RENO - AutonomousRight.autonomousCore(AutonomousRight.java:629): Autonomous - robot has arrived high junction.
11-07 10:27:54.805   968  1681 I global  :  RENO - AutonomousRight.autonomousCore(AutonomousRight.java:636): Autonomous - imu angle before turn: -92.31
11-07 10:27:55.901   968  1681 I global  :  RENO - AutonomousRight.autonomousCore(AutonomousRight.java:638): Autonomous - imu angle after turn: 3.38
11-07 10:27:56.313   968  1681 I global  :  RENO - AutonomousRight.autonomousCore(AutonomousRight.java:641): Autonomous - slider has lifted to high junction.
11-07 10:27:58.782   968  1681 I global  :  RENO - AutonomousRight.autonomousCore(AutonomousRight.java:644): Autonomous - 3 cone has been unloaded.
11-07 10:27:58.788   968  1681 I global  :  RENO - AutonomousRight.autonomousCore(AutonomousRight.java:646): Autonomous - imu angle after unload cone: 6.19
11-07 10:27:58.793   968  1681 I global  :  RENO - AutonomousRight.autonomousCore(AutonomousRight.java:649): Autonomous -  latest cone has been unloaded.
11-07 10:28:00.733   968  1681 I global  :  RENO - AutonomousRight.autonomousCore(AutonomousRight.java:653): Autonomous - Arrived parking lot aisle: 36.00
11-07 10:28:00.739   968  1681 I global  :  RENO - AutonomousRight.autonomousCore(AutonomousRight.java:655): Autonomous - imu angle is: 5.63
11-07 10:28:01.876   968  1681 I global  :  RENO - AutonomousRight.autonomousCore(AutonomousRight.java:658): Autonomous -  finish parking.
11-07 10:28:01.878   968  1681 I global  :  RENO - AutonomousRight.runOpMode(AutonomousRight.java:255): Autonomous - total Run Time: 29.8045 seconds
11-07 10:28:01.913   968  1681 D LinearOpModeHelper: User runOpModeMethod exited
11-07 10:28:01.913   968  1681 V RobotCore: thread: ...terminating 'LinearOpMode main'
11-07 10:28:01.918   968  1179 I FtcEventLoop: auto-stopping OpMode 'AutonomousRight'
11-07 10:28:01.921   968  1179 I RobotCore: ******************** STOP - OPMODE /storage/emulated/0/FIRST/matchlogs/Match-0-AutonomousRight.txt ********************
11-07 10:28:01.930   968  1684 I RobotCore: saving match logcat to /storage/emulated/0/FIRST/matchlogs/Match-0-AutonomousRight.txt
11-07 10:28:01.930   968  1684 I RobotCore: logging command line: exec logcat -d -T '11-7 10:27:27.000' -f '/storage/emulated/0/FIRST/matchlogs/Match-0-AutonomousRight.txt' -n4 -v threadtime UsbRequestJNI:S UsbRequest:S art:W ThreadPool:W System:W ExtendedExtractor:W OMXClient:W MediaPlayer:W dalvikvm:W  *:V
11-07 10:28:01.931   968  1179 I RobotCore: Attempting to switch to op mode $Stop$Robot$
11-07 10:28:01.949   968  1160 V Robocol : sending CMD_NOTIFY_INIT_OP_MODE(4891), attempt: 0
11-07 10:28:01.983   968  1156 V Robocol : received command: CMD_RUN_OP_MODE(14854) $Stop$Robot$
11-07 10:28:01.999   968  1684 I RobotCore: Done running exec logcat -d -T '11-7 10:27:27.000' -f '/storage/emulated/0/FIRST/matchlogs/Match-0-AutonomousRight.txt' -n4 -v threadtime UsbRequestJNI:S UsbRequest:S art:W ThreadPool:W System:W ExtendedExtractor:W OMXClient:W MediaPlayer:W dalvikvm:W  *:V
11-07 10:28:01.999   968  1684 I RobotCore: exiting match logcat for /storage/emulated/0/FIRST/matchlogs/Match-0-AutonomousRight.txt
11-07 10:28:02.029   968  1160 V Robocol : sending CMD_NOTIFY_RUN_OP_MODE(4897), attempt: 0
11-07 10:28:24.742   968  1118 V FtcWebSocket: Opening websocket (ip=192.168.43.107/192.168.43.107 port=8081)
11-07 10:28:24.746   968  1118 V WebSocketManager: Subscribed websocket (ip=192.168.43.107/192.168.43.107 port=8081) to namespace (progress)
11-07 10:28:24.747   968  1118 V WebSocketManager: Subscribed websocket (ip=192.168.43.107/192.168.43.107 port=8081) to namespace (ControlHubUpdater)
11-07 10:28:26.041   968  1710 I RobotCore: password
11-07 10:28:26.061   968  1718 V ProgrammingModeManager: serve uri=/css/colors.less
11-07 10:28:26.929   968  1712 I RobotCore: password
11-07 10:28:26.991   968  1718 V ProgrammingModeManager: serve uri=/css/colors.less
11-07 10:28:27.429   968  1116 V FtcWebSocket: websocket (ip=192.168.43.107/192.168.43.107 port=8081) has closed. closeCode:ABNORMAL_CLOSURE(1006) initiatedByRemote:true Reason: 
11-07 10:28:27.430   968  1116 V WebSocketManager: Unsubscribed websocket (ip=192.168.43.107/192.168.43.107 port=8081) from namespace (ControlHubUpdater)
11-07 10:28:27.431   968  1116 V WebSocketManager: Unsubscribed websocket (ip=192.168.43.107/192.168.43.107 port=8081) from namespace (progress)
11-07 10:28:28.731   968  1118 V FtcWebSocket: Opening websocket (ip=192.168.43.107/192.168.43.107 port=8081)
11-07 10:28:28.738   968  1118 V WebSocketManager: Subscribed websocket (ip=192.168.43.107/192.168.43.107 port=8081) to namespace (progress)
11-07 10:28:28.740   968  1118 V WebSocketManager: Subscribed websocket (ip=192.168.43.107/192.168.43.107 port=8081) to namespace (ControlHubUpdater)
11-07 10:28:29.286   968  1730 I RobotCore: password
11-07 10:28:29.379   968  1735 V ProgrammingModeManager: serve uri=/css/colors.less
11-07 10:28:29.673   968  1732 I RobotCore: password
11-07 10:28:29.793   968  1730 V ProgrammingModeManager: serve uri=/css/colors.less
11-07 10:28:31.588   968  1744 I RobotCore: password
11-07 10:28:32.996   968  1118 V FtcWebSocket: Opening websocket (ip=192.168.43.107/192.168.43.107 port=8081)
11-07 10:28:33.004   968  1118 V WebSocketManager: Subscribed websocket (ip=192.168.43.107/192.168.43.107 port=8081) to namespace (ControlHubUpdater)
11-07 10:28:33.006   968  1118 V WebSocketManager: Subscribed websocket (ip=192.168.43.107/192.168.43.107 port=8081) to namespace (progress)
11-07 10:28:33.007   968  1753 I RobotCore: password
11-07 10:28:33.113   968  1750 V ProgrammingModeManager: serve uri=/css/colors.less
11-07 10:36:21.743   968  1118 V WebSocketManager: Unsubscribed websocket (ip=192.168.43.107/192.168.43.107 port=8081) from namespace (ControlHubUpdater)
11-07 10:36:21.747   968  1116 V FtcWebSocket: websocket (ip=192.168.43.107/192.168.43.107 port=8081) has closed. closeCode:ABNORMAL_CLOSURE(1006) initiatedByRemote:true Reason: 
11-07 10:36:21.748   968  1116 V WebSocketManager: Unsubscribed websocket (ip=192.168.43.107/192.168.43.107 port=8081) from namespace (progress)
11-07 10:36:22.184   968  2521 V SessionCookie: added SessionCookie: cookie=0ae941b4-76cc-4e5e-907c-bca5bccbcd2d uri='/js/rcInfo.json'
11-07 10:36:22.185   968  2521 I RobotCore: password
11-07 10:36:22.206   968  2523 V SessionCookie: added SessionCookie: cookie=459c867c-9093-4eb6-aaf3-ac8ff73a7f83 uri='/revHubsAvailableForUpdate'
11-07 10:36:22.208   968  2523 V Robocol : locally injecting CMD_GET_USB_ACCESSIBLE_LYNX_MODULES
11-07 10:36:22.216   968  2525 V FtcEventLoop: getUSBAccessibleLynxDevices(includeModuleAddresses=true)...
11-07 10:36:22.217   968  2526 V FtcConfigTag: scanning USB bus...
11-07 10:36:22.222   968  2526 V FtDeviceManager: createDeviceInfoList(): 0 USB devices
11-07 10:36:22.222   968  2526 V USBScan : device count=1
11-07 10:36:22.224   968  2527 V USBScan : opening (embedded)...
11-07 10:36:22.224   968  2527 V RobotUsbManagerCombining: FTDI driver failed to open USB device with serial number (embedded) (returned null device)
11-07 10:36:22.224   968  2527 V RobotUsbManagerCombining: (embedded) is already open: unable to open second time
11-07 10:36:22.225   968  2527 V USBScan : RobotCoreException(Unable to open USB device (embedded): Combiner unable to open device with serialNumber = (embedded)) exception while opening (embedded)
11-07 10:36:22.225   968  2527 V USBScan : ... done opening (embedded)
11-07 10:36:22.226   968  2526 V USBScan : added extant device (embedded) type=LYNX_USB_DEVICE
11-07 10:36:22.228   968  2526 V CameraManager: construct(hash=0x055ef8f9|inst#=0)
11-07 10:36:22.229   968  2526 D libusb  : [ 0.000241] [000009de] libusb: debug [op_init] sysfs(/sys/bus/usb/devices) available
11-07 10:36:22.229   968  2526 D libusb  : [ 0.000316] [000009de] libusb: debug [op_init] sysfs can relate devices
11-07 10:36:22.229   968  2526 D libusb  : [ 0.000338] [000009de] libusb: debug [op_init] sysfs has complete descriptors
11-07 10:36:22.229   968  2526 D libusb  : [ 0.000363] [000009de] libusb: debug [op_init] sysfs has serial numbers
11-07 10:36:22.227   968   968 I USBScanManager-: type=1400 audit(0.0:128): avc: denied { read } for name="devices" dev="sysfs" ino=7258 scontext=u:r:untrusted_app:s0:c512,c768 tcontext=u:object_r:sysfs:s0 tclass=dir permissive=1
11-07 10:36:22.227   968   968 I USBScanManager-: type=1400 audit(0.0:129): avc: denied { open } for path="/sys/bus/usb/devices" dev="sysfs" ino=7258 scontext=u:r:untrusted_app:s0:c512,c768 tcontext=u:object_r:sysfs:s0 tclass=dir permissive=1
11-07 10:36:22.231   968  2526 V UvcContext: construct(pointer=0x6ffcb3c9c0|inst#=0)
11-07 10:36:22.235   968  2526 D UvcContext: usb device is *not* UVC compatible, /dev/bus/usb/003/003
11-07 10:36:22.235   968  2526 V USBScan : scanForUsbDevices() took 17ms count=1
11-07 10:36:22.236   968  2526 V FtcConfigTag: .. scanning complete: [(embedded)]
11-07 10:36:22.237   968  2525 V FtcEventLoop: getUSBAccessibleLynxDevices: found serial=(embedded)
11-07 10:36:22.237   968  2525 V FtcEventLoop: finding module addresses and current firmware versions
11-07 10:36:22.237   968  2525 V FtcEventLoop: getUSBAccessibleLynxDevices: finding module address for usbModule (embedded)
11-07 10:36:22.237   968  2525 V RobotCore: Creating REV Robotics USB Expansion Hub Portal [(embedded)]
11-07 10:36:22.237   968  2525 V LynxUsb : using existing [(embedded)]: 0x0c5357d7
11-07 10:36:22.238   968  2525 V LynxUsb : 0x0927fe9f on 0x0c5357d7: new delegate to [(embedded)]
11-07 10:36:22.238   968  2525 V LynxUsb : lynx discovery beginning...transmitting LynxDiscoveryCommand()...
11-07 10:36:22.241   968  2525 V LynxUsb : discovery waiting 1012ms and 0ns
11-07 10:36:22.241   968  1173 V LynxUsb : onLynxDiscoveryResponseReceived()... module#=173 isParent=true
11-07 10:36:22.242   968  1173 V LynxUsb : discovered lynx module#=173 isParent=true
11-07 10:36:22.242   968  1173 V LynxUsb : ...onLynxDiscoveryResponseReceived()
11-07 10:36:22.245   968  1173 V LynxUsb : onLynxDiscoveryResponseReceived()... module#=2 isParent=false
11-07 10:36:22.245   968  1173 V LynxUsb : discovered lynx module#=2 isParent=false
11-07 10:36:22.245   968  1173 V LynxUsb : ...onLynxDiscoveryResponseReceived()
11-07 10:36:22.421   968  1179 V LynxModule: retransmitting: mod=2 cmd=0x7f05 msg#=187 ref#=0 
11-07 10:36:22.523   968  1179 V LynxModule: retransmitting: mod=2 cmd=0x7f05 msg#=187 ref#=0 
11-07 10:36:22.571   968  1179 V LynxModule: retransmitting: mod=2 cmd=0x7f05 msg#=187 ref#=0 
11-07 10:36:22.572   968  1179 E LynxModule: timeout: abandoning waiting 250ms for ack: cmd=LynxFailSafeCommand mod=2 msg#=187
11-07 10:36:22.573   968  1179 E LynxModule: Marking module #2 as unresponsive until we receive some data back
11-07 10:36:22.573   968  1179 W RobotCore: Expansion Hub 2 is currently unresponsive.
11-07 10:36:22.582   968  1179 D RobotCore: system telemetry: key=$System$Warning$ msg="Expansion Hub 2 not currently responding to commands."
11-07 10:36:22.687   968  1173 V LynxModule: REV Hub #2 has reconnected
11-07 10:36:22.688   968  1173 E LynxModule: unable to find originating LynxRespondable for mod=2 msg#=189 ref#=188
11-07 10:36:22.688   968  1179 D RobotCore: system telemetry: key=$System$None$ msg=""
11-07 10:36:22.696   968  1163 V SoundInfo: construct(0x0f31ce31)
11-07 10:36:22.748   968  1162 I MediaCodec: callingProcessName:com.qualcomm.ftcrobotcontroller
11-07 10:36:22.751   968  2536 I ACodec  : onAllocateComponent:6752 mSoftCodecPref:0 componentName:
11-07 10:36:22.753   968  2536 I ACodec  : onAllocateComponent:6783 mSoftCodecPref:0 componentName:OMX.google.raw.decoder
11-07 10:36:22.797   968  1074 D SoundPlayer: onLoadComplete(samp=3|ms=2509, samp=3)=0
11-07 10:36:22.799   968  1163 W AudioTrack: AUDIO_OUTPUT_FLAG_FAST denied by client; transfer 4, track 48000 Hz, output 44100 Hz
11-07 10:36:22.806   968  1163 D SoundPlayer: playing volume=0.000000 samp=3|ms=2509
11-07 10:36:22.828   968  1160 V Robocol : sending CMD_PLAY_SOUND(11643), attempt: 0
11-07 10:36:23.250   968  2562 V SessionCookie: added SessionCookie: cookie=87d5a5b2-9bec-4bff-8b4c-bda1dabb2cf5 uri='/js/rcInfo.json'
11-07 10:36:23.250   968  2562 I RobotCore: password
11-07 10:36:23.254   968  2525 V LynxUsb : discovery waiting complete: #modules=2
11-07 10:36:23.254   968  2525 V LynxModule: close(#0)
11-07 10:36:23.257   968  2525 V LynxUsb : ...lynx discovery completed
11-07 10:36:23.258   968  2525 V FtcEventLoop: assessing LynxModuleMeta(#2,false,ImuType.UNKNOWN)
11-07 10:36:23.258   968  2525 V FtcEventLoop: assessing LynxModuleMeta(#173,true,ImuType.UNKNOWN)
11-07 10:36:23.260   968  2525 V LynxUsb : addConfiguredModule() module#=173
11-07 10:36:23.260   968  2525 V LynxUsb : addConfiguredModule() module#=173: already exists
11-07 10:36:23.263   968  2525 V LynxUsb : 0x0927fe9f on 0x0c5357d7: releasing delegate to [(embedded)]
11-07 10:36:23.264   968  2525 V FtcEventLoop: getUSBAccessibleLynxDevices(): 1 modules found
11-07 10:36:23.264   968  2525 V FtcEventLoop: ...getUSBAccessibleLynxDevices()
11-07 10:36:23.269   968  2525 V Robocol : locally injecting CMD_GET_USB_ACCESSIBLE_LYNX_MODULES_RESP
11-07 10:36:23.277   968  2565 V SessionCookie: added SessionCookie: cookie=cc55d09c-598c-4288-a275-6800f5c088ba uri='/revHubsAvailableForUpdate'
11-07 10:36:23.278   968  2565 V Robocol : locally injecting CMD_GET_USB_ACCESSIBLE_LYNX_MODULES
11-07 10:36:23.285   968  2525 V FtcEventLoop: getUSBAccessibleLynxDevices(includeModuleAddresses=true)...
11-07 10:36:23.286   968  2526 V FtcConfigTag: scanning USB bus...
11-07 10:36:23.289   968  2526 V FtDeviceManager: createDeviceInfoList(): 0 USB devices
11-07 10:36:23.289   968  2526 V USBScan : device count=1
11-07 10:36:23.290   968  2567 V USBScan : opening (embedded)...
11-07 10:36:23.291   968  2567 V RobotUsbManagerCombining: FTDI driver failed to open USB device with serial number (embedded) (returned null device)
11-07 10:36:23.291   968  2567 V RobotUsbManagerCombining: (embedded) is already open: unable to open second time
11-07 10:36:23.292   968  2567 V USBScan : RobotCoreException(Unable to open USB device (embedded): Combiner unable to open device with serialNumber = (embedded)) exception while opening (embedded)
11-07 10:36:23.292   968  2567 V USBScan : ... done opening (embedded)
11-07 10:36:23.293   968  2526 V USBScan : added extant device (embedded) type=LYNX_USB_DEVICE
11-07 10:36:23.296   968  2526 D UvcContext: usb device is *not* UVC compatible, /dev/bus/usb/003/003
11-07 10:36:23.296   968  2526 V USBScan : scanForUsbDevices() took 10ms count=1
11-07 10:36:23.296   968  2526 V FtcConfigTag: .. scanning complete: [(embedded)]
11-07 10:36:23.297   968  2525 V FtcEventLoop: getUSBAccessibleLynxDevices: found serial=(embedded)
11-07 10:36:23.297   968  2525 V FtcEventLoop: finding module addresses and current firmware versions
11-07 10:36:23.297   968  2525 V FtcEventLoop: getUSBAccessibleLynxDevices: finding module address for usbModule (embedded)
11-07 10:36:23.298   968  2525 V RobotCore: Creating REV Robotics USB Expansion Hub Portal [(embedded)]
11-07 10:36:23.298   968  2525 V LynxUsb : using existing [(embedded)]: 0x0c5357d7
11-07 10:36:23.298   968  2525 V LynxUsb : 0x014c81fa on 0x0c5357d7: new delegate to [(embedded)]
11-07 10:36:23.298   968  2525 V LynxUsb : lynx discovery beginning...transmitting LynxDiscoveryCommand()...
11-07 10:36:23.301   968  1173 V LynxUsb : onLynxDiscoveryResponseReceived()... module#=173 isParent=true
11-07 10:36:23.301   968  2525 V LynxUsb : discovery waiting 1012ms and 0ns
11-07 10:36:23.301   968  1173 V LynxUsb : discovered lynx module#=173 isParent=true
11-07 10:36:23.301   968  1173 V LynxUsb : ...onLynxDiscoveryResponseReceived()
11-07 10:36:23.305   968  1173 V LynxUsb : onLynxDiscoveryResponseReceived()... module#=2 isParent=false
11-07 10:36:23.305   968  1173 V LynxUsb : discovered lynx module#=2 isParent=false
11-07 10:36:23.305   968  1173 V LynxUsb : ...onLynxDiscoveryResponseReceived()
11-07 10:36:23.677   968  1177 V LynxModule: retransmitting: mod=2 cmd=0x7f03 msg#=208 ref#=0 
11-07 10:36:23.778   968  1177 V LynxModule: retransmitting: mod=2 cmd=0x7f03 msg#=208 ref#=0 
11-07 10:36:23.827   968  1177 V LynxModule: retransmitting: mod=2 cmd=0x7f03 msg#=208 ref#=0 
11-07 10:36:23.828   968  1177 E LynxModule: timeout: abandoning waiting 250ms for response: cmd=LynxGetModuleStatusCommand mod=2 msg#=208
11-07 10:36:23.828   968  1177 E LynxModule: Marking module #2 as unresponsive until we receive some data back
11-07 10:36:23.926   968  1158 D RobotCore: system telemetry: key=$System$Warning$ msg="Expansion Hub 2 not currently responding to commands."
11-07 10:36:23.940   968  1179 V LynxModule: retransmitting: mod=173 cmd=0x1007 msg#=115 ref#=0 
11-07 10:36:24.041   968  1179 V LynxModule: retransmitting: mod=173 cmd=0x1007 msg#=115 ref#=0 
11-07 10:36:24.089   968  1179 V LynxModule: retransmitting: mod=173 cmd=0x1007 msg#=115 ref#=0 
11-07 10:36:24.090   968  1179 E LynxModule: timeout: abandoning waiting 250ms for response: cmd=LynxGetADCCommand mod=173 msg#=115
11-07 10:36:24.090   968  1179 E LynxModule: Marking module #173 as unresponsive until we receive some data back
11-07 10:36:24.091   968  1179 W RobotCore: Control Hub is currently unresponsive.
11-07 10:36:24.096   968  1179 D RobotCore: system telemetry: key=$System$Warning$ msg="Expansion Hub 2, Control Hub not currently responding to commands."
11-07 10:36:24.314   968  2525 V LynxUsb : discovery waiting complete: #modules=2
11-07 10:36:24.314   968  2525 V LynxModule: close(#0)
11-07 10:36:24.316   968  2525 V LynxUsb : ...lynx discovery completed
11-07 10:36:24.317   968  2525 V FtcEventLoop: assessing LynxModuleMeta(#2,false,ImuType.UNKNOWN)
11-07 10:36:24.317   968  2525 V FtcEventLoop: assessing LynxModuleMeta(#173,true,ImuType.UNKNOWN)
11-07 10:36:24.320   968  2525 V LynxUsb : addConfiguredModule() module#=173
11-07 10:36:24.321   968  2525 V LynxUsb : addConfiguredModule() module#=173: already exists
11-07 10:36:24.323   968  2525 E FtcEventLoop: getUSBAccessibleLynxDevices(): fw returned null
11-07 10:36:24.324   968  2525 V LynxUsb : 0x014c81fa on 0x0c5357d7: releasing delegate to [(embedded)]
11-07 10:36:24.324   968  2525 V FtcEventLoop: getUSBAccessibleLynxDevices(): 1 modules found
11-07 10:36:24.324   968  2525 V FtcEventLoop: ...getUSBAccessibleLynxDevices()
11-07 10:36:24.326   968  2525 V Robocol : locally injecting CMD_GET_USB_ACCESSIBLE_LYNX_MODULES_RESP
11-07 10:36:24.338   968  1173 V LynxModule: REV Hub #173 has reconnected
11-07 10:36:24.338   968  1173 E LynxModule: unable to find originating command for packetid=0xff03 msg#=46 ref#=114
11-07 10:36:24.339   968  1173 E LynxModule: unable to find originating command for packetid=0x9007 msg#=48 ref#=115
11-07 10:36:24.340   968  1173 E LynxModule: unable to find originating command for packetid=0xff03 msg#=46 ref#=114
11-07 10:36:24.341   968  1173 E LynxModule: unable to find originating command for packetid=0x9007 msg#=48 ref#=115
11-07 10:36:24.341   968  1173 E LynxModule: unable to find originating LynxRespondable for mod=173 msg#=50 ref#=116
11-07 10:36:24.342   968  1173 E LynxModule: unable to find originating LynxRespondable for mod=173 msg#=52 ref#=117
11-07 10:36:24.345   968  1173 E LynxModule: unable to find originating LynxRespondable for mod=173 msg#=54 ref#=118
11-07 10:36:24.345   968  1173 E LynxModule: unable to find originating command for packetid=0x9030 msg#=55 ref#=119
11-07 10:36:24.347   968  1173 E LynxModule: unable to find originating command for packetid=0x9007 msg#=57 ref#=120
11-07 10:36:24.347   968  1173 V LynxModule: REV Hub #2 has reconnected
11-07 10:36:24.348   968  1173 E LynxModule: unable to find originating LynxRespondable for mod=2 msg#=212 ref#=210
11-07 10:36:24.349   968  1173 E LynxModule: unable to find originating LynxRespondable for mod=2 msg#=213 ref#=211
11-07 10:36:24.349   968  1179 D RobotCore: system telemetry: key=$System$None$ msg=""
11-07 10:36:24.361   968  1118 V FtcWebSocket: Opening websocket (ip=192.168.43.107/192.168.43.107 port=8081)
11-07 10:36:24.374   968  1118 V WebSocketManager: Subscribed websocket (ip=192.168.43.107/192.168.43.107 port=8081) to namespace (progress)
11-07 10:36:24.378   968  1118 V WebSocketManager: Subscribed websocket (ip=192.168.43.107/192.168.43.107 port=8081) to namespace (ControlHubUpdater)
11-07 10:36:24.392   968  1118 V FtcWebSocket: Opening websocket (ip=192.168.43.107/192.168.43.107 port=8081)
11-07 10:36:24.394   968  1118 V WebSocketManager: Subscribed websocket (ip=192.168.43.107/192.168.43.107 port=8081) to namespace (progress)
11-07 10:36:24.423   968  1118 V FtcWebSocket: Opening websocket (ip=192.168.43.107/192.168.43.107 port=8081)
11-07 10:36:24.428   968  1118 V WebSocketManager: Subscribed websocket (ip=192.168.43.107/192.168.43.107 port=8081) to namespace (progress)
11-07 10:36:24.431   968  1118 V WebSocketManager: Subscribed websocket (ip=192.168.43.107/192.168.43.107 port=8081) to namespace (ControlHubUpdater)
11-07 10:36:24.447   968  1118 V FtcWebSocket: Opening websocket (ip=192.168.43.107/192.168.43.107 port=8081)
11-07 10:36:24.451   968  1118 V WebSocketManager: Subscribed websocket (ip=192.168.43.107/192.168.43.107 port=8081) to namespace (progress)
11-07 10:36:24.452   968  1179 V LynxModule: retransmitting: mod=2 cmd=0x1007 msg#=214 ref#=0 
11-07 10:36:24.553   968  1179 V LynxModule: retransmitting: mod=2 cmd=0x1007 msg#=214 ref#=0 
11-07 10:36:24.602   968  1179 V LynxModule: retransmitting: mod=2 cmd=0x1007 msg#=214 ref#=0 
11-07 10:36:24.603   968  1179 E LynxModule: timeout: abandoning waiting 250ms for response: cmd=LynxGetADCCommand mod=2 msg#=214
11-07 10:36:24.603   968  1179 E LynxModule: Marking module #2 as unresponsive until we receive some data back
11-07 10:36:24.604   968  1179 W RobotCore: Expansion Hub 2 is currently unresponsive.
11-07 10:36:24.646   968  1158 D RobotCore: system telemetry: key=$System$Warning$ msg="Expansion Hub 2 not currently responding to commands."
11-07 10:36:24.706   968  1179 V LynxModule: retransmitting: mod=173 cmd=0x1007 msg#=121 ref#=0 
11-07 10:36:24.807   968  1179 V LynxModule: retransmitting: mod=173 cmd=0x1007 msg#=121 ref#=0 
11-07 10:36:24.844   968  1173 E LynxModule: unable to find originating command for packetid=0x9007 msg#=57 ref#=120
11-07 10:36:24.845   968  1173 E LynxModule: unable to find originating command for packetid=0x9007 msg#=57 ref#=120
11-07 10:36:24.852   968  1173 V LynxModule: REV Hub #2 has reconnected
11-07 10:36:24.852   968  1173 E LynxModule: unable to find originating LynxRespondable for mod=2 msg#=216 ref#=215
11-07 10:36:24.854   968  1179 D RobotCore: system telemetry: key=$System$None$ msg=""
11-07 10:36:25.308   968  2569 W AudioTrack: AUDIO_OUTPUT_FLAG_FAST denied by client; transfer 4, track 48000 Hz, output 44100 Hz
11-07 10:36:25.312   968  2569 D SoundPlayer: playing volume=0.000000 samp=3|ms=2509
11-07 10:36:25.315   968  2569 W AudioTrack: AUDIO_OUTPUT_FLAG_FAST denied by client; transfer 4, track 48000 Hz, output 44100 Hz
11-07 10:36:25.319   968  2569 D SoundPlayer: playing volume=0.000000 samp=3|ms=2509
11-07 10:36:25.323   968  2569 D SoundPlayer: playing volume=0.000000 samp=3|ms=2509
11-07 10:36:25.349   968  1160 V Robocol : sending CMD_PLAY_SOUND(11688), attempt: 0
11-07 10:36:25.350   968  1160 V Robocol : sending CMD_PLAY_SOUND(11689), attempt: 0
11-07 10:36:25.351   968  1160 V Robocol : sending CMD_PLAY_SOUND(11690), attempt: 0
11-07 10:36:26.242   968  2648 I RobotCore: password
11-07 10:36:26.327   968  2648 V ProgrammingModeManager: serve uri=/css/colors.less
11-07 10:36:26.598   968  2653 I RobotCore: password
11-07 10:36:26.713   968  2648 V ProgrammingModeManager: serve uri=/css/colors.less
11-07 10:36:29.089   968  2648 I RobotCore: password
11-07 10:36:31.257  2665  2665 I ps      : type=1400 audit(0.0:131): avc: denied { getattr } for path="/proc/1" dev="proc" ino=1258 scontext=u:r:untrusted_app:s0:c512,c768 tcontext=u:r:init:s0 tclass=dir permissive=1
11-07 10:36:31.257  2665  2665 I ps      : type=1400 audit(0.0:132): avc: denied { search } for name="1" dev="proc" ino=1258 scontext=u:r:untrusted_app:s0:c512,c768 tcontext=u:r:init:s0 tclass=dir permissive=1
11-07 10:36:31.257  2665  2665 I ps      : type=1400 audit(0.0:133): avc: denied { read } for name="cmdline" dev="proc" ino=8674 scontext=u:r:untrusted_app:s0:c512,c768 tcontext=u:r:init:s0 tclass=file permissive=1
11-07 10:36:31.257  2665  2665 I ps      : type=1400 audit(0.0:134): avc: denied { open } for path="/proc/1/cmdline" dev="proc" ino=8674 scontext=u:r:untrusted_app:s0:c512,c768 tcontext=u:r:init:s0 tclass=file permissive=1
11-07 10:36:31.260  2665  2665 I ps      : type=1400 audit(0.0:135): avc: denied { getattr } for path="/proc/2" dev="proc" ino=9083 scontext=u:r:untrusted_app:s0:c512,c768 tcontext=u:r:kernel:s0 tclass=dir permissive=1
11-07 10:36:31.260  2665  2665 I ps      : type=1400 audit(0.0:136): avc: denied { search } for name="2" dev="proc" ino=9083 scontext=u:r:untrusted_app:s0:c512,c768 tcontext=u:r:kernel:s0 tclass=dir permissive=1
11-07 10:36:31.260  2665  2665 I ps      : type=1400 audit(0.0:137): avc: denied { read } for name="cmdline" dev="proc" ino=9182 scontext=u:r:untrusted_app:s0:c512,c768 tcontext=u:r:kernel:s0 tclass=file permissive=1
11-07 10:36:31.260  2665  2665 I ps      : type=1400 audit(0.0:138): avc: denied { open } for path="/proc/2/cmdline" dev="proc" ino=9182 scontext=u:r:untrusted_app:s0:c512,c768 tcontext=u:r:kernel:s0 tclass=file permissive=1
--------- beginning of main
11-07 10:36:50.417  2768  2768 I ps      : type=1400 audit(0.0:142): avc: denied { getattr } for path="/proc/1" dev="proc" ino=1258 scontext=u:r:untrusted_app:s0:c512,c768 tcontext=u:r:init:s0 tclass=dir permissive=1
11-07 10:36:50.417  2768  2768 I ps      : type=1400 audit(0.0:143): avc: denied { search } for name="1" dev="proc" ino=1258 scontext=u:r:untrusted_app:s0:c512,c768 tcontext=u:r:init:s0 tclass=dir permissive=1
11-07 10:36:50.417  2768  2768 I ps      : type=1400 audit(0.0:144): avc: denied { read } for name="cmdline" dev="proc" ino=8674 scontext=u:r:untrusted_app:s0:c512,c768 tcontext=u:r:init:s0 tclass=file permissive=1
11-07 10:36:50.417  2768  2768 I ps      : type=1400 audit(0.0:145): avc: denied { open } for path="/proc/1/cmdline" dev="proc" ino=8674 scontext=u:r:untrusted_app:s0:c512,c768 tcontext=u:r:init:s0 tclass=file permissive=1
11-07 10:36:50.420  2768  2768 I ps      : type=1400 audit(0.0:146): avc: denied { getattr } for path="/proc/2" dev="proc" ino=9083 scontext=u:r:untrusted_app:s0:c512,c768 tcontext=u:r:kernel:s0 tclass=dir permissive=1
11-07 10:36:50.420  2768  2768 I ps      : type=1400 audit(0.0:147): avc: denied { search } for name="2" dev="proc" ino=9083 scontext=u:r:untrusted_app:s0:c512,c768 tcontext=u:r:kernel:s0 tclass=dir permissive=1
11-07 10:36:50.420  2768  2768 I ps      : type=1400 audit(0.0:148): avc: denied { read } for name="cmdline" dev="proc" ino=9182 scontext=u:r:untrusted_app:s0:c512,c768 tcontext=u:r:kernel:s0 tclass=file permissive=1
11-07 10:36:50.420  2768  2768 I ps      : type=1400 audit(0.0:149): avc: denied { open } for path="/proc/2/cmdline" dev="proc" ino=9182 scontext=u:r:untrusted_app:s0:c512,c768 tcontext=u:r:kernel:s0 tclass=file permissive=1
11-07 10:36:50.437  2768  2768 I ps      : type=1400 audit(0.0:150): avc: denied { getattr } for path="/proc/995" dev="proc" ino=11933 scontext=u:r:untrusted_app:s0:c512,c768 tcontext=u:r:kernel:s0 tclass=dir permissive=1
11-07 10:36:50.437  2768  2768 I ps      : type=1400 audit(0.0:151): avc: denied { search } for name="995" dev="proc" ino=11933 scontext=u:r:untrusted_app:s0:c512,c768 tcontext=u:r:kernel:s0 tclass=dir permissive=1
11-07 10:36:50.437  2768  2768 I ps      : type=1400 audit(0.0:152): avc: denied { read } for name="cmdline" dev="proc" ino=20076 scontext=u:r:untrusted_app:s0:c512,c768 tcontext=u:r:kernel:s0 tclass=file permissive=1
11-07 10:36:50.437  2768  2768 I ps      : type=1400 audit(0.0:153): avc: denied { open } for path="/proc/1193/cmdline" dev="proc" ino=20076 scontext=u:r:untrusted_app:s0:c512,c768 tcontext=u:r:kernel:s0 tclass=file permissive=1
11-07 10:36:55.982  2793  2793 D Uvc     : [jni.cpp:72] JNI_OnLoad()...
11-07 10:36:55.982  2793  2793 D Uvc     : [JniEnv.h:32] ScopedJniEnv::onJniLoad()...
11-07 10:36:55.982  2793  2793 D Uvc     : [JniEnv.h:32] ...ScopedJniEnv::onJniLoad()
11-07 10:36:55.982  2793  2793 D Uvc     : [jni.cpp:72] ...JNI_OnLoad()
11-07 10:36:55.989  2793  2793 V AppUtil : initializing: getExternalStorageDirectory()=/storage/emulated/0
11-07 10:36:55.993  2793  2793 I AppUtil : found usbFileSystemRoot: /dev/bus/usb
11-07 10:36:55.997  2793  2793 I robotcontroller: type=1400 audit(0.0:154): avc: denied { read } for name="direction" dev="sysfs" ino=16323 scontext=u:r:untrusted_app:s0:c512,c768 tcontext=u:object_r:sysfs:s0 tclass=file permissive=1
11-07 10:36:55.997  2793  2793 I robotcontroller: type=1400 audit(0.0:155): avc: denied { open } for path="/sys/devices/pinctrl.26/gpio/gpio50/direction" dev="sysfs" ino=16323 scontext=u:r:untrusted_app:s0:c512,c768 tcontext=u:object_r:sysfs:s0 tclass=file permissive=1
11-07 10:36:55.997  2793  2793 I robotcontroller: type=1400 audit(0.0:156): avc: denied { getattr } for path="/sys/devices/pinctrl.26/gpio/gpio50/direction" dev="sysfs" ino=16323 scontext=u:r:untrusted_app:s0:c512,c768 tcontext=u:object_r:sysfs:s0 tclass=file permissive=1
11-07 10:36:55.997  2793  2793 I robotcontroller: type=1400 audit(0.0:157): avc: denied { write } for name="value" dev="sysfs" ino=13327 scontext=u:r:untrusted_app:s0:c512,c768 tcontext=u:object_r:sysfs:s0 tclass=file permissive=1
11-07 10:36:56.007  2793  2793 I AppAliveNotifier: Telling the OS to set the RC alive notification timeout to 20 seconds
11-07 10:36:56.012  2793  2810 V RobotCore: saving logcat to /storage/emulated/0/robotControllerLog.txt
11-07 10:36:56.012  2793  2810 V RobotCore: logging command line: exec logcat -f /storage/emulated/0/robotControllerLog.txt -r4096 -n4 -v threadtime UsbRequestJNI:S UsbRequest:S art:W ThreadPool:W System:W ExtendedExtractor:W OMXClient:W MediaPlayer:W dalvikvm:W  *:V
11-07 10:36:56.025  2793  2793 V AppUtil : rootActivity=PermissionValidatorWrapper
11-07 10:36:56.026  2793  2793 I PermissionValidatorActivity: Lifecycle onCreate : 21fe8bb
11-07 10:36:56.050  2793  2810 I RobotCore: Done running ps
11-07 10:36:56.067  2815  2815 I sh      : type=1400 audit(0.0:158): avc: denied { read } for name="/" dev="rootfs" ino=1 scontext=u:r:untrusted_app:s0:c512,c768 tcontext=u:object_r:rootfs:s0 tclass=dir permissive=1
11-07 10:36:56.115  2793  2793 I PermissionValidatorActivity: Lifecycle onStart : 21fe8bb
11-07 10:36:56.116  2793  2793 I PermissionValidator: Checking permission for android.permission.WRITE_EXTERNAL_STORAGE
11-07 10:36:56.121  2793  2793 I PermissionValidator:     Granted: android.permission.WRITE_EXTERNAL_STORAGE
11-07 10:36:56.121  2793  2793 I PermissionValidator: Checking permission for android.permission.READ_EXTERNAL_STORAGE
11-07 10:36:56.122  2793  2793 I PermissionValidator:     Granted: android.permission.READ_EXTERNAL_STORAGE
11-07 10:36:56.122  2793  2793 I PermissionValidator: Checking permission for android.permission.CAMERA
11-07 10:36:56.123  2793  2793 I PermissionValidator:     Granted: android.permission.CAMERA
11-07 10:36:56.123  2793  2793 I PermissionValidator: Checking permission for android.permission.ACCESS_COARSE_LOCATION
11-07 10:36:56.124  2793  2793 I PermissionValidator:     Granted: android.permission.ACCESS_COARSE_LOCATION
11-07 10:36:56.124  2793  2793 I PermissionValidator: Checking permission for android.permission.ACCESS_FINE_LOCATION
11-07 10:36:56.125  2793  2793 I PermissionValidator:     Granted: android.permission.ACCESS_FINE_LOCATION
11-07 10:36:56.125  2793  2793 I PermissionValidator: Checking permission for android.permission.READ_PHONE_STATE
11-07 10:36:56.126  2793  2793 I PermissionValidator:     Granted: android.permission.READ_PHONE_STATE
