11-07 10:37:09.902  2861  2968 I RobotCore: Motor                                              LeftSlider                     USB (embedded); module 2; port 1
11-07 10:37:09.903  2861  2968 I RobotCore: Rev Color Sensor v3                                ColorSensor                    USB (embedded); module 173; bus 2; addr7=0x52
11-07 10:37:09.904  2861  2968 I RobotCore: Motor                                              RightSlider                    USB (embedded); module 2; port 0
11-07 10:37:09.904  2861  2968 I RobotCore: REV Robotics USB Expansion Hub Portal              Control Hub Portal             USB (embedded)
11-07 10:37:09.906  2861  2968 I RobotCore: Motor                                              FrontLeft                      USB (embedded); module 173; port 0
11-07 10:37:09.906  2861  2968 I RobotCore: Motor                                              BackRight                      USB (embedded); module 173; port 3
11-07 10:37:09.907  2861  2968 I RobotCore: Expansion Hub DC Motor Controller                  Expansion Hub 2                USB (embedded); module 2
11-07 10:37:09.907  2861  2968 I RobotCore: Expansion Hub Servo Controller                     Expansion Hub 2                USB (embedded); module 2
11-07 10:37:09.908  2861  2968 I RobotCore: Expansion Hub Voltage Sensor                       Expansion Hub 2                USB (embedded); module 2
11-07 10:37:09.908  2861  2968 I RobotCore: Expansion Hub Analog Input Controller              Expansion Hub 2                USB (embedded); module 2
11-07 10:37:09.909  2861  2968 I RobotCore: Expansion Hub Digital Channel Controller           Expansion Hub 2                USB (embedded); module 2
11-07 10:37:09.914  2861  2968 I RobotCore: Expansion Hub (HW: 20, Maj: 1, Min: 8, Eng: 2)     Expansion Hub 2                USB (embedded); module 2
11-07 10:37:09.915  2861  2968 I RobotCore: REV 2M ToF Distance Sensor                         DistanceSensor                 USB (embedded); module 173; bus 1; addr7=0x29
11-07 10:37:09.916  2861  2968 I RobotCore: REV internal IMU (BNO055)                          imu                            USB (embedded); module 173; bus 0; addr7=0x00
11-07 10:37:09.916  2861  2968 I RobotCore: Expansion Hub DC Motor Controller                  Control Hub                    USB (embedded); module 173
11-07 10:37:09.917  2861  2968 I RobotCore: Expansion Hub Servo Controller                     Control Hub                    USB (embedded); module 173
11-07 10:37:09.917  2861  2968 I RobotCore: Expansion Hub Voltage Sensor                       Control Hub                    USB (embedded); module 173
11-07 10:37:09.918  2861  2968 I RobotCore: Expansion Hub Analog Input Controller              Control Hub                    USB (embedded); module 173
11-07 10:37:09.918  2861  2968 I RobotCore: Expansion Hub Digital Channel Controller           Control Hub                    USB (embedded); module 173
11-07 10:37:09.922  2861  2968 I RobotCore: Expansion Hub (HW: 20, Maj: 1, Min: 8, Eng: 2)     Control Hub                    USB (embedded); module 173
11-07 10:37:09.923  2861  2968 I RobotCore: Servo                                              ClawServo                      USB (embedded); module 173; port 0
11-07 10:37:09.923  2861  2968 I RobotCore: Motor                                              FrontRight                     USB (embedded); module 173; port 1
11-07 10:37:09.924  2861  2968 I RobotCore: Motor                                              BackLeft                       USB (embedded); module 173; port 2
11-07 10:37:09.925  2861  2968 I RobotCore: Servo                                              ArmServo                       USB (embedded); module 173; port 1
11-07 10:37:09.928  2861  2968 I RobotCore: LynxFirmwareVersionManager: LynxI2cDeviceSynchV2
11-07 10:37:09.929  2861  2968 V LynxI2cDeviceSynch: initializeHardware() mod#=173
11-07 10:37:09.929  2861  2968 V BNO055  : Suppressing I2C warnings while we check for a BNO055 IMU
11-07 10:37:09.933  2861  2968 V BNO055  : Found BNO055 IMU
11-07 10:37:09.939  2861  2968 I RobotCore: LynxFirmwareVersionManager: LynxI2cDeviceSynchV2
11-07 10:37:09.940  2861  2968 V LynxI2cDeviceSynch: initializeHardware() mod#=2
11-07 10:37:09.940  2861  2968 V BNO055  : Suppressing I2C warnings while we check for a BNO055 IMU
11-07 10:37:09.945  2861  2968 V BNO055  : Found BNO055 IMU
11-07 10:37:09.955  2861  2968 V LynxUsb : 0x01b5ef9f on 0x04c34354: releasing delegate to [(embedded)]
11-07 10:37:09.955  2861  2968 I FtcEventLoop: ======= INIT FINISH =======
11-07 10:37:09.955  2861  2968 V RobotCore: EventLoopManager state is RUNNING
11-07 10:37:09.955  2861  3006 W art     : Long monitor contention with owner RobotSetupRunnable.run() (2968) at void java.lang.Object.wait!(long, int)(Object.java:-2) waiters=0 in org.firstinspires.ftc.robotcore.internal.network.CallbackResult com.qualcomm.robotcore.eventloop.EventLoopManager.commandEvent(com.qualcomm.robotcore.robocol.Command) for 469ms
11-07 10:37:09.957  2861  2968 V RobotCore: Robot Status: running, starting robot
11-07 10:37:09.957  2861  2968 V RobotCore: Robot Status: running
11-07 10:37:09.961  2861  2968 D FTCService: Detecting Wi-Fi reset
11-07 10:37:09.962  2861  2968 D RobotControllerAccessPointAssistant: detectWifiReset button=false
11-07 10:37:09.963  2861  2968 V RobotCore: thread: ...terminating 'RobotSetupRunnable.run()'
11-07 10:37:09.972  2861  3031 V RobotCore: thread: 'opmode loop()' starting...
11-07 10:37:09.990  2861  3009 V Robocol : sending CMD_NOTIFY_ROBOT_STATE(57), attempt: 0
11-07 10:37:09.991  2861  3009 V Robocol : sending CMD_SHOW_TOAST(58), attempt: 0
11-07 10:37:09.992  2861  3009 V Robocol : sending CMD_NOTIFY_ACTIVE_CONFIGURATION(61), attempt: 0
11-07 10:37:10.023  2861  3031 I RobotCore: Attempting to switch to op mode $Stop$Robot$
11-07 10:37:10.031  2861  3009 V Robocol : sending CMD_NOTIFY_USER_DEVICE_LIST(67), attempt: 0
11-07 10:37:10.047  2861  3012 V SoundInfo: construct(0x0296660f)
11-07 10:37:10.070  2861  3009 V Robocol : sending CMD_NOTIFY_INIT_OP_MODE(71), attempt: 0
11-07 10:37:10.108  2861  3011 I MediaCodec: callingProcessName:com.qualcomm.ftcrobotcontroller
11-07 10:37:10.110  2861  3009 V Robocol : sending CMD_NOTIFY_OP_MODE_LIST(74), attempt: 0
11-07 10:37:10.111  2861  3037 I ACodec  : onAllocateComponent:6752 mSoftCodecPref:0 componentName:
11-07 10:37:10.112  2861  3037 I ACodec  : onAllocateComponent:6783 mSoftCodecPref:0 componentName:OMX.google.raw.decoder
11-07 10:37:10.171  2861  2926 D SoundPlayer: onLoadComplete(samp=2|ms=4506, samp=2)=0
11-07 10:37:10.347  2861  3040 W AudioTrack: AUDIO_OUTPUT_FLAG_FAST denied by client; transfer 4, track 48000 Hz, output 44100 Hz
11-07 10:37:10.350  2861  3040 D SoundPlayer: playing volume=0.000000 samp=2|ms=4506
11-07 10:37:10.390  2861  3009 V Robocol : sending CMD_PLAY_SOUND(86), attempt: 0
--------- beginning of main
11-07 10:38:13.636  3249  3249 I ps      : type=1400 audit(0.0:206): avc: denied { getattr } for path="/proc/1" dev="proc" ino=1258 scontext=u:r:untrusted_app:s0:c512,c768 tcontext=u:r:init:s0 tclass=dir permissive=1
11-07 10:38:13.636  3249  3249 I ps      : type=1400 audit(0.0:207): avc: denied { search } for name="1" dev="proc" ino=1258 scontext=u:r:untrusted_app:s0:c512,c768 tcontext=u:r:init:s0 tclass=dir permissive=1
11-07 10:38:13.636  3249  3249 I ps      : type=1400 audit(0.0:208): avc: denied { read } for name="cmdline" dev="proc" ino=8674 scontext=u:r:untrusted_app:s0:c512,c768 tcontext=u:r:init:s0 tclass=file permissive=1
11-07 10:38:13.636  3249  3249 I ps      : type=1400 audit(0.0:209): avc: denied { open } for path="/proc/1/cmdline" dev="proc" ino=8674 scontext=u:r:untrusted_app:s0:c512,c768 tcontext=u:r:init:s0 tclass=file permissive=1
11-07 10:38:13.636  3249  3249 I ps      : type=1400 audit(0.0:210): avc: denied { getattr } for path="/proc/2" dev="proc" ino=9083 scontext=u:r:untrusted_app:s0:c512,c768 tcontext=u:r:kernel:s0 tclass=dir permissive=1
11-07 10:38:13.636  3249  3249 I ps      : type=1400 audit(0.0:211): avc: denied { search } for name="2" dev="proc" ino=9083 scontext=u:r:untrusted_app:s0:c512,c768 tcontext=u:r:kernel:s0 tclass=dir permissive=1
11-07 10:38:13.636  3249  3249 I ps      : type=1400 audit(0.0:212): avc: denied { read } for name="cmdline" dev="proc" ino=9182 scontext=u:r:untrusted_app:s0:c512,c768 tcontext=u:r:kernel:s0 tclass=file permissive=1
11-07 10:38:13.636  3249  3249 I ps      : type=1400 audit(0.0:213): avc: denied { open } for path="/proc/2/cmdline" dev="proc" ino=9182 scontext=u:r:untrusted_app:s0:c512,c768 tcontext=u:r:kernel:s0 tclass=file permissive=1
11-07 10:38:14.050  3254  3254 D Uvc     : [jni.cpp:72] JNI_OnLoad()...
11-07 10:38:14.050  3254  3254 D Uvc     : [JniEnv.h:32] ScopedJniEnv::onJniLoad()...
11-07 10:38:14.050  3254  3254 D Uvc     : [JniEnv.h:32] ...ScopedJniEnv::onJniLoad()
11-07 10:38:14.050  3254  3254 D Uvc     : [jni.cpp:72] ...JNI_OnLoad()
11-07 10:38:14.055  3254  3254 V AppUtil : initializing: getExternalStorageDirectory()=/storage/emulated/0
11-07 10:38:14.060  3254  3254 I AppUtil : found usbFileSystemRoot: /dev/bus/usb
11-07 10:38:14.063  3254  3254 I robotcontroller: type=1400 audit(0.0:214): avc: denied { read } for name="direction" dev="sysfs" ino=16323 scontext=u:r:untrusted_app:s0:c512,c768 tcontext=u:object_r:sysfs:s0 tclass=file permissive=1
11-07 10:38:14.063  3254  3254 I robotcontroller: type=1400 audit(0.0:215): avc: denied { open } for path="/sys/devices/pinctrl.26/gpio/gpio50/direction" dev="sysfs" ino=16323 scontext=u:r:untrusted_app:s0:c512,c768 tcontext=u:object_r:sysfs:s0 tclass=file permissive=1
11-07 10:38:14.063  3254  3254 I robotcontroller: type=1400 audit(0.0:216): avc: denied { getattr } for path="/sys/devices/pinctrl.26/gpio/gpio50/direction" dev="sysfs" ino=16323 scontext=u:r:untrusted_app:s0:c512,c768 tcontext=u:object_r:sysfs:s0 tclass=file permissive=1
11-07 10:38:14.063  3254  3254 I robotcontroller: type=1400 audit(0.0:217): avc: denied { write } for name="value" dev="sysfs" ino=13327 scontext=u:r:untrusted_app:s0:c512,c768 tcontext=u:object_r:sysfs:s0 tclass=file permissive=1
11-07 10:38:14.072  3254  3254 I AppAliveNotifier: Telling the OS to set the RC alive notification timeout to 20 seconds
11-07 10:38:14.078  3254  3270 V RobotCore: saving logcat to /storage/emulated/0/robotControllerLog.txt
11-07 10:38:14.078  3254  3270 V RobotCore: logging command line: exec logcat -f /storage/emulated/0/robotControllerLog.txt -r4096 -n4 -v threadtime UsbRequestJNI:S UsbRequest:S art:W ThreadPool:W System:W ExtendedExtractor:W OMXClient:W MediaPlayer:W dalvikvm:W  *:V
11-07 10:38:14.095  3254  3254 V AppUtil : rootActivity=PermissionValidatorWrapper
11-07 10:38:14.096  3254  3254 I PermissionValidatorActivity: Lifecycle onCreate : 6d5214a
11-07 10:38:14.112  3254  3270 I RobotCore: Done running ps
11-07 10:38:14.123  3274  3274 I sh      : type=1400 audit(0.0:218): avc: denied { read } for name="/" dev="rootfs" ino=1 scontext=u:r:untrusted_app:s0:c512,c768 tcontext=u:object_r:rootfs:s0 tclass=dir permissive=1
11-07 10:38:14.123  3274  3274 I sh      : type=1400 audit(0.0:219): avc: denied { open } for path="/" dev="rootfs" ino=1 scontext=u:r:untrusted_app:s0:c512,c768 tcontext=u:object_r:rootfs:s0 tclass=dir permissive=1
11-07 10:38:14.179  3254  3254 I PermissionValidatorActivity: Lifecycle onStart : 6d5214a
11-07 10:38:14.180  3254  3254 I PermissionValidator: Checking permission for android.permission.WRITE_EXTERNAL_STORAGE
11-07 10:38:14.185  3254  3254 I PermissionValidator:     Granted: android.permission.WRITE_EXTERNAL_STORAGE
11-07 10:38:14.185  3254  3254 I PermissionValidator: Checking permission for android.permission.READ_EXTERNAL_STORAGE
11-07 10:38:14.187  3254  3254 I PermissionValidator:     Granted: android.permission.READ_EXTERNAL_STORAGE
11-07 10:38:14.187  3254  3254 I PermissionValidator: Checking permission for android.permission.CAMERA
11-07 10:38:14.188  3254  3254 I PermissionValidator:     Granted: android.permission.CAMERA
11-07 10:38:14.188  3254  3254 I PermissionValidator: Checking permission for android.permission.ACCESS_COARSE_LOCATION
11-07 10:38:14.189  3254  3254 I PermissionValidator:     Granted: android.permission.ACCESS_COARSE_LOCATION
11-07 10:38:14.189  3254  3254 I PermissionValidator: Checking permission for android.permission.ACCESS_FINE_LOCATION
11-07 10:38:14.190  3254  3254 I PermissionValidator:     Granted: android.permission.ACCESS_FINE_LOCATION
11-07 10:38:14.190  3254  3254 I PermissionValidator: Checking permission for android.permission.READ_PHONE_STATE
11-07 10:38:14.191  3254  3254 I PermissionValidator:     Granted: android.permission.READ_PHONE_STATE
11-07 10:38:14.194  3254  3254 V ServiceStarter: attempting to start service MediaTransferProtocolMonitorService
11-07 10:38:14.196  3254  3254 V ServiceStarter: started service MediaTransferProtocolMonitorService
11-07 10:38:14.197  3254  3254 V ServiceStarter: attempting to start service OnBotJavaService
11-07 10:38:14.199  3254  3254 V ServiceStarter: started service OnBotJavaService
11-07 10:38:14.199  3254  3254 I PermissionValidatorActivity: All permissions validated.  Starting RobotController
11-07 10:38:14.211  3254  3254 V MTPMonitorService: onCreate()
11-07 10:38:14.212  3254  3254 V MTPMonitorService: onStartCommand() intent=Intent { cmp=com.qualcomm.ftcrobotcontroller/org.firstinspires.ftc.robotcore.internal.files.MediaTransferProtocolMonitorService } flags=0x0 startId=1
11-07 10:38:14.215  3254  3254 V MTPMonitor: observing: /storage/emulated/0
11-07 10:38:14.287  3254  3254 V OnBotJavaService: onCreate()
11-07 10:38:14.287  3254  3254 V OnBotJavaService: onStartCommand() intent=Intent { cmp=com.qualcomm.ftcrobotcontroller/org.firstinspires.ftc.onbotjava.OnBotJavaService } flags=0x0 startId=1
11-07 10:38:14.290  3254  3254 V OnBotJava: OnBotJavaManager::static
11-07 10:38:14.915  3254  3254 V OnBotJava: ctor()...
11-07 10:38:14.917  3254  3254 V OnBotJava: ...ctor()
11-07 10:38:14.922  3254  3254 I PermissionValidatorActivity: Lifecycle onCreate : 9ed69fe
11-07 10:38:14.929  3254  3254 I PermissionValidatorActivity: Lifecycle onStart : 9ed69fe
11-07 10:38:14.929  3254  3254 I PermissionValidator: Checking permission for android.permission.WRITE_EXTERNAL_STORAGE
11-07 10:38:14.930  3254  3254 I PermissionValidator:     Granted: android.permission.WRITE_EXTERNAL_STORAGE
11-07 10:38:14.930  3254  3254 I PermissionValidator: Checking permission for android.permission.READ_EXTERNAL_STORAGE
11-07 10:38:14.931  3254  3254 I PermissionValidator:     Granted: android.permission.READ_EXTERNAL_STORAGE
11-07 10:38:14.931  3254  3254 I PermissionValidator: Checking permission for android.permission.CAMERA
11-07 10:38:14.932  3254  3254 I PermissionValidator:     Granted: android.permission.CAMERA
11-07 10:38:14.932  3254  3254 I PermissionValidator: Checking permission for android.permission.ACCESS_COARSE_LOCATION
11-07 10:38:14.933  3254  3254 I PermissionValidator:     Granted: android.permission.ACCESS_COARSE_LOCATION
11-07 10:38:14.933  3254  3254 I PermissionValidator: Checking permission for android.permission.ACCESS_FINE_LOCATION
11-07 10:38:14.934  3254  3254 I PermissionValidator:     Granted: android.permission.ACCESS_FINE_LOCATION
11-07 10:38:14.934  3254  3254 I PermissionValidator: Checking permission for android.permission.READ_PHONE_STATE
11-07 10:38:14.935  3254  3254 I PermissionValidator:     Granted: android.permission.READ_PHONE_STATE
11-07 10:38:14.937  3254  3254 V ServiceStarter: attempting to start service MediaTransferProtocolMonitorService
11-07 10:38:14.938  3254  3254 V ServiceStarter: started service MediaTransferProtocolMonitorService
11-07 10:38:14.939  3254  3254 V ServiceStarter: attempting to start service OnBotJavaService
11-07 10:38:14.940  3254  3254 V ServiceStarter: started service OnBotJavaService
11-07 10:38:14.940  3254  3254 I PermissionValidatorActivity: All permissions validated.  Starting RobotController
11-07 10:38:14.950  3254  3254 V MTPMonitorService: onStartCommand() intent=Intent { cmp=com.qualcomm.ftcrobotcontroller/org.firstinspires.ftc.robotcore.internal.files.MediaTransferProtocolMonitorService } flags=0x0 startId=2
11-07 10:38:14.954  3254  3254 V MTPMonitor: observing: /storage/emulated/0
11-07 10:38:14.979  3254  3254 W FileObserverManager: upgrading mask: path=/storage/emulated/0/FIRST/java/control old=0x00000ffc new=0x00004ffc: might possibly miss event
11-07 10:38:15.000  3254  3254 V OnBotJavaService: onStartCommand() intent=Intent { cmp=com.qualcomm.ftcrobotcontroller/org.firstinspires.ftc.onbotjava.OnBotJavaService } flags=0x0 startId=2
11-07 10:38:15.001  3254  3254 V OnBotJava: ctor()...
11-07 10:38:15.001  3254  3254 W FileObserverManager: upgrading mask: path=/storage/emulated/0/FIRST/java/control/buildRequest.txt old=0x00000ffc new=0x00000ffe: might possibly miss event
11-07 10:38:15.002  3254  3254 V OnBotJava: ...ctor()
11-07 10:38:15.011  3254  3254 V RCActivity: Permissions validated already
11-07 10:38:15.011  3254  3254 V RCActivity: onCreate()
11-07 10:38:15.013  3254  3254 V RCActivity: rootActivity is of class PermissionValidatorWrapper
11-07 10:38:15.016  3254  3254 V RCActivity: launchActivity is of class class org.firstinspires.ftc.robotcontroller.internal.PermissionValidatorWrapper
11-07 10:38:15.024  3254  3304 V CallbackLooper: thread=127
11-07 10:38:15.028  3254  3254 V NetDiscover_wifiDirectAgent: doStart()...
11-07 10:38:15.033  3254  3254 V NetDiscover_wifiDirectAgent: ...doStart()
11-07 10:38:15.034  3254  3254 V NetDiscover_prefremrc: ----- all preferences -----
11-07 10:38:15.034  3254  3254 V NetDiscover_prefremrc: name='android.permission.READ_PHONE_STATE' value=false
11-07 10:38:15.034  3254  3254 V NetDiscover_prefremrc: name='pref_autostarted_robot_controller' value=true
11-07 10:38:15.035  3254  3254 V NetDiscover_prefremrc: name='pref_warn_about_obsolete_software' value=true
11-07 10:38:15.035  3254  3254 V NetDiscover_prefremrc: name='pref_has_independent_phone_battery' value=false
11-07 10:38:15.035  3254  3254 V NetDiscover_prefremrc: name='android.permission.CAMERA' value=false
11-07 10:38:15.035  3254  3254 V NetDiscover_prefremrc: name='pref_wifip2p_remote_channel_change_works' value=false
11-07 10:38:15.035  3254  3254 V NetDiscover_prefremrc: name='pref_hardware_config_filename' value={"isDirty":false,"location":"LOCAL_STORAGE","name":"Error418Test6dcColor","resourceId":0}
11-07 10:38:15.035  3254  3254 V NetDiscover_prefremrc: name='pref_warn_about_mismatched_app_versions' value=true
11-07 10:38:15.035  3254  3254 V NetDiscover_prefremrc: name='pref_sound_on_off' value=false
11-07 10:38:15.036  3254  3254 V NetDiscover_prefremrc: name='pref_ftc_season_year_of_current_rc_new' value=2022
11-07 10:38:15.036  3254  3254 V NetDiscover_prefremrc: name='App Restrictions' value=AAAAAA==
11-07 10:38:15.036  3254  3254 V NetDiscover_prefremrc:     
11-07 10:38:15.036  3254  3254 V NetDiscover_prefremrc: name='pref_warn_about_incorrect_clocks' value=true
11-07 10:38:15.036  3254  3254 V NetDiscover_prefremrc: name='pref_has_speaker' value=false
11-07 10:38:15.036  3254  3254 V NetDiscover_prefremrc: name='pref_ftc_season_year_of_current_rc' value=2022
11-07 10:38:15.036  3254  3254 V NetDiscover_prefremrc: name='android.permission.ACCESS_COARSE_LOCATION' value=false
11-07 10:38:15.036  3254  3254 V NetDiscover_prefremrc: name='android.permission.WRITE_EXTERNAL_STORAGE' value=false
11-07 10:38:15.036  3254  3254 V NetDiscover_prefremrc: name='pref_connection_owner_password' value=password
11-07 10:38:15.037  3254  3254 V NetDiscover_prefremrc: name='pref_pairing_kind' value=RCWIRELESSAP
11-07 10:38:15.037  3254  3254 V NetDiscover_prefremrc: name='pref_device_name_internal' value=FTC-eE8w
11-07 10:38:15.037  3254  3254 V NetDiscover_prefremrc: name='pref_app_theme' value=red
11-07 10:38:15.037  3254  3254 V NetDiscover_prefremrc: name='android.permission.ACCESS_FINE_LOCATION' value=false
11-07 10:38:15.037  3254  3254 V NetDiscover_prefremrc: name='pref_device_name' value=FTC-eE8w
11-07 10:38:15.037  3254  3254 V NetDiscover_prefremrc: name='pref_warn_about_2_4_ghz_band' value=true
11-07 10:38:15.037  3254  3254 V NetDiscover_prefremrc: name='pref_device_name_tracking' value=WIFIAP
11-07 10:38:15.037  3254  3254 V NetDiscover_prefremrc: name='android.permission.READ_EXTERNAL_STORAGE' value=false
11-07 10:38:15.037  3254  3254 V NetDiscover_prefremrc: name='pref_rc_connected' value=true
11-07 10:38:15.045  3254  3254 V Robocol : SendOnceRunnable created
11-07 10:38:15.048  3254  3254 V NetDiscover_prefremrc: doStart()...
11-07 10:38:15.048  3254  3254 V NetDiscover_prefremrc: ...doStart()
11-07 10:38:15.081  3254  3254 W System  : ClassLoader referenced unknown path: /system/app/webview/lib/arm64
11-07 10:38:15.082  3254  3254 D ApplicationLoaders: ignored Vulkan layer search path /system/app/webview/lib/arm64:/system/app/webview/webview.apk!/lib/arm64-v8a:/system/lib64:/vendor/lib64 for namespace 0x700ff080f0
11-07 10:38:15.085  3254  3254 I WebViewFactory: Loading com.android.webview version 52.0.2743.100 (code 275610050)
11-07 10:38:15.122  3254  3254 I cr_LibraryLoader: Time to load native libraries: 3 ms (timestamps 4644-4647)
11-07 10:38:15.122  3254  3254 I cr_LibraryLoader: Expected native library version number "52.0.2743.100", actual native library version number "52.0.2743.100"
11-07 10:38:15.136  3254  3254 V WebViewChromiumFactoryProvider: Binding Chromium to main looper Looper (main, tid 1) {6ba683b}
11-07 10:38:15.136  3254  3254 I cr_LibraryLoader: Expected native library version number "52.0.2743.100", actual native library version number "52.0.2743.100"
11-07 10:38:15.136  3254  3254 I chromium: [INFO:library_loader_hooks.cc(143)] Chromium logging enabled: level = 0, default verbosity = 0
11-07 10:38:15.155  3254  3254 I cr_BrowserStartup: Initializing chromium process, singleProcess=true
11-07 10:38:15.179  3254  3254 I mali_so : [File] : hardware/rockchip/driver/./src/base/arch/arch_011_udd/base_arch_main.c; [Line] : 565; [Func] : deal_with_version_affairs_rk_ext;
11-07 10:38:15.179  3254  3254 I mali_so : arm_release_ver of this mali_so is 'r7p0-00rel1', rk_so_ver is '1@2' for 3328h_android_7.1, built at '15:47:51', on 'Jun 28 2017'.
11-07 10:38:15.179  3254  3254 I mali_so : [File] : hardware/rockchip/driver/./src/base/arch/arch_011_udd/base_arch_main.c; [Line] : 578; [Func] : deal_with_version_affairs_rk_ext;
11-07 10:38:15.179  3254  3254 I mali_so : mali_ver_property has been set to 'r7p0-00rel1-5-1@2', to return.
11-07 10:38:15.229  3254  3254 I cr_DRP  : No DRP key due to exception:java.lang.ClassNotFoundException: com.android.webview.chromium.Drp
11-07 10:38:15.278  3254  3254 W cr_AwContents: onDetachedFromWindow called when already detached. Ignoring
11-07 10:38:15.506  3254  3254 W System  : ClassLoader referenced unknown path: 
11-07 10:38:15.541  3254  3254 W ClassManager: com.journeyapps.barcodescanner.ScanContract java.lang.ClassNotFoundException: com.journeyapps.barcodescanner.ScanContract
11-07 10:38:15.545  3254  3254 E ClassManager: java.lang.ClassNotFoundException: com.journeyapps.barcodescanner.ScanContract
11-07 10:38:15.547  3254  3254 E ClassManager: 	at java.lang.Class.classForName(Native Method)
11-07 10:38:15.548  3254  3254 E ClassManager: 	at java.lang.Class.forName(Class.java:400)
11-07 10:38:15.551  3254  3254 E ClassManager: 	at org.firstinspires.ftc.robotcore.internal.opmode.ClassManager.classNamesToClasses(ClassManager.java:215)
11-07 10:38:15.553  3254  3254 E ClassManager: 	at org.firstinspires.ftc.robotcore.internal.opmode.ClassManager.processAllClasses(ClassManager.java:258)
11-07 10:38:15.555  3254  3254 E ClassManager: 	at com.qualcomm.ftccommon.ClassManagerFactory.processAllClasses(ClassManagerFactory.java:94)
11-07 10:38:15.556  3254  3254 E ClassManager: 	at org.firstinspires.ftc.robotcontroller.internal.FtcRobotControllerActivity.onCreate(FtcRobotControllerActivity.java:356)
11-07 10:38:15.557  3254  3254 E ClassManager: 	at android.app.Activity.performCreate(Activity.java:6709)
11-07 10:38:15.558  3254  3254 E ClassManager: 	at android.app.Instrumentation.callActivityOnCreate(Instrumentation.java:1118)
11-07 10:38:15.558  3254  3254 E ClassManager: 	at android.app.ActivityThread.performLaunchActivity(ActivityThread.java:2619)
11-07 10:38:15.559  3254  3254 E ClassManager: 	at android.app.ActivityThread.handleLaunchActivity(ActivityThread.java:2727)
11-07 10:38:15.559  3254  3254 E ClassManager: 	at android.app.ActivityThread.-wrap12(ActivityThread.java)
11-07 10:38:15.560  3254  3254 E ClassManager: 	at android.app.ActivityThread$H.handleMessage(ActivityThread.java:1478)
11-07 10:38:15.561  3254  3254 E ClassManager: 	at android.os.Handler.dispatchMessage(Handler.java:102)
11-07 10:38:15.561  3254  3254 E ClassManager: 	at android.os.Looper.loop(Looper.java:154)
11-07 10:38:15.562  3254  3254 E ClassManager: 	at android.app.ActivityThread.main(ActivityThread.java:6121)
11-07 10:38:15.562  3254  3254 E ClassManager: 	at java.lang.reflect.Method.invoke(Native Method)
11-07 10:38:15.563  3254  3254 E ClassManager: 	at com.android.internal.os.ZygoteInit$MethodAndArgsCaller.run(ZygoteInit.java:905)
11-07 10:38:15.564  3254  3254 E ClassManager: 	at com.android.internal.os.ZygoteInit.main(ZygoteInit.java:795)
11-07 10:38:15.566  3254  3254 E ClassManager: Caused by: java.lang.ClassNotFoundException: Didn't find class "com.journeyapps.barcodescanner.ScanContract" on path: DexPathList[[],nativeLibraryDirectories=[/system/lib64, /vendor/lib64]]
11-07 10:38:15.566  3254  3254 E ClassManager: 	at dalvik.system.BaseDexClassLoader.findClass(BaseDexClassLoader.java:56)
11-07 10:38:15.567  3254  3254 E ClassManager: 	at java.lang.ClassLoader.loadClass(ClassLoader.java:380)
11-07 10:38:15.568  3254  3254 E ClassManager: 	at java.lang.ClassLoader.loadClass(ClassLoader.java:312)
11-07 10:38:15.568  3254  3254 E ClassManager: 	... 18 more
11-07 10:38:16.881  3254  3254 V UpdateUI: Network: inactive, disconnected
11-07 10:38:16.882  3254  3254 V ServiceStarter: attempting to start service FtcRobotControllerWatchdogService
11-07 10:38:16.885  3254  3254 V ServiceStarter: started service FtcRobotControllerWatchdogService
11-07 10:38:16.905  3254  3254 I RobotCore: App info: version=8.0.0 appId=com.qualcomm.ftcrobotcontroller
11-07 10:38:16.905  3254  3254 I RobotCore: Android Device: maker=REV Robotics model=Control Hub v1.0 sdk=25 serial=caade241cd00a884
11-07 10:38:16.905  3254  3254 V AndroidBoard: REV Control Hub contains REV3328
11-07 10:38:16.905  3254  3254 V AndroidBoard: Communicating with embedded REV hub via /dev/ttyS1
11-07 10:38:16.907  3254  3254 V RCActivity: onStart()
11-07 10:38:16.911  3254  3254 V RCActivity: onResume()
11-07 10:38:16.928  3254  3254 V NetDiscover_prefremrc: onSharedPreferenceChanged(name=App Restrictions, value=AAAAAA==
11-07 10:38:16.928  3254  3254 V NetDiscover_prefremrc: )
11-07 10:38:16.940  3254  3254 V FtcRobotControllerWatchdogService: onCreate()
11-07 10:38:16.942  3254  3254 V FtcRobotControllerWatchdogService: onStartCommand() intent=Intent { cmp=com.qualcomm.ftcrobotcontroller/org.firstinspires.ftc.ftccommon.internal.FtcRobotControllerWatchdogService } flags=0x0 startId=1
11-07 10:38:16.942  3254  3254 V FtcRobotControllerWatchdogService: shouldAutoLauchRobotController() result=true
11-07 10:38:16.944  3254  3254 V FTCService: onCreate()
11-07 10:38:16.975  3254  3254 W art     : Before Android 4.1, method double java.util.concurrent.ThreadLocalRandom.internalNextDouble(double, double) would have incorrectly overridden the package-private method in java.util.Random
11-07 10:38:16.975  3254  3254 W art     : Before Android 4.1, method int java.util.concurrent.ThreadLocalRandom.internalNextInt(int, int) would have incorrectly overridden the package-private method in java.util.Random
11-07 10:38:16.975  3254  3254 W art     : Before Android 4.1, method long java.util.concurrent.ThreadLocalRandom.internalNextLong(long, long) would have incorrectly overridden the package-private method in java.util.Random
11-07 10:38:17.006  3254  3254 V FTCService: onBind()
11-07 10:38:17.092  3254  3254 V CoreRobotWebServer: creating NanoHTTPD(8080)
11-07 10:38:17.104  3254  3254 V WebSocketManager: Registered broadcast-only namespace progress
11-07 10:38:17.115  3254  3254 V WebSocketManager: Registered handler for namespace ControlHubUpdater
11-07 10:38:17.117  3254  3254 V RobotCore: Getting network assistant of type: RCWIRELESSAP
11-07 10:38:17.119  3254  3254 I RobotControllerAccessPointAssistant: Enabling network services
11-07 10:38:17.123  3254  3254 I RobotControllerAccessPointAssistant: Sending SSID and password to AP service
11-07 10:38:17.125  3254  3254 I RobotCore: password
11-07 10:38:17.125  3254  3254 D RobotControllerAccessPointAssistant: setNetworkProperties(deviceName=FTC-eE8w, password=password, ApChannel=null) sendSettingsIndividually=false
11-07 10:38:17.125  3254  3254 I NetDiscover_ControlHubNameManager: Robot controller name: FTC-eE8w
11-07 10:38:17.126  3254  3254 I ControlHubPasswordManager: Robot controller password: password
11-07 10:38:17.126  3254  3254 D RobotControllerAccessPointAssistant: Sending bulk settings broadcast intent
11-07 10:38:17.209  3254  3327 I OpenGLRenderer: Initialized EGL, version 1.4
11-07 10:38:17.209  3254  3327 D OpenGLRenderer: Swap behavior 1
11-07 10:38:17.220  3254  3254 I RobotControllerAccessPointAssistant: Wi-Fi state change:, wifiApState: 13
11-07 10:38:17.222  3254  3254 I FTCService: onNetworkConnectionEvent: CONNECTION_INFO_AVAILABLE
11-07 10:38:17.223  3254  3254 I RobotCore: password
11-07 10:38:17.223  3254  3254 I FTCService: Network Connection Passphrase: password
11-07 10:38:17.223  3254  3254 V CoreRobotWebServer: starting port=8080
11-07 10:38:17.236  3254  3254 V RobotCore: Getting network assistant of type: RCWIRELESSAP
11-07 10:38:17.237  3254  3254 V CoreRobotWebServer: started port=8080
11-07 10:38:17.238  3254  3254 V FTCService: RCActivity.controllerService=bound
11-07 10:38:17.239  3254  3254 V UpdateUI: Network: active, disconnected
11-07 10:38:17.240  3254  3254 V RobotCore: Robot Status: stopped
11-07 10:38:17.257  3254  3333 V TooTallWebSocketServer: Started WebSocket server on port 8081
11-07 10:38:17.260  3254  3336 V RobotCore: thread: 'RobotSetupRunnable.run()' starting...
11-07 10:38:17.260  3254  3336 V FTCService: Processing robot setup
11-07 10:38:17.262  3254  3336 V RobotCore: Robot Status: stopped, scanning for USB devices
11-07 10:38:17.262  3254  3336 I AppAliveNotifier: Telling the OS to set the RC alive notification timeout to 10 seconds
11-07 10:38:17.295  3254  3254 V WebSocketManager: Registered handler for namespace ONBOTJAVA
11-07 10:38:17.306  3254  3327 I [Gralloc]:  ion device open success! fd = 92
11-07 10:38:17.399  3254  3254 I PermissionValidatorActivity: Lifecycle onDestroy : 9ed69fe
11-07 10:38:17.400  3254  3254 V AppUtil : rootActivity=PermissionValidatorWrapper destroyed
11-07 10:38:17.401  3254  3254 V AppUtil : rootActivity=FtcRobotControllerActivity
11-07 10:38:17.401  3254  3254 I PermissionValidatorActivity: Lifecycle onDestroy : 6d5214a
11-07 10:38:17.713  3254  3335 V FtcWebSocket: Opening websocket (ip=192.168.43.107/192.168.43.107 port=8081)
11-07 10:38:17.719  3254  3335 V WebSocketManager: Subscribed websocket (ip=192.168.43.107/192.168.43.107 port=8081) to namespace (progress)
11-07 10:38:17.720  3254  3335 V WebSocketManager: Subscribed websocket (ip=192.168.43.107/192.168.43.107 port=8081) to namespace (ControlHubUpdater)
11-07 10:38:17.736  3254  3335 V FtcWebSocket: Opening websocket (ip=192.168.43.107/192.168.43.107 port=8081)
11-07 10:38:17.754  3254  3335 V WebSocketManager: Subscribed websocket (ip=192.168.43.107/192.168.43.107 port=8081) to namespace (progress)
11-07 10:38:17.755  3254  3335 V WebSocketManager: Subscribed websocket (ip=192.168.43.107/192.168.43.107 port=8081) to namespace (ControlHubUpdater)
11-07 10:38:18.170  3254  3353 I RobotCore: password
11-07 10:38:18.193  3254  3347 V ProgrammingModeManager: serve uri=/css/colors.less
11-07 10:38:18.473  3254  3350 I RobotCore: password
11-07 10:38:18.557  3254  3335 V FtcWebSocket: Opening websocket (ip=192.168.43.107/192.168.43.107 port=8081)
11-07 10:38:18.561  3254  3335 V WebSocketManager: Subscribed websocket (ip=192.168.43.107/192.168.43.107 port=8081) to namespace (progress)
11-07 10:38:18.562  3254  3335 V WebSocketManager: Subscribed websocket (ip=192.168.43.107/192.168.43.107 port=8081) to namespace (ControlHubUpdater)
11-07 10:38:18.581  3254  3353 V ProgrammingModeManager: serve uri=/css/colors.less
11-07 10:38:21.037  3254  3353 I RobotCore: password
11-07 10:38:22.270  3254  3336 V RobotCore: EventLoopManager state is NOT_STARTED
11-07 10:38:22.270  3254  3336 V FTCService: Waiting for a connection to a Wi-Fi service
11-07 10:38:22.271  3254  3336 V RobotCore: Robot Status: stopped, waiting for network to become active
11-07 10:38:22.274  3254  3336 I RobotControllerAccessPointAssistant: Wi-Fi AP is enabled
11-07 10:38:22.274  3254  3336 V CoreRobotWebServer: Asked an already running WebServer to start
11-07 10:38:22.275  3254  3336 V RobotCore: Robot Status: stopped, starting robot
11-07 10:38:22.275  3254  3336 V Robocol : EventLoopManager.start()
11-07 10:38:22.275  3254  3336 V RobotCore: Getting network assistant of type: RCWIRELESSAP
11-07 10:38:22.276  3254  3336 I RobotControllerAccessPointAssistant: Wi-Fi AP is enabled
11-07 10:38:22.276  3254  3336 V Robocol : Spoofing a Network Connection event...
11-07 10:38:22.276  3254  3336 I EventLoopManager: onNetworkConnectionEvent: CONNECTION_INFO_AVAILABLE
11-07 10:38:22.277  3254  3336 I Robocol : Received network connection event
11-07 10:38:22.277  3254  3336 I RobotControllerAccessPointAssistant: Wi-Fi AP is enabled
11-07 10:38:22.278  3254  3336 I NetworkConnectionHandler: Handling new network connection infomation, connected: true setup needed: true
11-07 10:38:22.279  3254  3336 I RobotControllerAccessPointAssistant: Wi-Fi AP is enabled
11-07 10:38:25.298  3254  3370 V RobotCore: thread: 'SetupRunnable.run()' starting...
11-07 10:38:25.298  3254  3336 V RobotCore: EventLoopManager state is STOPPED
11-07 10:38:25.299  3254  3336 V Robocol : eventLoop=FtcEventLoop
11-07 10:38:25.299  3254  3336 V RobotCore: EventLoopManager state is INIT
11-07 10:38:25.301  3254  3336 V RobotCore: Robot Status: initializing, starting robot
11-07 10:38:25.302  3254  3336 I FtcEventLoop: ======= INIT START =======
11-07 10:38:25.303  3254  3336 V OpmodeRegistration: registered {DefaultOpMode} as {$Stop$Robot$}
11-07 10:38:25.311  3254  3370 D Robocol : RobocolDatagramSocket listening addr=/192.168.43.1:20884 cbRec=65520 cbSend=106496 msRecTO=300
11-07 10:38:25.312  3254  3370 V Robocol : RecvLoopRunnable created
11-07 10:38:25.316  3254  3371 V Robocol : PacketProcessor started
11-07 10:38:25.318  3254  3372 V Robocol : CommandProcessor started
11-07 10:38:25.321  3254  3373 V RobotCore: thread: 'RecvLoopRunnable.run()' starting...
11-07 10:38:25.325  3254  3370 V PeerDiscovery: Starting peer discovery remote: /192.168.43.1 local: /192.168.43.1
11-07 10:38:25.325  3254  3370 V PeerDiscovery: No need for initiating peer discovery, we are the Robot Controller
11-07 10:38:25.326  3254  3370 V RobotCore: Setup complete
11-07 10:38:25.326  3254  3370 V RobotCore: thread: ...terminating 'SetupRunnable.run()'
11-07 10:38:25.327  3254  3336 V OpmodeRegistration: registered {TeleopDualDrivers} as {TeleopDualDrivers}
11-07 10:38:25.328  3254  3336 V OpmodeRegistration: registered {CameraVuforia} as {Camera}
11-07 10:38:25.330  3254  3336 V OpmodeRegistration: registered {TensorFlowObjectDetectionWebcam} as {Nap: camera 3}
11-07 10:38:25.331  3254  3336 V OpmodeRegistration: registered {ConceptWebcamTest} as {nap: Webcam}
11-07 10:38:25.332  3254  3336 V OpmodeRegistration: registered {ConceptSignalSleeveIdentification} as {POC: Signal Sleeve}
11-07 10:38:25.333  3254  3336 V OpmodeRegistration: registered {ConceptVuforiaLocalization} as {POC - Vuforia Localization}
11-07 10:38:25.333  3254  3336 V OpmodeRegistration: registered {Forward} as { Nept-Forward and Turning }
11-07 10:38:25.335  3254  3336 V OpmodeRegistration: registered {ConceptBNO055IMU} as {POC: IMU Display}
11-07 10:38:25.336  3254  3336 V OpmodeRegistration: registered {ConceptFieldNavigationAuto} as {POC - Field Nav Auto}
11-07 10:38:25.337  3254  3336 V OpmodeRegistration: registered {AutoLeft} as {AutoLeft}
11-07 10:38:25.337  3254  3336 V OpmodeRegistration: registered {ConceptFieldNavigationAutoV2} as {POC - Field Nav Encoder}
11-07 10:38:25.338  3254  3336 V OpmodeRegistration: registered {PushbotAutodrive} as {Nep-TestMotor }
11-07 10:38:25.339  3254  3336 V OpmodeRegistration: registered {ConceptFieldNavigation} as {POC - Field Nav}
11-07 10:38:25.340  3254  3336 V OpmodeRegistration: registered {ConceptAutoDriveCalibration} as {POC: Auto Drive Calibration}
11-07 10:38:25.340  3254  3336 V OpmodeRegistration: registered {TeleopMotorGroup} as {TeleopMotorGroup}
11-07 10:38:25.341  3254  3336 V OpmodeRegistration: registered {AutonomousRight} as {AutonomousRight}
11-07 10:38:25.342  3254  3336 V OpmodeRegistration: registered {ConceptBNO055IMUCalibration} as {POC: IMU Calibration}
11-07 10:38:25.343  3254  3336 V OpmodeRegistration: registered {TensorFLowWebcam} as {Nap-Camera 2}
11-07 10:38:25.344  3254  3336 V OpmodeRegistration: registered {ConceptAutoDriveByGyro} as {POC: Drive By Gyro}
11-07 10:38:25.388  3254  3371 D RobotCore: system telemetry: key=$System$None$ msg=""
11-07 10:38:25.389  3254  3371 V PeerDiscovery: new remote peer discovered: 192.168.43.39
11-07 10:38:25.389  3254  3371 V NetworkConnectionHandler: starting sending loop
11-07 10:38:25.390  3254  3374 V Robocol : sending CMD_NOTIFY_ROBOT_STATE(7), attempt: 0
11-07 10:38:25.393  3254  3374 V Robocol : sending CMD_NOTIFY_ROBOT_STATE(8), attempt: 0
11-07 10:38:25.393  3254  3374 V Robocol : sending CMD_NOTIFY_ROBOT_STATE(9), attempt: 0
11-07 10:38:25.394  3254  3374 V Robocol : sending CMD_NOTIFY_ACTIVE_CONFIGURATION(11), attempt: 0
11-07 10:38:25.410  3254  3371 V UpdateUI: Network: active, connected
11-07 10:38:25.410  3254  3371 D FTCService: Sending user device types and preferences to driver station
11-07 10:38:25.430  3254  3374 V Robocol : sending CMD_NOTIFY_USER_DEVICE_LIST(14), attempt: 0
11-07 10:38:25.436  3254  3371 V NetDiscover_prefremrc: sendAllPreferences()
11-07 10:38:25.436  3254  3371 V NetDiscover_prefremrc: sending RC pref name=pref_wifip2p_remote_channel_change_works value=false
11-07 10:38:25.442  3254  3371 V NetDiscover_prefremrc: sending RC pref name=pref_device_name value=FTC-eE8w
11-07 10:38:25.443  3254  3371 V NetDiscover_prefremrc: sending RC pref name=pref_warn_about_incorrect_clocks value=true
11-07 10:38:25.444  3254  3371 V NetDiscover_prefremrc: sending RC pref name=pref_warn_about_obsolete_software value=true
11-07 10:38:25.444  3254  3371 V NetDiscover_prefremrc: sending RC pref name=pref_has_speaker value=false
11-07 10:38:25.445  3254  3371 V NetDiscover_prefremrc: sending RC pref name=pref_warn_about_2_4_ghz_band value=true
11-07 10:38:25.445  3254  3371 V NetDiscover_prefremrc: sending RC pref name=pref_has_independent_phone_battery value=false
11-07 10:38:25.446  3254  3336 V FtcEventLoop: Ensuring that the embedded Control Hub module is set up correctly
11-07 10:38:25.446  3254  3371 V NetDiscover_prefremrc: sending RC pref name=pref_app_theme value=red
11-07 10:38:25.446  3254  3371 V NetDiscover_prefremrc: sending RC pref name=pref_warn_about_mismatched_app_versions value=true
11-07 10:38:25.447  3254  3371 V NetDiscover_prefremrc: sending RC pref name=pref_sound_on_off value=false
11-07 10:38:25.450  3254  3371 V NetworkConnectionHandler: Peer connection established
11-07 10:38:25.452  3254  3336 V RobotCore: Creating REV Robotics USB Expansion Hub Portal [(embedded)]
11-07 10:38:25.453  3254  3371 V Robocol : packet processing took 64.5ms: type=PEER_DISCOVERY
11-07 10:38:25.453  3254  3336 V LynxUsb : creating new [(embedded)]: 0x04917d02
11-07 10:38:25.456  3254  3336 V FtDeviceManager: createDeviceInfoList(): 0 USB devices
11-07 10:38:25.456  3254  3336 V RobotUsbManagerCombining: FTDI driver failed to open USB device with serial number (embedded) (returned null device)
11-07 10:38:25.458  3254  3336 V SerialPortNative: [SerialPort.cpp:150] opened(/dev/ttyS1): fd=93
11-07 10:38:25.453  3254  3254 I pRunnable.run(): type=1400 audit(0.0:227): avc: denied { read } for name="ttyS1" dev="tmpfs" ino=1286 scontext=u:r:untrusted_app:s0:c512,c768 tcontext=u:object_r:serial_device:s0 tclass=chr_file permissive=1
11-07 10:38:25.458  3254  3336 V RobotUsbDeviceTTY: opening serial=(embedded) file=/dev/ttyS1
11-07 10:38:25.459  3254  3336 V LynxUsb : armDevice() serial=(embedded)...
11-07 10:38:25.459  3254  3336 V LynxUsb : resetDevice() serial=(embedded)
11-07 10:38:25.460  3254  3336 V LynxModule: resetting embedded usb device: isPresent: was=true
11-07 10:38:25.453  3254  3254 I pRunnable.run(): type=1400 audit(0.0:228): avc: denied { write } for name="ttyS1" dev="tmpfs" ino=1286 scontext=u:r:untrusted_app:s0:c512,c768 tcontext=u:object_r:serial_device:s0 tclass=chr_file permissive=1
11-07 10:38:25.456  3254  3254 I pRunnable.run(): type=1400 audit(0.0:229): avc: denied { open } for path="/dev/ttyS1" dev="tmpfs" ino=1286 scontext=u:r:untrusted_app:s0:c512,c768 tcontext=u:object_r:serial_device:s0 tclass=chr_file permissive=1
11-07 10:38:25.456  3254  3254 I pRunnable.run(): type=1400 audit(0.0:230): avc: denied { ioctl } for path="/dev/ttyS1" dev="tmpfs" ino=1286 ioctlcmd=5401 scontext=u:r:untrusted_app:s0:c512,c768 tcontext=u:object_r:serial_device:s0 tclass=chr_file permissive=1
11-07 10:38:25.470  3254  3374 V Robocol : sending CMD_NOTIFY_USER_DEVICE_LIST(15), attempt: 0
11-07 10:38:25.472  3254  3374 V Robocol : sending CMD_ROBOT_CONTROLLER_PREFERENCE(16), attempt: 0
11-07 10:38:25.472  3254  3374 V Robocol : sending CMD_NOTIFY_OP_MODE_LIST(17), attempt: 0
11-07 10:38:25.473  3254  3374 V Robocol : sending CMD_ROBOT_CONTROLLER_PREFERENCE(18), attempt: 0
11-07 10:38:25.474  3254  3374 V Robocol : sending CMD_ROBOT_CONTROLLER_PREFERENCE(19), attempt: 0
11-07 10:38:25.475  3254  3374 V Robocol : sending CMD_ROBOT_CONTROLLER_PREFERENCE(20), attempt: 0
11-07 10:38:25.476  3254  3374 V Robocol : sending CMD_ROBOT_CONTROLLER_PREFERENCE(21), attempt: 0
11-07 10:38:25.476  3254  3374 V Robocol : sending CMD_ROBOT_CONTROLLER_PREFERENCE(23), attempt: 0
11-07 10:38:25.477  3254  3374 V Robocol : sending CMD_ROBOT_CONTROLLER_PREFERENCE(24), attempt: 0
11-07 10:38:25.478  3254  3374 V Robocol : sending CMD_ROBOT_CONTROLLER_PREFERENCE(25), attempt: 0
11-07 10:38:25.479  3254  3374 V Robocol : sending CMD_ROBOT_CONTROLLER_PREFERENCE(26), attempt: 0
11-07 10:38:25.480  3254  3374 V Robocol : sending CMD_ROBOT_CONTROLLER_PREFERENCE(27), attempt: 0
11-07 10:38:25.485  3254  3373 V EventLoopManager: Setting authoritative wall clock based on connected DS.
11-07 10:38:25.486  3254  3373 D Uvc     : [time.cpp:64] Java_org_firstinspires_ftc_robotcore_internal_system_AppUtil_nativeSetCurrentTimeMillis()...
11-07 10:38:25.483  3254  3373 I JniTime : [time.cpp:83] settimeofday() succeeded
11-07 10:38:25.483  3254  3373 D Uvc     : [time.cpp:64] ...Java_org_firstinspires_ftc_robotcore_internal_system_AppUtil_nativeSetCurrentTimeMillis()
11-07 10:38:25.485  3254  3373 V AppUtil : attempted to set timezone: before=America/Chicago after=America/Chicago
11-07 10:38:25.488  3254  3371 V Robocol : received command: CMD_REQUEST_ACTIVE_CONFIG(10001) 
11-07 10:38:25.489  3254  3377 V SoundInfo: construct(0x07950613)
11-07 10:38:25.490  3254  3371 V Robocol : received command: CMD_REQUEST_USER_DEVICE_TYPES(10002) 
11-07 10:38:25.492  3254  3371 V Robocol : received command: CMD_REQUEST_OP_MODE_LIST(10003) 
11-07 10:38:25.493  3254  3371 V Robocol : received command: CMD_ROBOT_CONTROLLER_PREFERENCE(10004) {"booleanValue":true,"prefName":"pref_ds_supports_5_ghz"}
11-07 10:38:25.494  3254  3371 V Robocol : received command: CMD_ROBOT_CONTROLLER_PREFERENCE(10005) {"intValue":21,"prefName":"pref_dh_os_version_code"}
11-07 10:38:25.499  3254  3376 E WVMExtractor: Failed to open libwvm.so: dlopen failed: "/system/vendor/lib64/libwvm.so" is 32-bit instead of 64-bit
11-07 10:38:25.515  3254  3376 I MediaCodec: callingProcessName:com.qualcomm.ftcrobotcontroller
11-07 10:38:25.519  3254  3385 I ACodec  : onAllocateComponent:6752 mSoftCodecPref:0 componentName:
11-07 10:38:25.520  3254  3385 I ACodec  : onAllocateComponent:6783 mSoftCodecPref:0 componentName:OMX.google.raw.decoder
11-07 10:38:25.552  3254  3304 D SoundPlayer: onLoadComplete(samp=1|ms=757, samp=1)=0
11-07 10:38:25.554  3254  3377 W AudioTrack: AUDIO_OUTPUT_FLAG_FAST denied by client; transfer 4, track 48000 Hz, output 44100 Hz
11-07 10:38:25.559  3254  3377 D SoundPlayer: playing volume=0.000000 samp=1|ms=757
11-07 10:38:25.586  3254  3374 V Robocol : sending CMD_PLAY_SOUND(46), attempt: 0
11-07 10:38:25.627  3254  3374 V Robocol : sending CMD_NOTIFY_ROBOT_STATE(7), attempt: 1
11-07 10:38:25.628  3254  3374 V Robocol : sending CMD_NOTIFY_ROBOT_STATE(8), attempt: 1
11-07 10:38:25.629  3254  3374 V Robocol : sending CMD_NOTIFY_ROBOT_STATE(9), attempt: 1
11-07 10:38:25.631  3254  3374 V Robocol : sending CMD_NOTIFY_ACTIVE_CONFIGURATION(11), attempt: 1
11-07 10:38:25.667  3254  3374 V Robocol : sending CMD_NOTIFY_USER_DEVICE_LIST(14), attempt: 1
11-07 10:38:25.813  3254  3336 V LynxUsb : ...done armDevice()
11-07 10:38:25.813  3254  3389 V RobotCore: thread: 'lynx incoming datagrams' starting...
11-07 10:38:25.813  3254  3336 V LynxUsb : 0x087daa5a on 0x04917d02: new delegate to [(embedded)]
11-07 10:38:25.821  3254  3336 V LynxUsb : addConfiguredModule() module#=173
11-07 10:38:25.822  3254  3336 V LynxModule: pingAndQueryKnownInterfaces mod=173
11-07 10:38:25.824  3254  3389 V LynxUsb : synchronization gained: serial=(embedded)
11-07 10:38:25.847  3254  3336 V LynxModule: mod#=173 queryInterface(DEKA)=54 commands starting at 4096
11-07 10:38:25.859  3254  3336 V LynxModule: sending LynxFtdiResetControlCommand(true) wasInterrupted=false
11-07 10:38:25.864  3254  3336 V LynxModule: sendLEDPatternSteps(): steps=[Step(color=65280, msDuration=1000)]
11-07 10:38:25.870  3254  3336 V LynxModule: setAsControlHubEmbeddedModule(mod=173)
11-07 10:38:25.870  3254  3336 V EmbeddedControlHubModule: setting embedded module
11-07 10:38:25.870  3254  3336 V LynxModule: sending LynxFtdiResetControlCommand(false) wasInterrupted=false
11-07 10:38:25.873  3254  3336 V LynxModule: close(#173)
11-07 10:38:25.875  3254  3336 V LynxUsb : Verified that the embedded Control Hub module has the correct address
11-07 10:38:25.877  3254  3336 V LynxUsb : addConfiguredModule() module#=173
11-07 10:38:25.878  3254  3336 V LynxModule: pingAndQueryKnownInterfaces mod=173
11-07 10:38:25.893  3254  3336 V LynxModule: mod#=173 queryInterface(DEKA)=54 commands starting at 4096
11-07 10:38:25.902  3254  3336 V LynxModule: sending LynxFtdiResetControlCommand(true) wasInterrupted=false
11-07 10:38:25.906  3254  3336 V LynxModule: sendLEDPatternSteps(): steps=[Step(color=65280, msDuration=1000)]
11-07 10:38:25.910  3254  3336 V LynxModule: setAsControlHubEmbeddedModule(mod=173)
11-07 10:38:25.910  3254  3336 V EmbeddedControlHubModule: setting embedded module
11-07 10:38:25.910  3254  3336 I RobotCore: LynxFirmwareVersionManager: LynxI2cDeviceSynchV2
11-07 10:38:25.911  3254  3336 V LynxI2cDeviceSynch: initializeHardware() mod#=173
11-07 10:38:25.912  3254  3336 V BHI260IMU: Suppressing I2C warnings while we check for a BHI260AP IMU
11-07 10:38:25.916  3254  3336 V BHI260IMU: No BHI260AP IMU found
11-07 10:38:25.916  3254  3336 V LynxModule: sending LynxFtdiResetControlCommand(false) wasInterrupted=false
11-07 10:38:25.918  3254  3336 V LynxModule: close(#173)
11-07 10:38:25.919  3254  3336 V HardwareFactory: createHardwareMap()
11-07 10:38:25.920  3254  3336 V EmbeddedControlHubModule: clearing embedded module
11-07 10:38:25.931  3254  3336 V ReadXMLFileHandler: embedded lynx USB device is already present
11-07 10:38:25.932  3254  3336 V RobotCore: Creating REV Robotics USB Expansion Hub Portal [(embedded)]
11-07 10:38:25.932  3254  3336 V LynxUsb : using existing [(embedded)]: 0x04917d02
11-07 10:38:25.932  3254  3336 V LynxUsb : 0x03a0547a on 0x04917d02: new delegate to [(embedded)]
11-07 10:38:25.933  3254  3336 V RobotCore: Creating Lynx Module - mod=173 parent=true
11-07 10:38:25.934  3254  3336 V RobotCore: Creating Lynx Module - mod=2 parent=false
11-07 10:38:25.936  3254  3336 V LynxUsb : addConfiguredModule() module#=173
11-07 10:38:25.936  3254  3336 V LynxModule: pingAndQueryKnownInterfaces mod=173
11-07 10:38:25.948  3254  3336 V LynxModule: mod#=173 queryInterface(DEKA)=54 commands starting at 4096
11-07 10:38:25.955  3254  3336 V LynxModule: sending LynxFtdiResetControlCommand(true) wasInterrupted=false
11-07 10:38:25.960  3254  3336 V LynxModule: sendLEDPatternSteps(): steps=[Step(color=65280, msDuration=1000)]
11-07 10:38:25.962  3254  3395 V LynxModule: received status: LynxGetModuleStatusResponse(status=0x02 alerts=0x00: Reset)
11-07 10:38:25.963  3254  3395 W HubPowerCycle: Expansion Hub 173 regained power after a complete power loss. No user Op Mode was running.
11-07 10:38:25.963  3254  3395 V LynxModule: resendCurrentPattern()
11-07 10:38:25.963  3254  3395 V LynxModule: sendLEDPatternSteps(): steps=[Step(color=65280, msDuration=1000)]
11-07 10:38:25.966  3254  3336 V LynxModule: setAsControlHubEmbeddedModule(mod=173)
