11-05 12:58:53.949   988  1378 E LynxModule: 	at java.util.concurrent.ThreadPoolExecutor.runWorker(ThreadPoolExecutor.java:1133)
11-05 12:58:53.949   988  1378 E LynxModule: 	at java.util.concurrent.ThreadPoolExecutor$Worker.run(ThreadPoolExecutor.java:607)
11-05 12:58:53.950   988  1378 E LynxModule: 	at com.qualcomm.robotcore.util.ThreadPool$ThreadFactoryImpl$1.run(ThreadPool.java:793)
11-05 12:58:53.950   988  1378 E LynxModule: 	at java.lang.Thread.run(Thread.java:761)
11-05 12:58:53.951   988  1378 W LynxModule: Attempted use of a closed LynxModule instance
11-05 12:58:53.952   988  1378 E LynxModule: java.lang.RuntimeException
11-05 12:58:53.953   988  1378 E LynxModule: 	at com.qualcomm.hardware.lynx.LynxModule.warnIfClosed(LynxModule.java:500)
11-05 12:58:53.953   988  1378 E LynxModule: 	at com.qualcomm.hardware.lynx.LynxModule.isNotResponding(LynxModule.java:492)
11-05 12:58:53.954   988  1378 E LynxModule: 	at com.qualcomm.hardware.lynx.LynxModuleWarningManager$UnresponsiveStatus.conditionCurrentlyTrue(LynxModuleWarningManager.java:236)
11-05 12:58:53.955   988  1378 E LynxModule: 	at com.qualcomm.hardware.lynx.LynxModuleWarningManager$ConditionStatus.hasChangedSinceLastCheck(LynxModuleWarningManager.java:224)
11-05 12:58:53.955   988  1378 E LynxModule: 	at com.qualcomm.hardware.lynx.LynxModuleWarningManager$LynxModuleWarningSource.getGlobalWarning(LynxModuleWarningManager.java:278)
11-05 12:58:53.956   988  1378 E LynxModule: 	at com.qualcomm.robotcore.util.RobotLog.getGlobalWarningMessage(RobotLog.java:454)
11-05 12:58:53.957   988  1378 E LynxModule: 	at com.qualcomm.robotcore.eventloop.EventLoopManager.refreshSystemTelemetry(EventLoopManager.java:388)
11-05 12:58:53.958   988  1378 E LynxModule: 	at com.qualcomm.robotcore.eventloop.EventLoopManager.packetReceived(EventLoopManager.java:236)
11-05 12:58:53.958   988  1378 E LynxModule: 	at org.firstinspires.ftc.robotcore.internal.network.NetworkConnectionHandler$RecvLoopCallbackChainer.packetReceived(NetworkConnectionHandler.java:746)
11-05 12:58:53.959   988  1378 E LynxModule: 	at org.firstinspires.ftc.robotcore.internal.network.RecvLoopRunnable$PacketProcessor.run(RecvLoopRunnable.java:106)
11-05 12:58:53.959   988  1378 E LynxModule: 	at java.util.concurrent.ThreadPoolExecutor.runWorker(ThreadPoolExecutor.java:1133)
11-05 12:58:53.960   988  1378 E LynxModule: 	at java.util.concurrent.ThreadPoolExecutor$Worker.run(ThreadPoolExecutor.java:607)
11-05 12:58:53.961   988  1378 E LynxModule: 	at com.qualcomm.robotcore.util.ThreadPool$ThreadFactoryImpl$1.run(ThreadPool.java:793)
11-05 12:58:53.961   988  1378 E LynxModule: 	at java.lang.Thread.run(Thread.java:761)
11-05 12:58:53.962   988  1378 W LynxModule: Attempted use of a closed LynxModule instance
11-05 12:58:53.962   988  1378 E LynxModule: java.lang.RuntimeException
11-05 12:58:53.963   988  1378 E LynxModule: 	at com.qualcomm.hardware.lynx.LynxModule.warnIfClosed(LynxModule.java:500)
11-05 12:58:53.964   988  1378 E LynxModule: 	at com.qualcomm.hardware.lynx.LynxModule.isNotResponding(LynxModule.java:492)
11-05 12:58:53.965   988  1378 E LynxModule: 	at com.qualcomm.hardware.lynx.LynxModuleWarningManager$UnresponsiveStatus.conditionCurrentlyTrue(LynxModuleWarningManager.java:236)
11-05 12:58:53.965   988  1378 E LynxModule: 	at com.qualcomm.hardware.lynx.LynxModuleWarningManager$ConditionStatus.hasChangedSinceLastCheck(LynxModuleWarningManager.java:224)
11-05 12:58:53.966   988  1378 E LynxModule: 	at com.qualcomm.hardware.lynx.LynxModuleWarningManager$LynxModuleWarningSource.getGlobalWarning(LynxModuleWarningManager.java:278)
11-05 12:58:53.966   988  1378 E LynxModule: 	at com.qualcomm.robotcore.util.RobotLog.getGlobalWarningMessage(RobotLog.java:454)
11-05 12:58:53.967   988  1378 E LynxModule: 	at com.qualcomm.robotcore.eventloop.EventLoopManager.refreshSystemTelemetry(EventLoopManager.java:388)
11-05 12:58:53.968   988  1378 E LynxModule: 	at com.qualcomm.robotcore.eventloop.EventLoopManager.packetReceived(EventLoopManager.java:236)
11-05 12:58:53.968   988  1378 E LynxModule: 	at org.firstinspires.ftc.robotcore.internal.network.NetworkConnectionHandler$RecvLoopCallbackChainer.packetReceived(NetworkConnectionHandler.java:746)
11-05 12:58:53.969   988  1378 E LynxModule: 	at org.firstinspires.ftc.robotcore.internal.network.RecvLoopRunnable$PacketProcessor.run(RecvLoopRunnable.java:106)
11-05 12:58:53.969   988  1378 E LynxModule: 	at java.util.concurrent.ThreadPoolExecutor.runWorker(ThreadPoolExecutor.java:1133)
11-05 12:58:53.970   988  1378 E LynxModule: 	at java.util.concurrent.ThreadPoolExecutor$Worker.run(ThreadPoolExecutor.java:607)
11-05 12:58:53.971   988  1378 E LynxModule: 	at com.qualcomm.robotcore.util.ThreadPool$ThreadFactoryImpl$1.run(ThreadPool.java:793)
11-05 12:58:53.971   988  1378 E LynxModule: 	at java.lang.Thread.run(Thread.java:761)
11-05 12:58:53.972   988  1378 W LynxModule: Attempted use of a closed LynxModule instance
11-05 12:58:53.972   988  1378 E LynxModule: java.lang.RuntimeException
11-05 12:58:53.973   988  1378 E LynxModule: 	at com.qualcomm.hardware.lynx.LynxModule.warnIfClosed(LynxModule.java:500)
11-05 12:58:53.974   988  1378 E LynxModule: 	at com.qualcomm.hardware.lynx.LynxModule.isNotResponding(LynxModule.java:492)
11-05 12:58:53.975   988  1378 E LynxModule: 	at com.qualcomm.hardware.lynx.LynxModuleWarningManager$UnresponsiveStatus.conditionCurrentlyTrue(LynxModuleWarningManager.java:236)
11-05 12:58:53.975   988  1378 E LynxModule: 	at com.qualcomm.hardware.lynx.LynxModuleWarningManager$ConditionStatus.hasChangedSinceLastCheck(LynxModuleWarningManager.java:224)
11-05 12:58:53.976   988  1378 E LynxModule: 	at com.qualcomm.hardware.lynx.LynxModuleWarningManager$LynxModuleWarningSource.getGlobalWarning(LynxModuleWarningManager.java:278)
11-05 12:58:53.977   988  1378 E LynxModule: 	at com.qualcomm.robotcore.util.RobotLog.getGlobalWarningMessage(RobotLog.java:454)
11-05 12:58:53.977   988  1378 E LynxModule: 	at com.qualcomm.robotcore.eventloop.EventLoopManager.refreshSystemTelemetry(EventLoopManager.java:388)
11-05 12:58:53.978   988  1378 E LynxModule: 	at com.qualcomm.robotcore.eventloop.EventLoopManager.packetReceived(EventLoopManager.java:236)
11-05 12:58:53.979   988  1378 E LynxModule: 	at org.firstinspires.ftc.robotcore.internal.network.NetworkConnectionHandler$RecvLoopCallbackChainer.packetReceived(NetworkConnectionHandler.java:746)
11-05 12:58:53.979   988  1378 E LynxModule: 	at org.firstinspires.ftc.robotcore.internal.network.RecvLoopRunnable$PacketProcessor.run(RecvLoopRunnable.java:106)
11-05 12:58:53.980   988  1378 E LynxModule: 	at java.util.concurrent.ThreadPoolExecutor.runWorker(ThreadPoolExecutor.java:1133)
11-05 12:58:53.980   988  1378 E LynxModule: 	at java.util.concurrent.ThreadPoolExecutor$Worker.run(ThreadPoolExecutor.java:607)
11-05 12:58:53.981   988  1378 E LynxModule: 	at com.qualcomm.robotcore.util.ThreadPool$ThreadFactoryImpl$1.run(ThreadPool.java:793)
11-05 12:58:53.981   988  1378 E LynxModule: 	at java.lang.Thread.run(Thread.java:761)
11-05 12:58:53.982   988  1378 W LynxModule: Attempted use of a closed LynxModule instance
11-05 12:58:53.984   988  1378 E LynxModule: java.lang.RuntimeException
11-05 12:58:53.985   988  1378 E LynxModule: 	at com.qualcomm.hardware.lynx.LynxModule.warnIfClosed(LynxModule.java:500)
11-05 12:58:53.985   988  1378 E LynxModule: 	at com.qualcomm.hardware.lynx.LynxModule.isNotResponding(LynxModule.java:492)
11-05 12:58:53.986   988  1378 E LynxModule: 	at com.qualcomm.hardware.lynx.LynxModuleWarningManager$UnresponsiveStatus.conditionCurrentlyTrue(LynxModuleWarningManager.java:236)
11-05 12:58:53.987   988  1378 E LynxModule: 	at com.qualcomm.hardware.lynx.LynxModuleWarningManager$ConditionStatus.hasChangedSinceLastCheck(LynxModuleWarningManager.java:224)
11-05 12:58:53.988   988  1378 E LynxModule: 	at com.qualcomm.hardware.lynx.LynxModuleWarningManager$LynxModuleWarningSource.getGlobalWarning(LynxModuleWarningManager.java:278)
11-05 12:58:53.988   988  1378 E LynxModule: 	at com.qualcomm.robotcore.util.RobotLog.getGlobalWarningMessage(RobotLog.java:454)
11-05 12:58:53.989   988  1378 E LynxModule: 	at com.qualcomm.robotcore.eventloop.EventLoopManager.refreshSystemTelemetry(EventLoopManager.java:388)
11-05 12:58:53.989   988  1378 E LynxModule: 	at com.qualcomm.robotcore.eventloop.EventLoopManager.packetReceived(EventLoopManager.java:236)
11-05 12:58:53.990   988  1378 E LynxModule: 	at org.firstinspires.ftc.robotcore.internal.network.NetworkConnectionHandler$RecvLoopCallbackChainer.packetReceived(NetworkConnectionHandler.java:746)
11-05 12:58:53.990   988  1378 E LynxModule: 	at org.firstinspires.ftc.robotcore.internal.network.RecvLoopRunnable$PacketProcessor.run(RecvLoopRunnable.java:106)
11-05 12:58:53.991   988  1378 E LynxModule: 	at java.util.concurrent.ThreadPoolExecutor.runWorker(ThreadPoolExecutor.java:1133)
11-05 12:58:53.992   988  1378 E LynxModule: 	at java.util.concurrent.ThreadPoolExecutor$Worker.run(ThreadPoolExecutor.java:607)
11-05 12:58:53.992   988  1378 E LynxModule: 	at com.qualcomm.robotcore.util.ThreadPool$ThreadFactoryImpl$1.run(ThreadPool.java:793)
11-05 12:58:53.993   988  1378 E LynxModule: 	at java.lang.Thread.run(Thread.java:761)
11-05 12:58:54.022   988  1380 W LynxModule: Attempted use of a closed LynxModule instance
11-05 12:58:54.022   988  1380 E LynxModule: java.lang.RuntimeException
11-05 12:58:54.023   988  1380 E LynxModule: 	at com.qualcomm.hardware.lynx.LynxModule.warnIfClosed(LynxModule.java:500)
11-05 12:58:54.023   988  1380 E LynxModule: 	at com.qualcomm.hardware.lynx.LynxModule.isNotResponding(LynxModule.java:492)
11-05 12:58:54.024   988  1380 E LynxModule: 	at com.qualcomm.hardware.lynx.LynxModuleWarningManager$UnresponsiveStatus.conditionCurrentlyTrue(LynxModuleWarningManager.java:236)
11-05 12:58:54.025   988  1380 E LynxModule: 	at com.qualcomm.hardware.lynx.LynxModuleWarningManager$ConditionStatus.hasChangedSinceLastCheck(LynxModuleWarningManager.java:224)
11-05 12:58:54.025   988  1380 E LynxModule: 	at com.qualcomm.hardware.lynx.LynxModuleWarningManager$LynxModuleWarningSource.getGlobalWarning(LynxModuleWarningManager.java:278)
11-05 12:58:54.026   988  1380 E LynxModule: 	at com.qualcomm.robotcore.util.RobotLog.getGlobalWarningMessage(RobotLog.java:454)
11-05 12:58:54.026   988  1380 E LynxModule: 	at com.qualcomm.robotcore.eventloop.EventLoopManager.refreshSystemTelemetry(EventLoopManager.java:388)
11-05 12:58:54.027   988  1380 E LynxModule: 	at com.qualcomm.robotcore.eventloop.EventLoopManager.packetReceived(EventLoopManager.java:236)
11-05 12:58:54.028   988  1380 E LynxModule: 	at org.firstinspires.ftc.robotcore.internal.network.NetworkConnectionHandler$RecvLoopCallbackChainer.packetReceived(NetworkConnectionHandler.java:746)
11-05 12:58:54.028   988  1380 E LynxModule: 	at org.firstinspires.ftc.robotcore.internal.network.RecvLoopRunnable$1.run(RecvLoopRunnable.java:249)
11-05 12:58:54.029   988  1380 E LynxModule: 	at com.qualcomm.robotcore.util.ThreadPool.logThreadLifeCycle(ThreadPool.java:737)
11-05 12:58:54.029   988  1380 E LynxModule: 	at org.firstinspires.ftc.robotcore.internal.network.RecvLoopRunnable.run(RecvLoopRunnable.java:210)
11-05 12:58:54.030   988  1380 E LynxModule: 	at java.util.concurrent.ThreadPoolExecutor.runWorker(ThreadPoolExecutor.java:1133)
11-05 12:58:54.031   988  1380 E LynxModule: 	at java.util.concurrent.ThreadPoolExecutor$Worker.run(ThreadPoolExecutor.java:607)
11-05 12:58:54.031   988  1380 E LynxModule: 	at com.qualcomm.robotcore.util.ThreadPool$ThreadFactoryImpl$1.run(ThreadPool.java:793)
11-05 12:58:54.032   988  1380 E LynxModule: 	at java.lang.Thread.run(Thread.java:761)
11-05 12:58:54.093   988  1378 W LynxModule: Attempted use of a closed LynxModule instance
11-05 12:58:54.094   988  1378 E LynxModule: java.lang.RuntimeException
11-05 12:58:54.094   988  1378 E LynxModule: 	at com.qualcomm.hardware.lynx.LynxModule.warnIfClosed(LynxModule.java:500)
11-05 12:58:54.095   988  1378 E LynxModule: 	at com.qualcomm.hardware.lynx.LynxModule.isNotResponding(LynxModule.java:492)
11-05 12:58:54.096   988  1378 E LynxModule: 	at com.qualcomm.hardware.lynx.LynxModuleWarningManager$UnresponsiveStatus.conditionCurrentlyTrue(LynxModuleWarningManager.java:236)
11-05 12:58:54.096   988  1378 E LynxModule: 	at com.qualcomm.hardware.lynx.LynxModuleWarningManager$ConditionStatus.hasChangedSinceLastCheck(LynxModuleWarningManager.java:224)
11-05 12:58:54.097   988  1378 E LynxModule: 	at com.qualcomm.hardware.lynx.LynxModuleWarningManager$LynxModuleWarningSource.getGlobalWarning(LynxModuleWarningManager.java:278)
11-05 12:58:54.098   988  1378 E LynxModule: 	at com.qualcomm.robotcore.util.RobotLog.getGlobalWarningMessage(RobotLog.java:454)
11-05 12:58:54.098   988  1378 E LynxModule: 	at com.qualcomm.robotcore.eventloop.EventLoopManager.refreshSystemTelemetry(EventLoopManager.java:388)
11-05 12:58:54.098   988  1378 E LynxModule: 	at com.qualcomm.robotcore.eventloop.EventLoopManager.packetReceived(EventLoopManager.java:236)
11-05 12:58:54.099   988  1378 E LynxModule: 	at org.firstinspires.ftc.robotcore.internal.network.NetworkConnectionHandler$RecvLoopCallbackChainer.packetReceived(NetworkConnectionHandler.java:746)
11-05 12:58:54.100   988  1378 E LynxModule: 	at org.firstinspires.ftc.robotcore.internal.network.RecvLoopRunnable$PacketProcessor.run(RecvLoopRunnable.java:106)
11-05 12:58:54.100   988  1378 E LynxModule: 	at java.util.concurrent.ThreadPoolExecutor.runWorker(ThreadPoolExecutor.java:1133)
11-05 12:58:54.101   988  1378 E LynxModule: 	at java.util.concurrent.ThreadPoolExecutor$Worker.run(ThreadPoolExecutor.java:607)
11-05 12:58:54.101   988  1378 E LynxModule: 	at com.qualcomm.robotcore.util.ThreadPool$ThreadFactoryImpl$1.run(ThreadPool.java:793)
11-05 12:58:54.102   988  1378 E LynxModule: 	at java.lang.Thread.run(Thread.java:761)
11-05 12:58:54.142   988  1380 W LynxModule: Attempted use of a closed LynxModule instance
11-05 12:58:54.142   988  1380 E LynxModule: java.lang.RuntimeException
11-05 12:58:54.143   988  1380 E LynxModule: 	at com.qualcomm.hardware.lynx.LynxModule.warnIfClosed(LynxModule.java:500)
11-05 12:58:54.144   988  1380 E LynxModule: 	at com.qualcomm.hardware.lynx.LynxModule.isNotResponding(LynxModule.java:492)
11-05 12:58:54.145   988  1380 E LynxModule: 	at com.qualcomm.hardware.lynx.LynxModuleWarningManager$UnresponsiveStatus.conditionCurrentlyTrue(LynxModuleWarningManager.java:236)
11-05 12:58:54.145   988  1380 E LynxModule: 	at com.qualcomm.hardware.lynx.LynxModuleWarningManager$ConditionStatus.hasChangedSinceLastCheck(LynxModuleWarningManager.java:224)
11-05 12:58:54.146   988  1380 E LynxModule: 	at com.qualcomm.hardware.lynx.LynxModuleWarningManager$LynxModuleWarningSource.getGlobalWarning(LynxModuleWarningManager.java:278)
11-05 12:58:54.146   988  1380 E LynxModule: 	at com.qualcomm.robotcore.util.RobotLog.getGlobalWarningMessage(RobotLog.java:454)
11-05 12:58:54.147   988  1380 E LynxModule: 	at com.qualcomm.robotcore.eventloop.EventLoopManager.refreshSystemTelemetry(EventLoopManager.java:388)
11-05 12:58:54.148   988  1380 E LynxModule: 	at com.qualcomm.robotcore.eventloop.EventLoopManager.packetReceived(EventLoopManager.java:236)
11-05 12:58:54.148   988  1380 E LynxModule: 	at org.firstinspires.ftc.robotcore.internal.network.NetworkConnectionHandler$RecvLoopCallbackChainer.packetReceived(NetworkConnectionHandler.java:746)
11-05 12:58:54.149   988  1380 E LynxModule: 	at org.firstinspires.ftc.robotcore.internal.network.RecvLoopRunnable$1.run(RecvLoopRunnable.java:249)
11-05 12:58:54.150   988  1380 E LynxModule: 	at com.qualcomm.robotcore.util.ThreadPool.logThreadLifeCycle(ThreadPool.java:737)
11-05 12:58:54.150   988  1380 E LynxModule: 	at org.firstinspires.ftc.robotcore.internal.network.RecvLoopRunnable.run(RecvLoopRunnable.java:210)
11-05 12:58:54.151   988  1380 E LynxModule: 	at java.util.concurrent.ThreadPoolExecutor.runWorker(ThreadPoolExecutor.java:1133)
11-05 12:58:54.151   988  1380 E LynxModule: 	at java.util.concurrent.ThreadPoolExecutor$Worker.run(ThreadPoolExecutor.java:607)
11-05 12:58:54.151   988  1380 E LynxModule: 	at com.qualcomm.robotcore.util.ThreadPool$ThreadFactoryImpl$1.run(ThreadPool.java:793)
11-05 12:58:54.152   988  1380 E LynxModule: 	at java.lang.Thread.run(Thread.java:761)
11-05 12:58:54.170   988  1127 V LynxUsb : ...done armDevice()
11-05 12:58:54.171   988  1127 V LynxUsb : 0x0a01f15f on 0x06dc7576: new delegate to [(embedded)]
11-05 12:58:54.171   988  1666 V RobotCore: thread: 'lynx incoming datagrams' starting...
11-05 12:58:54.172   988  1127 V LynxUsb : addConfiguredModule() module#=173
11-05 12:58:54.172   988  1127 V LynxModule: pingAndQueryKnownInterfaces mod=173
11-05 12:58:54.174   988  1666 V LynxUsb : synchronization gained: serial=(embedded)
11-05 12:58:54.182   988  1127 V LynxModule: mod#=173 queryInterface(DEKA)=54 commands starting at 4096
11-05 12:58:54.189   988  1127 V LynxModule: sending LynxFtdiResetControlCommand(true) wasInterrupted=false
11-05 12:58:54.192   988  1127 V LynxModule: sendLEDPatternSteps(): steps=[Step(color=65280, msDuration=1000)]
11-05 12:58:54.195   988  1127 V LynxModule: setAsControlHubEmbeddedModule(mod=173)
11-05 12:58:54.195   988  1127 V EmbeddedControlHubModule: setting embedded module
11-05 12:58:54.195   988  1127 V LynxModule: sending LynxFtdiResetControlCommand(false) wasInterrupted=false
11-05 12:58:54.197   988  1127 V LynxModule: close(#173)
11-05 12:58:54.198   988  1127 V LynxUsb : Verified that the embedded Control Hub module has the correct address
11-05 12:58:54.198   988  1127 V HardwareFactory: createHardwareMap()
11-05 12:58:54.198   988  1127 V EmbeddedControlHubModule: clearing embedded module
11-05 12:58:54.207   988  1127 V ReadXMLFileHandler: embedded lynx USB device is already present
11-05 12:58:54.207   988  1127 V RobotCore: Creating REV Robotics USB Expansion Hub Portal [(embedded)]
11-05 12:58:54.208   988  1127 V LynxUsb : using existing [(embedded)]: 0x06dc7576
11-05 12:58:54.208   988  1127 V LynxUsb : 0x017e447b on 0x06dc7576: new delegate to [(embedded)]
11-05 12:58:54.208   988  1127 V RobotCore: Creating Lynx Module - mod=173 parent=true
11-05 12:58:54.210   988  1127 V RobotCore: Creating Lynx Module - mod=2 parent=false
11-05 12:58:54.211   988  1127 V LynxUsb : addConfiguredModule() module#=173
11-05 12:58:54.211   988  1127 V LynxModule: pingAndQueryKnownInterfaces mod=173
11-05 12:58:54.221   988  1127 V LynxModule: mod#=173 queryInterface(DEKA)=54 commands starting at 4096
11-05 12:58:54.227   988  1127 V LynxModule: sending LynxFtdiResetControlCommand(true) wasInterrupted=false
11-05 12:58:54.231   988  1127 V LynxModule: sendLEDPatternSteps(): steps=[Step(color=65280, msDuration=1000)]
11-05 12:58:54.233   988  1668 V LynxModule: received status: LynxGetModuleStatusResponse(status=0x02 alerts=0x00: Reset)
11-05 12:58:54.233   988  1668 W HubPowerCycle: Expansion Hub 173 regained power after a complete power loss. No user Op Mode was running.
11-05 12:58:54.233   988  1668 V LynxModule: resendCurrentPattern()
11-05 12:58:54.234   988  1668 V LynxModule: sendLEDPatternSteps(): steps=[Step(color=65280, msDuration=1000)]
11-05 12:58:54.237   988  1127 V LynxModule: setAsControlHubEmbeddedModule(mod=173)
11-05 12:58:54.237   988  1127 V EmbeddedControlHubModule: setting embedded module
11-05 12:58:54.238   988  1127 V LynxUsb : addConfiguredModule() module#=2
11-05 12:58:54.238   988  1127 V LynxModule: pingAndQueryKnownInterfaces mod=2
11-05 12:58:54.251   988  1127 V LynxModule: mod#=2 queryInterface(DEKA)=54 commands starting at 4096
11-05 12:58:54.257   988  1127 V LynxModule: sending LynxFtdiResetControlCommand(true) wasInterrupted=false
11-05 12:58:54.262   988  1380 W LynxModule: Attempted use of a closed LynxModule instance
11-05 12:58:54.262   988  1380 E LynxModule: java.lang.RuntimeException
11-05 12:58:54.263   988  1380 E LynxModule: 	at com.qualcomm.hardware.lynx.LynxModule.warnIfClosed(LynxModule.java:500)
11-05 12:58:54.264   988  1380 E LynxModule: 	at com.qualcomm.hardware.lynx.LynxModule.isNotResponding(LynxModule.java:492)
11-05 12:58:54.265   988  1669 V LynxModule: received status: LynxGetModuleStatusResponse(status=0x05 alerts=0x00: KeepAliveTimeout|FailSafe)
11-05 12:58:54.266   988  1669 V LynxModule: resendCurrentPattern()
11-05 12:58:54.266   988  1669 V LynxModule: sendLEDPatternSteps(): steps=[]
11-05 12:58:54.266   988  1380 E LynxModule: 	at com.qualcomm.hardware.lynx.LynxModuleWarningManager$UnresponsiveStatus.conditionCurrentlyTrue(LynxModuleWarningManager.java:236)
11-05 12:58:54.266   988  1380 E LynxModule: 	at com.qualcomm.hardware.lynx.LynxModuleWarningManager$ConditionStatus.hasChangedSinceLastCheck(LynxModuleWarningManager.java:224)
11-05 12:58:54.268   988  1380 E LynxModule: 	at com.qualcomm.hardware.lynx.LynxModuleWarningManager$LynxModuleWarningSource.getGlobalWarning(LynxModuleWarningManager.java:278)
11-05 12:58:54.268   988  1127 V LynxModule: sendLEDPatternSteps(): steps=[Step(color=65280, msDuration=4500), Step(color=0, msDuration=500), Step(color=255, msDuration=500), Step(color=0, msDuration=500), Step(color=255, msDuration=500), Step(color=0, msDuration=500)]
11-05 12:58:54.269   988  1380 E LynxModule: 	at com.qualcomm.robotcore.util.RobotLog.getGlobalWarningMessage(RobotLog.java:454)
11-05 12:58:54.269   988  1380 E LynxModule: 	at com.qualcomm.robotcore.eventloop.EventLoopManager.refreshSystemTelemetry(EventLoopManager.java:388)
11-05 12:58:54.271   988  1380 E LynxModule: 	at com.qualcomm.robotcore.eventloop.EventLoopManager.packetReceived(EventLoopManager.java:236)
11-05 12:58:54.271   988  1380 E LynxModule: 	at org.firstinspires.ftc.robotcore.internal.network.NetworkConnectionHandler$RecvLoopCallbackChainer.packetReceived(NetworkConnectionHandler.java:746)
11-05 12:58:54.273   988  1380 E LynxModule: 	at org.firstinspires.ftc.robotcore.internal.network.RecvLoopRunnable$1.run(RecvLoopRunnable.java:249)
11-05 12:58:54.273   988  1380 E LynxModule: 	at com.qualcomm.robotcore.util.ThreadPool.logThreadLifeCycle(ThreadPool.java:737)
11-05 12:58:54.274   988  1380 E LynxModule: 	at org.firstinspires.ftc.robotcore.internal.network.RecvLoopRunnable.run(RecvLoopRunnable.java:210)
11-05 12:58:54.275   988  1380 E LynxModule: 	at java.util.concurrent.ThreadPoolExecutor.runWorker(ThreadPoolExecutor.java:1133)
11-05 12:58:54.276   988  1380 E LynxModule: 	at java.util.concurrent.ThreadPoolExecutor$Worker.run(ThreadPoolExecutor.java:607)
11-05 12:58:54.277   988  1380 E LynxModule: 	at com.qualcomm.robotcore.util.ThreadPool$ThreadFactoryImpl$1.run(ThreadPool.java:793)
11-05 12:58:54.277   988  1380 E LynxModule: 	at java.lang.Thread.run(Thread.java:761)
11-05 12:58:54.279   988  1127 V LynxMotor: initializeHardware() mod#=173
11-05 12:58:54.311   988  1127 V RobotCore: DcMotorImpl(type=goBILDA5202SeriesMotor)
11-05 12:58:54.311   988  1127 V RobotCore: DcMotorImpl(type=goBILDA5202SeriesMotor)
11-05 12:58:54.312   988  1127 V RobotCore: DcMotorImpl(type=goBILDA5202SeriesMotor)
11-05 12:58:54.312   988  1127 V RobotCore: DcMotorImpl(type=goBILDA5202SeriesMotor)
11-05 12:58:54.313   988  1127 V LynxServoController: initializeHardware() mod#=173
11-05 12:58:54.335   988  1127 V LynxVoltageSensor: initializeHardware() mod#=173
11-05 12:58:54.335   988  1127 V LynxAnalogInputController: initializeHardware() mod#=173
11-05 12:58:54.337   988  1127 V LynxDigitalChannelController: initializeHardware() mod#=173
11-05 12:58:54.350   988  1127 V RobotCore: Creating user sensor REV internal IMU (BNO055) - on Lynx module=173 bus=0
11-05 12:58:54.350   988  1127 V RobotCore: Creating I2cDeviceSynch (Lynx) - mod=173 bus=0
11-05 12:58:54.350   988  1127 I RobotCore: LynxFirmwareVersionManager: LynxI2cDeviceSynchV2
11-05 12:58:54.351   988  1127 V LynxI2cDeviceSynch: initializeHardware() mod#=173
11-05 12:58:54.351   988  1127 V RobotCore: Creating user sensor REV 2M Distance Sensor - on Lynx module=173 bus=1
11-05 12:58:54.352   988  1127 V RobotCore: Creating I2cDeviceSynch (Lynx) - mod=173 bus=1
11-05 12:58:54.352   988  1127 I RobotCore: LynxFirmwareVersionManager: LynxI2cDeviceSynchV2
11-05 12:58:54.352   988  1127 V LynxI2cDeviceSynch: initializeHardware() mod#=173
11-05 12:58:54.353   988  1127 V RobotCore: Creating user sensor REV Color Sensor V3 - on Lynx module=173 bus=2
11-05 12:58:54.353   988  1127 I RobotCore: LynxFirmwareVersionManager: LynxI2cDeviceSynchV2
11-05 12:58:54.354   988  1127 V LynxI2cDeviceSynch: initializeHardware() mod#=173
11-05 12:58:54.354   988  1127 I I2C     : Automatically initializing I2C device RevColorSensorV3 USB (embedded); module 173; bus 2; addr7=0x00
11-05 12:58:54.355   988  1127 V BroadcomColorSensorImpl: internalInitialize()...
11-05 12:58:54.363   988  1127 V BroadcomColorSensorImpl: state: 07 37 20 1d 42 01 c2 
11-05 12:58:54.363   988  1127 V BroadcomColorSensorImpl: setGain(0x01)
11-05 12:58:54.369   988  1127 V BroadcomColorSensorImpl: setLEDParameters(0x37)
11-05 12:58:54.372   988  1127 V BroadcomColorSensorImpl: setProximityPulseCount(0x20)
11-05 12:58:54.376   988  1127 V BroadcomColorSensorImpl: setPSMeasRate(0x1d)
11-05 12:58:54.379   988  1127 V BroadcomColorSensorImpl: setLSMeasRate(0x42)
11-05 12:58:54.382   988  1380 W LynxModule: Attempted use of a closed LynxModule instance
11-05 12:58:54.383   988  1380 E LynxModule: java.lang.RuntimeException
11-05 12:58:54.384   988  1380 E LynxModule: 	at com.qualcomm.hardware.lynx.LynxModule.warnIfClosed(LynxModule.java:500)
11-05 12:58:54.385   988  1380 E LynxModule: 	at com.qualcomm.hardware.lynx.LynxModule.isNotResponding(LynxModule.java:492)
11-05 12:58:54.386   988  1380 E LynxModule: 	at com.qualcomm.hardware.lynx.LynxModuleWarningManager$UnresponsiveStatus.conditionCurrentlyTrue(LynxModuleWarningManager.java:236)
11-05 12:58:54.387   988  1380 E LynxModule: 	at com.qualcomm.hardware.lynx.LynxModuleWarningManager$ConditionStatus.hasChangedSinceLastCheck(LynxModuleWarningManager.java:224)
11-05 12:58:54.388   988  1380 E LynxModule: 	at com.qualcomm.hardware.lynx.LynxModuleWarningManager$LynxModuleWarningSource.getGlobalWarning(LynxModuleWarningManager.java:278)
11-05 12:58:54.389   988  1380 E LynxModule: 	at com.qualcomm.robotcore.util.RobotLog.getGlobalWarningMessage(RobotLog.java:454)
11-05 12:58:54.389   988  1127 V BroadcomColorSensorImpl: enable() enabled=0x07...
11-05 12:58:54.390   988  1380 E LynxModule: 	at com.qualcomm.robotcore.eventloop.EventLoopManager.refreshSystemTelemetry(EventLoopManager.java:388)
11-05 12:58:54.391   988  1380 E LynxModule: 	at com.qualcomm.robotcore.eventloop.EventLoopManager.packetReceived(EventLoopManager.java:236)
11-05 12:58:54.392   988  1380 E LynxModule: 	at org.firstinspires.ftc.robotcore.internal.network.NetworkConnectionHandler$RecvLoopCallbackChainer.packetReceived(NetworkConnectionHandler.java:746)
11-05 12:58:54.393   988  1380 E LynxModule: 	at org.firstinspires.ftc.robotcore.internal.network.RecvLoopRunnable$1.run(RecvLoopRunnable.java:249)
11-05 12:58:54.394   988  1380 E LynxModule: 	at com.qualcomm.robotcore.util.ThreadPool.logThreadLifeCycle(ThreadPool.java:737)
11-05 12:58:54.395   988  1380 E LynxModule: 	at org.firstinspires.ftc.robotcore.internal.network.RecvLoopRunnable.run(RecvLoopRunnable.java:210)
11-05 12:58:54.396   988  1380 E LynxModule: 	at java.util.concurrent.ThreadPoolExecutor.runWorker(ThreadPoolExecutor.java:1133)
11-05 12:58:54.396   988  1127 V BroadcomColorSensorImpl: ...enable() enabled=0x07
11-05 12:58:54.397   988  1380 E LynxModule: 	at java.util.concurrent.ThreadPoolExecutor$Worker.run(ThreadPoolExecutor.java:607)
11-05 12:58:54.398   988  1380 E LynxModule: 	at com.qualcomm.robotcore.util.ThreadPool$ThreadFactoryImpl$1.run(ThreadPool.java:793)
11-05 12:58:54.399   988  1380 E LynxModule: 	at java.lang.Thread.run(Thread.java:761)
11-05 12:58:54.401   988  1127 V BroadcomColorSensorImpl: state: 07 37 20 1d 42 01 c2 
11-05 12:58:54.401   988  1127 V BroadcomColorSensorImpl: ...internalInitialize()
11-05 12:58:54.402   988  1127 V LynxMotor: initializeHardware() mod#=2
11-05 12:58:54.451   988  1127 V RobotCore: DcMotorImpl(type=goBILDA5202SeriesMotor)
11-05 12:58:54.452   988  1127 V RobotCore: DcMotorImpl(type=goBILDA5202SeriesMotor)
11-05 12:58:54.452   988  1127 V LynxServoController: initializeHardware() mod#=2
11-05 12:58:54.484   988  1127 V LynxVoltageSensor: initializeHardware() mod#=2
11-05 12:58:54.484   988  1127 V LynxAnalogInputController: initializeHardware() mod#=2
11-05 12:58:54.485   988  1127 V LynxDigitalChannelController: initializeHardware() mod#=2
11-05 12:58:54.502   988  1380 W LynxModule: Attempted use of a closed LynxModule instance
11-05 12:58:54.503   988  1380 E LynxModule: java.lang.RuntimeException
11-05 12:58:54.504   988  1380 E LynxModule: 	at com.qualcomm.hardware.lynx.LynxModule.warnIfClosed(LynxModule.java:500)
11-05 12:58:54.505   988  1380 E LynxModule: 	at com.qualcomm.hardware.lynx.LynxModule.isNotResponding(LynxModule.java:492)
11-05 12:58:54.506   988  1380 E LynxModule: 	at com.qualcomm.hardware.lynx.LynxModuleWarningManager$UnresponsiveStatus.conditionCurrentlyTrue(LynxModuleWarningManager.java:236)
11-05 12:58:54.508   988  1380 E LynxModule: 	at com.qualcomm.hardware.lynx.LynxModuleWarningManager$ConditionStatus.hasChangedSinceLastCheck(LynxModuleWarningManager.java:224)
11-05 12:58:54.508   988  1380 E LynxModule: 	at com.qualcomm.hardware.lynx.LynxModuleWarningManager$LynxModuleWarningSource.getGlobalWarning(LynxModuleWarningManager.java:278)
11-05 12:58:54.509   988  1127 I RobotCore: ========= Device Information ===================================================
11-05 12:58:54.509   988  1127 I RobotCore: Type                                               Name                           Connection
11-05 12:58:54.510   988  1380 E LynxModule: 	at com.qualcomm.robotcore.util.RobotLog.getGlobalWarningMessage(RobotLog.java:454)
11-05 12:58:54.510   988  1127 I RobotCore: Motor                                              LeftSlider                     USB (embedded); module 2; port 1
11-05 12:58:54.511   988  1127 I RobotCore: Rev Color Sensor v3                                ColorSensor                    USB (embedded); module 173; bus 2; addr7=0x52
11-05 12:58:54.511   988  1380 E LynxModule: 	at com.qualcomm.robotcore.eventloop.EventLoopManager.refreshSystemTelemetry(EventLoopManager.java:388)
11-05 12:58:54.512   988  1127 I RobotCore: Motor                                              RightSlider                    USB (embedded); module 2; port 0
11-05 12:58:54.512   988  1380 E LynxModule: 	at com.qualcomm.robotcore.eventloop.EventLoopManager.packetReceived(EventLoopManager.java:236)
11-05 12:58:54.512   988  1127 I RobotCore: REV Robotics USB Expansion Hub Portal              Control Hub Portal             USB (embedded)
11-05 12:58:54.513   988  1127 I RobotCore: Motor                                              FrontLeft                      USB (embedded); module 173; port 0
11-05 12:58:54.514   988  1127 I RobotCore: Motor                                              BackRight                      USB (embedded); module 173; port 3
11-05 12:58:54.514   988  1380 E LynxModule: 	at org.firstinspires.ftc.robotcore.internal.network.NetworkConnectionHandler$RecvLoopCallbackChainer.packetReceived(NetworkConnectionHandler.java:746)
11-05 12:58:54.514   988  1127 I RobotCore: Expansion Hub DC Motor Controller                  Expansion Hub 2                USB (embedded); module 2
11-05 12:58:54.515   988  1380 E LynxModule: 	at org.firstinspires.ftc.robotcore.internal.network.RecvLoopRunnable$1.run(RecvLoopRunnable.java:249)
11-05 12:58:54.515   988  1127 I RobotCore: Expansion Hub Servo Controller                     Expansion Hub 2                USB (embedded); module 2
11-05 12:58:54.516   988  1127 I RobotCore: Expansion Hub Voltage Sensor                       Expansion Hub 2                USB (embedded); module 2
11-05 12:58:54.516   988  1380 E LynxModule: 	at com.qualcomm.robotcore.util.ThreadPool.logThreadLifeCycle(ThreadPool.java:737)
11-05 12:58:54.516   988  1127 I RobotCore: Expansion Hub Analog Input Controller              Expansion Hub 2                USB (embedded); module 2
11-05 12:58:54.517   988  1380 E LynxModule: 	at org.firstinspires.ftc.robotcore.internal.network.RecvLoopRunnable.run(RecvLoopRunnable.java:210)
11-05 12:58:54.517   988  1127 I RobotCore: Expansion Hub Digital Channel Controller           Expansion Hub 2                USB (embedded); module 2
11-05 12:58:54.518   988  1380 E LynxModule: 	at java.util.concurrent.ThreadPoolExecutor.runWorker(ThreadPoolExecutor.java:1133)
11-05 12:58:54.519   988  1380 E LynxModule: 	at java.util.concurrent.ThreadPoolExecutor$Worker.run(ThreadPoolExecutor.java:607)
11-05 12:58:54.520   988  1380 E LynxModule: 	at com.qualcomm.robotcore.util.ThreadPool$ThreadFactoryImpl$1.run(ThreadPool.java:793)
11-05 12:58:54.521   988  1380 E LynxModule: 	at java.lang.Thread.run(Thread.java:761)
11-05 12:58:54.522   988  1127 I RobotCore: Expansion Hub (HW: 20, Maj: 1, Min: 8, Eng: 2)     Expansion Hub 2                USB (embedded); module 2
11-05 12:58:54.523   988  1127 I RobotCore: REV 2M ToF Distance Sensor                         DistanceSensor                 USB (embedded); module 173; bus 1; addr7=0x29
11-05 12:58:54.523   988  1127 I RobotCore: REV internal IMU (BNO055)                          imu                            USB (embedded); module 173; bus 0; addr7=0x00
11-05 12:58:54.524   988  1127 I RobotCore: Expansion Hub DC Motor Controller                  Control Hub                    USB (embedded); module 173
11-05 12:58:54.524   988  1127 I RobotCore: Expansion Hub Servo Controller                     Control Hub                    USB (embedded); module 173
11-05 12:58:54.525   988  1127 I RobotCore: Expansion Hub Voltage Sensor                       Control Hub                    USB (embedded); module 173
11-05 12:58:54.526   988  1127 I RobotCore: Expansion Hub Analog Input Controller              Control Hub                    USB (embedded); module 173
11-05 12:58:54.526   988  1127 I RobotCore: Expansion Hub Digital Channel Controller           Control Hub                    USB (embedded); module 173
11-05 12:58:54.530   988  1127 I RobotCore: Expansion Hub (HW: 20, Maj: 1, Min: 8, Eng: 2)     Control Hub                    USB (embedded); module 173
11-05 12:58:54.531   988  1127 I RobotCore: Servo                                              ClawServo                      USB (embedded); module 173; port 0
11-05 12:58:54.531   988  1127 I RobotCore: Motor                                              FrontRight                     USB (embedded); module 173; port 1
11-05 12:58:54.532   988  1127 I RobotCore: Motor                                              BackLeft                       USB (embedded); module 173; port 2
11-05 12:58:54.532   988  1127 I RobotCore: Servo                                              ArmServo                       USB (embedded); module 173; port 1
11-05 12:58:54.535   988  1127 I RobotCore: LynxFirmwareVersionManager: LynxI2cDeviceSynchV2
11-05 12:58:54.536   988  1127 V LynxI2cDeviceSynch: initializeHardware() mod#=173
11-05 12:58:54.536   988  1127 V BNO055  : Suppressing I2C warnings while we check for a BNO055 IMU
11-05 12:58:54.540   988  1127 V BNO055  : Found BNO055 IMU
11-05 12:58:54.545   988  1127 I RobotCore: LynxFirmwareVersionManager: LynxI2cDeviceSynchV2
11-05 12:58:54.546   988  1127 V LynxI2cDeviceSynch: initializeHardware() mod#=2
11-05 12:58:54.546   988  1127 V BNO055  : Suppressing I2C warnings while we check for a BNO055 IMU
11-05 12:58:54.551   988  1127 V BNO055  : Found BNO055 IMU
11-05 12:58:54.560   988  1127 V LynxUsb : 0x0a01f15f on 0x06dc7576: releasing delegate to [(embedded)]
11-05 12:58:54.561   988  1127 I FtcEventLoop: ======= INIT FINISH =======
11-05 12:58:54.561   988  1127 V RobotCore: EventLoopManager state is RUNNING
11-05 12:58:54.561   988  1127 V RobotCore: Robot Status: running, starting robot
11-05 12:58:54.563   988  1127 V RobotCore: Robot Status: running
11-05 12:58:54.565   988  1385 D SoundPlayer: playing volume=0.000000 samp=2|ms=4506
11-05 12:58:54.567   988  1127 V RobotCore: thread: ...terminating 'RobotSetupRunnable.run()'
11-05 12:58:54.568   988  1670 V RobotCore: thread: 'opmode loop()' starting...
11-05 12:58:54.577   988  1382 V Robocol : sending CMD_NOTIFY_ROBOT_STATE(371), attempt: 0
11-05 12:58:54.578   988  1382 V Robocol : sending CMD_PLAY_SOUND(372), attempt: 0
11-05 12:58:54.579   988  1382 V Robocol : sending CMD_SHOW_TOAST(373), attempt: 0
11-05 12:58:55.079   988  1670 I RobotCore: Attempting to switch to op mode $Stop$Robot$
11-05 12:58:55.137   988  1382 V Robocol : sending CMD_NOTIFY_INIT_OP_MODE(385), attempt: 0
11-05 12:59:52.468   988  1378 V Robocol : received command: CMD_INIT_OP_MODE(11098) $Stop$Robot$
11-05 12:59:52.482   988  1670 I RobotCore: Attempting to switch to op mode $Stop$Robot$
11-05 12:59:52.537   988  1382 V Robocol : sending CMD_NOTIFY_INIT_OP_MODE(1164), attempt: 0
11-05 13:00:20.548   988  1378 V Robocol : received command: CMD_INIT_OP_MODE(11479) $Stop$Robot$
11-05 13:00:20.559   988  1670 I RobotCore: Attempting to switch to op mode $Stop$Robot$
11-05 13:00:20.617   988  1382 V Robocol : sending CMD_NOTIFY_INIT_OP_MODE(1548), attempt: 0
11-05 13:00:35.912   988  1378 V Robocol : received command: CMD_SET_MATCH_NUMBER(11690) 0
11-05 13:00:35.913   988  1378 V Robocol : received command: CMD_INIT_OP_MODE(11691) AutonomousRight
11-05 13:00:35.936   988  1379 I RobotCore: ******************** START - OPMODE AutonomousRight ********************
11-05 13:00:35.941   988  1670 I RobotCore: Attempting to switch to op mode AutonomousRight
11-05 13:00:36.120   988  1804 V RobotCore: thread: 'LinearOpMode main' starting...
11-05 13:00:36.122   988  1804 I I2C     : Automatically initializing I2C device LynxEmbeddedIMU USB (embedded); module 173; bus 0; addr7=0x00
11-05 13:00:36.123   988  1804 I I2C     : Automatically initializing I2C device Rev2mDistanceSensor USB (embedded); module 173; bus 1; addr7=0x29
11-05 13:00:36.124   988  1804 D STMicroVL53L0X: : Checking to see if it's really a VL53L0X sensor...
11-05 13:00:36.128   988  1804 D STMicroVL53L0X: : Reg 0xC0 = ee (should be 0xEE)
11-05 13:00:36.132   988  1804 D STMicroVL53L0X: : Reg 0xC1 = aa (should be 0xAA)
11-05 13:00:36.135   988  1804 D STMicroVL53L0X: : Reg 0xC2 = 10 (should be 0x10)
11-05 13:00:36.137   988  1382 V Robocol : sending CMD_NOTIFY_INIT_OP_MODE(1767), attempt: 0
11-05 13:00:36.139   988  1804 D STMicroVL53L0X: : Reg 0x51 = 0 (should be 0x0099)
11-05 13:00:36.143   988  1804 D STMicroVL53L0X: : Reg 0x61 = 0 (should be 0x0000)
11-05 13:00:36.168   988  1804 D STMicroVL53L0X: : initial sig rate lim (MCPS) 0.000000
11-05 13:00:36.173   988  1804 D STMicroVL53L0X: : adjusted sig rate lim (MCPS) 0.250000
11-05 13:00:36.433   988  1804 I I2C     : Automatically initializing I2C device RevColorSensorV3 USB (embedded); module 173; bus 2; addr7=0x52
11-05 13:00:36.434   988  1804 V BroadcomColorSensorImpl: internalInitialize()...
11-05 13:00:36.442   988  1804 V BroadcomColorSensorImpl: state: 07 37 20 1d 42 01 c2 
11-05 13:00:36.442   988  1804 V BroadcomColorSensorImpl: setGain(0x01)
11-05 13:00:36.446   988  1804 V BroadcomColorSensorImpl: setLEDParameters(0x37)
11-05 13:00:36.450   988  1804 V BroadcomColorSensorImpl: setProximityPulseCount(0x20)
11-05 13:00:36.454   988  1804 V BroadcomColorSensorImpl: setPSMeasRate(0x1d)
11-05 13:00:36.457   988  1804 V BroadcomColorSensorImpl: setLSMeasRate(0x42)
11-05 13:00:36.464   988  1804 V BroadcomColorSensorImpl: enable() enabled=0x07...
11-05 13:00:36.471   988  1804 V BroadcomColorSensorImpl: ...enable() enabled=0x07
11-05 13:00:36.476   988  1804 V BroadcomColorSensorImpl: state: 07 37 20 1d 42 01 c2 
11-05 13:00:36.476   988  1804 V BroadcomColorSensorImpl: ...internalInitialize()
11-05 13:00:36.571   988  1804 V BNO055  : Suppressing I2C warnings while we check for a BNO055 IMU
11-05 13:00:36.575   988  1804 V BNO055  : Found BNO055 IMU
11-05 13:00:36.989   988  1378 V Robocol : received command: CMD_RUN_OP_MODE(11711) AutonomousRight
11-05 13:00:37.018   988  1382 V Robocol : sending CMD_NOTIFY_RUN_OP_MODE(1780), attempt: 0
11-05 13:00:37.052   988  1804 V IMU     : Now polling until IMU comes out of reset. It is normal to see I2C failures below
11-05 13:00:37.056   988  1804 V RobotCore: addr=false data=true arb=false clock=false
11-05 13:00:37.057   988  1804 E LynxI2cDeviceSynch: readStatusQuery: cbExpected=1 cbRead=0
11-05 13:00:37.057   988  1804 E LynxI2cDeviceSynch: placeholder: readStatusQuery
11-05 13:00:37.122   988  1804 V RobotCore: addr=false data=true arb=false clock=false
11-05 13:00:37.122   988  1804 E LynxI2cDeviceSynch: readStatusQuery: cbExpected=1 cbRead=0
11-05 13:00:37.287   988  1804 V IMU     : IMU has come out of reset. No more I2C failures should occur.
11-05 13:00:45.516  1816  1816 I ps      : type=1400 audit(0.0:128): avc: denied { getattr } for path="/proc/1" dev="proc" ino=7177 scontext=u:r:untrusted_app:s0:c512,c768 tcontext=u:r:init:s0 tclass=dir permissive=1
11-05 13:00:45.516  1816  1816 I ps      : type=1400 audit(0.0:129): avc: denied { search } for name="1" dev="proc" ino=7177 scontext=u:r:untrusted_app:s0:c512,c768 tcontext=u:r:init:s0 tclass=dir permissive=1
11-05 13:00:45.516  1816  1816 I ps      : type=1400 audit(0.0:130): avc: denied { read } for name="cmdline" dev="proc" ino=9222 scontext=u:r:untrusted_app:s0:c512,c768 tcontext=u:r:init:s0 tclass=file permissive=1
11-05 13:00:45.516  1816  1816 I ps      : type=1400 audit(0.0:131): avc: denied { open } for path="/proc/1/cmdline" dev="proc" ino=9222 scontext=u:r:untrusted_app:s0:c512,c768 tcontext=u:r:init:s0 tclass=file permissive=1
11-05 13:00:45.516  1816  1816 I ps      : type=1400 audit(0.0:132): avc: denied { getattr } for path="/proc/2" dev="proc" ino=8098 scontext=u:r:untrusted_app:s0:c512,c768 tcontext=u:r:kernel:s0 tclass=dir permissive=1
11-05 13:00:45.516  1816  1816 I ps      : type=1400 audit(0.0:133): avc: denied { search } for name="2" dev="proc" ino=8098 scontext=u:r:untrusted_app:s0:c512,c768 tcontext=u:r:kernel:s0 tclass=dir permissive=1
11-05 13:00:45.516  1816  1816 I ps      : type=1400 audit(0.0:134): avc: denied { read } for name="cmdline" dev="proc" ino=10246 scontext=u:r:untrusted_app:s0:c512,c768 tcontext=u:r:kernel:s0 tclass=file permissive=1
11-05 13:00:45.516  1816  1816 I ps      : type=1400 audit(0.0:135): avc: denied { open } for path="/proc/2/cmdline" dev="proc" ino=10246 scontext=u:r:untrusted_app:s0:c512,c768 tcontext=u:r:kernel:s0 tclass=file permissive=1
11-05 13:00:45.668   988  1378 V Robocol : received command: CMD_INIT_OP_MODE(11828) $Stop$Robot$
11-05 13:00:45.677   988  1379 I RobotCore: ******************** STOP - OPMODE /storage/emulated/0/FIRST/matchlogs/Match-0-AutonomousRight.txt ********************
11-05 13:00:45.683   988  1823 I RobotCore: saving match logcat to /storage/emulated/0/FIRST/matchlogs/Match-0-AutonomousRight.txt
11-05 13:00:45.683   988  1823 I RobotCore: logging command line: exec logcat -d -T '11-5 13:0:35.000' -f '/storage/emulated/0/FIRST/matchlogs/Match-0-AutonomousRight.txt' -n4 -v threadtime UsbRequestJNI:S UsbRequest:S art:W ThreadPool:W System:W ExtendedExtractor:W OMXClient:W MediaPlayer:W dalvikvm:W  *:V
11-05 13:00:45.684   988  1804 E LynxI2cDeviceSynch: placeholder: readTimestamped
11-05 13:00:45.692   988  1804 D LinearOpModeHelper: User runOpModeMethod exited
11-05 13:00:45.692  1824  1824 I sh      : type=1400 audit(0.0:136): avc: denied { read } for name="/" dev="rootfs" ino=1 scontext=u:r:untrusted_app:s0:c512,c768 tcontext=u:object_r:rootfs:s0 tclass=dir permissive=1
11-05 13:00:45.692  1824  1824 I sh      : type=1400 audit(0.0:137): avc: denied { open } for path="/" dev="rootfs" ino=1 scontext=u:r:untrusted_app:s0:c512,c768 tcontext=u:object_r:rootfs:s0 tclass=dir permissive=1
11-05 13:00:45.697   988  1670 I RobotCore: Attempting to switch to op mode $Stop$Robot$
11-05 13:00:45.723   988  1823 I RobotCore: Done running exec logcat -d -T '11-5 13:0:35.000' -f '/storage/emulated/0/FIRST/matchlogs/Match-0-AutonomousRight.txt' -n4 -v threadtime UsbRequestJNI:S UsbRequest:S art:W ThreadPool:W System:W ExtendedExtractor:W OMXClient:W MediaPlayer:W dalvikvm:W  *:V
11-05 13:00:45.723   988  1823 I RobotCore: exiting match logcat for /storage/emulated/0/FIRST/matchlogs/Match-0-AutonomousRight.txt
11-05 13:00:45.737   988  1382 V Robocol : sending CMD_NOTIFY_INIT_OP_MODE(1899), attempt: 0
11-05 13:00:45.748   988  1378 V Robocol : received command: CMD_RUN_OP_MODE(11834) $Stop$Robot$
11-05 13:00:45.778   988  1382 V Robocol : sending CMD_NOTIFY_RUN_OP_MODE(1905), attempt: 0
11-05 13:00:46.628   988  1378 V Robocol : received command: CMD_INIT_OP_MODE(11851) $Stop$Robot$
11-05 13:00:46.638   988  1670 I RobotCore: Attempting to switch to op mode $Stop$Robot$
11-05 13:00:46.697   988  1382 V Robocol : sending CMD_NOTIFY_INIT_OP_MODE(1923), attempt: 0
11-05 13:00:46.788   988  1378 V Robocol : received command: CMD_RUN_OP_MODE(11857) $Stop$Robot$
11-05 13:00:46.818   988  1382 V Robocol : sending CMD_NOTIFY_RUN_OP_MODE(1929), attempt: 0
11-05 13:00:51.588   988  1378 V Robocol : received command: CMD_SET_MATCH_NUMBER(11927) 0
11-05 13:00:51.589   988  1378 V Robocol : received command: CMD_INIT_OP_MODE(11928) AutonomousRight
11-05 13:00:51.607   988  1379 I RobotCore: ******************** START - OPMODE AutonomousRight ********************
11-05 13:00:51.610   988  1670 I RobotCore: Attempting to switch to op mode AutonomousRight
11-05 13:00:51.794   988  1836 V RobotCore: thread: 'LinearOpMode main' starting...
11-05 13:00:51.796   988  1836 I I2C     : Automatically initializing I2C device LynxEmbeddedIMU USB (embedded); module 173; bus 0; addr7=0x28
11-05 13:00:51.797   988  1836 I I2C     : Automatically initializing I2C device Rev2mDistanceSensor USB (embedded); module 173; bus 1; addr7=0x29
11-05 13:00:51.797   988  1836 D STMicroVL53L0X: : Checking to see if it's really a VL53L0X sensor...
11-05 13:00:51.802   988  1836 D STMicroVL53L0X: : Reg 0xC0 = ee (should be 0xEE)
11-05 13:00:51.805   988  1836 D STMicroVL53L0X: : Reg 0xC1 = aa (should be 0xAA)
11-05 13:00:51.809   988  1836 D STMicroVL53L0X: : Reg 0xC2 = 10 (should be 0x10)
11-05 13:00:51.812   988  1836 D STMicroVL53L0X: : Reg 0x51 = 0 (should be 0x0099)
11-05 13:00:51.816   988  1836 D STMicroVL53L0X: : Reg 0x61 = 0 (should be 0x0000)
11-05 13:00:51.817   988  1382 V Robocol : sending CMD_NOTIFY_INIT_OP_MODE(2007), attempt: 0
11-05 13:00:51.839   988  1836 D STMicroVL53L0X: : initial sig rate lim (MCPS) 0.250000
11-05 13:00:51.845   988  1836 D STMicroVL53L0X: : adjusted sig rate lim (MCPS) 0.250000
11-05 13:00:52.087   988  1836 I I2C     : Automatically initializing I2C device RevColorSensorV3 USB (embedded); module 173; bus 2; addr7=0x52
11-05 13:00:52.087   988  1836 V BroadcomColorSensorImpl: internalInitialize()...
11-05 13:00:52.097   988  1836 V BroadcomColorSensorImpl: state: 07 37 20 1d 42 01 c2 
11-05 13:00:52.098   988  1836 V BroadcomColorSensorImpl: setGain(0x01)
11-05 13:00:52.104   988  1836 V BroadcomColorSensorImpl: setLEDParameters(0x37)
11-05 13:00:52.108   988  1836 V BroadcomColorSensorImpl: setProximityPulseCount(0x20)
11-05 13:00:52.112   988  1836 V BroadcomColorSensorImpl: setPSMeasRate(0x1d)
11-05 13:00:52.115   988  1836 V BroadcomColorSensorImpl: setLSMeasRate(0x42)
11-05 13:00:52.121   988  1836 V BroadcomColorSensorImpl: enable() enabled=0x07...
11-05 13:00:52.128   988  1836 V BroadcomColorSensorImpl: ...enable() enabled=0x07
11-05 13:00:52.132   988  1836 V BroadcomColorSensorImpl: state: 07 37 20 1d 42 01 c2 
11-05 13:00:52.132   988  1836 V BroadcomColorSensorImpl: ...internalInitialize()
11-05 13:00:52.227   988  1836 V BNO055  : Suppressing I2C warnings while we check for a BNO055 IMU
11-05 13:00:52.231   988  1836 V BNO055  : Found BNO055 IMU
11-05 13:00:52.470   988  1378 V Robocol : received command: CMD_RUN_OP_MODE(11946) AutonomousRight
11-05 13:00:52.498   988  1382 V Robocol : sending CMD_NOTIFY_RUN_OP_MODE(2020), attempt: 0
11-05 13:00:52.710   988  1836 V IMU     : Now polling until IMU comes out of reset. It is normal to see I2C failures below
11-05 13:00:52.715   988  1836 V RobotCore: addr=false data=true arb=false clock=false
11-05 13:00:52.715   988  1836 E LynxI2cDeviceSynch: readStatusQuery: cbExpected=1 cbRead=0
11-05 13:00:52.715   988  1836 E LynxI2cDeviceSynch: placeholder: readStatusQuery
11-05 13:00:52.780   988  1836 V RobotCore: addr=false data=true arb=false clock=false
11-05 13:00:52.780   988  1836 E LynxI2cDeviceSynch: readStatusQuery: cbExpected=1 cbRead=0
11-05 13:00:52.945   988  1836 V IMU     : IMU has come out of reset. No more I2C failures should occur.
11-05 13:01:54.312   988  1378 V Robocol : received command: CMD_INIT_OP_MODE(12965) $Stop$Robot$
11-05 13:01:54.322   988  1379 I RobotCore: ******************** STOP - OPMODE /storage/emulated/0/FIRST/matchlogs/Match-0-AutonomousRight.txt ********************
11-05 13:01:54.329   988  1379 I RobotCore: Pruning old match logs: deleting Match-0-POC_-_Vuforia_Localization.txt
11-05 13:01:54.333   988  1904 I RobotCore: saving match logcat to /storage/emulated/0/FIRST/matchlogs/Match-0-AutonomousRight.txt
11-05 13:01:54.333   988  1904 I RobotCore: logging command line: exec logcat -d -T '11-5 13:0:51.000' -f '/storage/emulated/0/FIRST/matchlogs/Match-0-AutonomousRight.txt' -n4 -v threadtime UsbRequestJNI:S UsbRequest:S art:W ThreadPool:W System:W ExtendedExtractor:W OMXClient:W MediaPlayer:W dalvikvm:W  *:V
