11-09 16:25:56.920  4553  4553 V ServiceStarter: started service MediaTransferProtocolMonitorService
11-09 16:25:56.920  4553  4553 V ServiceStarter: attempting to start service OnBotJavaService
11-09 16:25:56.923  4553  4553 V ServiceStarter: started service OnBotJavaService
11-09 16:25:56.923  4553  4553 I PermissionValidatorActivity: All permissions validated.  Starting RobotController
11-09 16:25:56.935  4553  4553 V MTPMonitorService: onCreate()
11-09 16:25:56.935  4553  4553 V MTPMonitorService: onStartCommand() intent=Intent { cmp=com.qualcomm.ftcrobotcontroller/org.firstinspires.ftc.robotcore.internal.files.MediaTransferProtocolMonitorService } flags=0x0 startId=1
11-09 16:25:56.939  4553  4553 V MTPMonitor: observing: /storage/emulated/0
11-09 16:25:57.008  4553  4553 V OnBotJavaService: onCreate()
11-09 16:25:57.009  4553  4553 V OnBotJavaService: onStartCommand() intent=Intent { cmp=com.qualcomm.ftcrobotcontroller/org.firstinspires.ftc.onbotjava.OnBotJavaService } flags=0x0 startId=1
11-09 16:25:57.010  4553  4553 V OnBotJava: OnBotJavaManager::static
11-09 16:25:57.427  4584  4584 I ps      : type=1400 audit(0.0:211): avc: denied { getattr } for path="/proc/1" dev="proc" ino=4847 scontext=u:r:untrusted_app:s0:c512,c768 tcontext=u:r:init:s0 tclass=dir permissive=1
11-09 16:25:57.430  4584  4584 I ps      : type=1400 audit(0.0:212): avc: denied { search } for name="1" dev="proc" ino=4847 scontext=u:r:untrusted_app:s0:c512,c768 tcontext=u:r:init:s0 tclass=dir permissive=1
11-09 16:25:57.430  4584  4584 I ps      : type=1400 audit(0.0:213): avc: denied { read } for name="cmdline" dev="proc" ino=8726 scontext=u:r:untrusted_app:s0:c512,c768 tcontext=u:r:init:s0 tclass=file permissive=1
11-09 16:25:57.430  4584  4584 I ps      : type=1400 audit(0.0:214): avc: denied { open } for path="/proc/1/cmdline" dev="proc" ino=8726 scontext=u:r:untrusted_app:s0:c512,c768 tcontext=u:r:init:s0 tclass=file permissive=1
11-09 16:25:57.433  4584  4584 I ps      : type=1400 audit(0.0:215): avc: denied { search } for name="2" dev="proc" ino=10582 scontext=u:r:untrusted_app:s0:c512,c768 tcontext=u:r:kernel:s0 tclass=dir permissive=1
11-09 16:25:57.433  4584  4584 I ps      : type=1400 audit(0.0:216): avc: denied { getattr } for path="/proc/3" dev="proc" ino=10583 scontext=u:r:untrusted_app:s0:c512,c768 tcontext=u:r:kernel:s0 tclass=dir permissive=1
11-09 16:25:57.453  4584  4584 I ps      : type=1400 audit(0.0:217): avc: denied { read } for name="cmdline" dev="proc" ino=10910 scontext=u:r:untrusted_app:s0:c512,c768 tcontext=u:r:kernel:s0 tclass=file permissive=1
11-09 16:25:57.453  4584  4584 I ps      : type=1400 audit(0.0:218): avc: denied { open } for path="/proc/294/cmdline" dev="proc" ino=10910 scontext=u:r:untrusted_app:s0:c512,c768 tcontext=u:r:kernel:s0 tclass=file permissive=1
11-09 16:25:57.620  4553  4553 V OnBotJava: ctor()...
11-09 16:25:57.623  4553  4553 V OnBotJava: ...ctor()
11-09 16:25:57.628  4553  4553 I PermissionValidatorActivity: Lifecycle onCreate : 9ed69fe
11-09 16:25:57.638  4553  4553 I PermissionValidatorActivity: Lifecycle onStart : 9ed69fe
11-09 16:25:57.638  4553  4553 I PermissionValidator: Checking permission for android.permission.WRITE_EXTERNAL_STORAGE
11-09 16:25:57.640  4553  4553 I PermissionValidator:     Granted: android.permission.WRITE_EXTERNAL_STORAGE
11-09 16:25:57.640  4553  4553 I PermissionValidator: Checking permission for android.permission.READ_EXTERNAL_STORAGE
11-09 16:25:57.641  4553  4553 I PermissionValidator:     Granted: android.permission.READ_EXTERNAL_STORAGE
11-09 16:25:57.641  4553  4553 I PermissionValidator: Checking permission for android.permission.CAMERA
11-09 16:25:57.642  4553  4553 I PermissionValidator:     Granted: android.permission.CAMERA
11-09 16:25:57.642  4553  4553 I PermissionValidator: Checking permission for android.permission.ACCESS_COARSE_LOCATION
11-09 16:25:57.643  4553  4553 I PermissionValidator:     Granted: android.permission.ACCESS_COARSE_LOCATION
11-09 16:25:57.643  4553  4553 I PermissionValidator: Checking permission for android.permission.ACCESS_FINE_LOCATION
11-09 16:25:57.644  4553  4553 I PermissionValidator:     Granted: android.permission.ACCESS_FINE_LOCATION
11-09 16:25:57.644  4553  4553 I PermissionValidator: Checking permission for android.permission.READ_PHONE_STATE
11-09 16:25:57.644  4553  4553 I PermissionValidator:     Granted: android.permission.READ_PHONE_STATE
11-09 16:25:57.646  4553  4553 V ServiceStarter: attempting to start service MediaTransferProtocolMonitorService
11-09 16:25:57.648  4553  4553 V ServiceStarter: started service MediaTransferProtocolMonitorService
11-09 16:25:57.648  4553  4553 V ServiceStarter: attempting to start service OnBotJavaService
11-09 16:25:57.649  4553  4553 V ServiceStarter: started service OnBotJavaService
11-09 16:25:57.650  4553  4553 I PermissionValidatorActivity: All permissions validated.  Starting RobotController
11-09 16:25:57.660  4553  4553 V MTPMonitorService: onStartCommand() intent=Intent { cmp=com.qualcomm.ftcrobotcontroller/org.firstinspires.ftc.robotcore.internal.files.MediaTransferProtocolMonitorService } flags=0x0 startId=2
11-09 16:25:57.666  4553  4553 V MTPMonitor: observing: /storage/emulated/0
11-09 16:25:57.693  4553  4553 W FileObserverManager: upgrading mask: path=/storage/emulated/0/FIRST/java/control old=0x00000ffc new=0x00004ffc: might possibly miss event
11-09 16:25:57.717  4553  4553 V OnBotJavaService: onStartCommand() intent=Intent { cmp=com.qualcomm.ftcrobotcontroller/org.firstinspires.ftc.onbotjava.OnBotJavaService } flags=0x0 startId=2
11-09 16:25:57.717  4553  4553 V OnBotJava: ctor()...
11-09 16:25:57.717  4553  4553 W FileObserverManager: upgrading mask: path=/storage/emulated/0/FIRST/java/control/buildRequest.txt old=0x00000ffc new=0x00000ffe: might possibly miss event
11-09 16:25:57.718  4553  4553 V OnBotJava: ...ctor()
11-09 16:25:57.729  4553  4553 V RCActivity: Permissions validated already
11-09 16:25:57.729  4553  4553 V RCActivity: onCreate()
11-09 16:25:57.731  4553  4553 V RCActivity: rootActivity is of class PermissionValidatorWrapper
11-09 16:25:57.734  4553  4553 V RCActivity: launchActivity is of class class org.firstinspires.ftc.robotcontroller.internal.PermissionValidatorWrapper
11-09 16:25:57.742  4553  4593 V CallbackLooper: thread=126
11-09 16:25:57.746  4553  4553 V NetDiscover_wifiDirectAgent: doStart()...
11-09 16:25:57.753  4553  4553 V NetDiscover_wifiDirectAgent: ...doStart()
11-09 16:25:57.753  4553  4553 V NetDiscover_prefremrc: ----- all preferences -----
11-09 16:25:57.754  4553  4553 V NetDiscover_prefremrc: name='android.permission.READ_PHONE_STATE' value=false
11-09 16:25:57.754  4553  4553 V NetDiscover_prefremrc: name='pref_autostarted_robot_controller' value=true
11-09 16:25:57.754  4553  4553 V NetDiscover_prefremrc: name='pref_warn_about_obsolete_software' value=true
11-09 16:25:57.754  4553  4553 V NetDiscover_prefremrc: name='pref_has_independent_phone_battery' value=false
11-09 16:25:57.754  4553  4553 V NetDiscover_prefremrc: name='android.permission.CAMERA' value=false
11-09 16:25:57.755  4553  4553 V NetDiscover_prefremrc: name='pref_wifip2p_remote_channel_change_works' value=false
11-09 16:25:57.755  4553  4553 V NetDiscover_prefremrc: name='pref_hardware_config_filename' value={"isDirty":false,"location":"LOCAL_STORAGE","name":"Error418Test6dcColor","resourceId":0}
11-09 16:25:57.755  4553  4553 V NetDiscover_prefremrc: name='pref_warn_about_mismatched_app_versions' value=true
11-09 16:25:57.756  4553  4553 V NetDiscover_prefremrc: name='pref_sound_on_off' value=false
11-09 16:25:57.756  4553  4553 V NetDiscover_prefremrc: name='pref_ftc_season_year_of_current_rc_new' value=2022
11-09 16:25:57.756  4553  4553 V NetDiscover_prefremrc: name='App Restrictions' value=AAAAAA==
11-09 16:25:57.756  4553  4553 V NetDiscover_prefremrc:     
11-09 16:25:57.756  4553  4553 V NetDiscover_prefremrc: name='pref_warn_about_incorrect_clocks' value=true
11-09 16:25:57.756  4553  4553 V NetDiscover_prefremrc: name='pref_has_speaker' value=false
11-09 16:25:57.756  4553  4553 V NetDiscover_prefremrc: name='pref_ftc_season_year_of_current_rc' value=2022
11-09 16:25:57.756  4553  4553 V NetDiscover_prefremrc: name='android.permission.ACCESS_COARSE_LOCATION' value=false
11-09 16:25:57.756  4553  4553 V NetDiscover_prefremrc: name='android.permission.WRITE_EXTERNAL_STORAGE' value=false
11-09 16:25:57.756  4553  4553 V NetDiscover_prefremrc: name='pref_connection_owner_password' value=password
11-09 16:25:57.756  4553  4553 V NetDiscover_prefremrc: name='pref_pairing_kind' value=RCWIRELESSAP
11-09 16:25:57.756  4553  4553 V NetDiscover_prefremrc: name='pref_device_name_internal' value=FTC-eE8w
11-09 16:25:57.756  4553  4553 V NetDiscover_prefremrc: name='pref_app_theme' value=red
11-09 16:25:57.757  4553  4553 V NetDiscover_prefremrc: name='android.permission.ACCESS_FINE_LOCATION' value=false
11-09 16:25:57.757  4553  4553 V NetDiscover_prefremrc: name='pref_device_name' value=FTC-eE8w
11-09 16:25:57.757  4553  4553 V NetDiscover_prefremrc: name='pref_warn_about_2_4_ghz_band' value=true
11-09 16:25:57.757  4553  4553 V NetDiscover_prefremrc: name='pref_device_name_tracking' value=WIFIAP
11-09 16:25:57.757  4553  4553 V NetDiscover_prefremrc: name='android.permission.READ_EXTERNAL_STORAGE' value=false
11-09 16:25:57.757  4553  4553 V NetDiscover_prefremrc: name='pref_rc_connected' value=true
11-09 16:25:57.763  4553  4553 V Robocol : SendOnceRunnable created
11-09 16:25:57.765  4553  4553 V NetDiscover_prefremrc: doStart()...
11-09 16:25:57.766  4553  4553 V NetDiscover_prefremrc: ...doStart()
11-09 16:25:57.806  4553  4553 W System  : ClassLoader referenced unknown path: /system/app/webview/lib/arm64
11-09 16:25:57.807  4553  4553 D ApplicationLoaders: ignored Vulkan layer search path /system/app/webview/lib/arm64:/system/app/webview/webview.apk!/lib/arm64-v8a:/system/lib64:/vendor/lib64 for namespace 0x7f48d460f0
11-09 16:25:57.810  4553  4553 I WebViewFactory: Loading com.android.webview version 52.0.2743.100 (code 275610050)
11-09 16:25:57.854  4553  4553 I cr_LibraryLoader: Time to load native libraries: 2 ms (timestamps 7056-7058)
11-09 16:25:57.854  4553  4553 I cr_LibraryLoader: Expected native library version number "52.0.2743.100", actual native library version number "52.0.2743.100"
11-09 16:25:57.869  4553  4553 V WebViewChromiumFactoryProvider: Binding Chromium to main looper Looper (main, tid 1) {6ba683b}
11-09 16:25:57.870  4553  4553 I cr_LibraryLoader: Expected native library version number "52.0.2743.100", actual native library version number "52.0.2743.100"
11-09 16:25:57.870  4553  4553 I chromium: [INFO:library_loader_hooks.cc(143)] Chromium logging enabled: level = 0, default verbosity = 0
11-09 16:25:57.889  4553  4553 I cr_BrowserStartup: Initializing chromium process, singleProcess=true
11-09 16:25:57.913  4553  4553 I mali_so : [File] : hardware/rockchip/driver/./src/base/arch/arch_011_udd/base_arch_main.c; [Line] : 565; [Func] : deal_with_version_affairs_rk_ext;
11-09 16:25:57.913  4553  4553 I mali_so : arm_release_ver of this mali_so is 'r7p0-00rel1', rk_so_ver is '1@2' for 3328h_android_7.1, built at '15:47:51', on 'Jun 28 2017'.
11-09 16:25:57.913  4553  4553 I mali_so : [File] : hardware/rockchip/driver/./src/base/arch/arch_011_udd/base_arch_main.c; [Line] : 578; [Func] : deal_with_version_affairs_rk_ext;
11-09 16:25:57.913  4553  4553 I mali_so : mali_ver_property has been set to 'r7p0-00rel1-5-1@2', to return.
11-09 16:25:57.964  4553  4553 I cr_DRP  : No DRP key due to exception:java.lang.ClassNotFoundException: com.android.webview.chromium.Drp
11-09 16:25:58.008  4553  4553 W cr_AwContents: onDetachedFromWindow called when already detached. Ignoring
11-09 16:25:58.237  4553  4553 W System  : ClassLoader referenced unknown path: 
11-09 16:25:58.273  4553  4553 W ClassManager: com.journeyapps.barcodescanner.ScanContract java.lang.ClassNotFoundException: com.journeyapps.barcodescanner.ScanContract
11-09 16:25:58.277  4553  4553 E ClassManager: java.lang.ClassNotFoundException: com.journeyapps.barcodescanner.ScanContract
11-09 16:25:58.278  4553  4553 E ClassManager: 	at java.lang.Class.classForName(Native Method)
11-09 16:25:58.280  4553  4553 E ClassManager: 	at java.lang.Class.forName(Class.java:400)
11-09 16:25:58.283  4553  4553 E ClassManager: 	at org.firstinspires.ftc.robotcore.internal.opmode.ClassManager.classNamesToClasses(ClassManager.java:215)
11-09 16:25:58.285  4553  4553 E ClassManager: 	at org.firstinspires.ftc.robotcore.internal.opmode.ClassManager.processAllClasses(ClassManager.java:258)
11-09 16:25:58.286  4553  4553 E ClassManager: 	at com.qualcomm.ftccommon.ClassManagerFactory.processAllClasses(ClassManagerFactory.java:94)
11-09 16:25:58.287  4553  4553 E ClassManager: 	at org.firstinspires.ftc.robotcontroller.internal.FtcRobotControllerActivity.onCreate(FtcRobotControllerActivity.java:356)
11-09 16:25:58.288  4553  4553 E ClassManager: 	at android.app.Activity.performCreate(Activity.java:6709)
11-09 16:25:58.289  4553  4553 E ClassManager: 	at android.app.Instrumentation.callActivityOnCreate(Instrumentation.java:1118)
11-09 16:25:58.289  4553  4553 E ClassManager: 	at android.app.ActivityThread.performLaunchActivity(ActivityThread.java:2619)
11-09 16:25:58.289  4553  4553 E ClassManager: 	at android.app.ActivityThread.handleLaunchActivity(ActivityThread.java:2727)
11-09 16:25:58.290  4553  4553 E ClassManager: 	at android.app.ActivityThread.-wrap12(ActivityThread.java)
11-09 16:25:58.291  4553  4553 E ClassManager: 	at android.app.ActivityThread$H.handleMessage(ActivityThread.java:1478)
11-09 16:25:58.292  4553  4553 E ClassManager: 	at android.os.Handler.dispatchMessage(Handler.java:102)
11-09 16:25:58.293  4553  4553 E ClassManager: 	at android.os.Looper.loop(Looper.java:154)
11-09 16:25:58.293  4553  4553 E ClassManager: 	at android.app.ActivityThread.main(ActivityThread.java:6121)
11-09 16:25:58.294  4553  4553 E ClassManager: 	at java.lang.reflect.Method.invoke(Native Method)
11-09 16:25:58.295  4553  4553 E ClassManager: 	at com.android.internal.os.ZygoteInit$MethodAndArgsCaller.run(ZygoteInit.java:905)
11-09 16:25:58.295  4553  4553 E ClassManager: 	at com.android.internal.os.ZygoteInit.main(ZygoteInit.java:795)
11-09 16:25:58.298  4553  4553 E ClassManager: Caused by: java.lang.ClassNotFoundException: Didn't find class "com.journeyapps.barcodescanner.ScanContract" on path: DexPathList[[],nativeLibraryDirectories=[/system/lib64, /vendor/lib64]]
11-09 16:25:58.299  4553  4553 E ClassManager: 	at dalvik.system.BaseDexClassLoader.findClass(BaseDexClassLoader.java:56)
11-09 16:25:58.300  4553  4553 E ClassManager: 	at java.lang.ClassLoader.loadClass(ClassLoader.java:380)
11-09 16:25:58.301  4553  4553 E ClassManager: 	at java.lang.ClassLoader.loadClass(ClassLoader.java:312)
11-09 16:25:58.302  4553  4553 E ClassManager: 	... 18 more
11-09 16:25:59.618  4553  4553 V UpdateUI: Network: inactive, disconnected
11-09 16:25:59.618  4553  4553 V ServiceStarter: attempting to start service FtcRobotControllerWatchdogService
11-09 16:25:59.622  4553  4553 V ServiceStarter: started service FtcRobotControllerWatchdogService
11-09 16:25:59.640  4553  4553 I RobotCore: App info: version=8.0.0 appId=com.qualcomm.ftcrobotcontroller
11-09 16:25:59.640  4553  4553 I RobotCore: Android Device: maker=REV Robotics model=Control Hub v1.0 sdk=25 serial=caade241cd00a884
11-09 16:25:59.640  4553  4553 V AndroidBoard: REV Control Hub contains REV3328
11-09 16:25:59.640  4553  4553 V AndroidBoard: Communicating with embedded REV hub via /dev/ttyS1
11-09 16:25:59.642  4553  4553 V RCActivity: onStart()
11-09 16:25:59.646  4553  4553 V RCActivity: onResume()
11-09 16:25:59.664  4553  4553 V NetDiscover_prefremrc: onSharedPreferenceChanged(name=App Restrictions, value=AAAAAA==
11-09 16:25:59.664  4553  4553 V NetDiscover_prefremrc: )
11-09 16:25:59.674  4553  4553 V FtcRobotControllerWatchdogService: onCreate()
11-09 16:25:59.675  4553  4553 V FtcRobotControllerWatchdogService: onStartCommand() intent=Intent { cmp=com.qualcomm.ftcrobotcontroller/org.firstinspires.ftc.ftccommon.internal.FtcRobotControllerWatchdogService } flags=0x0 startId=1
11-09 16:25:59.676  4553  4553 V FtcRobotControllerWatchdogService: shouldAutoLauchRobotController() result=true
11-09 16:25:59.688  4553  4553 V FTCService: onCreate()
11-09 16:25:59.719  4553  4553 W art     : Before Android 4.1, method double java.util.concurrent.ThreadLocalRandom.internalNextDouble(double, double) would have incorrectly overridden the package-private method in java.util.Random
11-09 16:25:59.719  4553  4553 W art     : Before Android 4.1, method int java.util.concurrent.ThreadLocalRandom.internalNextInt(int, int) would have incorrectly overridden the package-private method in java.util.Random
11-09 16:25:59.719  4553  4553 W art     : Before Android 4.1, method long java.util.concurrent.ThreadLocalRandom.internalNextLong(long, long) would have incorrectly overridden the package-private method in java.util.Random
11-09 16:25:59.748  4553  4553 V FTCService: onBind()
11-09 16:25:59.775  4553  4553 V CoreRobotWebServer: creating NanoHTTPD(8080)
11-09 16:25:59.780  4553  4553 V WebSocketManager: Registered broadcast-only namespace progress
11-09 16:25:59.785  4553  4553 V WebSocketManager: Registered handler for namespace ControlHubUpdater
11-09 16:25:59.787  4553  4553 V RobotCore: Getting network assistant of type: RCWIRELESSAP
11-09 16:25:59.788  4553  4553 I RobotControllerAccessPointAssistant: Enabling network services
11-09 16:25:59.790  4553  4553 I RobotControllerAccessPointAssistant: Sending SSID and password to AP service
11-09 16:25:59.791  4553  4553 I RobotCore: password
11-09 16:25:59.791  4553  4553 D RobotControllerAccessPointAssistant: setNetworkProperties(deviceName=FTC-eE8w, password=password, ApChannel=null) sendSettingsIndividually=false
11-09 16:25:59.792  4553  4553 I NetDiscover_ControlHubNameManager: Robot controller name: FTC-eE8w
11-09 16:25:59.792  4553  4553 I ControlHubPasswordManager: Robot controller password: password
11-09 16:25:59.792  4553  4553 D RobotControllerAccessPointAssistant: Sending bulk settings broadcast intent
11-09 16:25:59.844  4553  4618 I OpenGLRenderer: Initialized EGL, version 1.4
11-09 16:25:59.844  4553  4618 D OpenGLRenderer: Swap behavior 1
11-09 16:25:59.850  4553  4553 I RobotControllerAccessPointAssistant: Wi-Fi state change:, wifiApState: 13
11-09 16:25:59.851  4553  4553 I FTCService: onNetworkConnectionEvent: CONNECTION_INFO_AVAILABLE
11-09 16:25:59.851  4553  4553 I RobotCore: password
11-09 16:25:59.851  4553  4553 I FTCService: Network Connection Passphrase: password
11-09 16:25:59.851  4553  4553 V CoreRobotWebServer: starting port=8080
11-09 16:25:59.863  4553  4553 V RobotCore: Getting network assistant of type: RCWIRELESSAP
11-09 16:25:59.864  4553  4553 V CoreRobotWebServer: started port=8080
11-09 16:25:59.864  4553  4553 V FTCService: RCActivity.controllerService=bound
11-09 16:25:59.865  4553  4553 V UpdateUI: Network: active, disconnected
11-09 16:25:59.866  4553  4553 V RobotCore: Robot Status: stopped
11-09 16:25:59.873  4553  4625 V TooTallWebSocketServer: Started WebSocket server on port 8081
11-09 16:25:59.876  4553  4628 V RobotCore: thread: 'RobotSetupRunnable.run()' starting...
11-09 16:25:59.876  4553  4628 V FTCService: Processing robot setup
11-09 16:25:59.876  4553  4628 V RobotCore: Robot Status: stopped, scanning for USB devices
11-09 16:25:59.878  4553  4628 I AppAliveNotifier: Telling the OS to set the RC alive notification timeout to 10 seconds
11-09 16:25:59.902  4553  4553 V WebSocketManager: Registered handler for namespace ONBOTJAVA
11-09 16:25:59.912  4553  4618 I [Gralloc]:  ion device open success! fd = 92
11-09 16:25:59.995  4553  4553 I PermissionValidatorActivity: Lifecycle onDestroy : 9ed69fe
11-09 16:25:59.996  4553  4553 V AppUtil : rootActivity=PermissionValidatorWrapper destroyed
11-09 16:25:59.997  4553  4553 V AppUtil : rootActivity=FtcRobotControllerActivity
11-09 16:25:59.997  4553  4553 I PermissionValidatorActivity: Lifecycle onDestroy : 6d5214a
11-09 16:26:00.186  4553  4627 V FtcWebSocket: Opening websocket (ip=192.168.43.107/192.168.43.107 port=8081)
11-09 16:26:00.192  4553  4627 V WebSocketManager: Subscribed websocket (ip=192.168.43.107/192.168.43.107 port=8081) to namespace (progress)
11-09 16:26:00.193  4553  4627 V WebSocketManager: Subscribed websocket (ip=192.168.43.107/192.168.43.107 port=8081) to namespace (ControlHubUpdater)
11-09 16:26:00.575  4553  4627 V FtcWebSocket: Opening websocket (ip=192.168.43.107/192.168.43.107 port=8081)
11-09 16:26:00.579  4553  4627 V WebSocketManager: Subscribed websocket (ip=192.168.43.107/192.168.43.107 port=8081) to namespace (progress)
11-09 16:26:00.580  4553  4627 V WebSocketManager: Subscribed websocket (ip=192.168.43.107/192.168.43.107 port=8081) to namespace (ControlHubUpdater)
11-09 16:26:01.029  4553  4642 I RobotCore: password
11-09 16:26:01.119  4553  4638 V ProgrammingModeManager: serve uri=/css/colors.less
11-09 16:26:01.383  4553  4638 I RobotCore: password
11-09 16:26:01.489  4553  4647 V ProgrammingModeManager: serve uri=/css/colors.less
11-09 16:26:03.311  4553  4647 I RobotCore: password
11-09 16:26:04.889  4553  4628 V RobotCore: EventLoopManager state is NOT_STARTED
11-09 16:26:04.890  4553  4628 V FTCService: Waiting for a connection to a Wi-Fi service
11-09 16:26:04.890  4553  4628 V RobotCore: Robot Status: stopped, waiting for network to become active
11-09 16:26:04.892  4553  4628 I RobotControllerAccessPointAssistant: Wi-Fi AP is enabled
11-09 16:26:04.893  4553  4628 V CoreRobotWebServer: Asked an already running WebServer to start
11-09 16:26:04.893  4553  4628 V RobotCore: Robot Status: stopped, starting robot
11-09 16:26:04.893  4553  4628 V Robocol : EventLoopManager.start()
11-09 16:26:04.894  4553  4628 V RobotCore: Getting network assistant of type: RCWIRELESSAP
11-09 16:26:04.894  4553  4628 I RobotControllerAccessPointAssistant: Wi-Fi AP is enabled
11-09 16:26:04.895  4553  4628 V Robocol : Spoofing a Network Connection event...
11-09 16:26:04.895  4553  4628 I EventLoopManager: onNetworkConnectionEvent: CONNECTION_INFO_AVAILABLE
11-09 16:26:04.895  4553  4628 I Robocol : Received network connection event
11-09 16:26:04.896  4553  4628 I RobotControllerAccessPointAssistant: Wi-Fi AP is enabled
11-09 16:26:04.896  4553  4628 I NetworkConnectionHandler: Handling new network connection infomation, connected: true setup needed: true
11-09 16:26:04.897  4553  4628 I RobotControllerAccessPointAssistant: Wi-Fi AP is enabled
11-09 16:26:07.923  4553  4667 V RobotCore: thread: 'SetupRunnable.run()' starting...
11-09 16:26:07.923  4553  4628 V RobotCore: EventLoopManager state is STOPPED
11-09 16:26:07.925  4553  4628 V Robocol : eventLoop=FtcEventLoop
11-09 16:26:07.925  4553  4628 V RobotCore: EventLoopManager state is INIT
11-09 16:26:07.926  4553  4628 V RobotCore: Robot Status: initializing, starting robot
11-09 16:26:07.927  4553  4628 I FtcEventLoop: ======= INIT START =======
11-09 16:26:07.929  4553  4628 V OpmodeRegistration: registered {DefaultOpMode} as {$Stop$Robot$}
11-09 16:26:07.939  4553  4667 D Robocol : RobocolDatagramSocket listening addr=/192.168.43.1:20884 cbRec=65520 cbSend=106496 msRecTO=300
11-09 16:26:07.940  4553  4667 V Robocol : RecvLoopRunnable created
11-09 16:26:07.944  4553  4668 V Robocol : PacketProcessor started
11-09 16:26:07.947  4553  4669 V Robocol : CommandProcessor started
11-09 16:26:07.949  4553  4670 V RobotCore: thread: 'RecvLoopRunnable.run()' starting...
11-09 16:26:07.951  4553  4667 V PeerDiscovery: Starting peer discovery remote: /192.168.43.1 local: /192.168.43.1
11-09 16:26:07.951  4553  4667 V PeerDiscovery: No need for initiating peer discovery, we are the Robot Controller
11-09 16:26:07.952  4553  4667 V RobotCore: Setup complete
11-09 16:26:07.952  4553  4667 V RobotCore: thread: ...terminating 'SetupRunnable.run()'
11-09 16:26:07.955  4553  4628 V OpmodeRegistration: registered {TeleopDualDrivers} as {TeleopDualDrivers}
11-09 16:26:07.957  4553  4628 V OpmodeRegistration: registered {CameraVuforia} as {Camera}
11-09 16:26:07.958  4553  4628 V OpmodeRegistration: registered {TensorFlowObjectDetectionWebcam} as {Nap: camera 3}
11-09 16:26:07.960  4553  4628 V OpmodeRegistration: registered {ConceptWebcamTest} as {nap: Webcam}
11-09 16:26:07.961  4553  4628 V OpmodeRegistration: registered {ConceptSignalSleeveIdentification} as {POC: Signal Sleeve}
11-09 16:26:07.962  4553  4628 V OpmodeRegistration: registered {ConceptVuforiaLocalization} as {POC - Vuforia Localization}
11-09 16:26:07.963  4553  4628 V OpmodeRegistration: registered {Forward} as { Nept-Forward and Turning }
11-09 16:26:07.966  4553  4628 V OpmodeRegistration: registered {ConceptBNO055IMU} as {POC: IMU Display}
11-09 16:26:07.967  4553  4628 V OpmodeRegistration: registered {ConceptFieldNavigationAuto} as {POC - Field Nav Auto}
11-09 16:26:07.969  4553  4628 V OpmodeRegistration: registered {AutoLeft} as {AutoLeft}
11-09 16:26:07.971  4553  4628 V OpmodeRegistration: registered {ConceptFieldNavigationAutoV2} as {POC - Field Nav Encoder}
11-09 16:26:07.972  4553  4628 V OpmodeRegistration: registered {PushbotAutodrive} as {Nep-TestMotor }
11-09 16:26:07.974  4553  4628 V OpmodeRegistration: registered {ConceptFieldNavigation} as {POC - Field Nav}
11-09 16:26:07.975  4553  4628 V OpmodeRegistration: registered {ConceptAutoDriveCalibration} as {POC: Auto Drive Calibration}
11-09 16:26:07.977  4553  4628 V OpmodeRegistration: registered {TeleopMotorGroup} as {TeleopMotorGroup}
11-09 16:26:07.977  4553  4628 V OpmodeRegistration: registered {AutonomousRight} as {AutonomousRight}
11-09 16:26:07.979  4553  4628 V OpmodeRegistration: registered {ConceptBNO055IMUCalibration} as {POC: IMU Calibration}
11-09 16:26:07.980  4553  4628 V OpmodeRegistration: registered {TensorFLowWebcam} as {Nap-Camera 2}
11-09 16:26:07.982  4553  4628 V OpmodeRegistration: registered {ConceptAutoDriveByGyro} as {POC: Drive By Gyro}
11-09 16:26:08.062  4553  4628 V FtcEventLoop: Ensuring that the embedded Control Hub module is set up correctly
11-09 16:26:08.068  4553  4628 V RobotCore: Creating REV Robotics USB Expansion Hub Portal [(embedded)]
11-09 16:26:08.069  4553  4628 V LynxUsb : creating new [(embedded)]: 0x0fd35e9b
11-09 16:26:08.071  4553  4628 V FtDeviceManager: createDeviceInfoList(): 0 USB devices
11-09 16:26:08.072  4553  4628 V RobotUsbManagerCombining: FTDI driver failed to open USB device with serial number (embedded) (returned null device)
11-09 16:26:08.070  4553  4553 I pRunnable.run(): type=1400 audit(0.0:222): avc: denied { read } for name="ttyS1" dev="tmpfs" ino=7192 scontext=u:r:untrusted_app:s0:c512,c768 tcontext=u:object_r:serial_device:s0 tclass=chr_file permissive=1
11-09 16:26:08.073  4553  4628 V SerialPortNative: [SerialPort.cpp:150] opened(/dev/ttyS1): fd=90
11-09 16:26:08.074  4553  4628 V RobotUsbDeviceTTY: opening serial=(embedded) file=/dev/ttyS1
11-09 16:26:08.075  4553  4628 V LynxUsb : armDevice() serial=(embedded)...
11-09 16:26:08.075  4553  4628 V LynxUsb : resetDevice() serial=(embedded)
11-09 16:26:08.070  4553  4553 I pRunnable.run(): type=1400 audit(0.0:223): avc: denied { write } for name="ttyS1" dev="tmpfs" ino=7192 scontext=u:r:untrusted_app:s0:c512,c768 tcontext=u:object_r:serial_device:s0 tclass=chr_file permissive=1
11-09 16:26:08.076  4553  4628 V LynxModule: resetting embedded usb device: isPresent: was=true
11-09 16:26:08.070  4553  4553 I pRunnable.run(): type=1400 audit(0.0:224): avc: denied { open } for path="/dev/ttyS1" dev="tmpfs" ino=7192 scontext=u:r:untrusted_app:s0:c512,c768 tcontext=u:object_r:serial_device:s0 tclass=chr_file permissive=1
11-09 16:26:08.070  4553  4553 I pRunnable.run(): type=1400 audit(0.0:225): avc: denied { ioctl } for path="/dev/ttyS1" dev="tmpfs" ino=7192 ioctlcmd=5401 scontext=u:r:untrusted_app:s0:c512,c768 tcontext=u:object_r:serial_device:s0 tclass=chr_file permissive=1
11-09 16:26:08.251  4553  4670 E Robocol : exception SocketTimeoutException(Receive timed out): no packet received [java.net.PlainDatagramSocketImpl.receive0(Native Method)]
11-09 16:26:08.431  4553  4628 V LynxUsb : ...done armDevice()
11-09 16:26:08.432  4553  4672 V RobotCore: thread: 'lynx incoming datagrams' starting...
11-09 16:26:08.432  4553  4628 V LynxUsb : 0x029edf76 on 0x0fd35e9b: new delegate to [(embedded)]
11-09 16:26:08.440  4553  4628 V LynxUsb : addConfiguredModule() module#=173
11-09 16:26:08.440  4553  4628 V LynxModule: pingAndQueryKnownInterfaces mod=173
11-09 16:26:08.442  4553  4672 V LynxUsb : synchronization gained: serial=(embedded)
11-09 16:26:08.462  4553  4628 V LynxModule: mod#=173 queryInterface(DEKA)=54 commands starting at 4096
11-09 16:26:08.473  4553  4628 V LynxModule: sending LynxFtdiResetControlCommand(true) wasInterrupted=false
11-09 16:26:08.479  4553  4628 V LynxModule: sendLEDPatternSteps(): steps=[Step(color=65280, msDuration=1000)]
11-09 16:26:08.484  4553  4628 V LynxModule: setAsControlHubEmbeddedModule(mod=173)
11-09 16:26:08.485  4553  4628 V EmbeddedControlHubModule: setting embedded module
11-09 16:26:08.485  4553  4628 V LynxModule: sending LynxFtdiResetControlCommand(false) wasInterrupted=false
11-09 16:26:08.488  4553  4628 V LynxModule: close(#173)
11-09 16:26:08.490  4553  4628 V LynxUsb : Verified that the embedded Control Hub module has the correct address
11-09 16:26:08.492  4553  4628 V LynxUsb : addConfiguredModule() module#=173
11-09 16:26:08.492  4553  4628 V LynxModule: pingAndQueryKnownInterfaces mod=173
11-09 16:26:08.509  4553  4628 V LynxModule: mod#=173 queryInterface(DEKA)=54 commands starting at 4096
11-09 16:26:08.518  4553  4628 V LynxModule: sending LynxFtdiResetControlCommand(true) wasInterrupted=false
11-09 16:26:08.522  4553  4628 V LynxModule: sendLEDPatternSteps(): steps=[Step(color=65280, msDuration=1000)]
11-09 16:26:08.527  4553  4628 V LynxModule: setAsControlHubEmbeddedModule(mod=173)
11-09 16:26:08.527  4553  4628 V EmbeddedControlHubModule: setting embedded module
11-09 16:26:08.527  4553  4628 I RobotCore: LynxFirmwareVersionManager: LynxI2cDeviceSynchV2
11-09 16:26:08.528  4553  4628 V LynxI2cDeviceSynch: initializeHardware() mod#=173
11-09 16:26:08.528  4553  4628 V BHI260IMU: Suppressing I2C warnings while we check for a BHI260AP IMU
11-09 16:26:08.534  4553  4628 V BHI260IMU: No BHI260AP IMU found
11-09 16:26:08.535  4553  4628 V LynxModule: sending LynxFtdiResetControlCommand(false) wasInterrupted=false
11-09 16:26:08.537  4553  4628 V LynxModule: close(#173)
11-09 16:26:08.539  4553  4628 V HardwareFactory: createHardwareMap()
11-09 16:26:08.539  4553  4628 V EmbeddedControlHubModule: clearing embedded module
11-09 16:26:08.554  4553  4628 V ReadXMLFileHandler: embedded lynx USB device is already present
11-09 16:26:08.555  4553  4628 V RobotCore: Creating REV Robotics USB Expansion Hub Portal [(embedded)]
11-09 16:26:08.555  4553  4628 V LynxUsb : using existing [(embedded)]: 0x0fd35e9b
11-09 16:26:08.556  4553  4628 V LynxUsb : 0x0240c396 on 0x0fd35e9b: new delegate to [(embedded)]
11-09 16:26:08.556  4553  4628 V RobotCore: Creating Lynx Module - mod=173 parent=true
11-09 16:26:08.558  4553  4628 V RobotCore: Creating Lynx Module - mod=2 parent=false
11-09 16:26:08.559  4553  4628 V LynxUsb : addConfiguredModule() module#=173
11-09 16:26:08.559  4553  4628 V LynxModule: pingAndQueryKnownInterfaces mod=173
11-09 16:26:08.569  4553  4628 V LynxModule: mod#=173 queryInterface(DEKA)=54 commands starting at 4096
11-09 16:26:08.576  4553  4628 V LynxModule: sending LynxFtdiResetControlCommand(true) wasInterrupted=false
11-09 16:26:08.581  4553  4628 V LynxModule: sendLEDPatternSteps(): steps=[Step(color=65280, msDuration=1000)]
11-09 16:26:08.583  4553  4675 V LynxModule: received status: LynxGetModuleStatusResponse(status=0x02 alerts=0x00: Reset)
11-09 16:26:08.584  4553  4675 W HubPowerCycle: Expansion Hub 173 regained power after a complete power loss. No user Op Mode was running.
11-09 16:26:08.584  4553  4675 V LynxModule: resendCurrentPattern()
11-09 16:26:08.585  4553  4675 V LynxModule: sendLEDPatternSteps(): steps=[Step(color=65280, msDuration=1000)]
11-09 16:26:08.587  4553  4628 V LynxModule: setAsControlHubEmbeddedModule(mod=173)
11-09 16:26:08.587  4553  4628 V EmbeddedControlHubModule: setting embedded module
11-09 16:26:08.587  4553  4628 V LynxUsb : addConfiguredModule() module#=2
11-09 16:26:08.588  4553  4628 V LynxModule: pingAndQueryKnownInterfaces mod=2
11-09 16:26:08.603  4553  4628 V LynxModule: mod#=2 queryInterface(DEKA)=54 commands starting at 4096
11-09 16:26:08.610  4553  4628 V LynxModule: sending LynxFtdiResetControlCommand(true) wasInterrupted=false
11-09 16:26:08.615  4553  4628 V LynxModule: sendLEDPatternSteps(): steps=[Step(color=65280, msDuration=4500), Step(color=0, msDuration=500), Step(color=255, msDuration=500), Step(color=0, msDuration=500), Step(color=255, msDuration=500), Step(color=0, msDuration=500)]
11-09 16:26:08.617  4553  4677 V LynxModule: received status: LynxGetModuleStatusResponse(status=0x05 alerts=0x00: KeepAliveTimeout|FailSafe)
11-09 16:26:08.617  4553  4677 V LynxModule: resendCurrentPattern()
11-09 16:26:08.618  4553  4677 V LynxModule: sendLEDPatternSteps(): steps=[Step(color=65280, msDuration=4500), Step(color=0, msDuration=500), Step(color=255, msDuration=500), Step(color=0, msDuration=500), Step(color=255, msDuration=500), Step(color=0, msDuration=500)]
11-09 16:26:08.626  4553  4628 V LynxMotor: initializeHardware() mod#=173
11-09 16:26:08.663  4553  4628 V RobotCore: DcMotorImpl(type=goBILDA5202SeriesMotor)
11-09 16:26:08.663  4553  4628 V RobotCore: DcMotorImpl(type=goBILDA5202SeriesMotor)
11-09 16:26:08.663  4553  4628 V RobotCore: DcMotorImpl(type=goBILDA5202SeriesMotor)
11-09 16:26:08.664  4553  4628 V RobotCore: DcMotorImpl(type=goBILDA5202SeriesMotor)
11-09 16:26:08.664  4553  4628 V LynxServoController: initializeHardware() mod#=173
11-09 16:26:08.684  4553  4628 V LynxVoltageSensor: initializeHardware() mod#=173
11-09 16:26:08.685  4553  4628 V LynxAnalogInputController: initializeHardware() mod#=173
11-09 16:26:08.685  4553  4628 V LynxDigitalChannelController: initializeHardware() mod#=173
11-09 16:26:08.699  4553  4628 V RobotCore: Creating user sensor REV internal IMU (BNO055) - on Lynx module=173 bus=0
11-09 16:26:08.700  4553  4628 V RobotCore: Creating I2cDeviceSynch (Lynx) - mod=173 bus=0
11-09 16:26:08.700  4553  4628 I RobotCore: LynxFirmwareVersionManager: LynxI2cDeviceSynchV2
11-09 16:26:08.700  4553  4628 V LynxI2cDeviceSynch: initializeHardware() mod#=173
11-09 16:26:08.703  4553  4628 V RobotCore: Creating user sensor REV 2M Distance Sensor - on Lynx module=173 bus=1
11-09 16:26:08.703  4553  4628 V RobotCore: Creating I2cDeviceSynch (Lynx) - mod=173 bus=1
11-09 16:26:08.703  4553  4628 I RobotCore: LynxFirmwareVersionManager: LynxI2cDeviceSynchV2
11-09 16:26:08.704  4553  4628 V LynxI2cDeviceSynch: initializeHardware() mod#=173
11-09 16:26:08.704  4553  4628 V RobotCore: Creating user sensor REV Color Sensor V3 - on Lynx module=173 bus=2
11-09 16:26:08.705  4553  4628 I RobotCore: LynxFirmwareVersionManager: LynxI2cDeviceSynchV2
11-09 16:26:08.705  4553  4628 V LynxI2cDeviceSynch: initializeHardware() mod#=173
11-09 16:26:08.707  4553  4628 I I2C     : Automatically initializing I2C device RevColorSensorV3 USB (embedded); module 173; bus 2; addr7=0x00
11-09 16:26:08.707  4553  4628 V BroadcomColorSensorImpl: internalInitialize()...
11-09 16:26:08.716  4553  4628 V BroadcomColorSensorImpl: state: 07 37 20 1d 42 01 c2 
11-09 16:26:08.716  4553  4628 V BroadcomColorSensorImpl: setGain(0x01)
11-09 16:26:08.720  4553  4628 V BroadcomColorSensorImpl: setLEDParameters(0x37)
11-09 16:26:08.725  4553  4628 V BroadcomColorSensorImpl: setProximityPulseCount(0x20)
11-09 16:26:08.729  4553  4628 V BroadcomColorSensorImpl: setPSMeasRate(0x1d)
11-09 16:26:08.733  4553  4628 V BroadcomColorSensorImpl: setLSMeasRate(0x42)
11-09 16:26:08.741  4553  4628 V BroadcomColorSensorImpl: enable() enabled=0x07...
11-09 16:26:08.748  4553  4628 V BroadcomColorSensorImpl: ...enable() enabled=0x07
11-09 16:26:08.753  4553  4628 V BroadcomColorSensorImpl: state: 07 37 20 1d 42 01 c2 
11-09 16:26:08.753  4553  4628 V BroadcomColorSensorImpl: ...internalInitialize()
11-09 16:26:08.754  4553  4628 V LynxMotor: initializeHardware() mod#=2
11-09 16:26:08.766  4553  4668 D RobotCore: system telemetry: key=$System$None$ msg=""
11-09 16:26:08.767  4553  4668 V PeerDiscovery: new remote peer discovered: 192.168.43.39
11-09 16:26:08.767  4553  4668 V NetworkConnectionHandler: starting sending loop
11-09 16:26:08.769  4553  4679 V Robocol : sending CMD_NOTIFY_ROBOT_STATE(7), attempt: 0
11-09 16:26:08.771  4553  4679 V Robocol : sending CMD_NOTIFY_ROBOT_STATE(8), attempt: 0
11-09 16:26:08.772  4553  4679 V Robocol : sending CMD_NOTIFY_ROBOT_STATE(9), attempt: 0
11-09 16:26:08.773  4553  4679 V Robocol : sending CMD_NOTIFY_ACTIVE_CONFIGURATION(11), attempt: 0
11-09 16:26:08.775  4553  4679 V Robocol : sending CMD_NOTIFY_USER_DEVICE_LIST(12), attempt: 0
11-09 16:26:08.778  4553  4679 V Robocol : sending CMD_NOTIFY_OP_MODE_LIST(13), attempt: 0
11-09 16:26:08.790  4553  4668 V UpdateUI: Network: active, connected
11-09 16:26:08.790  4553  4668 D FTCService: Sending user device types and preferences to driver station
11-09 16:26:08.818  4553  4668 V NetDiscover_prefremrc: sendAllPreferences()
11-09 16:26:08.819  4553  4668 V NetDiscover_prefremrc: sending RC pref name=pref_wifip2p_remote_channel_change_works value=false
11-09 16:26:08.823  4553  4668 V NetDiscover_prefremrc: sending RC pref name=pref_device_name value=FTC-eE8w
11-09 16:26:08.823  4553  4668 V NetDiscover_prefremrc: sending RC pref name=pref_warn_about_incorrect_clocks value=true
11-09 16:26:08.824  4553  4668 V NetDiscover_prefremrc: sending RC pref name=pref_warn_about_obsolete_software value=true
11-09 16:26:08.825  4553  4668 V NetDiscover_prefremrc: sending RC pref name=pref_has_speaker value=false
11-09 16:26:08.825  4553  4668 V NetDiscover_prefremrc: sending RC pref name=pref_warn_about_2_4_ghz_band value=true
11-09 16:26:08.826  4553  4668 V NetDiscover_prefremrc: sending RC pref name=pref_has_independent_phone_battery value=false
11-09 16:26:08.826  4553  4668 V NetDiscover_prefremrc: sending RC pref name=pref_app_theme value=red
11-09 16:26:08.827  4553  4668 V NetDiscover_prefremrc: sending RC pref name=pref_warn_about_mismatched_app_versions value=true
11-09 16:26:08.828  4553  4668 V NetDiscover_prefremrc: sending RC pref name=pref_sound_on_off value=false
11-09 16:26:08.828  4553  4668 V NetworkConnectionHandler: Peer connection established
11-09 16:26:08.829  4553  4628 V RobotCore: DcMotorImpl(type=goBILDA5202SeriesMotor)
11-09 16:26:08.829  4553  4628 V RobotCore: DcMotorImpl(type=goBILDA5202SeriesMotor)
11-09 16:26:08.830  4553  4628 V LynxServoController: initializeHardware() mod#=2
11-09 16:26:08.832  4553  4668 V Robocol : packet processing took 66.1ms: type=PEER_DISCOVERY
11-09 16:26:08.848  4553  4679 V Robocol : sending CMD_NOTIFY_USER_DEVICE_LIST(17), attempt: 0
11-09 16:26:08.850  4553  4679 V Robocol : sending CMD_ROBOT_CONTROLLER_PREFERENCE(18), attempt: 0
11-09 16:26:08.851  4553  4679 V Robocol : sending CMD_ROBOT_CONTROLLER_PREFERENCE(19), attempt: 0
11-09 16:26:08.852  4553  4679 V Robocol : sending CMD_ROBOT_CONTROLLER_PREFERENCE(20), attempt: 0
11-09 16:26:08.853  4553  4679 V Robocol : sending CMD_ROBOT_CONTROLLER_PREFERENCE(21), attempt: 0
11-09 16:26:08.854  4553  4679 V Robocol : sending CMD_ROBOT_CONTROLLER_PREFERENCE(22), attempt: 0
11-09 16:26:08.855  4553  4679 V Robocol : sending CMD_ROBOT_CONTROLLER_PREFERENCE(23), attempt: 0
11-09 16:26:08.856  4553  4679 V Robocol : sending CMD_ROBOT_CONTROLLER_PREFERENCE(24), attempt: 0
11-09 16:26:08.857  4553  4679 V Robocol : sending CMD_ROBOT_CONTROLLER_PREFERENCE(25), attempt: 0
11-09 16:26:08.858  4553  4679 V Robocol : sending CMD_ROBOT_CONTROLLER_PREFERENCE(26), attempt: 0
11-09 16:26:08.859  4553  4679 V Robocol : sending CMD_ROBOT_CONTROLLER_PREFERENCE(27), attempt: 0
11-09 16:26:08.866  4553  4670 V EventLoopManager: Setting authoritative wall clock based on connected DS.
11-09 16:26:08.867  4553  4670 D Uvc     : [time.cpp:64] Java_org_firstinspires_ftc_robotcore_internal_system_AppUtil_nativeSetCurrentTimeMillis()...
11-09 16:26:08.816  4553  4670 I JniTime : [time.cpp:83] settimeofday() succeeded
11-09 16:26:08.816  4553  4670 D Uvc     : [time.cpp:64] ...Java_org_firstinspires_ftc_robotcore_internal_system_AppUtil_nativeSetCurrentTimeMillis()
11-09 16:26:08.819  4553  4670 V AppUtil : attempted to set timezone: before=America/Chicago after=America/Chicago
11-09 16:26:08.822  4553  4668 V Robocol : received command: CMD_REQUEST_ACTIVE_CONFIG(10001) 
11-09 16:26:08.823  4553  4628 V LynxVoltageSensor: initializeHardware() mod#=2
11-09 16:26:08.825  4553  4668 V Robocol : received command: CMD_REQUEST_USER_DEVICE_TYPES(10002) 
11-09 16:26:08.826  4553  4668 V Robocol : received command: CMD_REQUEST_OP_MODE_LIST(10003) 
11-09 16:26:08.827  4553  4668 V Robocol : received command: CMD_ROBOT_CONTROLLER_PREFERENCE(10004) {"booleanValue":true,"prefName":"pref_ds_supports_5_ghz"}
11-09 16:26:08.828  4553  4668 V Robocol : received command: CMD_ROBOT_CONTROLLER_PREFERENCE(10005) {"intValue":21,"prefName":"pref_dh_os_version_code"}
11-09 16:26:08.828  4553  4628 V LynxAnalogInputController: initializeHardware() mod#=2
11-09 16:26:08.829  4553  4628 V LynxDigitalChannelController: initializeHardware() mod#=2
11-09 16:26:08.831  4553  4682 V SoundInfo: construct(0x07af11cd)
11-09 16:26:08.841  4553  4681 E WVMExtractor: Failed to open libwvm.so: dlopen failed: "/system/vendor/lib64/libwvm.so" is 32-bit instead of 64-bit
11-09 16:26:08.855  4553  4628 I RobotCore: ========= Device Information ===================================================
11-09 16:26:08.855  4553  4628 I RobotCore: Type                                               Name                           Connection
11-09 16:26:08.856  4553  4628 I RobotCore: Motor                                              LeftSlider                     USB (embedded); module 2; port 1
11-09 16:26:08.857  4553  4628 I RobotCore: Rev Color Sensor v3                                ColorSensor                    USB (embedded); module 173; bus 2; addr7=0x52
11-09 16:26:08.857  4553  4628 I RobotCore: Motor                                              RightSlider                    USB (embedded); module 2; port 0
11-09 16:26:08.858  4553  4628 I RobotCore: REV Robotics USB Expansion Hub Portal              Control Hub Portal             USB (embedded)
11-09 16:26:08.858  4553  4628 I RobotCore: Motor                                              FrontLeft                      USB (embedded); module 173; port 0
11-09 16:26:08.859  4553  4628 I RobotCore: Motor                                              BackRight                      USB (embedded); module 173; port 3
11-09 16:26:08.860  4553  4628 I RobotCore: Expansion Hub DC Motor Controller                  Expansion Hub 2                USB (embedded); module 2
11-09 16:26:08.861  4553  4628 I RobotCore: Expansion Hub Servo Controller                     Expansion Hub 2                USB (embedded); module 2
11-09 16:26:08.861  4553  4681 I MediaCodec: callingProcessName:com.qualcomm.ftcrobotcontroller
11-09 16:26:08.861  4553  4628 I RobotCore: Expansion Hub Voltage Sensor                       Expansion Hub 2                USB (embedded); module 2
11-09 16:26:08.862  4553  4628 I RobotCore: Expansion Hub Analog Input Controller              Expansion Hub 2                USB (embedded); module 2
11-09 16:26:08.862  4553  4628 I RobotCore: Expansion Hub Digital Channel Controller           Expansion Hub 2                USB (embedded); module 2
11-09 16:26:08.866  4553  4688 I ACodec  : onAllocateComponent:6752 mSoftCodecPref:0 componentName:
11-09 16:26:08.868  4553  4628 I RobotCore: Expansion Hub (HW: 20, Maj: 1, Min: 8, Eng: 2)     Expansion Hub 2                USB (embedded); module 2
11-09 16:26:08.869  4553  4688 I ACodec  : onAllocateComponent:6783 mSoftCodecPref:0 componentName:OMX.google.raw.decoder
11-09 16:26:08.869  4553  4628 I RobotCore: REV 2M ToF Distance Sensor                         DistanceSensor                 USB (embedded); module 173; bus 1; addr7=0x29
11-09 16:26:08.870  4553  4628 I RobotCore: REV internal IMU (BNO055)                          imu                            USB (embedded); module 173; bus 0; addr7=0x00
11-09 16:26:08.871  4553  4628 I RobotCore: Expansion Hub DC Motor Controller                  Control Hub                    USB (embedded); module 173
11-09 16:26:08.871  4553  4628 I RobotCore: Expansion Hub Servo Controller                     Control Hub                    USB (embedded); module 173
11-09 16:26:08.872  4553  4628 I RobotCore: Expansion Hub Voltage Sensor                       Control Hub                    USB (embedded); module 173
11-09 16:26:08.872  4553  4628 I RobotCore: Expansion Hub Analog Input Controller              Control Hub                    USB (embedded); module 173
11-09 16:26:08.873  4553  4628 I RobotCore: Expansion Hub Digital Channel Controller           Control Hub                    USB (embedded); module 173
11-09 16:26:08.877  4553  4628 I RobotCore: Expansion Hub (HW: 20, Maj: 1, Min: 8, Eng: 2)     Control Hub                    USB (embedded); module 173
11-09 16:26:08.877  4553  4628 I RobotCore: Servo                                              ClawServo                      USB (embedded); module 173; port 0
11-09 16:26:08.878  4553  4628 I RobotCore: Motor                                              FrontRight                     USB (embedded); module 173; port 1
11-09 16:26:08.879  4553  4628 I RobotCore: Motor                                              BackLeft                       USB (embedded); module 173; port 2
11-09 16:26:08.879  4553  4628 I RobotCore: Servo                                              ArmServo                       USB (embedded); module 173; port 1
11-09 16:26:08.883  4553  4628 I RobotCore: LynxFirmwareVersionManager: LynxI2cDeviceSynchV2
11-09 16:26:08.883  4553  4628 V LynxI2cDeviceSynch: initializeHardware() mod#=173
11-09 16:26:08.883  4553  4628 V BNO055  : Suppressing I2C warnings while we check for a BNO055 IMU
11-09 16:26:08.888  4553  4628 V BNO055  : Found BNO055 IMU
11-09 16:26:08.894  4553  4628 I RobotCore: LynxFirmwareVersionManager: LynxI2cDeviceSynchV2
11-09 16:26:08.894  4553  4628 V LynxI2cDeviceSynch: initializeHardware() mod#=2
11-09 16:26:08.895  4553  4628 V BNO055  : Suppressing I2C warnings while we check for a BNO055 IMU
11-09 16:26:08.901  4553  4628 V BNO055  : Found BNO055 IMU
11-09 16:26:08.912  4553  4593 D SoundPlayer: onLoadComplete(samp=1|ms=757, samp=1)=0
11-09 16:26:08.912  4553  4628 V LynxUsb : 0x029edf76 on 0x0fd35e9b: releasing delegate to [(embedded)]
11-09 16:26:08.912  4553  4628 I FtcEventLoop: ======= INIT FINISH =======
11-09 16:26:08.915  4553  4682 W AudioTrack: AUDIO_OUTPUT_FLAG_FAST denied by client; transfer 4, track 48000 Hz, output 44100 Hz
11-09 16:26:08.916  4553  4628 V RobotCore: EventLoopManager state is RUNNING
11-09 16:26:08.917  4553  4628 V RobotCore: Robot Status: running, starting robot
11-09 16:26:08.917  4553  4628 V RobotCore: Robot Status: running
11-09 16:26:08.921  4553  4692 V RobotCore: thread: 'opmode loop()' starting...
11-09 16:26:08.921  4553  4628 D FTCService: Detecting Wi-Fi reset
11-09 16:26:08.925  4553  4628 D RobotControllerAccessPointAssistant: detectWifiReset button=false
11-09 16:26:08.926  4553  4628 V RobotCore: thread: ...terminating 'RobotSetupRunnable.run()'
11-09 16:26:08.930  4553  4682 D SoundPlayer: playing volume=0.000000 samp=1|ms=757
11-09 16:26:08.957  4553  4679 V Robocol : sending CMD_NOTIFY_ROBOT_STATE(7), attempt: 1
11-09 16:26:08.957  4553  4679 V Robocol : sending CMD_NOTIFY_ROBOT_STATE(8), attempt: 1
11-09 16:26:08.958  4553  4679 V Robocol : sending CMD_NOTIFY_ROBOT_STATE(9), attempt: 1
11-09 16:26:08.959  4553  4679 V Robocol : sending CMD_NOTIFY_ACTIVE_CONFIGURATION(11), attempt: 1
11-09 16:26:08.960  4553  4679 V Robocol : sending CMD_NOTIFY_USER_DEVICE_LIST(12), attempt: 1
11-09 16:26:08.962  4553  4679 V Robocol : sending CMD_NOTIFY_OP_MODE_LIST(13), attempt: 1
11-09 16:26:08.963  4553  4679 V Robocol : sending CMD_NOTIFY_ROBOT_STATE(49), attempt: 0
11-09 16:26:08.964  4553  4679 V Robocol : sending CMD_SHOW_TOAST(50), attempt: 0
11-09 16:26:08.965  4553  4679 V Robocol : sending CMD_NOTIFY_ACTIVE_CONFIGURATION(52), attempt: 0
11-09 16:26:08.966  4553  4679 V Robocol : sending CMD_PLAY_SOUND(54), attempt: 0
11-09 16:26:08.997  4553  4679 V Robocol : sending CMD_NOTIFY_USER_DEVICE_LIST(58), attempt: 0
11-09 16:26:08.998  4553  4679 V Robocol : sending CMD_NOTIFY_OP_MODE_LIST(61), attempt: 0
11-09 16:26:09.037  4553  4682 V SoundInfo: construct(0x0375083d)
11-09 16:26:09.087  4553  4681 I MediaCodec: callingProcessName:com.qualcomm.ftcrobotcontroller
11-09 16:26:09.091  4553  4698 I ACodec  : onAllocateComponent:6752 mSoftCodecPref:0 componentName:
11-09 16:26:09.092  4553  4698 I ACodec  : onAllocateComponent:6783 mSoftCodecPref:0 componentName:OMX.google.raw.decoder
11-09 16:26:09.140  4553  4593 D SoundPlayer: onLoadComplete(samp=2|ms=4506, samp=2)=0
11-09 16:26:09.437  4553  4692 I RobotCore: Attempting to switch to op mode $Stop$Robot$
11-09 16:26:09.517  4553  4679 V Robocol : sending CMD_NOTIFY_INIT_OP_MODE(98), attempt: 0
11-09 16:26:09.672  4553  4701 W AudioTrack: AUDIO_OUTPUT_FLAG_FAST denied by client; transfer 4, track 48000 Hz, output 44100 Hz
