11-05 13:40:29.892  3496  3496 E ClassManager: 	at java.lang.ClassLoader.loadClass(ClassLoader.java:312)
11-05 13:40:29.892  3496  3496 E ClassManager: 	... 18 more
11-05 13:40:31.172  3496  3496 V UpdateUI: Network: inactive, disconnected
11-05 13:40:31.173  3496  3496 V ServiceStarter: attempting to start service FtcRobotControllerWatchdogService
11-05 13:40:31.175  3496  3496 V ServiceStarter: started service FtcRobotControllerWatchdogService
11-05 13:40:31.193  3496  3496 I RobotCore: App info: version=8.0.0 appId=com.qualcomm.ftcrobotcontroller
11-05 13:40:31.194  3496  3496 I RobotCore: Android Device: maker=REV Robotics model=Control Hub v1.0 sdk=25 serial=caade241cd00a884
11-05 13:40:31.194  3496  3496 V AndroidBoard: REV Control Hub contains REV3328
11-05 13:40:31.194  3496  3496 V AndroidBoard: Communicating with embedded REV hub via /dev/ttyS1
11-05 13:40:31.196  3496  3496 V RCActivity: onStart()
11-05 13:40:31.199  3496  3496 V RCActivity: onResume()
11-05 13:40:31.216  3496  3496 V NetDiscover_prefremrc: onSharedPreferenceChanged(name=App Restrictions, value=AAAAAA==
11-05 13:40:31.216  3496  3496 V NetDiscover_prefremrc: )
11-05 13:40:31.225  3496  3496 V FtcRobotControllerWatchdogService: onCreate()
11-05 13:40:31.226  3496  3496 V FtcRobotControllerWatchdogService: onStartCommand() intent=Intent { cmp=com.qualcomm.ftcrobotcontroller/org.firstinspires.ftc.ftccommon.internal.FtcRobotControllerWatchdogService } flags=0x0 startId=1
11-05 13:40:31.227  3496  3496 V FtcRobotControllerWatchdogService: shouldAutoLauchRobotController() result=true
11-05 13:40:31.228  3496  3496 V FTCService: onCreate()
11-05 13:40:31.258  3496  3496 W art     : Before Android 4.1, method double java.util.concurrent.ThreadLocalRandom.internalNextDouble(double, double) would have incorrectly overridden the package-private method in java.util.Random
11-05 13:40:31.258  3496  3496 W art     : Before Android 4.1, method int java.util.concurrent.ThreadLocalRandom.internalNextInt(int, int) would have incorrectly overridden the package-private method in java.util.Random
11-05 13:40:31.258  3496  3496 W art     : Before Android 4.1, method long java.util.concurrent.ThreadLocalRandom.internalNextLong(long, long) would have incorrectly overridden the package-private method in java.util.Random
11-05 13:40:31.286  3496  3496 V FTCService: onBind()
11-05 13:40:31.310  3496  3496 V CoreRobotWebServer: creating NanoHTTPD(8080)
11-05 13:40:31.316  3496  3496 V WebSocketManager: Registered broadcast-only namespace progress
11-05 13:40:31.321  3496  3496 V WebSocketManager: Registered handler for namespace ControlHubUpdater
11-05 13:40:31.323  3496  3496 V RobotCore: Getting network assistant of type: RCWIRELESSAP
11-05 13:40:31.324  3496  3496 I RobotControllerAccessPointAssistant: Enabling network services
11-05 13:40:31.327  3496  3496 I RobotControllerAccessPointAssistant: Sending SSID and password to AP service
11-05 13:40:31.328  3496  3496 I RobotCore: password
11-05 13:40:31.328  3496  3496 D RobotControllerAccessPointAssistant: setNetworkProperties(deviceName=FTC-eE8w, password=password, ApChannel=null) sendSettingsIndividually=false
11-05 13:40:31.328  3496  3496 I NetDiscover_ControlHubNameManager: Robot controller name: FTC-eE8w
11-05 13:40:31.329  3496  3496 I ControlHubPasswordManager: Robot controller password: password
11-05 13:40:31.329  3496  3496 D RobotControllerAccessPointAssistant: Sending bulk settings broadcast intent
11-05 13:40:31.401  3496  3559 I OpenGLRenderer: Initialized EGL, version 1.4
11-05 13:40:31.401  3496  3559 D OpenGLRenderer: Swap behavior 1
11-05 13:40:31.413  3496  3496 I RobotControllerAccessPointAssistant: Wi-Fi state change:, wifiApState: 13
11-05 13:40:31.414  3496  3496 I FTCService: onNetworkConnectionEvent: CONNECTION_INFO_AVAILABLE
11-05 13:40:31.415  3496  3496 I RobotCore: password
11-05 13:40:31.415  3496  3496 I FTCService: Network Connection Passphrase: password
11-05 13:40:31.415  3496  3496 V CoreRobotWebServer: starting port=8080
11-05 13:40:31.428  3496  3496 V RobotCore: Getting network assistant of type: RCWIRELESSAP
11-05 13:40:31.429  3496  3496 V CoreRobotWebServer: started port=8080
11-05 13:40:31.430  3496  3496 V FTCService: RCActivity.controllerService=bound
11-05 13:40:31.430  3496  3496 V UpdateUI: Network: active, disconnected
11-05 13:40:31.432  3496  3496 V RobotCore: Robot Status: stopped
11-05 13:40:31.445  3496  3565 V TooTallWebSocketServer: Started WebSocket server on port 8081
11-05 13:40:31.448  3496  3568 V RobotCore: thread: 'RobotSetupRunnable.run()' starting...
11-05 13:40:31.448  3496  3568 V FTCService: Processing robot setup
11-05 13:40:31.449  3496  3568 V RobotCore: Robot Status: stopped, scanning for USB devices
11-05 13:40:31.449  3496  3568 I AppAliveNotifier: Telling the OS to set the RC alive notification timeout to 10 seconds
11-05 13:40:31.473  3496  3496 V WebSocketManager: Registered handler for namespace ONBOTJAVA
11-05 13:40:31.482  3496  3559 I [Gralloc]:  ion device open success! fd = 92
11-05 13:40:31.561  3496  3496 V AppUtil : rootActivity=PermissionValidatorWrapper destroyed
11-05 13:40:31.561  3496  3496 V AppUtil : rootActivity=FtcRobotControllerActivity
11-05 13:40:31.561  3496  3496 I PermissionValidatorActivity: Lifecycle onDestroy : 6d5214a
11-05 13:40:31.629  3496  3567 V FtcWebSocket: Opening websocket (ip=192.168.43.107/192.168.43.107 port=8081)
11-05 13:40:31.636  3496  3567 V WebSocketManager: Subscribed websocket (ip=192.168.43.107/192.168.43.107 port=8081) to namespace (progress)
11-05 13:40:31.638  3496  3567 V WebSocketManager: Subscribed websocket (ip=192.168.43.107/192.168.43.107 port=8081) to namespace (ControlHubUpdater)
11-05 13:40:31.653  3496  3567 V FtcWebSocket: Opening websocket (ip=192.168.43.107/192.168.43.107 port=8081)
11-05 13:40:31.658  3496  3567 V WebSocketManager: Subscribed websocket (ip=192.168.43.107/192.168.43.107 port=8081) to namespace (progress)
11-05 13:40:31.659  3496  3567 V WebSocketManager: Subscribed websocket (ip=192.168.43.107/192.168.43.107 port=8081) to namespace (ControlHubUpdater)
11-05 13:40:31.682  3496  3567 V FtcWebSocket: Opening websocket (ip=192.168.43.107/192.168.43.107 port=8081)
11-05 13:40:31.707  3496  3567 V FtcWebSocket: Opening websocket (ip=192.168.43.107/192.168.43.107 port=8081)
11-05 13:40:31.740  3496  3567 V FtcWebSocket: Opening websocket (ip=192.168.43.107/192.168.43.107 port=8081)
11-05 13:40:31.768  3496  3567 V FtcWebSocket: Opening websocket (ip=192.168.43.107/192.168.43.107 port=8081)
11-05 13:40:31.770  3496  3567 V WebSocketManager: Subscribed websocket (ip=192.168.43.107/192.168.43.107 port=8081) to namespace (progress)
11-05 13:40:31.771  3496  3567 V WebSocketManager: Subscribed websocket (ip=192.168.43.107/192.168.43.107 port=8081) to namespace (ControlHubUpdater)
11-05 13:40:31.777  3496  3567 V WebSocketManager: Subscribed websocket (ip=192.168.43.107/192.168.43.107 port=8081) to namespace (progress)
11-05 13:40:31.778  3496  3567 V WebSocketManager: Subscribed websocket (ip=192.168.43.107/192.168.43.107 port=8081) to namespace (ControlHubUpdater)
11-05 13:40:31.786  3496  3567 V WebSocketManager: Subscribed websocket (ip=192.168.43.107/192.168.43.107 port=8081) to namespace (progress)
11-05 13:40:31.787  3496  3567 V WebSocketManager: Subscribed websocket (ip=192.168.43.107/192.168.43.107 port=8081) to namespace (ControlHubUpdater)
11-05 13:40:31.797  3496  3567 V FtcWebSocket: Opening websocket (ip=192.168.43.107/192.168.43.107 port=8081)
11-05 13:40:31.811  3496  3567 V WebSocketManager: Subscribed websocket (ip=192.168.43.107/192.168.43.107 port=8081) to namespace (progress)
11-05 13:40:31.812  3496  3567 V WebSocketManager: Subscribed websocket (ip=192.168.43.107/192.168.43.107 port=8081) to namespace (ControlHubUpdater)
11-05 13:40:31.829  3496  3567 V FtcWebSocket: Opening websocket (ip=192.168.43.107/192.168.43.107 port=8081)
11-05 13:40:31.831  3496  3567 V WebSocketManager: Subscribed websocket (ip=192.168.43.107/192.168.43.107 port=8081) to namespace (progress)
11-05 13:40:31.832  3496  3567 V WebSocketManager: Subscribed websocket (ip=192.168.43.107/192.168.43.107 port=8081) to namespace (ControlHubUpdater)
11-05 13:40:31.844  3496  3567 V WebSocketManager: Subscribed websocket (ip=192.168.43.107/192.168.43.107 port=8081) to namespace (progress)
11-05 13:40:31.845  3496  3567 V WebSocketManager: Subscribed websocket (ip=192.168.43.107/192.168.43.107 port=8081) to namespace (ControlHubUpdater)
11-05 13:40:32.143  3496  3567 V FtcWebSocket: Opening websocket (ip=192.168.43.107/192.168.43.107 port=8081)
11-05 13:40:32.152  3496  3567 V WebSocketManager: Subscribed websocket (ip=192.168.43.107/192.168.43.107 port=8081) to namespace (progress)
11-05 13:40:32.153  3496  3567 V WebSocketManager: Subscribed websocket (ip=192.168.43.107/192.168.43.107 port=8081) to namespace (ControlHubUpdater)
11-05 13:40:32.209  3496  3587 I RobotCore: password
11-05 13:40:32.302  3496  3583 V ProgrammingModeManager: serve uri=/css/colors.less
11-05 13:40:32.672  3496  3587 I RobotCore: password
11-05 13:40:32.781  3496  3585 V ProgrammingModeManager: serve uri=/css/colors.less
11-05 13:40:35.217  3496  3585 I RobotCore: password
11-05 13:40:36.457  3496  3568 V RobotCore: EventLoopManager state is NOT_STARTED
11-05 13:40:36.457  3496  3568 V FTCService: Waiting for a connection to a Wi-Fi service
11-05 13:40:36.459  3496  3568 V RobotCore: Robot Status: stopped, waiting for network to become active
11-05 13:40:36.461  3496  3568 I RobotControllerAccessPointAssistant: Wi-Fi AP is enabled
11-05 13:40:36.461  3496  3568 V CoreRobotWebServer: Asked an already running WebServer to start
11-05 13:40:36.461  3496  3568 V RobotCore: Robot Status: stopped, starting robot
11-05 13:40:36.462  3496  3568 V Robocol : EventLoopManager.start()
11-05 13:40:36.462  3496  3568 V RobotCore: Getting network assistant of type: RCWIRELESSAP
11-05 13:40:36.463  3496  3568 I RobotControllerAccessPointAssistant: Wi-Fi AP is enabled
11-05 13:40:36.463  3496  3568 V Robocol : Spoofing a Network Connection event...
11-05 13:40:36.463  3496  3568 I EventLoopManager: onNetworkConnectionEvent: CONNECTION_INFO_AVAILABLE
11-05 13:40:36.464  3496  3568 I Robocol : Received network connection event
11-05 13:40:36.465  3496  3568 I RobotControllerAccessPointAssistant: Wi-Fi AP is enabled
11-05 13:40:36.465  3496  3568 I NetworkConnectionHandler: Handling new network connection infomation, connected: true setup needed: true
11-05 13:40:36.466  3496  3568 I RobotControllerAccessPointAssistant: Wi-Fi AP is enabled
11-05 13:40:39.488  3496  3606 V RobotCore: thread: 'SetupRunnable.run()' starting...
11-05 13:40:39.488  3496  3568 V RobotCore: EventLoopManager state is STOPPED
11-05 13:40:39.489  3496  3568 V Robocol : eventLoop=FtcEventLoop
11-05 13:40:39.489  3496  3568 V RobotCore: EventLoopManager state is INIT
11-05 13:40:39.491  3496  3568 V RobotCore: Robot Status: initializing, starting robot
11-05 13:40:39.491  3496  3568 I FtcEventLoop: ======= INIT START =======
11-05 13:40:39.492  3496  3568 V OpmodeRegistration: registered {DefaultOpMode} as {$Stop$Robot$}
11-05 13:40:39.496  3496  3606 D Robocol : RobocolDatagramSocket listening addr=/192.168.43.1:20884 cbRec=65520 cbSend=106496 msRecTO=300
11-05 13:40:39.498  3496  3606 V Robocol : RecvLoopRunnable created
11-05 13:40:39.501  3496  3607 V Robocol : PacketProcessor started
11-05 13:40:39.503  3496  3608 V Robocol : CommandProcessor started
11-05 13:40:39.506  3496  3609 V RobotCore: thread: 'RecvLoopRunnable.run()' starting...
11-05 13:40:39.508  3496  3606 V PeerDiscovery: Starting peer discovery remote: /192.168.43.1 local: /192.168.43.1
11-05 13:40:39.508  3496  3606 V PeerDiscovery: No need for initiating peer discovery, we are the Robot Controller
11-05 13:40:39.508  3496  3606 V RobotCore: Setup complete
11-05 13:40:39.508  3496  3606 V RobotCore: thread: ...terminating 'SetupRunnable.run()'
11-05 13:40:39.511  3496  3568 V OpmodeRegistration: registered {Ri30hDriveForward} as {Ri30hDriveForward }
11-05 13:40:39.511  3496  3568 V OpmodeRegistration: registered {TeleopDualDrivers} as {TeleopDualDrivers}
11-05 13:40:39.512  3496  3568 V OpmodeRegistration: registered {ConceptAutoDriveByGyro} as {POC: Drive By Gyro}
11-05 13:40:39.512  3496  3568 V OpmodeRegistration: registered {Ri30hDrive} as {Ri30hDrive}
11-05 13:40:39.513  3496  3568 V OpmodeRegistration: registered {TensorFLowWebcam} as {Nap-Camera 2}
11-05 13:40:39.513  3496  3568 V OpmodeRegistration: registered {PushbotAutodrive} as {Nep-TestMotor }
11-05 13:40:39.514  3496  3568 V OpmodeRegistration: registered {ConceptFieldNavigationAuto} as {POC - Field Nav Auto}
11-05 13:40:39.515  3496  3568 V OpmodeRegistration: registered {ConceptAutoDriveCalibration} as {POC: Auto Drive Calibration}
11-05 13:40:39.516  3496  3568 V OpmodeRegistration: registered {Ri30hDriveLeft} as {Ri30hDrive Left }
11-05 13:40:39.517  3496  3568 V OpmodeRegistration: registered {TensorFlowObjectDetectionWebcam} as {Nap: camera 3}
11-05 13:40:39.518  3496  3568 V OpmodeRegistration: registered {ConceptFieldNavigation} as {POC - Field Nav}
11-05 13:40:39.519  3496  3568 V OpmodeRegistration: registered {ConceptSignalSleeveIdentification} as {POC: Signal Sleeve}
11-05 13:40:39.519  3496  3568 V OpmodeRegistration: registered {AutoLeft} as {AutoLeft}
11-05 13:40:39.520  3496  3568 V OpmodeRegistration: registered {AutonomousRight} as {AutonomousRight}
11-05 13:40:39.520  3496  3568 V OpmodeRegistration: registered {CameraVuforia} as {Camera}
11-05 13:40:39.521  3496  3568 V OpmodeRegistration: registered {TeleopMotorGroup} as {TeleopMotorGroup}
11-05 13:40:39.522  3496  3568 V OpmodeRegistration: registered {ConceptFieldNavigationAutoV2} as {POC - Field Nav Encoder}
11-05 13:40:39.523  3496  3568 V OpmodeRegistration: registered {ConceptBNO055IMU} as {POC: IMU Display}
11-05 13:40:39.523  3496  3568 V OpmodeRegistration: registered {ConceptBNO055IMUCalibration} as {POC: IMU Calibration}
11-05 13:40:39.524  3496  3568 V OpmodeRegistration: registered {ConceptWebcamTest} as {nap: Webcam}
11-05 13:40:39.525  3496  3568 V OpmodeRegistration: registered {ConceptVuforiaLocalization} as {POC - Vuforia Localization}
11-05 13:40:39.525  3496  3568 V OpmodeRegistration: registered {Ri30hDriveRight} as {Ri30hDrive Right }
11-05 13:40:39.526  3496  3568 V OpmodeRegistration: registered {Forward} as { Nept-Forward and Turning }
11-05 13:40:39.602  3496  3568 V FtcEventLoop: Ensuring that the embedded Control Hub module is set up correctly
11-05 13:40:39.607  3496  3568 V RobotCore: Creating REV Robotics USB Expansion Hub Portal [(embedded)]
11-05 13:40:39.608  3496  3568 V LynxUsb : creating new [(embedded)]: 0x00e82984
11-05 13:40:39.610  3496  3568 V FtDeviceManager: createDeviceInfoList(): 0 USB devices
11-05 13:40:39.611  3496  3568 V RobotUsbManagerCombining: FTDI driver failed to open USB device with serial number (embedded) (returned null device)
11-05 13:40:39.608  3496  3496 I pRunnable.run(): type=1400 audit(0.0:275): avc: denied { read } for name="ttyS1" dev="tmpfs" ino=4898 scontext=u:r:untrusted_app:s0:c512,c768 tcontext=u:object_r:serial_device:s0 tclass=chr_file permissive=1
11-05 13:40:39.608  3496  3496 I pRunnable.run(): type=1400 audit(0.0:276): avc: denied { write } for name="ttyS1" dev="tmpfs" ino=4898 scontext=u:r:untrusted_app:s0:c512,c768 tcontext=u:object_r:serial_device:s0 tclass=chr_file permissive=1
11-05 13:40:39.608  3496  3496 I pRunnable.run(): type=1400 audit(0.0:277): avc: denied { open } for path="/dev/ttyS1" dev="tmpfs" ino=4898 scontext=u:r:untrusted_app:s0:c512,c768 tcontext=u:object_r:serial_device:s0 tclass=chr_file permissive=1
11-05 13:40:39.608  3496  3496 I pRunnable.run(): type=1400 audit(0.0:278): avc: denied { ioctl } for path="/dev/ttyS1" dev="tmpfs" ino=4898 ioctlcmd=5401 scontext=u:r:untrusted_app:s0:c512,c768 tcontext=u:object_r:serial_device:s0 tclass=chr_file permissive=1
11-05 13:40:39.612  3496  3568 V SerialPortNative: [SerialPort.cpp:150] opened(/dev/ttyS1): fd=99
11-05 13:40:39.613  3496  3568 V RobotUsbDeviceTTY: opening serial=(embedded) file=/dev/ttyS1
11-05 13:40:39.614  3496  3568 V LynxUsb : armDevice() serial=(embedded)...
11-05 13:40:39.614  3496  3568 V LynxUsb : resetDevice() serial=(embedded)
11-05 13:40:39.615  3496  3568 V LynxModule: resetting embedded usb device: isPresent: was=true
11-05 13:40:39.808  3496  3609 E Robocol : exception SocketTimeoutException(Receive timed out): no packet received [java.net.PlainDatagramSocketImpl.receive0(Native Method)]
11-05 13:40:39.971  3496  3568 V LynxUsb : ...done armDevice()
11-05 13:40:39.972  3496  3568 V LynxUsb : 0x0f1a7233 on 0x00e82984: new delegate to [(embedded)]
11-05 13:40:39.972  3496  3611 V RobotCore: thread: 'lynx incoming datagrams' starting...
11-05 13:40:39.980  3496  3568 V LynxUsb : addConfiguredModule() module#=173
11-05 13:40:39.980  3496  3568 V LynxModule: pingAndQueryKnownInterfaces mod=173
11-05 13:40:39.983  3496  3611 V LynxUsb : synchronization gained: serial=(embedded)
11-05 13:40:40.001  3496  3568 V LynxModule: mod#=173 queryInterface(DEKA)=54 commands starting at 4096
11-05 13:40:40.013  3496  3568 V LynxModule: sending LynxFtdiResetControlCommand(true) wasInterrupted=false
11-05 13:40:40.017  3496  3568 V LynxModule: sendLEDPatternSteps(): steps=[Step(color=65280, msDuration=1000)]
11-05 13:40:40.022  3496  3568 V LynxModule: setAsControlHubEmbeddedModule(mod=173)
11-05 13:40:40.022  3496  3568 V EmbeddedControlHubModule: setting embedded module
11-05 13:40:40.022  3496  3568 V LynxModule: sending LynxFtdiResetControlCommand(false) wasInterrupted=false
11-05 13:40:40.025  3496  3568 V LynxModule: close(#173)
11-05 13:40:40.026  3496  3568 V LynxUsb : Verified that the embedded Control Hub module has the correct address
11-05 13:40:40.028  3496  3568 V LynxUsb : addConfiguredModule() module#=173
11-05 13:40:40.028  3496  3568 V LynxModule: pingAndQueryKnownInterfaces mod=173
11-05 13:40:40.041  3496  3568 V LynxModule: mod#=173 queryInterface(DEKA)=54 commands starting at 4096
11-05 13:40:40.050  3496  3568 V LynxModule: sending LynxFtdiResetControlCommand(true) wasInterrupted=false
11-05 13:40:40.054  3496  3568 V LynxModule: sendLEDPatternSteps(): steps=[Step(color=65280, msDuration=1000)]
11-05 13:40:40.059  3496  3568 V LynxModule: setAsControlHubEmbeddedModule(mod=173)
11-05 13:40:40.059  3496  3568 V EmbeddedControlHubModule: setting embedded module
11-05 13:40:40.059  3496  3568 I RobotCore: LynxFirmwareVersionManager: LynxI2cDeviceSynchV2
11-05 13:40:40.060  3496  3568 V LynxI2cDeviceSynch: initializeHardware() mod#=173
11-05 13:40:40.060  3496  3568 V BHI260IMU: Suppressing I2C warnings while we check for a BHI260AP IMU
11-05 13:40:40.065  3496  3568 V BHI260IMU: No BHI260AP IMU found
11-05 13:40:40.066  3496  3568 V LynxModule: sending LynxFtdiResetControlCommand(false) wasInterrupted=false
11-05 13:40:40.068  3496  3568 V LynxModule: close(#173)
11-05 13:40:40.069  3496  3568 V HardwareFactory: createHardwareMap()
11-05 13:40:40.069  3496  3568 V EmbeddedControlHubModule: clearing embedded module
11-05 13:40:40.085  3496  3568 V ReadXMLFileHandler: embedded lynx USB device is already present
11-05 13:40:40.086  3496  3568 V RobotCore: Creating REV Robotics USB Expansion Hub Portal [(embedded)]
11-05 13:40:40.086  3496  3568 V LynxUsb : using existing [(embedded)]: 0x00e82984
11-05 13:40:40.086  3496  3568 V LynxUsb : 0x02487dd3 on 0x00e82984: new delegate to [(embedded)]
11-05 13:40:40.087  3496  3568 V RobotCore: Creating Lynx Module - mod=173 parent=true
11-05 13:40:40.089  3496  3568 V RobotCore: Creating Lynx Module - mod=2 parent=false
11-05 13:40:40.090  3496  3568 V LynxUsb : addConfiguredModule() module#=173
11-05 13:40:40.090  3496  3568 V LynxModule: pingAndQueryKnownInterfaces mod=173
11-05 13:40:40.100  3496  3568 V LynxModule: mod#=173 queryInterface(DEKA)=54 commands starting at 4096
11-05 13:40:40.107  3496  3568 V LynxModule: sending LynxFtdiResetControlCommand(true) wasInterrupted=false
11-05 13:40:40.112  3496  3568 V LynxModule: sendLEDPatternSteps(): steps=[Step(color=65280, msDuration=1000)]
11-05 13:40:40.114  3496  3615 V LynxModule: received status: LynxGetModuleStatusResponse(status=0x02 alerts=0x00: Reset)
11-05 13:40:40.115  3496  3615 W HubPowerCycle: Expansion Hub 173 regained power after a complete power loss. No user Op Mode was running.
11-05 13:40:40.115  3496  3615 V LynxModule: resendCurrentPattern()
11-05 13:40:40.116  3496  3615 V LynxModule: sendLEDPatternSteps(): steps=[Step(color=65280, msDuration=1000)]
11-05 13:40:40.121  3496  3568 V LynxModule: setAsControlHubEmbeddedModule(mod=173)
11-05 13:40:40.121  3496  3568 V EmbeddedControlHubModule: setting embedded module
11-05 13:40:40.121  3496  3568 V LynxUsb : addConfiguredModule() module#=2
11-05 13:40:40.121  3496  3568 V LynxModule: pingAndQueryKnownInterfaces mod=2
11-05 13:40:40.136  3496  3568 V LynxModule: mod#=2 queryInterface(DEKA)=54 commands starting at 4096
11-05 13:40:40.142  3496  3568 V LynxModule: sending LynxFtdiResetControlCommand(true) wasInterrupted=false
11-05 13:40:40.148  3496  3568 V LynxModule: sendLEDPatternSteps(): steps=[Step(color=65280, msDuration=4500), Step(color=0, msDuration=500), Step(color=255, msDuration=500), Step(color=0, msDuration=500), Step(color=255, msDuration=500), Step(color=0, msDuration=500)]
11-05 13:40:40.150  3496  3616 V LynxModule: received status: LynxGetModuleStatusResponse(status=0x05 alerts=0x00: KeepAliveTimeout|FailSafe)
11-05 13:40:40.150  3496  3616 V LynxModule: resendCurrentPattern()
11-05 13:40:40.151  3496  3616 V LynxModule: sendLEDPatternSteps(): steps=[Step(color=65280, msDuration=4500), Step(color=0, msDuration=500), Step(color=255, msDuration=500), Step(color=0, msDuration=500), Step(color=255, msDuration=500), Step(color=0, msDuration=500)]
11-05 13:40:40.159  3496  3568 V LynxMotor: initializeHardware() mod#=173
11-05 13:40:40.203  3496  3568 V RobotCore: DcMotorImpl(type=goBILDA5202SeriesMotor)
11-05 13:40:40.204  3496  3568 V RobotCore: DcMotorImpl(type=goBILDA5202SeriesMotor)
11-05 13:40:40.204  3496  3568 V RobotCore: DcMotorImpl(type=goBILDA5202SeriesMotor)
11-05 13:40:40.204  3496  3568 V RobotCore: DcMotorImpl(type=goBILDA5202SeriesMotor)
11-05 13:40:40.205  3496  3568 V LynxServoController: initializeHardware() mod#=173
11-05 13:40:40.228  3496  3568 V LynxVoltageSensor: initializeHardware() mod#=173
11-05 13:40:40.228  3496  3568 V LynxAnalogInputController: initializeHardware() mod#=173
11-05 13:40:40.229  3496  3568 V LynxDigitalChannelController: initializeHardware() mod#=173
11-05 13:40:40.244  3496  3568 V RobotCore: Creating user sensor REV internal IMU (BNO055) - on Lynx module=173 bus=0
11-05 13:40:40.244  3496  3568 V RobotCore: Creating I2cDeviceSynch (Lynx) - mod=173 bus=0
11-05 13:40:40.244  3496  3568 I RobotCore: LynxFirmwareVersionManager: LynxI2cDeviceSynchV2
11-05 13:40:40.245  3496  3568 V LynxI2cDeviceSynch: initializeHardware() mod#=173
11-05 13:40:40.247  3496  3568 V RobotCore: Creating user sensor REV 2M Distance Sensor - on Lynx module=173 bus=1
11-05 13:40:40.247  3496  3568 V RobotCore: Creating I2cDeviceSynch (Lynx) - mod=173 bus=1
11-05 13:40:40.248  3496  3568 I RobotCore: LynxFirmwareVersionManager: LynxI2cDeviceSynchV2
11-05 13:40:40.248  3496  3568 V LynxI2cDeviceSynch: initializeHardware() mod#=173
11-05 13:40:40.249  3496  3568 V RobotCore: Creating user sensor REV Color Sensor V3 - on Lynx module=173 bus=2
11-05 13:40:40.249  3496  3568 I RobotCore: LynxFirmwareVersionManager: LynxI2cDeviceSynchV2
11-05 13:40:40.250  3496  3568 V LynxI2cDeviceSynch: initializeHardware() mod#=173
11-05 13:40:40.251  3496  3568 I I2C     : Automatically initializing I2C device RevColorSensorV3 USB (embedded); module 173; bus 2; addr7=0x00
11-05 13:40:40.251  3496  3568 V BroadcomColorSensorImpl: internalInitialize()...
11-05 13:40:40.259  3496  3568 V BroadcomColorSensorImpl: state: 07 37 20 1d 42 01 c2 
11-05 13:40:40.260  3496  3568 V BroadcomColorSensorImpl: setGain(0x01)
11-05 13:40:40.264  3496  3568 V BroadcomColorSensorImpl: setLEDParameters(0x37)
11-05 13:40:40.268  3496  3568 V BroadcomColorSensorImpl: setProximityPulseCount(0x20)
11-05 13:40:40.272  3496  3568 V BroadcomColorSensorImpl: setPSMeasRate(0x1d)
11-05 13:40:40.277  3496  3568 V BroadcomColorSensorImpl: setLSMeasRate(0x42)
11-05 13:40:40.285  3496  3568 V BroadcomColorSensorImpl: enable() enabled=0x07...
11-05 13:40:40.293  3496  3568 V BroadcomColorSensorImpl: ...enable() enabled=0x07
11-05 13:40:40.298  3496  3568 V BroadcomColorSensorImpl: state: 07 37 20 1d 42 01 c2 
11-05 13:40:40.298  3496  3568 V BroadcomColorSensorImpl: ...internalInitialize()
11-05 13:40:40.299  3496  3568 V LynxMotor: initializeHardware() mod#=2
11-05 13:40:40.365  3496  3568 V RobotCore: DcMotorImpl(type=goBILDA5202SeriesMotor)
11-05 13:40:40.366  3496  3568 V RobotCore: DcMotorImpl(type=goBILDA5202SeriesMotor)
11-05 13:40:40.367  3496  3568 V LynxServoController: initializeHardware() mod#=2
11-05 13:40:40.405  3496  3568 V LynxVoltageSensor: initializeHardware() mod#=2
11-05 13:40:40.405  3496  3568 V LynxAnalogInputController: initializeHardware() mod#=2
11-05 13:40:40.406  3496  3568 V LynxDigitalChannelController: initializeHardware() mod#=2
11-05 13:40:40.433  3496  3568 I RobotCore: ========= Device Information ===================================================
11-05 13:40:40.433  3496  3568 I RobotCore: Type                                               Name                           Connection
11-05 13:40:40.435  3496  3568 I RobotCore: Motor                                              LeftSlider                     USB (embedded); module 2; port 1
11-05 13:40:40.436  3496  3568 I RobotCore: Rev Color Sensor v3                                ColorSensor                    USB (embedded); module 173; bus 2; addr7=0x52
11-05 13:40:40.436  3496  3568 I RobotCore: Motor                                              RightSlider                    USB (embedded); module 2; port 0
11-05 13:40:40.437  3496  3568 I RobotCore: REV Robotics USB Expansion Hub Portal              Control Hub Portal             USB (embedded)
11-05 13:40:40.438  3496  3568 I RobotCore: Motor                                              FrontLeft                      USB (embedded); module 173; port 0
11-05 13:40:40.438  3496  3568 I RobotCore: Motor                                              BackRight                      USB (embedded); module 173; port 3
11-05 13:40:40.439  3496  3568 I RobotCore: Expansion Hub DC Motor Controller                  Expansion Hub 2                USB (embedded); module 2
11-05 13:40:40.440  3496  3568 I RobotCore: Expansion Hub Servo Controller                     Expansion Hub 2                USB (embedded); module 2
11-05 13:40:40.441  3496  3568 I RobotCore: Expansion Hub Voltage Sensor                       Expansion Hub 2                USB (embedded); module 2
11-05 13:40:40.442  3496  3568 I RobotCore: Expansion Hub Analog Input Controller              Expansion Hub 2                USB (embedded); module 2
11-05 13:40:40.443  3496  3568 I RobotCore: Expansion Hub Digital Channel Controller           Expansion Hub 2                USB (embedded); module 2
11-05 13:40:40.446  3496  3607 D RobotCore: system telemetry: key=$System$None$ msg=""
11-05 13:40:40.448  3496  3607 V PeerDiscovery: new remote peer discovered: 192.168.43.39
11-05 13:40:40.449  3496  3607 V NetworkConnectionHandler: starting sending loop
11-05 13:40:40.450  3496  3620 V Robocol : sending CMD_NOTIFY_ROBOT_STATE(7), attempt: 0
11-05 13:40:40.452  3496  3620 V Robocol : sending CMD_NOTIFY_ROBOT_STATE(8), attempt: 0
11-05 13:40:40.452  3496  3568 I RobotCore: Expansion Hub (HW: 20, Maj: 1, Min: 8, Eng: 2)     Expansion Hub 2                USB (embedded); module 2
11-05 13:40:40.452  3496  3568 I RobotCore: REV 2M ToF Distance Sensor                         DistanceSensor                 USB (embedded); module 173; bus 1; addr7=0x29
11-05 13:40:40.453  3496  3620 V Robocol : sending CMD_NOTIFY_ROBOT_STATE(9), attempt: 0
11-05 13:40:40.453  3496  3568 I RobotCore: REV internal IMU (BNO055)                          imu                            USB (embedded); module 173; bus 0; addr7=0x00
11-05 13:40:40.453  3496  3620 V Robocol : sending CMD_NOTIFY_ACTIVE_CONFIGURATION(11), attempt: 0
11-05 13:40:40.454  3496  3568 I RobotCore: Expansion Hub DC Motor Controller                  Control Hub                    USB (embedded); module 173
11-05 13:40:40.454  3496  3620 V Robocol : sending CMD_NOTIFY_USER_DEVICE_LIST(12), attempt: 0
11-05 13:40:40.455  3496  3568 I RobotCore: Expansion Hub Servo Controller                     Control Hub                    USB (embedded); module 173
11-05 13:40:40.455  3496  3568 I RobotCore: Expansion Hub Voltage Sensor                       Control Hub                    USB (embedded); module 173
11-05 13:40:40.456  3496  3568 I RobotCore: Expansion Hub Analog Input Controller              Control Hub                    USB (embedded); module 173
11-05 13:40:40.457  3496  3568 I RobotCore: Expansion Hub Digital Channel Controller           Control Hub                    USB (embedded); module 173
11-05 13:40:40.457  3496  3620 V Robocol : sending CMD_NOTIFY_OP_MODE_LIST(13), attempt: 0
11-05 13:40:40.462  3496  3568 I RobotCore: Expansion Hub (HW: 20, Maj: 1, Min: 8, Eng: 2)     Control Hub                    USB (embedded); module 173
11-05 13:40:40.462  3496  3568 I RobotCore: Servo                                              ClawServo                      USB (embedded); module 173; port 0
11-05 13:40:40.463  3496  3568 I RobotCore: Motor                                              FrontRight                     USB (embedded); module 173; port 1
11-05 13:40:40.464  3496  3568 I RobotCore: Motor                                              BackLeft                       USB (embedded); module 173; port 2
11-05 13:40:40.465  3496  3568 I RobotCore: Servo                                              ArmServo                       USB (embedded); module 173; port 1
11-05 13:40:40.470  3496  3568 I RobotCore: LynxFirmwareVersionManager: LynxI2cDeviceSynchV2
11-05 13:40:40.471  3496  3568 V LynxI2cDeviceSynch: initializeHardware() mod#=173
11-05 13:40:40.471  3496  3568 V BNO055  : Suppressing I2C warnings while we check for a BNO055 IMU
11-05 13:40:40.476  3496  3568 V BNO055  : Found BNO055 IMU
11-05 13:40:40.478  3496  3607 V UpdateUI: Network: active, connected
11-05 13:40:40.478  3496  3607 D FTCService: Sending user device types and preferences to driver station
11-05 13:40:40.482  3496  3568 I RobotCore: LynxFirmwareVersionManager: LynxI2cDeviceSynchV2
11-05 13:40:40.482  3496  3568 V LynxI2cDeviceSynch: initializeHardware() mod#=2
11-05 13:40:40.482  3496  3568 V BNO055  : Suppressing I2C warnings while we check for a BNO055 IMU
11-05 13:40:40.489  3496  3568 V BNO055  : Found BNO055 IMU
11-05 13:40:40.502  3496  3568 V LynxUsb : 0x0f1a7233 on 0x00e82984: releasing delegate to [(embedded)]
11-05 13:40:40.502  3496  3568 I FtcEventLoop: ======= INIT FINISH =======
11-05 13:40:40.502  3496  3568 V RobotCore: EventLoopManager state is RUNNING
11-05 13:40:40.503  3496  3568 V RobotCore: Robot Status: running, starting robot
11-05 13:40:40.503  3496  3568 V RobotCore: Robot Status: running
11-05 13:40:40.507  3496  3568 D FTCService: Detecting Wi-Fi reset
11-05 13:40:40.509  3496  3568 D RobotControllerAccessPointAssistant: detectWifiReset button=false
11-05 13:40:40.510  3496  3607 V NetDiscover_prefremrc: sendAllPreferences()
11-05 13:40:40.510  3496  3568 V RobotCore: thread: ...terminating 'RobotSetupRunnable.run()'
11-05 13:40:40.510  3496  3607 V NetDiscover_prefremrc: sending RC pref name=pref_wifip2p_remote_channel_change_works value=false
11-05 13:40:40.511  3496  3628 V RobotCore: thread: 'opmode loop()' starting...
11-05 13:40:40.518  3496  3607 V NetDiscover_prefremrc: sending RC pref name=pref_device_name value=FTC-eE8w
11-05 13:40:40.519  3496  3607 V NetDiscover_prefremrc: sending RC pref name=pref_warn_about_incorrect_clocks value=true
11-05 13:40:40.520  3496  3607 V NetDiscover_prefremrc: sending RC pref name=pref_warn_about_obsolete_software value=true
11-05 13:40:40.521  3496  3607 V NetDiscover_prefremrc: sending RC pref name=pref_has_speaker value=false
11-05 13:40:40.522  3496  3607 V NetDiscover_prefremrc: sending RC pref name=pref_warn_about_2_4_ghz_band value=true
11-05 13:40:40.522  3496  3607 V NetDiscover_prefremrc: sending RC pref name=pref_has_independent_phone_battery value=false
11-05 13:40:40.523  3496  3607 V NetDiscover_prefremrc: sending RC pref name=pref_app_theme value=red
11-05 13:40:40.524  3496  3607 V NetDiscover_prefremrc: sending RC pref name=pref_warn_about_mismatched_app_versions value=true
11-05 13:40:40.525  3496  3607 V NetDiscover_prefremrc: sending RC pref name=pref_sound_on_off value=false
11-05 13:40:40.526  3496  3607 V NetworkConnectionHandler: Peer connection established
11-05 13:40:40.529  3496  3620 V Robocol : sending CMD_NOTIFY_ROBOT_STATE(17), attempt: 0
11-05 13:40:40.530  3496  3620 V Robocol : sending CMD_SHOW_TOAST(18), attempt: 0
11-05 13:40:40.531  3496  3620 V Robocol : sending CMD_NOTIFY_USER_DEVICE_LIST(19), attempt: 0
11-05 13:40:40.532  3496  3607 V Robocol : packet processing took 84.9ms: type=PEER_DISCOVERY
11-05 13:40:40.533  3496  3620 V Robocol : sending CMD_ROBOT_CONTROLLER_PREFERENCE(20), attempt: 0
11-05 13:40:40.534  3496  3620 V Robocol : sending CMD_ROBOT_CONTROLLER_PREFERENCE(21), attempt: 0
11-05 13:40:40.535  3496  3620 V Robocol : sending CMD_ROBOT_CONTROLLER_PREFERENCE(22), attempt: 0
11-05 13:40:40.536  3496  3620 V Robocol : sending CMD_ROBOT_CONTROLLER_PREFERENCE(23), attempt: 0
11-05 13:40:40.537  3496  3620 V Robocol : sending CMD_ROBOT_CONTROLLER_PREFERENCE(24), attempt: 0
11-05 13:40:40.538  3496  3620 V Robocol : sending CMD_ROBOT_CONTROLLER_PREFERENCE(25), attempt: 0
11-05 13:40:40.539  3496  3620 V Robocol : sending CMD_ROBOT_CONTROLLER_PREFERENCE(26), attempt: 0
11-05 13:40:40.540  3496  3620 V Robocol : sending CMD_ROBOT_CONTROLLER_PREFERENCE(27), attempt: 0
11-05 13:40:40.540  3496  3620 V Robocol : sending CMD_ROBOT_CONTROLLER_PREFERENCE(28), attempt: 0
11-05 13:40:40.541  3496  3620 V Robocol : sending CMD_ROBOT_CONTROLLER_PREFERENCE(29), attempt: 0
11-05 13:40:40.555  3496  3623 V SoundInfo: construct(0x0774975d)
11-05 13:40:40.560  3496  3609 V EventLoopManager: Setting authoritative wall clock based on connected DS.
11-05 13:40:40.561  3496  3609 D Uvc     : [time.cpp:64] Java_org_firstinspires_ftc_robotcore_internal_system_AppUtil_nativeSetCurrentTimeMillis()...
11-05 13:40:40.552  3496  3609 I JniTime : [time.cpp:83] settimeofday() succeeded
11-05 13:40:40.552  3496  3609 D Uvc     : [time.cpp:64] ...Java_org_firstinspires_ftc_robotcore_internal_system_AppUtil_nativeSetCurrentTimeMillis()
11-05 13:40:40.553  3496  3609 V AppUtil : attempted to set timezone: before=America/Chicago after=America/Chicago
11-05 13:40:40.555  3496  3607 V Robocol : received command: CMD_REQUEST_ACTIVE_CONFIG(10001) 
11-05 13:40:40.557  3496  3607 V Robocol : received command: CMD_REQUEST_USER_DEVICE_TYPES(10002) 
11-05 13:40:40.559  3496  3622 E WVMExtractor: Failed to open libwvm.so: dlopen failed: "/system/vendor/lib64/libwvm.so" is 32-bit instead of 64-bit
11-05 13:40:40.560  3496  3607 V Robocol : received command: CMD_REQUEST_OP_MODE_LIST(10003) 
11-05 13:40:40.561  3496  3607 V Robocol : received command: CMD_ROBOT_CONTROLLER_PREFERENCE(10004) {"booleanValue":true,"prefName":"pref_ds_supports_5_ghz"}
11-05 13:40:40.562  3496  3607 V Robocol : received command: CMD_ROBOT_CONTROLLER_PREFERENCE(10005) {"intValue":21,"prefName":"pref_dh_os_version_code"}
11-05 13:40:40.587  3496  3622 I MediaCodec: callingProcessName:com.qualcomm.ftcrobotcontroller
11-05 13:40:40.591  3496  3630 I ACodec  : onAllocateComponent:6752 mSoftCodecPref:0 componentName:
11-05 13:40:40.593  3496  3630 I ACodec  : onAllocateComponent:6783 mSoftCodecPref:0 componentName:OMX.google.raw.decoder
11-05 13:40:40.601  3496  3620 V Robocol : sending CMD_NOTIFY_ACTIVE_CONFIGURATION(38), attempt: 0
11-05 13:40:40.636  3496  3536 D SoundPlayer: onLoadComplete(samp=1|ms=757, samp=1)=0
11-05 13:40:40.638  3496  3623 W AudioTrack: AUDIO_OUTPUT_FLAG_FAST denied by client; transfer 4, track 48000 Hz, output 44100 Hz
11-05 13:40:40.640  3496  3620 V Robocol : sending CMD_NOTIFY_USER_DEVICE_LIST(54), attempt: 0
11-05 13:40:40.642  3496  3620 V Robocol : sending CMD_NOTIFY_OP_MODE_LIST(57), attempt: 0
11-05 13:40:40.645  3496  3623 D SoundPlayer: playing volume=0.000000 samp=1|ms=757
11-05 13:40:40.680  3496  3620 V Robocol : sending CMD_NOTIFY_ROBOT_STATE(7), attempt: 1
11-05 13:40:40.681  3496  3620 V Robocol : sending CMD_NOTIFY_ROBOT_STATE(8), attempt: 1
11-05 13:40:40.682  3496  3620 V Robocol : sending CMD_NOTIFY_ROBOT_STATE(9), attempt: 1
11-05 13:40:40.683  3496  3620 V Robocol : sending CMD_NOTIFY_ACTIVE_CONFIGURATION(11), attempt: 1
11-05 13:40:40.683  3496  3620 V Robocol : sending CMD_NOTIFY_USER_DEVICE_LIST(12), attempt: 1
11-05 13:40:40.686  3496  3620 V Robocol : sending CMD_NOTIFY_OP_MODE_LIST(13), attempt: 1
11-05 13:40:40.687  3496  3620 V Robocol : sending CMD_PLAY_SOUND(64), attempt: 0
11-05 13:40:40.739  3496  3623 V SoundInfo: construct(0x0f81d01e)
11-05 13:40:40.785  3496  3622 I MediaCodec: callingProcessName:com.qualcomm.ftcrobotcontroller
11-05 13:40:40.787  3496  3639 I ACodec  : onAllocateComponent:6752 mSoftCodecPref:0 componentName:
11-05 13:40:40.789  3496  3639 I ACodec  : onAllocateComponent:6783 mSoftCodecPref:0 componentName:OMX.google.raw.decoder
11-05 13:40:40.837  3496  3536 D SoundPlayer: onLoadComplete(samp=2|ms=4506, samp=2)=0
11-05 13:40:41.019  3496  3628 I RobotCore: Attempting to switch to op mode $Stop$Robot$
11-05 13:40:41.080  3496  3620 V Robocol : sending CMD_NOTIFY_INIT_OP_MODE(80), attempt: 0
11-05 13:40:41.397  3496  3642 W AudioTrack: AUDIO_OUTPUT_FLAG_FAST denied by client; transfer 4, track 48000 Hz, output 44100 Hz
11-05 13:40:41.402  3496  3642 D SoundPlayer: playing volume=0.000000 samp=2|ms=4506
11-05 13:40:41.440  3496  3620 V Robocol : sending CMD_PLAY_SOUND(86), attempt: 0
--------- beginning of main
11-05 13:41:02.402  3750  3750 I ps      : type=1400 audit(0.0:294): avc: denied { getattr } for path="/proc/1" dev="proc" ino=7745 scontext=u:r:untrusted_app:s0:c512,c768 tcontext=u:r:init:s0 tclass=dir permissive=1
11-05 13:41:02.402  3750  3750 I ps      : type=1400 audit(0.0:295): avc: denied { search } for name="1" dev="proc" ino=7745 scontext=u:r:untrusted_app:s0:c512,c768 tcontext=u:r:init:s0 tclass=dir permissive=1
11-05 13:41:02.402  3750  3750 I ps      : type=1400 audit(0.0:296): avc: denied { read } for name="cmdline" dev="proc" ino=6705 scontext=u:r:untrusted_app:s0:c512,c768 tcontext=u:r:init:s0 tclass=file permissive=1
11-05 13:41:02.402  3750  3750 I ps      : type=1400 audit(0.0:297): avc: denied { open } for path="/proc/1/cmdline" dev="proc" ino=6705 scontext=u:r:untrusted_app:s0:c512,c768 tcontext=u:r:init:s0 tclass=file permissive=1
11-05 13:41:02.402  3750  3750 I ps      : type=1400 audit(0.0:298): avc: denied { getattr } for path="/proc/2" dev="proc" ino=6943 scontext=u:r:untrusted_app:s0:c512,c768 tcontext=u:r:kernel:s0 tclass=dir permissive=1
11-05 13:41:02.402  3750  3750 I ps      : type=1400 audit(0.0:299): avc: denied { search } for name="2" dev="proc" ino=6943 scontext=u:r:untrusted_app:s0:c512,c768 tcontext=u:r:kernel:s0 tclass=dir permissive=1
11-05 13:41:02.402  3750  3750 I ps      : type=1400 audit(0.0:300): avc: denied { read } for name="cmdline" dev="proc" ino=7041 scontext=u:r:untrusted_app:s0:c512,c768 tcontext=u:r:kernel:s0 tclass=file permissive=1
11-05 13:41:02.402  3750  3750 I ps      : type=1400 audit(0.0:301): avc: denied { open } for path="/proc/2/cmdline" dev="proc" ino=7041 scontext=u:r:untrusted_app:s0:c512,c768 tcontext=u:r:kernel:s0 tclass=file permissive=1
11-05 13:41:03.654  3774  3774 D Uvc     : [jni.cpp:72] JNI_OnLoad()...
11-05 13:41:03.654  3774  3774 D Uvc     : [JniEnv.h:32] ScopedJniEnv::onJniLoad()...
11-05 13:41:03.654  3774  3774 D Uvc     : [JniEnv.h:32] ...ScopedJniEnv::onJniLoad()
11-05 13:41:03.654  3774  3774 D Uvc     : [jni.cpp:72] ...JNI_OnLoad()
11-05 13:41:03.659  3774  3774 V AppUtil : initializing: getExternalStorageDirectory()=/storage/emulated/0
11-05 13:41:03.662  3774  3774 I AppUtil : found usbFileSystemRoot: /dev/bus/usb
11-05 13:41:03.662  3774  3774 I robotcontroller: type=1400 audit(0.0:302): avc: denied { read } for name="direction" dev="sysfs" ino=16323 scontext=u:r:untrusted_app:s0:c512,c768 tcontext=u:object_r:sysfs:s0 tclass=file permissive=1
11-05 13:41:03.662  3774  3774 I robotcontroller: type=1400 audit(0.0:303): avc: denied { open } for path="/sys/devices/pinctrl.26/gpio/gpio50/direction" dev="sysfs" ino=16323 scontext=u:r:untrusted_app:s0:c512,c768 tcontext=u:object_r:sysfs:s0 tclass=file permissive=1
11-05 13:41:03.662  3774  3774 I robotcontroller: type=1400 audit(0.0:304): avc: denied { getattr } for path="/sys/devices/pinctrl.26/gpio/gpio50/direction" dev="sysfs" ino=16323 scontext=u:r:untrusted_app:s0:c512,c768 tcontext=u:object_r:sysfs:s0 tclass=file permissive=1
11-05 13:41:03.662  3774  3774 I robotcontroller: type=1400 audit(0.0:305): avc: denied { write } for name="value" dev="sysfs" ino=13327 scontext=u:r:untrusted_app:s0:c512,c768 tcontext=u:object_r:sysfs:s0 tclass=file permissive=1
11-05 13:41:03.673  3774  3774 I AppAliveNotifier: Telling the OS to set the RC alive notification timeout to 20 seconds
11-05 13:41:03.678  3774  3790 V RobotCore: saving logcat to /storage/emulated/0/robotControllerLog.txt
11-05 13:41:03.678  3774  3790 V RobotCore: logging command line: exec logcat -f /storage/emulated/0/robotControllerLog.txt -r4096 -n4 -v threadtime UsbRequestJNI:S UsbRequest:S art:W ThreadPool:W System:W ExtendedExtractor:W OMXClient:W MediaPlayer:W dalvikvm:W  *:V
11-05 13:41:03.692  3774  3774 V AppUtil : rootActivity=PermissionValidatorWrapper
11-05 13:41:03.693  3774  3774 I PermissionValidatorActivity: Lifecycle onCreate : 6d5214a
11-05 13:41:03.720  3774  3790 I RobotCore: Done running ps
11-05 13:41:03.728  3794  3794 I sh      : type=1400 audit(0.0:306): avc: denied { read } for name="/" dev="rootfs" ino=1 scontext=u:r:untrusted_app:s0:c512,c768 tcontext=u:object_r:rootfs:s0 tclass=dir permissive=1
11-05 13:41:03.728  3794  3794 I sh      : type=1400 audit(0.0:307): avc: denied { open } for path="/" dev="rootfs" ino=1 scontext=u:r:untrusted_app:s0:c512,c768 tcontext=u:object_r:rootfs:s0 tclass=dir permissive=1
11-05 13:41:03.768  3774  3774 I PermissionValidatorActivity: Lifecycle onStart : 6d5214a
11-05 13:41:03.770  3774  3774 I PermissionValidator: Checking permission for android.permission.WRITE_EXTERNAL_STORAGE
11-05 13:41:03.773  3774  3774 I PermissionValidator:     Granted: android.permission.WRITE_EXTERNAL_STORAGE
11-05 13:41:03.774  3774  3774 I PermissionValidator: Checking permission for android.permission.READ_EXTERNAL_STORAGE
11-05 13:41:03.775  3774  3774 I PermissionValidator:     Granted: android.permission.READ_EXTERNAL_STORAGE
11-05 13:41:03.775  3774  3774 I PermissionValidator: Checking permission for android.permission.CAMERA
11-05 13:41:03.775  3774  3774 I PermissionValidator:     Granted: android.permission.CAMERA
11-05 13:41:03.776  3774  3774 I PermissionValidator: Checking permission for android.permission.ACCESS_COARSE_LOCATION
11-05 13:41:03.776  3774  3774 I PermissionValidator:     Granted: android.permission.ACCESS_COARSE_LOCATION
11-05 13:41:03.776  3774  3774 I PermissionValidator: Checking permission for android.permission.ACCESS_FINE_LOCATION
11-05 13:41:03.777  3774  3774 I PermissionValidator:     Granted: android.permission.ACCESS_FINE_LOCATION
11-05 13:41:03.777  3774  3774 I PermissionValidator: Checking permission for android.permission.READ_PHONE_STATE
11-05 13:41:03.778  3774  3774 I PermissionValidator:     Granted: android.permission.READ_PHONE_STATE
11-05 13:41:03.781  3774  3774 V ServiceStarter: attempting to start service MediaTransferProtocolMonitorService
11-05 13:41:03.783  3774  3774 V ServiceStarter: started service MediaTransferProtocolMonitorService
11-05 13:41:03.783  3774  3774 V ServiceStarter: attempting to start service OnBotJavaService
11-05 13:41:03.785  3774  3774 V ServiceStarter: started service OnBotJavaService
11-05 13:41:03.786  3774  3774 I PermissionValidatorActivity: All permissions validated.  Starting RobotController
11-05 13:41:03.796  3774  3774 V MTPMonitorService: onCreate()
11-05 13:41:03.797  3774  3774 V MTPMonitorService: onStartCommand() intent=Intent { cmp=com.qualcomm.ftcrobotcontroller/org.firstinspires.ftc.robotcore.internal.files.MediaTransferProtocolMonitorService } flags=0x0 startId=1
11-05 13:41:03.800  3774  3774 V MTPMonitor: observing: /storage/emulated/0
11-05 13:41:03.863  3774  3774 V OnBotJavaService: onCreate()
11-05 13:41:03.864  3774  3774 V OnBotJavaService: onStartCommand() intent=Intent { cmp=com.qualcomm.ftcrobotcontroller/org.firstinspires.ftc.onbotjava.OnBotJavaService } flags=0x0 startId=1
11-05 13:41:03.865  3774  3774 V OnBotJava: OnBotJavaManager::static
11-05 13:41:04.336  3774  3774 V OnBotJava: ctor()...
11-05 13:41:04.338  3774  3774 V OnBotJava: ...ctor()
11-05 13:41:04.343  3774  3774 V RCActivity: Permissions validated already
11-05 13:41:04.343  3774  3774 V RCActivity: onCreate()
11-05 13:41:04.345  3774  3774 V RCActivity: rootActivity is of class PermissionValidatorWrapper
11-05 13:41:04.349  3774  3774 V RCActivity: launchActivity is of class class org.firstinspires.ftc.robotcontroller.internal.PermissionValidatorWrapper
11-05 13:41:04.359  3774  3805 V CallbackLooper: thread=150
11-05 13:41:04.363  3774  3774 V NetDiscover_wifiDirectAgent: doStart()...
11-05 13:41:04.369  3774  3774 V NetDiscover_wifiDirectAgent: ...doStart()
11-05 13:41:04.369  3774  3774 V NetDiscover_prefremrc: ----- all preferences -----
11-05 13:41:04.369  3774  3774 V NetDiscover_prefremrc: name='android.permission.READ_PHONE_STATE' value=false
11-05 13:41:04.370  3774  3774 V NetDiscover_prefremrc: name='pref_autostarted_robot_controller' value=true
11-05 13:41:04.370  3774  3774 V NetDiscover_prefremrc: name='pref_warn_about_obsolete_software' value=true
11-05 13:41:04.370  3774  3774 V NetDiscover_prefremrc: name='pref_has_independent_phone_battery' value=false
11-05 13:41:04.370  3774  3774 V NetDiscover_prefremrc: name='android.permission.CAMERA' value=false
11-05 13:41:04.371  3774  3774 V NetDiscover_prefremrc: name='pref_wifip2p_remote_channel_change_works' value=false
11-05 13:41:04.371  3774  3774 V NetDiscover_prefremrc: name='pref_hardware_config_filename' value={"isDirty":false,"location":"LOCAL_STORAGE","name":"Error418Test6dcColor","resourceId":0}
11-05 13:41:04.371  3774  3774 V NetDiscover_prefremrc: name='pref_sound_on_off' value=false
11-05 13:41:04.371  3774  3774 V NetDiscover_prefremrc: name='pref_warn_about_mismatched_app_versions' value=true
11-05 13:41:04.372  3774  3774 V NetDiscover_prefremrc: name='pref_ftc_season_year_of_current_rc_new' value=2022
11-05 13:41:04.372  3774  3774 V NetDiscover_prefremrc: name='App Restrictions' value=AAAAAA==
11-05 13:41:04.372  3774  3774 V NetDiscover_prefremrc:     
11-05 13:41:04.372  3774  3774 V NetDiscover_prefremrc: name='pref_warn_about_incorrect_clocks' value=true
11-05 13:41:04.372  3774  3774 V NetDiscover_prefremrc: name='android.permission.ACCESS_COARSE_LOCATION' value=false
11-05 13:41:04.372  3774  3774 V NetDiscover_prefremrc: name='pref_ftc_season_year_of_current_rc' value=2022
11-05 13:41:04.373  3774  3774 V NetDiscover_prefremrc: name='pref_has_speaker' value=false
11-05 13:41:04.373  3774  3774 V NetDiscover_prefremrc: name='android.permission.WRITE_EXTERNAL_STORAGE' value=false
11-05 13:41:04.373  3774  3774 V NetDiscover_prefremrc: name='pref_connection_owner_password' value=password
11-05 13:41:04.373  3774  3774 V NetDiscover_prefremrc: name='pref_pairing_kind' value=RCWIRELESSAP
11-05 13:41:04.374  3774  3774 V NetDiscover_prefremrc: name='android.permission.ACCESS_FINE_LOCATION' value=false
11-05 13:41:04.374  3774  3774 V NetDiscover_prefremrc: name='pref_app_theme' value=red
11-05 13:41:04.374  3774  3774 V NetDiscover_prefremrc: name='pref_device_name_internal' value=FTC-eE8w
11-05 13:41:04.374  3774  3774 V NetDiscover_prefremrc: name='pref_device_name' value=FTC-eE8w
11-05 13:41:04.374  3774  3774 V NetDiscover_prefremrc: name='pref_warn_about_2_4_ghz_band' value=true
11-05 13:41:04.375  3774  3774 V NetDiscover_prefremrc: name='android.permission.READ_EXTERNAL_STORAGE' value=false
11-05 13:41:04.375  3774  3774 V NetDiscover_prefremrc: name='pref_device_name_tracking' value=WIFIAP
11-05 13:41:04.375  3774  3774 V NetDiscover_prefremrc: name='pref_rc_connected' value=true
11-05 13:41:04.381  3774  3774 V Robocol : SendOnceRunnable created
11-05 13:41:04.384  3774  3774 V NetDiscover_prefremrc: doStart()...
11-05 13:41:04.384  3774  3774 V NetDiscover_prefremrc: ...doStart()
11-05 13:41:04.434  3774  3774 W System  : ClassLoader referenced unknown path: /system/app/webview/lib/arm64
11-05 13:41:04.435  3774  3774 D ApplicationLoaders: ignored Vulkan layer search path /system/app/webview/lib/arm64:/system/app/webview/webview.apk!/lib/arm64-v8a:/system/lib64:/vendor/lib64 for namespace 0x77f28320f0
11-05 13:41:04.439  3774  3774 I WebViewFactory: Loading com.android.webview version 52.0.2743.100 (code 275610050)
