11-05 13:22:40.944  3483  3590 V OpmodeRegistration: registered {ConceptBNO055IMU} as {POC: IMU Display}
11-05 13:22:40.945  3483  3590 V OpmodeRegistration: registered {ConceptBNO055IMUCalibration} as {POC: IMU Calibration}
11-05 13:22:40.946  3483  3590 V OpmodeRegistration: registered {ConceptWebcamTest} as {nap: Webcam}
11-05 13:22:40.947  3483  3590 V OpmodeRegistration: registered {ConceptVuforiaLocalization} as {POC - Vuforia Localization}
11-05 13:22:40.947  3483  3590 V OpmodeRegistration: registered {Ri30hDriveRight} as {Ri30hDrive Right }
11-05 13:22:40.948  3483  3590 V OpmodeRegistration: registered {Forward} as { Nept-Forward and Turning }
11-05 13:22:41.025  3483  3590 V FtcEventLoop: Ensuring that the embedded Control Hub module is set up correctly
11-05 13:22:41.030  3483  3590 V RobotCore: Creating REV Robotics USB Expansion Hub Portal [(embedded)]
11-05 13:22:41.031  3483  3590 V LynxUsb : creating new [(embedded)]: 0x0513e6bb
11-05 13:22:41.033  3483  3590 V FtDeviceManager: createDeviceInfoList(): 0 USB devices
11-05 13:22:41.034  3483  3590 V RobotUsbManagerCombining: FTDI driver failed to open USB device with serial number (embedded) (returned null device)
11-05 13:22:41.029  3483  3483 I pRunnable.run(): type=1400 audit(0.0:176): avc: denied { read } for name="ttyS1" dev="tmpfs" ino=6625 scontext=u:r:untrusted_app:s0:c512,c768 tcontext=u:object_r:serial_device:s0 tclass=chr_file permissive=1
11-05 13:22:41.029  3483  3483 I pRunnable.run(): type=1400 audit(0.0:177): avc: denied { write } for name="ttyS1" dev="tmpfs" ino=6625 scontext=u:r:untrusted_app:s0:c512,c768 tcontext=u:object_r:serial_device:s0 tclass=chr_file permissive=1
11-05 13:22:41.029  3483  3483 I pRunnable.run(): type=1400 audit(0.0:178): avc: denied { open } for path="/dev/ttyS1" dev="tmpfs" ino=6625 scontext=u:r:untrusted_app:s0:c512,c768 tcontext=u:object_r:serial_device:s0 tclass=chr_file permissive=1
11-05 13:22:41.029  3483  3483 I pRunnable.run(): type=1400 audit(0.0:179): avc: denied { ioctl } for path="/dev/ttyS1" dev="tmpfs" ino=6625 ioctlcmd=5401 scontext=u:r:untrusted_app:s0:c512,c768 tcontext=u:object_r:serial_device:s0 tclass=chr_file permissive=1
11-05 13:22:41.035  3483  3590 V SerialPortNative: [SerialPort.cpp:150] opened(/dev/ttyS1): fd=97
11-05 13:22:41.036  3483  3590 V RobotUsbDeviceTTY: opening serial=(embedded) file=/dev/ttyS1
11-05 13:22:41.036  3483  3590 V LynxUsb : armDevice() serial=(embedded)...
11-05 13:22:41.037  3483  3590 V LynxUsb : resetDevice() serial=(embedded)
11-05 13:22:41.038  3483  3590 V LynxModule: resetting embedded usb device: isPresent: was=true
11-05 13:22:41.161  3483  3624 D RobotCore: system telemetry: key=$System$None$ msg=""
11-05 13:22:41.163  3483  3624 V PeerDiscovery: new remote peer discovered: 192.168.43.39
11-05 13:22:41.163  3483  3624 V NetworkConnectionHandler: starting sending loop
11-05 13:22:41.165  3483  3628 V Robocol : sending CMD_NOTIFY_ROBOT_STATE(7), attempt: 0
11-05 13:22:41.167  3483  3628 V Robocol : sending CMD_NOTIFY_ROBOT_STATE(8), attempt: 0
11-05 13:22:41.169  3483  3628 V Robocol : sending CMD_NOTIFY_ROBOT_STATE(9), attempt: 0
11-05 13:22:41.171  3483  3628 V Robocol : sending CMD_NOTIFY_ACTIVE_CONFIGURATION(11), attempt: 0
11-05 13:22:41.173  3483  3628 V Robocol : sending CMD_NOTIFY_USER_DEVICE_LIST(12), attempt: 0
11-05 13:22:41.179  3483  3628 V Robocol : sending CMD_NOTIFY_OP_MODE_LIST(13), attempt: 0
11-05 13:22:41.194  3483  3624 V UpdateUI: Network: active, connected
11-05 13:22:41.196  3483  3624 D FTCService: Sending user device types and preferences to driver station
11-05 13:22:41.233  3483  3624 V NetDiscover_prefremrc: sendAllPreferences()
11-05 13:22:41.233  3483  3624 V NetDiscover_prefremrc: sending RC pref name=pref_wifip2p_remote_channel_change_works value=false
11-05 13:22:41.238  3483  3624 V NetDiscover_prefremrc: sending RC pref name=pref_device_name value=FTC-eE8w
11-05 13:22:41.238  3483  3624 V NetDiscover_prefremrc: sending RC pref name=pref_warn_about_incorrect_clocks value=true
11-05 13:22:41.239  3483  3624 V NetDiscover_prefremrc: sending RC pref name=pref_warn_about_obsolete_software value=true
11-05 13:22:41.240  3483  3624 V NetDiscover_prefremrc: sending RC pref name=pref_has_speaker value=false
11-05 13:22:41.240  3483  3624 V NetDiscover_prefremrc: sending RC pref name=pref_warn_about_2_4_ghz_band value=true
11-05 13:22:41.241  3483  3624 V NetDiscover_prefremrc: sending RC pref name=pref_has_independent_phone_battery value=false
11-05 13:22:41.241  3483  3624 V NetDiscover_prefremrc: sending RC pref name=pref_app_theme value=red
11-05 13:22:41.242  3483  3624 V NetDiscover_prefremrc: sending RC pref name=pref_warn_about_mismatched_app_versions value=true
11-05 13:22:41.242  3483  3624 V NetDiscover_prefremrc: sending RC pref name=pref_sound_on_off value=false
11-05 13:22:41.243  3483  3624 V NetworkConnectionHandler: Peer connection established
11-05 13:22:41.244  3483  3628 V Robocol : sending CMD_NOTIFY_USER_DEVICE_LIST(17), attempt: 0
11-05 13:22:41.246  3483  3624 V Robocol : packet processing took 85.8ms: type=PEER_DISCOVERY
11-05 13:22:41.246  3483  3628 V Robocol : sending CMD_ROBOT_CONTROLLER_PREFERENCE(18), attempt: 0
11-05 13:22:41.247  3483  3628 V Robocol : sending CMD_ROBOT_CONTROLLER_PREFERENCE(19), attempt: 0
11-05 13:22:41.248  3483  3628 V Robocol : sending CMD_ROBOT_CONTROLLER_PREFERENCE(20), attempt: 0
11-05 13:22:41.248  3483  3628 V Robocol : sending CMD_ROBOT_CONTROLLER_PREFERENCE(21), attempt: 0
11-05 13:22:41.249  3483  3628 V Robocol : sending CMD_ROBOT_CONTROLLER_PREFERENCE(22), attempt: 0
11-05 13:22:41.250  3483  3628 V Robocol : sending CMD_ROBOT_CONTROLLER_PREFERENCE(23), attempt: 0
11-05 13:22:41.251  3483  3628 V Robocol : sending CMD_ROBOT_CONTROLLER_PREFERENCE(24), attempt: 0
11-05 13:22:41.251  3483  3628 V Robocol : sending CMD_ROBOT_CONTROLLER_PREFERENCE(25), attempt: 0
11-05 13:22:41.252  3483  3628 V Robocol : sending CMD_ROBOT_CONTROLLER_PREFERENCE(26), attempt: 0
11-05 13:22:41.254  3483  3628 V Robocol : sending CMD_ROBOT_CONTROLLER_PREFERENCE(27), attempt: 0
11-05 13:22:41.277  3483  3631 V SoundInfo: construct(0x0f98156d)
11-05 13:22:41.286  3483  3630 E WVMExtractor: Failed to open libwvm.so: dlopen failed: "/system/vendor/lib64/libwvm.so" is 32-bit instead of 64-bit
11-05 13:22:41.289  3483  3626 V EventLoopManager: Setting authoritative wall clock based on connected DS.
11-05 13:22:41.290  3483  3626 D Uvc     : [time.cpp:64] Java_org_firstinspires_ftc_robotcore_internal_system_AppUtil_nativeSetCurrentTimeMillis()...
11-05 13:22:41.226  3483  3626 I JniTime : [time.cpp:83] settimeofday() succeeded
11-05 13:22:41.226  3483  3626 D Uvc     : [time.cpp:64] ...Java_org_firstinspires_ftc_robotcore_internal_system_AppUtil_nativeSetCurrentTimeMillis()
11-05 13:22:41.227  3483  3626 V AppUtil : attempted to set timezone: before=America/Chicago after=America/Chicago
11-05 13:22:41.229  3483  3624 V Robocol : received command: CMD_REQUEST_ACTIVE_CONFIG(10001) 
11-05 13:22:41.230  3483  3624 V Robocol : received command: CMD_REQUEST_USER_DEVICE_TYPES(10002) 
11-05 13:22:41.231  3483  3624 V Robocol : received command: CMD_REQUEST_OP_MODE_LIST(10003) 
11-05 13:22:41.235  3483  3624 V Robocol : received command: CMD_ROBOT_CONTROLLER_PREFERENCE(10004) {"booleanValue":true,"prefName":"pref_ds_supports_5_ghz"}
11-05 13:22:41.236  3483  3624 V Robocol : received command: CMD_ROBOT_CONTROLLER_PREFERENCE(10005) {"intValue":21,"prefName":"pref_dh_os_version_code"}
11-05 13:22:41.244  3483  3630 I MediaCodec: callingProcessName:com.qualcomm.ftcrobotcontroller
11-05 13:22:41.248  3483  3637 I ACodec  : onAllocateComponent:6752 mSoftCodecPref:0 componentName:
11-05 13:22:41.249  3483  3637 I ACodec  : onAllocateComponent:6783 mSoftCodecPref:0 componentName:OMX.google.raw.decoder
11-05 13:22:41.277  3483  3548 D SoundPlayer: onLoadComplete(samp=1|ms=757, samp=1)=0
11-05 13:22:41.280  3483  3631 W AudioTrack: AUDIO_OUTPUT_FLAG_FAST denied by client; transfer 4, track 48000 Hz, output 44100 Hz
11-05 13:22:41.284  3483  3631 D SoundPlayer: playing volume=0.000000 samp=1|ms=757
11-05 13:22:41.300  3483  3628 V Robocol : sending CMD_PLAY_SOUND(45), attempt: 0
11-05 13:22:41.329  3483  3590 V LynxUsb : ...done armDevice()
11-05 13:22:41.329  3483  3642 V RobotCore: thread: 'lynx incoming datagrams' starting...
11-05 13:22:41.329  3483  3590 V LynxUsb : 0x0a29251c on 0x0513e6bb: new delegate to [(embedded)]
11-05 13:22:41.336  3483  3590 V LynxUsb : addConfiguredModule() module#=173
11-05 13:22:41.336  3483  3590 V LynxModule: pingAndQueryKnownInterfaces mod=173
11-05 13:22:41.339  3483  3642 V LynxUsb : synchronization gained: serial=(embedded)
11-05 13:22:41.340  3483  3628 V Robocol : sending CMD_NOTIFY_ROBOT_STATE(7), attempt: 1
11-05 13:22:41.342  3483  3628 V Robocol : sending CMD_NOTIFY_ROBOT_STATE(8), attempt: 1
11-05 13:22:41.343  3483  3628 V Robocol : sending CMD_NOTIFY_ROBOT_STATE(9), attempt: 1
11-05 13:22:41.345  3483  3628 V Robocol : sending CMD_NOTIFY_ACTIVE_CONFIGURATION(11), attempt: 1
11-05 13:22:41.346  3483  3628 V Robocol : sending CMD_NOTIFY_USER_DEVICE_LIST(12), attempt: 1
11-05 13:22:41.350  3483  3628 V Robocol : sending CMD_NOTIFY_OP_MODE_LIST(13), attempt: 1
11-05 13:22:41.362  3483  3590 V LynxModule: mod#=173 queryInterface(DEKA)=54 commands starting at 4096
11-05 13:22:41.374  3483  3590 V LynxModule: sending LynxFtdiResetControlCommand(true) wasInterrupted=false
11-05 13:22:41.380  3483  3590 V LynxModule: sendLEDPatternSteps(): steps=[Step(color=65280, msDuration=1000)]
11-05 13:22:41.387  3483  3590 V LynxModule: setAsControlHubEmbeddedModule(mod=173)
11-05 13:22:41.387  3483  3590 V EmbeddedControlHubModule: setting embedded module
11-05 13:22:41.388  3483  3590 V LynxModule: sending LynxFtdiResetControlCommand(false) wasInterrupted=false
11-05 13:22:41.391  3483  3590 V LynxModule: close(#173)
11-05 13:22:41.393  3483  3590 V LynxUsb : Verified that the embedded Control Hub module has the correct address
11-05 13:22:41.395  3483  3590 V LynxUsb : addConfiguredModule() module#=173
11-05 13:22:41.395  3483  3590 V LynxModule: pingAndQueryKnownInterfaces mod=173
11-05 13:22:41.413  3483  3590 V LynxModule: mod#=173 queryInterface(DEKA)=54 commands starting at 4096
11-05 13:22:41.425  3483  3590 V LynxModule: sending LynxFtdiResetControlCommand(true) wasInterrupted=false
11-05 13:22:41.430  3483  3590 V LynxModule: sendLEDPatternSteps(): steps=[Step(color=65280, msDuration=1000)]
11-05 13:22:41.435  3483  3590 V LynxModule: setAsControlHubEmbeddedModule(mod=173)
11-05 13:22:41.435  3483  3590 V EmbeddedControlHubModule: setting embedded module
11-05 13:22:41.435  3483  3590 I RobotCore: LynxFirmwareVersionManager: LynxI2cDeviceSynchV2
11-05 13:22:41.436  3483  3590 V LynxI2cDeviceSynch: initializeHardware() mod#=173
11-05 13:22:41.437  3483  3590 V BHI260IMU: Suppressing I2C warnings while we check for a BHI260AP IMU
11-05 13:22:41.442  3483  3590 V BHI260IMU: No BHI260AP IMU found
11-05 13:22:41.442  3483  3590 V LynxModule: sending LynxFtdiResetControlCommand(false) wasInterrupted=false
11-05 13:22:41.444  3483  3590 V LynxModule: close(#173)
11-05 13:22:41.446  3483  3590 V HardwareFactory: createHardwareMap()
11-05 13:22:41.446  3483  3590 V EmbeddedControlHubModule: clearing embedded module
11-05 13:22:41.461  3483  3590 V ReadXMLFileHandler: embedded lynx USB device is already present
11-05 13:22:41.462  3483  3590 V RobotCore: Creating REV Robotics USB Expansion Hub Portal [(embedded)]
11-05 13:22:41.462  3483  3590 V LynxUsb : using existing [(embedded)]: 0x0513e6bb
11-05 13:22:41.463  3483  3590 V LynxUsb : 0x0f06ea3c on 0x0513e6bb: new delegate to [(embedded)]
11-05 13:22:41.463  3483  3590 V RobotCore: Creating Lynx Module - mod=173 parent=true
11-05 13:22:41.465  3483  3590 V RobotCore: Creating Lynx Module - mod=2 parent=false
11-05 13:22:41.466  3483  3590 V LynxUsb : addConfiguredModule() module#=173
11-05 13:22:41.466  3483  3590 V LynxModule: pingAndQueryKnownInterfaces mod=173
11-05 13:22:41.480  3483  3590 V LynxModule: mod#=173 queryInterface(DEKA)=54 commands starting at 4096
11-05 13:22:41.490  3483  3590 V LynxModule: sending LynxFtdiResetControlCommand(true) wasInterrupted=false
11-05 13:22:41.494  3483  3645 V LynxModule: received status: LynxGetModuleStatusResponse(status=0x02 alerts=0x00: Reset)
11-05 13:22:41.495  3483  3645 W HubPowerCycle: Expansion Hub 173 regained power after a complete power loss. No user Op Mode was running.
11-05 13:22:41.495  3483  3645 V LynxModule: resendCurrentPattern()
11-05 13:22:41.496  3483  3645 V LynxModule: sendLEDPatternSteps(): steps=[]
11-05 13:22:41.496  3483  3590 V LynxModule: sendLEDPatternSteps(): steps=[Step(color=65280, msDuration=1000)]
11-05 13:22:41.503  3483  3590 V LynxModule: setAsControlHubEmbeddedModule(mod=173)
11-05 13:22:41.503  3483  3590 V EmbeddedControlHubModule: setting embedded module
11-05 13:22:41.504  3483  3590 V LynxUsb : addConfiguredModule() module#=2
11-05 13:22:41.504  3483  3590 V LynxModule: pingAndQueryKnownInterfaces mod=2
11-05 13:22:41.517  3483  3590 V LynxModule: mod#=2 queryInterface(DEKA)=54 commands starting at 4096
11-05 13:22:41.524  3483  3590 V LynxModule: sending LynxFtdiResetControlCommand(true) wasInterrupted=false
11-05 13:22:41.530  3483  3590 V LynxModule: sendLEDPatternSteps(): steps=[Step(color=65280, msDuration=4500), Step(color=0, msDuration=500), Step(color=255, msDuration=500), Step(color=0, msDuration=500), Step(color=255, msDuration=500), Step(color=0, msDuration=500)]
11-05 13:22:41.532  3483  3646 V LynxModule: received status: LynxGetModuleStatusResponse(status=0x05 alerts=0x00: KeepAliveTimeout|FailSafe)
11-05 13:22:41.532  3483  3646 V LynxModule: resendCurrentPattern()
11-05 13:22:41.533  3483  3646 V LynxModule: sendLEDPatternSteps(): steps=[Step(color=65280, msDuration=4500), Step(color=0, msDuration=500), Step(color=255, msDuration=500), Step(color=0, msDuration=500), Step(color=255, msDuration=500), Step(color=0, msDuration=500)]
11-05 13:22:41.541  3483  3590 V LynxMotor: initializeHardware() mod#=173
11-05 13:22:41.581  3483  3590 V RobotCore: DcMotorImpl(type=goBILDA5202SeriesMotor)
11-05 13:22:41.581  3483  3590 V RobotCore: DcMotorImpl(type=goBILDA5202SeriesMotor)
11-05 13:22:41.581  3483  3590 V RobotCore: DcMotorImpl(type=goBILDA5202SeriesMotor)
11-05 13:22:41.581  3483  3590 V RobotCore: DcMotorImpl(type=goBILDA5202SeriesMotor)
11-05 13:22:41.582  3483  3590 V LynxServoController: initializeHardware() mod#=173
11-05 13:22:41.605  3483  3590 V LynxVoltageSensor: initializeHardware() mod#=173
11-05 13:22:41.605  3483  3590 V LynxAnalogInputController: initializeHardware() mod#=173
11-05 13:22:41.606  3483  3590 V LynxDigitalChannelController: initializeHardware() mod#=173
11-05 13:22:41.621  3483  3590 V RobotCore: Creating user sensor REV internal IMU (BNO055) - on Lynx module=173 bus=0
11-05 13:22:41.622  3483  3590 V RobotCore: Creating I2cDeviceSynch (Lynx) - mod=173 bus=0
11-05 13:22:41.622  3483  3590 I RobotCore: LynxFirmwareVersionManager: LynxI2cDeviceSynchV2
11-05 13:22:41.622  3483  3590 V LynxI2cDeviceSynch: initializeHardware() mod#=173
11-05 13:22:41.625  3483  3590 V RobotCore: Creating user sensor REV 2M Distance Sensor - on Lynx module=173 bus=1
11-05 13:22:41.625  3483  3590 V RobotCore: Creating I2cDeviceSynch (Lynx) - mod=173 bus=1
11-05 13:22:41.625  3483  3590 I RobotCore: LynxFirmwareVersionManager: LynxI2cDeviceSynchV2
11-05 13:22:41.626  3483  3590 V LynxI2cDeviceSynch: initializeHardware() mod#=173
11-05 13:22:41.627  3483  3590 V RobotCore: Creating user sensor REV Color Sensor V3 - on Lynx module=173 bus=2
11-05 13:22:41.627  3483  3590 I RobotCore: LynxFirmwareVersionManager: LynxI2cDeviceSynchV2
11-05 13:22:41.627  3483  3590 V LynxI2cDeviceSynch: initializeHardware() mod#=173
11-05 13:22:41.629  3483  3590 I I2C     : Automatically initializing I2C device RevColorSensorV3 USB (embedded); module 173; bus 2; addr7=0x00
11-05 13:22:41.629  3483  3590 V BroadcomColorSensorImpl: internalInitialize()...
11-05 13:22:41.638  3483  3590 V BroadcomColorSensorImpl: state: 07 37 20 1d 42 01 c2 
11-05 13:22:41.638  3483  3590 V BroadcomColorSensorImpl: setGain(0x01)
11-05 13:22:41.642  3483  3590 V BroadcomColorSensorImpl: setLEDParameters(0x37)
11-05 13:22:41.647  3483  3590 V BroadcomColorSensorImpl: setProximityPulseCount(0x20)
11-05 13:22:41.651  3483  3590 V BroadcomColorSensorImpl: setPSMeasRate(0x1d)
11-05 13:22:41.656  3483  3590 V BroadcomColorSensorImpl: setLSMeasRate(0x42)
11-05 13:22:41.664  3483  3590 V BroadcomColorSensorImpl: enable() enabled=0x07...
11-05 13:22:41.671  3483  3590 V BroadcomColorSensorImpl: ...enable() enabled=0x07
11-05 13:22:41.676  3483  3590 V BroadcomColorSensorImpl: state: 07 37 20 1d 42 01 c2 
11-05 13:22:41.676  3483  3590 V BroadcomColorSensorImpl: ...internalInitialize()
11-05 13:22:41.677  3483  3590 V LynxMotor: initializeHardware() mod#=2
11-05 13:22:41.740  3483  3590 V RobotCore: DcMotorImpl(type=goBILDA5202SeriesMotor)
11-05 13:22:41.740  3483  3590 V RobotCore: DcMotorImpl(type=goBILDA5202SeriesMotor)
11-05 13:22:41.741  3483  3590 V LynxServoController: initializeHardware() mod#=2
11-05 13:22:41.775  3483  3590 V LynxVoltageSensor: initializeHardware() mod#=2
11-05 13:22:41.776  3483  3590 V LynxAnalogInputController: initializeHardware() mod#=2
11-05 13:22:41.778  3483  3590 V LynxDigitalChannelController: initializeHardware() mod#=2
11-05 13:22:41.800  3483  3590 I RobotCore: ========= Device Information ===================================================
11-05 13:22:41.800  3483  3590 I RobotCore: Type                                               Name                           Connection
11-05 13:22:41.801  3483  3590 I RobotCore: Motor                                              LeftSlider                     USB (embedded); module 2; port 1
11-05 13:22:41.802  3483  3590 I RobotCore: Rev Color Sensor v3                                ColorSensor                    USB (embedded); module 173; bus 2; addr7=0x52
11-05 13:22:41.803  3483  3590 I RobotCore: Motor                                              RightSlider                    USB (embedded); module 2; port 0
11-05 13:22:41.803  3483  3590 I RobotCore: REV Robotics USB Expansion Hub Portal              Control Hub Portal             USB (embedded)
11-05 13:22:41.804  3483  3590 I RobotCore: Motor                                              FrontLeft                      USB (embedded); module 173; port 0
11-05 13:22:41.805  3483  3590 I RobotCore: Motor                                              BackRight                      USB (embedded); module 173; port 3
11-05 13:22:41.806  3483  3590 I RobotCore: Expansion Hub DC Motor Controller                  Expansion Hub 2                USB (embedded); module 2
11-05 13:22:41.806  3483  3590 I RobotCore: Expansion Hub Servo Controller                     Expansion Hub 2                USB (embedded); module 2
11-05 13:22:41.808  3483  3590 I RobotCore: Expansion Hub Voltage Sensor                       Expansion Hub 2                USB (embedded); module 2
11-05 13:22:41.809  3483  3590 I RobotCore: Expansion Hub Analog Input Controller              Expansion Hub 2                USB (embedded); module 2
11-05 13:22:41.810  3483  3590 I RobotCore: Expansion Hub Digital Channel Controller           Expansion Hub 2                USB (embedded); module 2
11-05 13:22:41.816  3483  3590 I RobotCore: Expansion Hub (HW: 20, Maj: 1, Min: 8, Eng: 2)     Expansion Hub 2                USB (embedded); module 2
11-05 13:22:41.816  3483  3590 I RobotCore: REV 2M ToF Distance Sensor                         DistanceSensor                 USB (embedded); module 173; bus 1; addr7=0x29
11-05 13:22:41.817  3483  3590 I RobotCore: REV internal IMU (BNO055)                          imu                            USB (embedded); module 173; bus 0; addr7=0x00
11-05 13:22:41.818  3483  3590 I RobotCore: Expansion Hub DC Motor Controller                  Control Hub                    USB (embedded); module 173
11-05 13:22:41.818  3483  3590 I RobotCore: Expansion Hub Servo Controller                     Control Hub                    USB (embedded); module 173
11-05 13:22:41.819  3483  3590 I RobotCore: Expansion Hub Voltage Sensor                       Control Hub                    USB (embedded); module 173
11-05 13:22:41.819  3483  3590 I RobotCore: Expansion Hub Analog Input Controller              Control Hub                    USB (embedded); module 173
11-05 13:22:41.820  3483  3590 I RobotCore: Expansion Hub Digital Channel Controller           Control Hub                    USB (embedded); module 173
11-05 13:22:41.827  3483  3590 I RobotCore: Expansion Hub (HW: 20, Maj: 1, Min: 8, Eng: 2)     Control Hub                    USB (embedded); module 173
11-05 13:22:41.828  3483  3590 I RobotCore: Servo                                              ClawServo                      USB (embedded); module 173; port 0
11-05 13:22:41.829  3483  3590 I RobotCore: Motor                                              FrontRight                     USB (embedded); module 173; port 1
11-05 13:22:41.830  3483  3590 I RobotCore: Motor                                              BackLeft                       USB (embedded); module 173; port 2
11-05 13:22:41.831  3483  3590 I RobotCore: Servo                                              ArmServo                       USB (embedded); module 173; port 1
11-05 13:22:41.835  3483  3590 I RobotCore: LynxFirmwareVersionManager: LynxI2cDeviceSynchV2
11-05 13:22:41.836  3483  3590 V LynxI2cDeviceSynch: initializeHardware() mod#=173
11-05 13:22:41.836  3483  3590 V BNO055  : Suppressing I2C warnings while we check for a BNO055 IMU
11-05 13:22:41.840  3483  3590 V BNO055  : Found BNO055 IMU
11-05 13:22:41.846  3483  3590 I RobotCore: LynxFirmwareVersionManager: LynxI2cDeviceSynchV2
11-05 13:22:41.846  3483  3590 V LynxI2cDeviceSynch: initializeHardware() mod#=2
11-05 13:22:41.846  3483  3590 V BNO055  : Suppressing I2C warnings while we check for a BNO055 IMU
11-05 13:22:41.851  3483  3590 V BNO055  : Found BNO055 IMU
11-05 13:22:41.861  3483  3590 V LynxUsb : 0x0a29251c on 0x0513e6bb: releasing delegate to [(embedded)]
11-05 13:22:41.861  3483  3590 I FtcEventLoop: ======= INIT FINISH =======
11-05 13:22:41.861  3483  3590 V RobotCore: EventLoopManager state is RUNNING
11-05 13:22:41.861  3483  3625 W art     : Long monitor contention with owner RobotSetupRunnable.run() (3590) at void java.lang.Thread.sleep!(java.lang.Object, long, int)(Thread.java:-2) waiters=0 in org.firstinspires.ftc.robotcore.internal.network.CallbackResult com.qualcomm.robotcore.eventloop.EventLoopManager.commandEvent(com.qualcomm.robotcore.robocol.Command) for 631ms
11-05 13:22:41.863  3483  3590 V RobotCore: Robot Status: running, starting robot
11-05 13:22:41.863  3483  3590 V RobotCore: Robot Status: running
11-05 13:22:41.874  3483  3590 D FTCService: Detecting Wi-Fi reset
11-05 13:22:41.876  3483  3590 D RobotControllerAccessPointAssistant: detectWifiReset button=false
11-05 13:22:41.878  3483  3625 E Robocol : command processing took 647 ms: command=CMD_REQUEST_ACTIVE_CONFIG
11-05 13:22:41.883  3483  3590 V RobotCore: thread: ...terminating 'RobotSetupRunnable.run()'
11-05 13:22:41.883  3483  3648 V RobotCore: thread: 'opmode loop()' starting...
11-05 13:22:41.900  3483  3628 V Robocol : sending CMD_NOTIFY_ROBOT_STATE(59), attempt: 0
11-05 13:22:41.901  3483  3628 V Robocol : sending CMD_SHOW_TOAST(60), attempt: 0
11-05 13:22:41.902  3483  3628 V Robocol : sending CMD_NOTIFY_ACTIVE_CONFIGURATION(62), attempt: 0
11-05 13:22:41.940  3483  3628 V Robocol : sending CMD_NOTIFY_USER_DEVICE_LIST(66), attempt: 0
11-05 13:22:41.942  3483  3628 V Robocol : sending CMD_NOTIFY_OP_MODE_LIST(69), attempt: 0
11-05 13:22:41.964  3483  3631 V SoundInfo: construct(0x0774975d)
11-05 13:22:42.010  3483  3630 I MediaCodec: callingProcessName:com.qualcomm.ftcrobotcontroller
11-05 13:22:42.012  3483  3653 I ACodec  : onAllocateComponent:6752 mSoftCodecPref:0 componentName:
11-05 13:22:42.013  3483  3653 I ACodec  : onAllocateComponent:6783 mSoftCodecPref:0 componentName:OMX.google.raw.decoder
11-05 13:22:42.063  3483  3548 D SoundPlayer: onLoadComplete(samp=2|ms=4506, samp=2)=0
11-05 13:22:42.065  3483  3631 W AudioTrack: AUDIO_OUTPUT_FLAG_FAST denied by client; transfer 4, track 48000 Hz, output 44100 Hz
11-05 13:22:42.068  3483  3631 D SoundPlayer: playing volume=0.000000 samp=2|ms=4506
11-05 13:22:42.100  3483  3628 V Robocol : sending CMD_PLAY_SOUND(81), attempt: 0
11-05 13:22:42.402  3483  3648 I RobotCore: Attempting to switch to op mode $Stop$Robot$
11-05 13:22:42.460  3483  3628 V Robocol : sending CMD_NOTIFY_INIT_OP_MODE(89), attempt: 0
--------- beginning of main
12-31 18:00:13.963   974   974 V OnBotJava: ctor()...
12-31 18:00:13.965   974   974 V OnBotJava: ...ctor()
12-31 18:00:13.970   974   974 I PermissionValidatorActivity: Lifecycle onCreate : 9ed69fe
12-31 18:00:13.978   974   974 I PermissionValidatorActivity: Lifecycle onStart : 9ed69fe
12-31 18:00:13.978   974   974 I PermissionValidator: Checking permission for android.permission.WRITE_EXTERNAL_STORAGE
12-31 18:00:13.979   974   974 I PermissionValidator:     Granted: android.permission.WRITE_EXTERNAL_STORAGE
12-31 18:00:13.979   974   974 I PermissionValidator: Checking permission for android.permission.READ_EXTERNAL_STORAGE
12-31 18:00:13.980   974   974 I PermissionValidator:     Granted: android.permission.READ_EXTERNAL_STORAGE
12-31 18:00:13.980   974   974 I PermissionValidator: Checking permission for android.permission.CAMERA
12-31 18:00:13.980   974   974 I PermissionValidator:     Granted: android.permission.CAMERA
12-31 18:00:13.981   974   974 I PermissionValidator: Checking permission for android.permission.ACCESS_COARSE_LOCATION
12-31 18:00:13.981   974   974 I PermissionValidator:     Granted: android.permission.ACCESS_COARSE_LOCATION
12-31 18:00:13.981   974   974 I PermissionValidator: Checking permission for android.permission.ACCESS_FINE_LOCATION
12-31 18:00:13.982   974   974 I PermissionValidator:     Granted: android.permission.ACCESS_FINE_LOCATION
12-31 18:00:13.982   974   974 I PermissionValidator: Checking permission for android.permission.READ_PHONE_STATE
12-31 18:00:13.983   974   974 I PermissionValidator:     Granted: android.permission.READ_PHONE_STATE
12-31 18:00:13.985   974   974 V ServiceStarter: attempting to start service MediaTransferProtocolMonitorService
12-31 18:00:13.987   974   974 V ServiceStarter: started service MediaTransferProtocolMonitorService
12-31 18:00:13.987   974   974 V ServiceStarter: attempting to start service OnBotJavaService
12-31 18:00:13.988   974   974 V ServiceStarter: started service OnBotJavaService
12-31 18:00:13.988   974   974 I PermissionValidatorActivity: All permissions validated.  Starting RobotController
12-31 18:00:13.997   974   974 V MTPMonitorService: onStartCommand() intent=Intent { cmp=com.qualcomm.ftcrobotcontroller/org.firstinspires.ftc.robotcore.internal.files.MediaTransferProtocolMonitorService } flags=0x0 startId=2
12-31 18:00:14.001   974   974 V MTPMonitor: observing: /storage/emulated/0
12-31 18:00:14.035   974   974 W FileObserverManager: upgrading mask: path=/storage/emulated/0/FIRST/java/control old=0x00000ffc new=0x00004ffc: might possibly miss event
12-31 18:00:14.062   974   974 V OnBotJavaService: onStartCommand() intent=Intent { cmp=com.qualcomm.ftcrobotcontroller/org.firstinspires.ftc.onbotjava.OnBotJavaService } flags=0x0 startId=2
12-31 18:00:14.062   974   974 V OnBotJava: ctor()...
12-31 18:00:14.062   974   974 W FileObserverManager: upgrading mask: path=/storage/emulated/0/FIRST/java/control/buildRequest.txt old=0x00000ffc new=0x00000ffe: might possibly miss event
12-31 18:00:14.063   974   974 V OnBotJava: ...ctor()
12-31 18:00:14.073   974   974 I robotcontroller: type=1400 audit(0.0:80): avc: denied { read } for name="direction" dev="sysfs" ino=16323 scontext=u:r:untrusted_app:s0:c512,c768 tcontext=u:object_r:sysfs:s0 tclass=file permissive=1
12-31 18:00:14.073   974   974 I robotcontroller: type=1400 audit(0.0:81): avc: denied { open } for path="/sys/devices/pinctrl.26/gpio/gpio50/direction" dev="sysfs" ino=16323 scontext=u:r:untrusted_app:s0:c512,c768 tcontext=u:object_r:sysfs:s0 tclass=file permissive=1
12-31 18:00:14.073   974   974 I robotcontroller: type=1400 audit(0.0:82): avc: denied { getattr } for path="/sys/devices/pinctrl.26/gpio/gpio50/direction" dev="sysfs" ino=16323 scontext=u:r:untrusted_app:s0:c512,c768 tcontext=u:object_r:sysfs:s0 tclass=file permissive=1
12-31 18:00:14.073   974   974 V RCActivity: Permissions validated already
12-31 18:00:14.073   974   974 V RCActivity: onCreate()
12-31 18:00:14.075   974   974 V RCActivity: rootActivity is of class PermissionValidatorWrapper
12-31 18:00:14.075   974   974 V RCActivity: launchActivity is of class class org.firstinspires.ftc.robotcontroller.internal.PermissionValidatorWrapper
12-31 18:00:14.076   974   974 I robotcontroller: type=1400 audit(0.0:83): avc: denied { write } for name="value" dev="sysfs" ino=13327 scontext=u:r:untrusted_app:s0:c512,c768 tcontext=u:object_r:sysfs:s0 tclass=file permissive=1
12-31 18:00:14.083   974  1079 V CallbackLooper: thread=70
12-31 18:00:14.088   974   974 V NetDiscover_wifiDirectAgent: doStart()...
12-31 18:00:14.094   974   974 V NetDiscover_wifiDirectAgent: ...doStart()
12-31 18:00:14.095   974   974 V NetDiscover_prefremrc: ----- all preferences -----
12-31 18:00:14.095   974   974 V NetDiscover_prefremrc: name='android.permission.READ_PHONE_STATE' value=false
12-31 18:00:14.095   974   974 V NetDiscover_prefremrc: name='pref_autostarted_robot_controller' value=true
12-31 18:00:14.095   974   974 V NetDiscover_prefremrc: name='pref_warn_about_obsolete_software' value=true
12-31 18:00:14.095   974   974 V NetDiscover_prefremrc: name='pref_has_independent_phone_battery' value=false
12-31 18:00:14.096   974   974 V NetDiscover_prefremrc: name='android.permission.CAMERA' value=false
12-31 18:00:14.096   974   974 V NetDiscover_prefremrc: name='pref_wifip2p_remote_channel_change_works' value=false
12-31 18:00:14.096   974   974 V NetDiscover_prefremrc: name='pref_hardware_config_filename' value={"isDirty":false,"location":"LOCAL_STORAGE","name":"Error418Test6dcColor","resourceId":0}
12-31 18:00:14.096   974   974 V NetDiscover_prefremrc: name='pref_sound_on_off' value=false
12-31 18:00:14.096   974   974 V NetDiscover_prefremrc: name='pref_warn_about_mismatched_app_versions' value=true
12-31 18:00:14.096   974   974 V NetDiscover_prefremrc: name='pref_ftc_season_year_of_current_rc_new' value=2022
12-31 18:00:14.097   974   974 V NetDiscover_prefremrc: name='App Restrictions' value=AAAAAA==
12-31 18:00:14.097   974   974 V NetDiscover_prefremrc:     
12-31 18:00:14.097   974   974 V NetDiscover_prefremrc: name='pref_warn_about_incorrect_clocks' value=true
12-31 18:00:14.097   974   974 V NetDiscover_prefremrc: name='android.permission.ACCESS_COARSE_LOCATION' value=false
12-31 18:00:14.097   974   974 V NetDiscover_prefremrc: name='pref_ftc_season_year_of_current_rc' value=2022
12-31 18:00:14.097   974   974 V NetDiscover_prefremrc: name='pref_has_speaker' value=false
12-31 18:00:14.097   974   974 V NetDiscover_prefremrc: name='android.permission.WRITE_EXTERNAL_STORAGE' value=false
12-31 18:00:14.097   974   974 V NetDiscover_prefremrc: name='pref_connection_owner_password' value=password
12-31 18:00:14.097   974   974 V NetDiscover_prefremrc: name='pref_pairing_kind' value=RCWIRELESSAP
12-31 18:00:14.098   974   974 V NetDiscover_prefremrc: name='android.permission.ACCESS_FINE_LOCATION' value=false
12-31 18:00:14.098   974   974 V NetDiscover_prefremrc: name='pref_app_theme' value=red
12-31 18:00:14.098   974   974 V NetDiscover_prefremrc: name='pref_device_name_internal' value=FTC-eE8w
12-31 18:00:14.098   974   974 V NetDiscover_prefremrc: name='pref_device_name' value=FTC-eE8w
12-31 18:00:14.098   974   974 V NetDiscover_prefremrc: name='pref_warn_about_2_4_ghz_band' value=true
12-31 18:00:14.098   974   974 V NetDiscover_prefremrc: name='android.permission.READ_EXTERNAL_STORAGE' value=false
12-31 18:00:14.098   974   974 V NetDiscover_prefremrc: name='pref_device_name_tracking' value=WIFIAP
12-31 18:00:14.098   974   974 V NetDiscover_prefremrc: name='pref_rc_connected' value=true
12-31 18:00:14.104   974   974 V Robocol : SendOnceRunnable created
12-31 18:00:14.106   974   974 V NetDiscover_prefremrc: doStart()...
12-31 18:00:14.106   974   974 V NetDiscover_prefremrc: ...doStart()
12-31 18:00:14.151   974   974 W System  : ClassLoader referenced unknown path: /system/app/webview/lib/arm64
12-31 18:00:14.152   974   974 D ApplicationLoaders: ignored Vulkan layer search path /system/app/webview/lib/arm64:/system/app/webview/webview.apk!/lib/arm64-v8a:/system/lib64:/vendor/lib64 for namespace 0x77e71080f0
12-31 18:00:14.155   974   974 I WebViewFactory: Loading com.android.webview version 52.0.2743.100 (code 275610050)
12-31 18:00:14.258   974   974 I cr_LibraryLoader: Time to load native libraries: 46 ms (timestamps 4211-4257)
12-31 18:00:14.258   974   974 I cr_LibraryLoader: Expected native library version number "52.0.2743.100", actual native library version number "52.0.2743.100"
12-31 18:00:14.314   974   974 V WebViewChromiumFactoryProvider: Binding Chromium to main looper Looper (main, tid 1) {6ba683b}
12-31 18:00:14.315   974   974 I cr_LibraryLoader: Expected native library version number "52.0.2743.100", actual native library version number "52.0.2743.100"
12-31 18:00:14.351   974   974 I chromium: [INFO:library_loader_hooks.cc(143)] Chromium logging enabled: level = 0, default verbosity = 0
12-31 18:00:14.372   974   974 I cr_BrowserStartup: Initializing chromium process, singleProcess=true
12-31 18:00:14.445   974   974 I mali_so : [File] : hardware/rockchip/driver/./src/base/arch/arch_011_udd/base_arch_main.c; [Line] : 565; [Func] : deal_with_version_affairs_rk_ext;
12-31 18:00:14.445   974   974 I mali_so : arm_release_ver of this mali_so is 'r7p0-00rel1', rk_so_ver is '1@2' for 3328h_android_7.1, built at '15:47:51', on 'Jun 28 2017'.
12-31 18:00:14.445   974   974 I mali_so : [File] : hardware/rockchip/driver/./src/base/arch/arch_011_udd/base_arch_main.c; [Line] : 578; [Func] : deal_with_version_affairs_rk_ext;
12-31 18:00:14.445   974   974 I mali_so : mali_ver_property has been set to 'r7p0-00rel1-5-1@2', to return.
12-31 18:00:14.544   974   974 I cr_DRP  : No DRP key due to exception:java.lang.ClassNotFoundException: com.android.webview.chromium.Drp
12-31 18:00:14.612   974   974 W cr_AwContents: onDetachedFromWindow called when already detached. Ignoring
12-31 18:00:14.874   974   974 W System  : ClassLoader referenced unknown path: 
12-31 18:00:14.917   974   974 W ClassManager: com.journeyapps.barcodescanner.ScanContract java.lang.ClassNotFoundException: com.journeyapps.barcodescanner.ScanContract
12-31 18:00:14.920   974   974 E ClassManager: java.lang.ClassNotFoundException: com.journeyapps.barcodescanner.ScanContract
12-31 18:00:14.922   974   974 E ClassManager: 	at java.lang.Class.classForName(Native Method)
12-31 18:00:14.923   974   974 E ClassManager: 	at java.lang.Class.forName(Class.java:400)
12-31 18:00:14.926   974   974 E ClassManager: 	at org.firstinspires.ftc.robotcore.internal.opmode.ClassManager.classNamesToClasses(ClassManager.java:215)
12-31 18:00:14.928   974   974 E ClassManager: 	at org.firstinspires.ftc.robotcore.internal.opmode.ClassManager.processAllClasses(ClassManager.java:258)
12-31 18:00:14.930   974   974 E ClassManager: 	at com.qualcomm.ftccommon.ClassManagerFactory.processAllClasses(ClassManagerFactory.java:94)
12-31 18:00:14.931   974   974 E ClassManager: 	at org.firstinspires.ftc.robotcontroller.internal.FtcRobotControllerActivity.onCreate(FtcRobotControllerActivity.java:356)
12-31 18:00:14.932   974   974 E ClassManager: 	at android.app.Activity.performCreate(Activity.java:6709)
12-31 18:00:14.932   974   974 E ClassManager: 	at android.app.Instrumentation.callActivityOnCreate(Instrumentation.java:1118)
12-31 18:00:14.933   974   974 E ClassManager: 	at android.app.ActivityThread.performLaunchActivity(ActivityThread.java:2619)
12-31 18:00:14.934   974   974 E ClassManager: 	at android.app.ActivityThread.handleLaunchActivity(ActivityThread.java:2727)
12-31 18:00:14.934   974   974 E ClassManager: 	at android.app.ActivityThread.-wrap12(ActivityThread.java)
12-31 18:00:14.935   974   974 E ClassManager: 	at android.app.ActivityThread$H.handleMessage(ActivityThread.java:1478)
12-31 18:00:14.935   974   974 E ClassManager: 	at android.os.Handler.dispatchMessage(Handler.java:102)
12-31 18:00:14.935   974   974 E ClassManager: 	at android.os.Looper.loop(Looper.java:154)
12-31 18:00:14.936   974   974 E ClassManager: 	at android.app.ActivityThread.main(ActivityThread.java:6121)
12-31 18:00:14.937   974   974 E ClassManager: 	at java.lang.reflect.Method.invoke(Native Method)
12-31 18:00:14.938   974   974 E ClassManager: 	at com.android.internal.os.ZygoteInit$MethodAndArgsCaller.run(ZygoteInit.java:905)
12-31 18:00:14.938   974   974 E ClassManager: 	at com.android.internal.os.ZygoteInit.main(ZygoteInit.java:795)
12-31 18:00:14.940   974   974 E ClassManager: Caused by: java.lang.ClassNotFoundException: Didn't find class "com.journeyapps.barcodescanner.ScanContract" on path: DexPathList[[],nativeLibraryDirectories=[/system/lib64, /vendor/lib64]]
12-31 18:00:14.941   974   974 E ClassManager: 	at dalvik.system.BaseDexClassLoader.findClass(BaseDexClassLoader.java:56)
12-31 18:00:14.941   974   974 E ClassManager: 	at java.lang.ClassLoader.loadClass(ClassLoader.java:380)
12-31 18:00:14.942   974   974 E ClassManager: 	at java.lang.ClassLoader.loadClass(ClassLoader.java:312)
12-31 18:00:14.942   974   974 E ClassManager: 	... 18 more
12-31 18:00:16.536   974   974 V UpdateUI: Network: inactive, disconnected
12-31 18:00:16.537   974   974 V ServiceStarter: attempting to start service FtcRobotControllerWatchdogService
12-31 18:00:16.540   974   974 V ServiceStarter: started service FtcRobotControllerWatchdogService
12-31 18:00:16.562   974   974 I RobotCore: App info: version=8.0.0 appId=com.qualcomm.ftcrobotcontroller
12-31 18:00:16.562   974   974 I RobotCore: Android Device: maker=REV Robotics model=Control Hub v1.0 sdk=25 serial=caade241cd00a884
12-31 18:00:16.562   974   974 V AndroidBoard: REV Control Hub contains REV3328
12-31 18:00:16.563   974   974 V AndroidBoard: Communicating with embedded REV hub via /dev/ttyS1
12-31 18:00:16.564   974   974 V RCActivity: onStart()
12-31 18:00:16.568   974   974 V RCActivity: onResume()
12-31 18:00:16.589   974   974 V NetDiscover_prefremrc: onSharedPreferenceChanged(name=App Restrictions, value=AAAAAA==
12-31 18:00:16.589   974   974 V NetDiscover_prefremrc: )
12-31 18:00:16.600   974   974 V FtcRobotControllerWatchdogService: onCreate()
12-31 18:00:16.601   974   974 V FtcRobotControllerWatchdogService: onStartCommand() intent=Intent { cmp=com.qualcomm.ftcrobotcontroller/org.firstinspires.ftc.ftccommon.internal.FtcRobotControllerWatchdogService } flags=0x0 startId=1
12-31 18:00:16.601   974   974 V FtcRobotControllerWatchdogService: shouldAutoLauchRobotController() result=true
12-31 18:00:16.603   974   974 V FTCService: onCreate()
12-31 18:00:16.637   974   974 W art     : Before Android 4.1, method double java.util.concurrent.ThreadLocalRandom.internalNextDouble(double, double) would have incorrectly overridden the package-private method in java.util.Random
12-31 18:00:16.637   974   974 W art     : Before Android 4.1, method int java.util.concurrent.ThreadLocalRandom.internalNextInt(int, int) would have incorrectly overridden the package-private method in java.util.Random
12-31 18:00:16.637   974   974 W art     : Before Android 4.1, method long java.util.concurrent.ThreadLocalRandom.internalNextLong(long, long) would have incorrectly overridden the package-private method in java.util.Random
12-31 18:00:16.668   974   974 V FTCService: onBind()
12-31 18:00:16.697   974   974 V CoreRobotWebServer: creating NanoHTTPD(8080)
12-31 18:00:16.701   974   974 V WebSocketManager: Registered broadcast-only namespace progress
12-31 18:00:16.707   974   974 V WebSocketManager: Registered handler for namespace ControlHubUpdater
12-31 18:00:16.708   974   974 V RobotCore: Getting network assistant of type: RCWIRELESSAP
12-31 18:00:16.710   974   974 I RobotControllerAccessPointAssistant: Enabling network services
12-31 18:00:16.712   974   974 I RobotControllerAccessPointAssistant: Sending SSID and password to AP service
12-31 18:00:16.713   974   974 I RobotCore: password
12-31 18:00:16.713   974   974 D RobotControllerAccessPointAssistant: setNetworkProperties(deviceName=FTC-eE8w, password=password, ApChannel=null) sendSettingsIndividually=false
12-31 18:00:16.713   974   974 I NetDiscover_ControlHubNameManager: Robot controller name: FTC-eE8w
12-31 18:00:16.713   974   974 I ControlHubPasswordManager: Robot controller password: password
12-31 18:00:16.714   974   974 D RobotControllerAccessPointAssistant: Sending bulk settings broadcast intent
12-31 18:00:16.769   974  1111 I OpenGLRenderer: Initialized EGL, version 1.4
12-31 18:00:16.769   974  1111 D OpenGLRenderer: Swap behavior 1
12-31 18:00:16.781   974   974 I RobotControllerAccessPointAssistant: Wi-Fi state change:, wifiApState: 13
12-31 18:00:16.782   974   974 I FTCService: onNetworkConnectionEvent: CONNECTION_INFO_AVAILABLE
12-31 18:00:16.782   974   974 I RobotCore: password
12-31 18:00:16.782   974   974 I FTCService: Network Connection Passphrase: password
12-31 18:00:16.782   974   974 V CoreRobotWebServer: starting port=8080
12-31 18:00:16.794   974   974 V RobotCore: Getting network assistant of type: RCWIRELESSAP
12-31 18:00:16.795   974   974 V CoreRobotWebServer: started port=8080
12-31 18:00:16.795   974   974 V FTCService: RCActivity.controllerService=bound
12-31 18:00:16.796   974   974 V UpdateUI: Network: active, disconnected
12-31 18:00:16.797   974   974 V RobotCore: Robot Status: stopped
12-31 18:00:16.806   974  1116 V TooTallWebSocketServer: Started WebSocket server on port 8081
12-31 18:00:16.814   974  1119 V RobotCore: thread: 'RobotSetupRunnable.run()' starting...
12-31 18:00:16.814   974  1119 V FTCService: Processing robot setup
12-31 18:00:16.815   974  1119 V RobotCore: Robot Status: stopped, scanning for USB devices
12-31 18:00:16.815   974  1119 I AppAliveNotifier: Telling the OS to set the RC alive notification timeout to 10 seconds
12-31 18:00:16.844   974   974 V WebSocketManager: Registered handler for namespace ONBOTJAVA
12-31 18:00:16.854   974  1111 I [Gralloc]:  ion device open success! fd = 91
12-31 18:00:16.929   974   974 I PermissionValidatorActivity: Lifecycle onDestroy : 9ed69fe
12-31 18:00:16.930   974   974 V AppUtil : rootActivity=PermissionValidatorWrapper destroyed
12-31 18:00:16.931   974   974 V AppUtil : rootActivity=FtcRobotControllerActivity
12-31 18:00:16.931   974   974 I PermissionValidatorActivity: Lifecycle onDestroy : 6d5214a
12-31 18:00:21.824   974  1119 V RobotCore: EventLoopManager state is NOT_STARTED
12-31 18:00:21.824   974  1119 V FTCService: Waiting for a connection to a Wi-Fi service
12-31 18:00:21.824   974  1119 V RobotCore: Robot Status: stopped, waiting for network to become active
12-31 18:00:21.826   974  1119 I RobotControllerAccessPointAssistant: Wi-Fi AP is enabled
12-31 18:00:21.826   974  1119 V CoreRobotWebServer: Asked an already running WebServer to start
12-31 18:00:21.827   974  1119 V RobotCore: Robot Status: stopped, starting robot
12-31 18:00:21.827   974  1119 V Robocol : EventLoopManager.start()
12-31 18:00:21.827   974  1119 V RobotCore: Getting network assistant of type: RCWIRELESSAP
12-31 18:00:21.828   974  1119 I RobotControllerAccessPointAssistant: Wi-Fi AP is enabled
12-31 18:00:21.828   974  1119 V Robocol : Spoofing a Network Connection event...
12-31 18:00:21.828   974  1119 I EventLoopManager: onNetworkConnectionEvent: CONNECTION_INFO_AVAILABLE
12-31 18:00:21.828   974  1119 I Robocol : Received network connection event
12-31 18:00:21.829   974  1119 I RobotControllerAccessPointAssistant: Wi-Fi AP is enabled
12-31 18:00:21.829   974  1119 I NetworkConnectionHandler: Handling new network connection infomation, connected: true setup needed: true
12-31 18:00:21.830   974  1119 I RobotControllerAccessPointAssistant: Wi-Fi AP is enabled
12-31 18:00:24.848   974  1158 V RobotCore: thread: 'SetupRunnable.run()' starting...
12-31 18:00:24.848   974  1119 V RobotCore: EventLoopManager state is STOPPED
12-31 18:00:24.850   974  1119 V Robocol : eventLoop=FtcEventLoop
12-31 18:00:24.850   974  1119 V RobotCore: EventLoopManager state is INIT
12-31 18:00:24.851   974  1119 V RobotCore: Robot Status: initializing, starting robot
12-31 18:00:24.851   974  1119 I FtcEventLoop: ======= INIT START =======
12-31 18:00:24.853   974  1119 V OpmodeRegistration: registered {DefaultOpMode} as {$Stop$Robot$}
12-31 18:00:24.860   974  1158 D Robocol : RobocolDatagramSocket listening addr=/192.168.43.1:20884 cbRec=65520 cbSend=106496 msRecTO=300
12-31 18:00:24.861   974  1158 V Robocol : RecvLoopRunnable created
12-31 18:00:24.864   974  1159 V Robocol : PacketProcessor started
12-31 18:00:24.865   974  1160 V Robocol : CommandProcessor started
12-31 18:00:24.868   974  1161 V RobotCore: thread: 'RecvLoopRunnable.run()' starting...
12-31 18:00:24.873   974  1158 V PeerDiscovery: Starting peer discovery remote: /192.168.43.1 local: /192.168.43.1
12-31 18:00:24.874   974  1158 V PeerDiscovery: No need for initiating peer discovery, we are the Robot Controller
12-31 18:00:24.874   974  1158 V RobotCore: Setup complete
12-31 18:00:24.874   974  1158 V RobotCore: thread: ...terminating 'SetupRunnable.run()'
12-31 18:00:24.876   974  1119 V OpmodeRegistration: registered {ConceptFieldNavigationAuto} as {POC - Field Nav Auto}
12-31 18:00:24.877   974  1119 V OpmodeRegistration: registered {CameraVuforia} as {Camera}
12-31 18:00:24.878   974  1119 V OpmodeRegistration: registered {Ri30hDriveForward} as {Ri30hDriveForward }
12-31 18:00:24.878   974  1119 V OpmodeRegistration: registered {ConceptWebcamTest} as {nap: Webcam}
12-31 18:00:24.879   974  1119 V OpmodeRegistration: registered {ConceptVuforiaLocalization} as {POC - Vuforia Localization}
12-31 18:00:24.880   974  1119 V OpmodeRegistration: registered {ConceptSignalSleeveIdentification} as {POC: Signal Sleeve}
12-31 18:00:24.881   974  1119 V OpmodeRegistration: registered {ConceptBNO055IMUCalibration} as {POC: IMU Calibration}
12-31 18:00:24.882   974  1119 V OpmodeRegistration: registered {ConceptFieldNavigation} as {POC - Field Nav}
12-31 18:00:24.882   974  1119 V OpmodeRegistration: registered {Forward} as { Nept-Forward and Turning }
12-31 18:00:24.883   974  1119 V OpmodeRegistration: registered {TensorFLowWebcam} as {Nap-Camera 2}
12-31 18:00:24.884   974  1119 V OpmodeRegistration: registered {ConceptAutoDriveCalibration} as {POC: Auto Drive Calibration}
12-31 18:00:24.884   974  1119 V OpmodeRegistration: registered {TeleopDualDrivers} as {TeleopDualDrivers}
12-31 18:00:24.886   974  1119 V OpmodeRegistration: registered {AutoLeft} as {AutoLeft}
12-31 18:00:24.887   974  1119 V OpmodeRegistration: registered {ConceptBNO055IMU} as {POC: IMU Display}
12-31 18:00:24.888   974  1119 V OpmodeRegistration: registered {PushbotAutodrive} as {Nep-TestMotor }
12-31 18:00:24.890   974  1119 V OpmodeRegistration: registered {ConceptAutoDriveByGyro} as {POC: Drive By Gyro}
12-31 18:00:24.891   974  1119 V OpmodeRegistration: registered {Ri30hDriveRight} as {Ri30hDrive Right }
12-31 18:00:24.893   974  1119 V OpmodeRegistration: registered {ConceptFieldNavigationAutoV2} as {POC - Field Nav Encoder}
12-31 18:00:24.894   974  1119 V OpmodeRegistration: registered {AutonomousRight} as {AutonomousRight}
12-31 18:00:24.895   974  1119 V OpmodeRegistration: registered {TensorFlowObjectDetectionWebcam} as {Nap: camera 3}
12-31 18:00:24.896   974  1119 V OpmodeRegistration: registered {Ri30hDrive} as {Ri30hDrive}
12-31 18:00:24.897   974  1119 V OpmodeRegistration: registered {Ri30hDriveLeft} as {Ri30hDrive Left }
12-31 18:00:24.976   974  1119 V FtcEventLoop: Ensuring that the embedded Control Hub module is set up correctly
12-31 18:00:24.981   974  1119 V RobotCore: Creating REV Robotics USB Expansion Hub Portal [(embedded)]
12-31 18:00:24.982   974  1119 V LynxUsb : creating new [(embedded)]: 0x03558f66
12-31 18:00:24.985   974  1119 V FtDeviceManager: createDeviceInfoList(): 0 USB devices
12-31 18:00:24.985   974  1119 V RobotUsbManagerCombining: FTDI driver failed to open USB device with serial number (embedded) (returned null device)
12-31 18:00:24.983   974   974 I pRunnable.run(): type=1400 audit(0.0:103): avc: denied { read } for name="ttyS1" dev="tmpfs" ino=4898 scontext=u:r:untrusted_app:s0:c512,c768 tcontext=u:object_r:serial_device:s0 tclass=chr_file permissive=1
12-31 18:00:24.986   974  1119 V SerialPortNative: [SerialPort.cpp:150] opened(/dev/ttyS1): fd=95
12-31 18:00:24.987   974  1119 V RobotUsbDeviceTTY: opening serial=(embedded) file=/dev/ttyS1
12-31 18:00:24.988   974  1119 V LynxUsb : armDevice() serial=(embedded)...
12-31 18:00:24.988   974  1119 V LynxUsb : resetDevice() serial=(embedded)
12-31 18:00:24.989   974  1119 V LynxModule: resetting embedded usb device: isPresent: was=true
12-31 18:00:24.983   974   974 I pRunnable.run(): type=1400 audit(0.0:104): avc: denied { write } for name="ttyS1" dev="tmpfs" ino=4898 scontext=u:r:untrusted_app:s0:c512,c768 tcontext=u:object_r:serial_device:s0 tclass=chr_file permissive=1
